[2026-09-15 07:33:34,463] flops: 0.619251354, params: 0.315566, Total params: : 0.3156
[2026-09-15 07:33:46,681] Epoch: 1, Dataset: test, Dice: 0.3423, IoU: 0.2333
[2026-09-15 07:33:47,272] Epoch: 1, Dataset: val, Dice: 0.4024, IoU: 0.2857
[2026-09-15 07:33:47,273] ### Best Model Saved (Dice improved from 0.0000 to 0.4024) ###
[2026-09-15 07:33:59,087] Epoch: 2, Dataset: test, Dice: 0.3445, IoU: 0.2268
[2026-09-15 07:33:59,557] Epoch: 2, Dataset: val, Dice: 0.4031, IoU: 0.2829
[2026-09-15 07:33:59,557] ### Best Model Saved (Dice improved from 0.4024 to 0.4031) ###
[2026-09-15 07:34:09,983] Epoch: 3, Dataset: test, Dice: 0.4221, IoU: 0.3066
[2026-09-15 07:34:10,486] Epoch: 3, Dataset: val, Dice: 0.4534, IoU: 0.3381
[2026-09-15 07:34:10,486] ### Best Model Saved (Dice improved from 0.4031 to 0.4534) ###
[2026-09-15 07:34:22,142] Epoch: 4, Dataset: test, Dice: 0.5898, IoU: 0.4675
[2026-09-15 07:34:22,573] Epoch: 4, Dataset: val, Dice: 0.6421, IoU: 0.5155
[2026-09-15 07:34:22,573] ### Best Model Saved (Dice improved from 0.4534 to 0.6421) ###
[2026-09-15 07:34:34,376] Epoch: 5, Dataset: test, Dice: 0.5234, IoU: 0.3798
[2026-09-15 07:34:34,879] Epoch: 5, Dataset: val, Dice: 0.5859, IoU: 0.4475
[2026-09-15 07:34:45,293] Epoch: 6, Dataset: test, Dice: 0.5512, IoU: 0.4263
[2026-09-15 07:34:45,794] Epoch: 6, Dataset: val, Dice: 0.4653, IoU: 0.3382
[2026-09-15 07:34:57,459] Epoch: 7, Dataset: test, Dice: 0.6437, IoU: 0.5125
[2026-09-15 07:34:57,863] Epoch: 7, Dataset: val, Dice: 0.6199, IoU: 0.4935
[2026-09-15 07:35:09,521] Epoch: 8, Dataset: test, Dice: 0.6107, IoU: 0.4707
[2026-09-15 07:35:10,219] Epoch: 8, Dataset: val, Dice: 0.5972, IoU: 0.4608
[2026-09-15 07:35:21,708] Epoch: 9, Dataset: test, Dice: 0.7380, IoU: 0.6170
[2026-09-15 07:35:22,338] Epoch: 9, Dataset: val, Dice: 0.6523, IoU: 0.5307
[2026-09-15 07:35:22,339] ### Best Model Saved (Dice improved from 0.6421 to 0.6523) ###
[2026-09-15 07:35:34,039] Epoch: 10, Dataset: test, Dice: 0.5035, IoU: 0.3696
[2026-09-15 07:35:34,536] Epoch: 10, Dataset: val, Dice: 0.5404, IoU: 0.4083
[2026-09-15 07:35:46,366] Epoch: 11, Dataset: test, Dice: 0.7411, IoU: 0.6376
[2026-09-15 07:35:47,039] Epoch: 11, Dataset: val, Dice: 0.7330, IoU: 0.6361
[2026-09-15 07:35:47,039] ### Best Model Saved (Dice improved from 0.6523 to 0.7330) ###
[2026-09-15 07:35:58,850] Epoch: 12, Dataset: test, Dice: 0.7712, IoU: 0.6548
[2026-09-15 07:35:59,319] Epoch: 12, Dataset: val, Dice: 0.6780, IoU: 0.5618
[2026-09-15 07:36:10,909] Epoch: 13, Dataset: test, Dice: 0.7946, IoU: 0.6949
[2026-09-15 07:36:11,363] Epoch: 13, Dataset: val, Dice: 0.7519, IoU: 0.6471
[2026-09-15 07:36:11,363] ### Best Model Saved (Dice improved from 0.7330 to 0.7519) ###
[2026-09-15 07:36:22,616] Epoch: 14, Dataset: test, Dice: 0.7782, IoU: 0.6698
[2026-09-15 07:36:23,111] Epoch: 14, Dataset: val, Dice: 0.7175, IoU: 0.5961
[2026-09-15 07:36:34,549] Epoch: 15, Dataset: test, Dice: 0.8129, IoU: 0.7121
[2026-09-15 07:36:34,982] Epoch: 15, Dataset: val, Dice: 0.7054, IoU: 0.5899
[2026-09-15 07:36:46,390] Epoch: 16, Dataset: test, Dice: 0.7162, IoU: 0.6039
[2026-09-15 07:36:46,815] Epoch: 16, Dataset: val, Dice: 0.7086, IoU: 0.5921
[2026-09-15 07:36:58,518] Epoch: 17, Dataset: test, Dice: 0.8152, IoU: 0.7199
[2026-09-15 07:36:59,017] Epoch: 17, Dataset: val, Dice: 0.7541, IoU: 0.6423
[2026-09-15 07:36:59,017] ### Best Model Saved (Dice improved from 0.7519 to 0.7541) ###
[2026-09-15 07:37:10,746] Epoch: 18, Dataset: test, Dice: 0.8299, IoU: 0.7387
[2026-09-15 07:37:11,453] Epoch: 18, Dataset: val, Dice: 0.7550, IoU: 0.6531
[2026-09-15 07:37:11,453] ### Best Model Saved (Dice improved from 0.7541 to 0.7550) ###
[2026-09-15 07:37:23,357] Epoch: 19, Dataset: test, Dice: 0.7698, IoU: 0.6646
[2026-09-15 07:37:23,920] Epoch: 19, Dataset: val, Dice: 0.6898, IoU: 0.5772
[2026-09-15 07:37:35,721] Epoch: 20, Dataset: test, Dice: 0.8190, IoU: 0.7291
[2026-09-15 07:37:36,165] Epoch: 20, Dataset: val, Dice: 0.7390, IoU: 0.6254
[2026-09-15 07:37:47,090] Epoch: 21, Dataset: test, Dice: 0.8345, IoU: 0.7458
[2026-09-15 07:37:47,721] Epoch: 21, Dataset: val, Dice: 0.7858, IoU: 0.6917
[2026-09-15 07:37:47,721] ### Best Model Saved (Dice improved from 0.7550 to 0.7858) ###
[2026-09-15 07:37:59,438] Epoch: 22, Dataset: test, Dice: 0.8422, IoU: 0.7602
[2026-09-15 07:37:59,913] Epoch: 22, Dataset: val, Dice: 0.7980, IoU: 0.6982
[2026-09-15 07:37:59,913] ### Best Model Saved (Dice improved from 0.7858 to 0.7980) ###
[2026-09-15 07:38:11,648] Epoch: 23, Dataset: test, Dice: 0.8296, IoU: 0.7490
[2026-09-15 07:38:12,140] Epoch: 23, Dataset: val, Dice: 0.7805, IoU: 0.6788
[2026-09-15 07:38:23,417] Epoch: 24, Dataset: test, Dice: 0.8124, IoU: 0.7166
[2026-09-15 07:38:24,113] Epoch: 24, Dataset: val, Dice: 0.7582, IoU: 0.6496
[2026-09-15 07:38:35,653] Epoch: 25, Dataset: test, Dice: 0.7080, IoU: 0.6066
[2026-09-15 07:38:36,128] Epoch: 25, Dataset: val, Dice: 0.6678, IoU: 0.5552
[2026-09-15 07:38:47,427] Epoch: 26, Dataset: test, Dice: 0.8595, IoU: 0.7789
[2026-09-15 07:38:47,948] Epoch: 26, Dataset: val, Dice: 0.8119, IoU: 0.7162
[2026-09-15 07:38:47,948] ### Best Model Saved (Dice improved from 0.7980 to 0.8119) ###
[2026-09-15 07:38:59,377] Epoch: 27, Dataset: test, Dice: 0.8736, IoU: 0.7967
[2026-09-15 07:38:59,872] Epoch: 27, Dataset: val, Dice: 0.7960, IoU: 0.7010
[2026-09-15 07:39:11,311] Epoch: 28, Dataset: test, Dice: 0.8388, IoU: 0.7484
[2026-09-15 07:39:11,749] Epoch: 28, Dataset: val, Dice: 0.7993, IoU: 0.6920
[2026-09-15 07:39:22,952] Epoch: 29, Dataset: test, Dice: 0.8549, IoU: 0.7833
[2026-09-15 07:39:23,624] Epoch: 29, Dataset: val, Dice: 0.8024, IoU: 0.7141
[2026-09-15 07:39:35,335] Epoch: 30, Dataset: test, Dice: 0.8838, IoU: 0.8097
[2026-09-15 07:39:35,944] Epoch: 30, Dataset: val, Dice: 0.8240, IoU: 0.7325
[2026-09-15 07:39:35,944] ### Best Model Saved (Dice improved from 0.8119 to 0.8240) ###
[2026-09-15 07:39:47,597] Epoch: 31, Dataset: test, Dice: 0.8184, IoU: 0.7278
[2026-09-15 07:39:48,103] Epoch: 31, Dataset: val, Dice: 0.7590, IoU: 0.6552
[2026-09-15 07:39:59,801] Epoch: 32, Dataset: test, Dice: 0.8359, IoU: 0.7514
[2026-09-15 07:40:00,339] Epoch: 32, Dataset: val, Dice: 0.7901, IoU: 0.6927
[2026-09-15 07:40:12,037] Epoch: 33, Dataset: test, Dice: 0.8787, IoU: 0.8073
[2026-09-15 07:40:12,654] Epoch: 33, Dataset: val, Dice: 0.8182, IoU: 0.7281
[2026-09-15 07:40:24,253] Epoch: 34, Dataset: test, Dice: 0.8698, IoU: 0.7929
[2026-09-15 07:40:24,748] Epoch: 34, Dataset: val, Dice: 0.8174, IoU: 0.7264
[2026-09-15 07:40:34,933] Epoch: 35, Dataset: test, Dice: 0.8444, IoU: 0.7573
[2026-09-15 07:40:35,460] Epoch: 35, Dataset: val, Dice: 0.7651, IoU: 0.6571
[2026-09-15 07:40:45,381] Epoch: 36, Dataset: test, Dice: 0.8738, IoU: 0.7976
[2026-09-15 07:40:45,844] Epoch: 36, Dataset: val, Dice: 0.7997, IoU: 0.7183
[2026-09-15 07:40:57,051] Epoch: 37, Dataset: test, Dice: 0.8367, IoU: 0.7434
[2026-09-15 07:40:57,591] Epoch: 37, Dataset: val, Dice: 0.7274, IoU: 0.6242
[2026-09-15 07:41:09,256] Epoch: 38, Dataset: test, Dice: 0.8380, IoU: 0.7493
[2026-09-15 07:41:09,838] Epoch: 38, Dataset: val, Dice: 0.7664, IoU: 0.6607
[2026-09-15 07:41:19,879] Epoch: 39, Dataset: test, Dice: 0.8937, IoU: 0.8266
[2026-09-15 07:41:20,335] Epoch: 39, Dataset: val, Dice: 0.8359, IoU: 0.7565
[2026-09-15 07:41:20,336] ### Best Model Saved (Dice improved from 0.8240 to 0.8359) ###
[2026-09-15 07:41:31,555] Epoch: 40, Dataset: test, Dice: 0.8782, IoU: 0.8043
[2026-09-15 07:41:32,033] Epoch: 40, Dataset: val, Dice: 0.8198, IoU: 0.7289
[2026-09-15 07:41:43,763] Epoch: 41, Dataset: test, Dice: 0.8907, IoU: 0.8241
[2026-09-15 07:41:44,338] Epoch: 41, Dataset: val, Dice: 0.8259, IoU: 0.7380
[2026-09-15 07:41:55,853] Epoch: 42, Dataset: test, Dice: 0.8774, IoU: 0.8033
[2026-09-15 07:41:56,323] Epoch: 42, Dataset: val, Dice: 0.8421, IoU: 0.7536
[2026-09-15 07:41:56,323] ### Best Model Saved (Dice improved from 0.8359 to 0.8421) ###
[2026-09-15 07:42:06,896] Epoch: 43, Dataset: test, Dice: 0.8756, IoU: 0.8034
[2026-09-15 07:42:07,355] Epoch: 43, Dataset: val, Dice: 0.8334, IoU: 0.7495
[2026-09-15 07:42:18,654] Epoch: 44, Dataset: test, Dice: 0.8870, IoU: 0.8184
[2026-09-15 07:42:19,112] Epoch: 44, Dataset: val, Dice: 0.8575, IoU: 0.7773
[2026-09-15 07:42:19,113] ### Best Model Saved (Dice improved from 0.8421 to 0.8575) ###
[2026-09-15 07:42:30,593] Epoch: 45, Dataset: test, Dice: 0.8709, IoU: 0.7924
[2026-09-15 07:42:31,084] Epoch: 45, Dataset: val, Dice: 0.8464, IoU: 0.7648
[2026-09-15 07:42:42,271] Epoch: 46, Dataset: test, Dice: 0.9034, IoU: 0.8349
[2026-09-15 07:42:42,765] Epoch: 46, Dataset: val, Dice: 0.8398, IoU: 0.7535
[2026-09-15 07:42:54,367] Epoch: 47, Dataset: test, Dice: 0.9224, IoU: 0.8648
[2026-09-15 07:42:54,787] Epoch: 47, Dataset: val, Dice: 0.8549, IoU: 0.7719
[2026-09-15 07:43:06,354] Epoch: 48, Dataset: test, Dice: 0.9092, IoU: 0.8460
[2026-09-15 07:43:06,796] Epoch: 48, Dataset: val, Dice: 0.8505, IoU: 0.7712
[2026-09-15 07:43:18,177] Epoch: 49, Dataset: test, Dice: 0.8910, IoU: 0.8179
[2026-09-15 07:43:18,690] Epoch: 49, Dataset: val, Dice: 0.8083, IoU: 0.7229
[2026-09-15 07:43:29,005] Epoch: 50, Dataset: test, Dice: 0.8850, IoU: 0.8153
[2026-09-15 07:43:29,517] Epoch: 50, Dataset: val, Dice: 0.8141, IoU: 0.7216
[2026-09-15 07:43:40,890] Epoch: 51, Dataset: test, Dice: 0.9274, IoU: 0.8698
[2026-09-15 07:43:41,580] Epoch: 51, Dataset: val, Dice: 0.8574, IoU: 0.7767
[2026-09-15 07:43:52,196] Epoch: 52, Dataset: test, Dice: 0.9003, IoU: 0.8357
[2026-09-15 07:43:52,766] Epoch: 52, Dataset: val, Dice: 0.8466, IoU: 0.7590
[2026-09-15 07:44:04,666] Epoch: 53, Dataset: test, Dice: 0.9066, IoU: 0.8441
[2026-09-15 07:44:05,325] Epoch: 53, Dataset: val, Dice: 0.8537, IoU: 0.7784
[2026-09-15 07:44:16,452] Epoch: 54, Dataset: test, Dice: 0.8828, IoU: 0.8094
[2026-09-15 07:44:16,896] Epoch: 54, Dataset: val, Dice: 0.8467, IoU: 0.7620
[2026-09-15 07:44:28,351] Epoch: 55, Dataset: test, Dice: 0.9036, IoU: 0.8419
[2026-09-15 07:44:28,832] Epoch: 55, Dataset: val, Dice: 0.8347, IoU: 0.7496
[2026-09-15 07:44:39,477] Epoch: 56, Dataset: test, Dice: 0.9096, IoU: 0.8454
[2026-09-15 07:44:39,955] Epoch: 56, Dataset: val, Dice: 0.8447, IoU: 0.7638
[2026-09-15 07:44:51,591] Epoch: 57, Dataset: test, Dice: 0.8875, IoU: 0.8185
[2026-09-15 07:44:52,107] Epoch: 57, Dataset: val, Dice: 0.8496, IoU: 0.7663
[2026-09-15 07:45:02,734] Epoch: 58, Dataset: test, Dice: 0.9017, IoU: 0.8356
[2026-09-15 07:45:03,249] Epoch: 58, Dataset: val, Dice: 0.8351, IoU: 0.7542
[2026-09-15 07:45:14,115] Epoch: 59, Dataset: test, Dice: 0.9172, IoU: 0.8570
[2026-09-15 07:45:14,752] Epoch: 59, Dataset: val, Dice: 0.8652, IoU: 0.7893
[2026-09-15 07:45:14,752] ### Best Model Saved (Dice improved from 0.8575 to 0.8652) ###
[2026-09-15 07:45:26,665] Epoch: 60, Dataset: test, Dice: 0.8941, IoU: 0.8279
[2026-09-15 07:45:27,254] Epoch: 60, Dataset: val, Dice: 0.8523, IoU: 0.7739
[2026-09-15 07:45:39,198] Epoch: 61, Dataset: test, Dice: 0.9163, IoU: 0.8537
[2026-09-15 07:45:39,731] Epoch: 61, Dataset: val, Dice: 0.8620, IoU: 0.7876
[2026-09-15 07:45:51,242] Epoch: 62, Dataset: test, Dice: 0.9200, IoU: 0.8615
[2026-09-15 07:45:51,711] Epoch: 62, Dataset: val, Dice: 0.8513, IoU: 0.7741
[2026-09-15 07:46:03,223] Epoch: 63, Dataset: test, Dice: 0.9104, IoU: 0.8457
[2026-09-15 07:46:03,702] Epoch: 63, Dataset: val, Dice: 0.8511, IoU: 0.7668
[2026-09-15 07:46:14,090] Epoch: 64, Dataset: test, Dice: 0.9103, IoU: 0.8446
[2026-09-15 07:46:14,566] Epoch: 64, Dataset: val, Dice: 0.8502, IoU: 0.7712
[2026-09-15 07:46:25,997] Epoch: 65, Dataset: test, Dice: 0.9133, IoU: 0.8503
[2026-09-15 07:46:26,493] Epoch: 65, Dataset: val, Dice: 0.8442, IoU: 0.7611
[2026-09-15 07:46:36,955] Epoch: 66, Dataset: test, Dice: 0.9095, IoU: 0.8473
[2026-09-15 07:46:37,505] Epoch: 66, Dataset: val, Dice: 0.8587, IoU: 0.7798
[2026-09-15 07:46:49,221] Epoch: 67, Dataset: test, Dice: 0.9274, IoU: 0.8704
[2026-09-15 07:46:49,911] Epoch: 67, Dataset: val, Dice: 0.8745, IoU: 0.8046
[2026-09-15 07:46:49,911] ### Best Model Saved (Dice improved from 0.8652 to 0.8745) ###
[2026-09-15 07:47:01,740] Epoch: 68, Dataset: test, Dice: 0.9269, IoU: 0.8695
[2026-09-15 07:47:02,260] Epoch: 68, Dataset: val, Dice: 0.8576, IoU: 0.7824
[2026-09-15 07:47:13,394] Epoch: 69, Dataset: test, Dice: 0.9245, IoU: 0.8683
[2026-09-15 07:47:13,814] Epoch: 69, Dataset: val, Dice: 0.8849, IoU: 0.8158
[2026-09-15 07:47:13,814] ### Best Model Saved (Dice improved from 0.8745 to 0.8849) ###
[2026-09-15 07:47:25,275] Epoch: 70, Dataset: test, Dice: 0.9248, IoU: 0.8690
[2026-09-15 07:47:25,762] Epoch: 70, Dataset: val, Dice: 0.8643, IoU: 0.7904
[2026-09-15 07:47:36,896] Epoch: 71, Dataset: test, Dice: 0.9119, IoU: 0.8521
[2026-09-15 07:47:37,588] Epoch: 71, Dataset: val, Dice: 0.8679, IoU: 0.7865
[2026-09-15 07:47:49,414] Epoch: 72, Dataset: test, Dice: 0.8820, IoU: 0.8079
[2026-09-15 07:47:50,004] Epoch: 72, Dataset: val, Dice: 0.8541, IoU: 0.7666
[2026-09-15 07:48:01,738] Epoch: 73, Dataset: test, Dice: 0.9177, IoU: 0.8567
[2026-09-15 07:48:02,343] Epoch: 73, Dataset: val, Dice: 0.8462, IoU: 0.7621
[2026-09-15 07:48:13,565] Epoch: 74, Dataset: test, Dice: 0.9069, IoU: 0.8448
[2026-09-15 07:48:14,260] Epoch: 74, Dataset: val, Dice: 0.8518, IoU: 0.7688
[2026-09-15 07:48:26,167] Epoch: 75, Dataset: test, Dice: 0.9158, IoU: 0.8543
[2026-09-15 07:48:26,588] Epoch: 75, Dataset: val, Dice: 0.8607, IoU: 0.7811
[2026-09-15 07:48:37,080] Epoch: 76, Dataset: test, Dice: 0.9228, IoU: 0.8653
[2026-09-15 07:48:37,516] Epoch: 76, Dataset: val, Dice: 0.8482, IoU: 0.7697
[2026-09-15 07:48:49,405] Epoch: 77, Dataset: test, Dice: 0.9204, IoU: 0.8643
[2026-09-15 07:48:50,140] Epoch: 77, Dataset: val, Dice: 0.8795, IoU: 0.8070
[2026-09-15 07:49:01,690] Epoch: 78, Dataset: test, Dice: 0.9193, IoU: 0.8578
[2026-09-15 07:49:02,096] Epoch: 78, Dataset: val, Dice: 0.8657, IoU: 0.7879
[2026-09-15 07:49:11,985] Epoch: 79, Dataset: test, Dice: 0.9203, IoU: 0.8642
[2026-09-15 07:49:12,426] Epoch: 79, Dataset: val, Dice: 0.8736, IoU: 0.8003
[2026-09-15 07:49:22,397] Epoch: 80, Dataset: test, Dice: 0.9212, IoU: 0.8630
[2026-09-15 07:49:22,801] Epoch: 80, Dataset: val, Dice: 0.8656, IoU: 0.7887
[2026-09-15 07:49:34,506] Epoch: 81, Dataset: test, Dice: 0.9296, IoU: 0.8755
[2026-09-15 07:49:35,002] Epoch: 81, Dataset: val, Dice: 0.8758, IoU: 0.8063
[2026-09-15 07:49:46,783] Epoch: 82, Dataset: test, Dice: 0.9201, IoU: 0.8681
[2026-09-15 07:49:47,436] Epoch: 82, Dataset: val, Dice: 0.8716, IoU: 0.7976
[2026-09-15 07:49:58,539] Epoch: 83, Dataset: test, Dice: 0.9332, IoU: 0.8817
[2026-09-15 07:49:59,203] Epoch: 83, Dataset: val, Dice: 0.8683, IoU: 0.7936
[2026-09-15 07:50:10,957] Epoch: 84, Dataset: test, Dice: 0.9293, IoU: 0.8750
[2026-09-15 07:50:11,410] Epoch: 84, Dataset: val, Dice: 0.8834, IoU: 0.8150
[2026-09-15 07:50:23,173] Epoch: 85, Dataset: test, Dice: 0.9287, IoU: 0.8763
[2026-09-15 07:50:23,757] Epoch: 85, Dataset: val, Dice: 0.8804, IoU: 0.8098
[2026-09-15 07:50:35,212] Epoch: 86, Dataset: test, Dice: 0.9177, IoU: 0.8565
[2026-09-15 07:50:35,636] Epoch: 86, Dataset: val, Dice: 0.8595, IoU: 0.7845
[2026-09-15 07:50:47,383] Epoch: 87, Dataset: test, Dice: 0.9321, IoU: 0.8776
[2026-09-15 07:50:47,956] Epoch: 87, Dataset: val, Dice: 0.8712, IoU: 0.7946
[2026-09-15 07:50:59,702] Epoch: 88, Dataset: test, Dice: 0.9246, IoU: 0.8696
[2026-09-15 07:51:00,232] Epoch: 88, Dataset: val, Dice: 0.8793, IoU: 0.8096
[2026-09-15 07:51:10,566] Epoch: 89, Dataset: test, Dice: 0.9366, IoU: 0.8863
[2026-09-15 07:51:11,043] Epoch: 89, Dataset: val, Dice: 0.8635, IoU: 0.7901
[2026-09-15 07:51:21,027] Epoch: 90, Dataset: test, Dice: 0.9347, IoU: 0.8814
[2026-09-15 07:51:21,492] Epoch: 90, Dataset: val, Dice: 0.8677, IoU: 0.7949
[2026-09-15 07:51:33,404] Epoch: 91, Dataset: test, Dice: 0.9182, IoU: 0.8630
[2026-09-15 07:51:33,805] Epoch: 91, Dataset: val, Dice: 0.8884, IoU: 0.8204
[2026-09-15 07:51:33,805] ### Best Model Saved (Dice improved from 0.8849 to 0.8884) ###
[2026-09-15 07:51:45,745] Epoch: 92, Dataset: test, Dice: 0.9263, IoU: 0.8708
[2026-09-15 07:51:46,319] Epoch: 92, Dataset: val, Dice: 0.8653, IoU: 0.7890
[2026-09-15 07:51:57,974] Epoch: 93, Dataset: test, Dice: 0.9357, IoU: 0.8834
[2026-09-15 07:51:58,466] Epoch: 93, Dataset: val, Dice: 0.8646, IoU: 0.7927
[2026-09-15 07:52:10,219] Epoch: 94, Dataset: test, Dice: 0.9229, IoU: 0.8627
[2026-09-15 07:52:10,755] Epoch: 94, Dataset: val, Dice: 0.8335, IoU: 0.7530
[2026-09-15 07:52:21,138] Epoch: 95, Dataset: test, Dice: 0.9348, IoU: 0.8819
[2026-09-15 07:52:21,674] Epoch: 95, Dataset: val, Dice: 0.8634, IoU: 0.7920
[2026-09-15 07:52:33,612] Epoch: 96, Dataset: test, Dice: 0.9344, IoU: 0.8820
[2026-09-15 07:52:34,198] Epoch: 96, Dataset: val, Dice: 0.8866, IoU: 0.8182
[2026-09-15 07:52:46,154] Epoch: 97, Dataset: test, Dice: 0.9367, IoU: 0.8853
[2026-09-15 07:52:46,849] Epoch: 97, Dataset: val, Dice: 0.8840, IoU: 0.8154
[2026-09-15 07:52:58,049] Epoch: 98, Dataset: test, Dice: 0.9363, IoU: 0.8841
[2026-09-15 07:52:58,522] Epoch: 98, Dataset: val, Dice: 0.8985, IoU: 0.8331
[2026-09-15 07:52:58,522] ### Best Model Saved (Dice improved from 0.8884 to 0.8985) ###
[2026-09-15 07:53:10,148] Epoch: 99, Dataset: test, Dice: 0.9238, IoU: 0.8663
[2026-09-15 07:53:10,639] Epoch: 99, Dataset: val, Dice: 0.8818, IoU: 0.8145
[2026-09-15 07:53:20,845] Epoch: 100, Dataset: test, Dice: 0.9346, IoU: 0.8831
[2026-09-15 07:53:21,456] Epoch: 100, Dataset: val, Dice: 0.8851, IoU: 0.8187
[2026-09-15 07:53:32,967] Epoch: 101, Dataset: test, Dice: 0.9218, IoU: 0.8632
[2026-09-15 07:53:33,373] Epoch: 101, Dataset: val, Dice: 0.8779, IoU: 0.8064
[2026-09-15 07:53:44,859] Epoch: 102, Dataset: test, Dice: 0.9245, IoU: 0.8678
[2026-09-15 07:53:45,328] Epoch: 102, Dataset: val, Dice: 0.8831, IoU: 0.8149
[2026-09-15 07:53:56,797] Epoch: 103, Dataset: test, Dice: 0.9356, IoU: 0.8839
[2026-09-15 07:53:57,264] Epoch: 103, Dataset: val, Dice: 0.8820, IoU: 0.8136
[2026-09-15 07:54:07,418] Epoch: 104, Dataset: test, Dice: 0.9351, IoU: 0.8823
[2026-09-15 07:54:07,830] Epoch: 104, Dataset: val, Dice: 0.8851, IoU: 0.8184
[2026-09-15 07:54:19,241] Epoch: 105, Dataset: test, Dice: 0.9307, IoU: 0.8750
[2026-09-15 07:54:19,674] Epoch: 105, Dataset: val, Dice: 0.8714, IoU: 0.8011
[2026-09-15 07:54:31,285] Epoch: 106, Dataset: test, Dice: 0.9353, IoU: 0.8835
[2026-09-15 07:54:31,833] Epoch: 106, Dataset: val, Dice: 0.8856, IoU: 0.8175
[2026-09-15 07:54:43,411] Epoch: 107, Dataset: test, Dice: 0.9324, IoU: 0.8779
[2026-09-15 07:54:43,998] Epoch: 107, Dataset: val, Dice: 0.8861, IoU: 0.8194
[2026-09-15 07:54:55,122] Epoch: 108, Dataset: test, Dice: 0.9372, IoU: 0.8847
[2026-09-15 07:54:55,526] Epoch: 108, Dataset: val, Dice: 0.8814, IoU: 0.8121
[2026-09-15 07:55:07,311] Epoch: 109, Dataset: test, Dice: 0.9359, IoU: 0.8838
[2026-09-15 07:55:07,938] Epoch: 109, Dataset: val, Dice: 0.8867, IoU: 0.8216
[2026-09-15 07:55:18,617] Epoch: 110, Dataset: test, Dice: 0.9278, IoU: 0.8728
[2026-09-15 07:55:19,118] Epoch: 110, Dataset: val, Dice: 0.8878, IoU: 0.8179
[2026-09-15 07:55:30,498] Epoch: 111, Dataset: test, Dice: 0.9309, IoU: 0.8757
[2026-09-15 07:55:31,081] Epoch: 111, Dataset: val, Dice: 0.8677, IoU: 0.7954
[2026-09-15 07:55:42,629] Epoch: 112, Dataset: test, Dice: 0.9350, IoU: 0.8820
[2026-09-15 07:55:43,122] Epoch: 112, Dataset: val, Dice: 0.8853, IoU: 0.8168
[2026-09-15 07:55:54,973] Epoch: 113, Dataset: test, Dice: 0.9351, IoU: 0.8817
[2026-09-15 07:55:55,404] Epoch: 113, Dataset: val, Dice: 0.8841, IoU: 0.8175
[2026-09-15 07:56:06,797] Epoch: 114, Dataset: test, Dice: 0.9368, IoU: 0.8858
[2026-09-15 07:56:07,385] Epoch: 114, Dataset: val, Dice: 0.8838, IoU: 0.8173
[2026-09-15 07:56:19,008] Epoch: 115, Dataset: test, Dice: 0.9333, IoU: 0.8793
[2026-09-15 07:56:19,669] Epoch: 115, Dataset: val, Dice: 0.8784, IoU: 0.8098
[2026-09-15 07:56:31,409] Epoch: 116, Dataset: test, Dice: 0.9338, IoU: 0.8801
[2026-09-15 07:56:31,851] Epoch: 116, Dataset: val, Dice: 0.8796, IoU: 0.8105
[2026-09-15 07:56:43,510] Epoch: 117, Dataset: test, Dice: 0.9343, IoU: 0.8815
[2026-09-15 07:56:44,068] Epoch: 117, Dataset: val, Dice: 0.8925, IoU: 0.8280
[2026-09-15 07:56:55,427] Epoch: 118, Dataset: test, Dice: 0.9311, IoU: 0.8759
[2026-09-15 07:56:56,161] Epoch: 118, Dataset: val, Dice: 0.8771, IoU: 0.8084
[2026-09-15 07:57:07,817] Epoch: 119, Dataset: test, Dice: 0.9359, IoU: 0.8841
[2026-09-15 07:57:08,321] Epoch: 119, Dataset: val, Dice: 0.8811, IoU: 0.8114
[2026-09-15 07:57:18,416] Epoch: 120, Dataset: test, Dice: 0.9389, IoU: 0.8884
[2026-09-15 07:57:18,943] Epoch: 120, Dataset: val, Dice: 0.8812, IoU: 0.8132
[2026-09-15 07:57:30,800] Epoch: 121, Dataset: test, Dice: 0.9191, IoU: 0.8637
[2026-09-15 07:57:31,281] Epoch: 121, Dataset: val, Dice: 0.8622, IoU: 0.7850
[2026-09-15 07:57:42,363] Epoch: 122, Dataset: test, Dice: 0.9302, IoU: 0.8752
[2026-09-15 07:57:42,897] Epoch: 122, Dataset: val, Dice: 0.8805, IoU: 0.8150
[2026-09-15 07:57:54,643] Epoch: 123, Dataset: test, Dice: 0.9365, IoU: 0.8854
[2026-09-15 07:57:55,166] Epoch: 123, Dataset: val, Dice: 0.8698, IoU: 0.7995
[2026-09-15 07:58:05,346] Epoch: 124, Dataset: test, Dice: 0.9366, IoU: 0.8853
[2026-09-15 07:58:05,759] Epoch: 124, Dataset: val, Dice: 0.8810, IoU: 0.8119
[2026-09-15 07:58:16,459] Epoch: 125, Dataset: test, Dice: 0.9365, IoU: 0.8852
[2026-09-15 07:58:16,881] Epoch: 125, Dataset: val, Dice: 0.8906, IoU: 0.8256
[2026-09-15 07:58:28,383] Epoch: 126, Dataset: test, Dice: 0.9399, IoU: 0.8903
[2026-09-15 07:58:28,892] Epoch: 126, Dataset: val, Dice: 0.8815, IoU: 0.8123
[2026-09-15 07:58:40,507] Epoch: 127, Dataset: test, Dice: 0.9369, IoU: 0.8857
[2026-09-15 07:58:41,063] Epoch: 127, Dataset: val, Dice: 0.8843, IoU: 0.8169
[2026-09-15 07:58:52,693] Epoch: 128, Dataset: test, Dice: 0.9321, IoU: 0.8771
[2026-09-15 07:58:53,219] Epoch: 128, Dataset: val, Dice: 0.8842, IoU: 0.8187
[2026-09-15 07:59:04,861] Epoch: 129, Dataset: test, Dice: 0.9306, IoU: 0.8761
[2026-09-15 07:59:05,440] Epoch: 129, Dataset: val, Dice: 0.8827, IoU: 0.8123
[2026-09-15 07:59:16,761] Epoch: 130, Dataset: test, Dice: 0.9357, IoU: 0.8843
[2026-09-15 07:59:17,269] Epoch: 130, Dataset: val, Dice: 0.8784, IoU: 0.8091
[2026-09-15 07:59:28,386] Epoch: 131, Dataset: test, Dice: 0.9348, IoU: 0.8825
[2026-09-15 07:59:28,880] Epoch: 131, Dataset: val, Dice: 0.8812, IoU: 0.8121
[2026-09-15 07:59:40,424] Epoch: 132, Dataset: test, Dice: 0.9411, IoU: 0.8925
[2026-09-15 07:59:40,862] Epoch: 132, Dataset: val, Dice: 0.8854, IoU: 0.8185
[2026-09-15 07:59:52,374] Epoch: 133, Dataset: test, Dice: 0.9384, IoU: 0.8880
[2026-09-15 07:59:52,926] Epoch: 133, Dataset: val, Dice: 0.8662, IoU: 0.7960
[2026-09-15 08:00:03,472] Epoch: 134, Dataset: test, Dice: 0.9339, IoU: 0.8809
[2026-09-15 08:00:04,078] Epoch: 134, Dataset: val, Dice: 0.8780, IoU: 0.8090
[2026-09-15 08:00:14,121] Epoch: 135, Dataset: test, Dice: 0.9358, IoU: 0.8837
[2026-09-15 08:00:14,716] Epoch: 135, Dataset: val, Dice: 0.8825, IoU: 0.8150
[2026-09-15 08:00:26,679] Epoch: 136, Dataset: test, Dice: 0.9343, IoU: 0.8820
[2026-09-15 08:00:27,214] Epoch: 136, Dataset: val, Dice: 0.8816, IoU: 0.8149
[2026-09-15 08:00:38,256] Epoch: 137, Dataset: test, Dice: 0.9373, IoU: 0.8857
[2026-09-15 08:00:38,761] Epoch: 137, Dataset: val, Dice: 0.8801, IoU: 0.8106
[2026-09-15 08:00:50,146] Epoch: 138, Dataset: test, Dice: 0.9368, IoU: 0.8857
[2026-09-15 08:00:50,576] Epoch: 138, Dataset: val, Dice: 0.8850, IoU: 0.8166
[2026-09-15 08:01:02,131] Epoch: 139, Dataset: test, Dice: 0.9403, IoU: 0.8915
[2026-09-15 08:01:02,605] Epoch: 139, Dataset: val, Dice: 0.8851, IoU: 0.8180
[2026-09-15 08:01:14,368] Epoch: 140, Dataset: test, Dice: 0.9379, IoU: 0.8881
[2026-09-15 08:01:15,006] Epoch: 140, Dataset: val, Dice: 0.8703, IoU: 0.7993
[2026-09-15 08:01:26,489] Epoch: 141, Dataset: test, Dice: 0.9409, IoU: 0.8913
[2026-09-15 08:01:27,008] Epoch: 141, Dataset: val, Dice: 0.8682, IoU: 0.7949
[2026-09-15 08:01:38,229] Epoch: 142, Dataset: test, Dice: 0.9382, IoU: 0.8879
[2026-09-15 08:01:38,708] Epoch: 142, Dataset: val, Dice: 0.8886, IoU: 0.8222
[2026-09-15 08:01:50,121] Epoch: 143, Dataset: test, Dice: 0.9396, IoU: 0.8905
[2026-09-15 08:01:50,561] Epoch: 143, Dataset: val, Dice: 0.8950, IoU: 0.8306
[2026-09-15 08:02:01,775] Epoch: 144, Dataset: test, Dice: 0.9340, IoU: 0.8803
[2026-09-15 08:02:02,241] Epoch: 144, Dataset: val, Dice: 0.8902, IoU: 0.8236
[2026-09-15 08:02:13,818] Epoch: 145, Dataset: test, Dice: 0.9391, IoU: 0.8886
[2026-09-15 08:02:14,275] Epoch: 145, Dataset: val, Dice: 0.8904, IoU: 0.8237
[2026-09-15 08:02:25,842] Epoch: 146, Dataset: test, Dice: 0.9327, IoU: 0.8805
[2026-09-15 08:02:26,373] Epoch: 146, Dataset: val, Dice: 0.8783, IoU: 0.8073
[2026-09-15 08:02:38,340] Epoch: 147, Dataset: test, Dice: 0.9395, IoU: 0.8894
[2026-09-15 08:02:39,005] Epoch: 147, Dataset: val, Dice: 0.8726, IoU: 0.8008
[2026-09-15 08:02:49,922] Epoch: 148, Dataset: test, Dice: 0.9381, IoU: 0.8876
[2026-09-15 08:02:50,380] Epoch: 148, Dataset: val, Dice: 0.8818, IoU: 0.8141
[2026-09-15 08:03:01,917] Epoch: 149, Dataset: test, Dice: 0.9381, IoU: 0.8883
[2026-09-15 08:03:02,469] Epoch: 149, Dataset: val, Dice: 0.8836, IoU: 0.8155
[2026-09-15 08:03:13,749] Epoch: 150, Dataset: test, Dice: 0.9398, IoU: 0.8905
[2026-09-15 08:03:14,323] Epoch: 150, Dataset: val, Dice: 0.8844, IoU: 0.8158
[2026-09-15 08:03:25,700] Epoch: 151, Dataset: test, Dice: 0.9333, IoU: 0.8818
[2026-09-15 08:03:26,170] Epoch: 151, Dataset: val, Dice: 0.8830, IoU: 0.8168
[2026-09-15 08:03:37,908] Epoch: 152, Dataset: test, Dice: 0.9394, IoU: 0.8897
[2026-09-15 08:03:38,330] Epoch: 152, Dataset: val, Dice: 0.8799, IoU: 0.8133
[2026-09-15 08:03:48,150] Epoch: 153, Dataset: test, Dice: 0.9400, IoU: 0.8907
[2026-09-15 08:03:48,586] Epoch: 153, Dataset: val, Dice: 0.8931, IoU: 0.8280
[2026-09-15 08:04:00,200] Epoch: 154, Dataset: test, Dice: 0.9355, IoU: 0.8830
[2026-09-15 08:04:00,626] Epoch: 154, Dataset: val, Dice: 0.8907, IoU: 0.8247
[2026-09-15 08:04:12,121] Epoch: 155, Dataset: test, Dice: 0.9345, IoU: 0.8821
[2026-09-15 08:04:12,583] Epoch: 155, Dataset: val, Dice: 0.8830, IoU: 0.8174
[2026-09-15 08:04:22,494] Epoch: 156, Dataset: test, Dice: 0.9380, IoU: 0.8872
[2026-09-15 08:04:22,951] Epoch: 156, Dataset: val, Dice: 0.8835, IoU: 0.8138
[2026-09-15 08:04:34,497] Epoch: 157, Dataset: test, Dice: 0.9348, IoU: 0.8827
[2026-09-15 08:04:35,021] Epoch: 157, Dataset: val, Dice: 0.8887, IoU: 0.8210
[2026-09-15 08:04:46,847] Epoch: 158, Dataset: test, Dice: 0.9398, IoU: 0.8904
[2026-09-15 08:04:47,327] Epoch: 158, Dataset: val, Dice: 0.8827, IoU: 0.8144
[2026-09-15 08:04:59,163] Epoch: 159, Dataset: test, Dice: 0.9358, IoU: 0.8834
[2026-09-15 08:04:59,797] Epoch: 159, Dataset: val, Dice: 0.8964, IoU: 0.8336
[2026-09-15 08:05:12,091] Epoch: 160, Dataset: test, Dice: 0.9388, IoU: 0.8889
[2026-09-15 08:05:12,696] Epoch: 160, Dataset: val, Dice: 0.8903, IoU: 0.8235
[2026-09-15 08:05:24,678] Epoch: 161, Dataset: test, Dice: 0.9398, IoU: 0.8904
[2026-09-15 08:05:25,191] Epoch: 161, Dataset: val, Dice: 0.8876, IoU: 0.8219
[2026-09-15 08:05:36,732] Epoch: 162, Dataset: test, Dice: 0.9394, IoU: 0.8898
[2026-09-15 08:05:37,352] Epoch: 162, Dataset: val, Dice: 0.8892, IoU: 0.8226
[2026-09-15 08:05:49,168] Epoch: 163, Dataset: test, Dice: 0.9409, IoU: 0.8919
[2026-09-15 08:05:49,762] Epoch: 163, Dataset: val, Dice: 0.8830, IoU: 0.8162
[2026-09-15 08:06:01,110] Epoch: 164, Dataset: test, Dice: 0.9349, IoU: 0.8832
[2026-09-15 08:06:01,667] Epoch: 164, Dataset: val, Dice: 0.8678, IoU: 0.7972
[2026-09-15 08:06:13,517] Epoch: 165, Dataset: test, Dice: 0.9369, IoU: 0.8851
[2026-09-15 08:06:14,118] Epoch: 165, Dataset: val, Dice: 0.8897, IoU: 0.8225
[2026-09-15 08:06:25,876] Epoch: 166, Dataset: test, Dice: 0.9387, IoU: 0.8881
[2026-09-15 08:06:26,420] Epoch: 166, Dataset: val, Dice: 0.8840, IoU: 0.8164
[2026-09-15 08:06:37,887] Epoch: 167, Dataset: test, Dice: 0.9356, IoU: 0.8838
[2026-09-15 08:06:38,370] Epoch: 167, Dataset: val, Dice: 0.8842, IoU: 0.8153
[2026-09-15 08:06:49,833] Epoch: 168, Dataset: test, Dice: 0.9375, IoU: 0.8865
[2026-09-15 08:06:50,386] Epoch: 168, Dataset: val, Dice: 0.8845, IoU: 0.8176
[2026-09-15 08:07:02,187] Epoch: 169, Dataset: test, Dice: 0.9351, IoU: 0.8830
[2026-09-15 08:07:02,639] Epoch: 169, Dataset: val, Dice: 0.8793, IoU: 0.8104
[2026-09-15 08:07:13,461] Epoch: 170, Dataset: test, Dice: 0.9385, IoU: 0.8878
[2026-09-15 08:07:13,937] Epoch: 170, Dataset: val, Dice: 0.8890, IoU: 0.8237
[2026-09-15 08:07:25,844] Epoch: 171, Dataset: test, Dice: 0.9360, IoU: 0.8839
[2026-09-15 08:07:26,387] Epoch: 171, Dataset: val, Dice: 0.8868, IoU: 0.8217
[2026-09-15 08:07:38,186] Epoch: 172, Dataset: test, Dice: 0.9396, IoU: 0.8897
[2026-09-15 08:07:38,721] Epoch: 172, Dataset: val, Dice: 0.8914, IoU: 0.8280
[2026-09-15 08:07:50,315] Epoch: 173, Dataset: test, Dice: 0.9372, IoU: 0.8858
[2026-09-15 08:07:50,793] Epoch: 173, Dataset: val, Dice: 0.8896, IoU: 0.8248
[2026-09-15 08:08:01,962] Epoch: 174, Dataset: test, Dice: 0.9391, IoU: 0.8896
[2026-09-15 08:08:02,486] Epoch: 174, Dataset: val, Dice: 0.8700, IoU: 0.8001
[2026-09-15 08:08:13,920] Epoch: 175, Dataset: test, Dice: 0.9398, IoU: 0.8903
[2026-09-15 08:08:14,335] Epoch: 175, Dataset: val, Dice: 0.8899, IoU: 0.8264
[2026-09-15 08:08:25,040] Epoch: 176, Dataset: test, Dice: 0.9397, IoU: 0.8903
[2026-09-15 08:08:25,484] Epoch: 176, Dataset: val, Dice: 0.8818, IoU: 0.8148
[2026-09-15 08:08:37,041] Epoch: 177, Dataset: test, Dice: 0.9354, IoU: 0.8830
[2026-09-15 08:08:37,431] Epoch: 177, Dataset: val, Dice: 0.8768, IoU: 0.8070
[2026-09-15 08:08:47,978] Epoch: 178, Dataset: test, Dice: 0.9382, IoU: 0.8875
[2026-09-15 08:08:48,504] Epoch: 178, Dataset: val, Dice: 0.8883, IoU: 0.8227
[2026-09-15 08:09:00,240] Epoch: 179, Dataset: test, Dice: 0.9380, IoU: 0.8873
[2026-09-15 08:09:00,907] Epoch: 179, Dataset: val, Dice: 0.8861, IoU: 0.8190
[2026-09-15 08:09:12,791] Epoch: 180, Dataset: test, Dice: 0.9393, IoU: 0.8892
[2026-09-15 08:09:13,271] Epoch: 180, Dataset: val, Dice: 0.8900, IoU: 0.8247
[2026-09-15 08:09:23,548] Epoch: 181, Dataset: test, Dice: 0.9428, IoU: 0.8952
[2026-09-15 08:09:23,947] Epoch: 181, Dataset: val, Dice: 0.8899, IoU: 0.8250
[2026-09-15 08:09:35,457] Epoch: 182, Dataset: test, Dice: 0.9380, IoU: 0.8873
[2026-09-15 08:09:36,098] Epoch: 182, Dataset: val, Dice: 0.8886, IoU: 0.8220
[2026-09-15 08:09:47,874] Epoch: 183, Dataset: test, Dice: 0.9402, IoU: 0.8908
[2026-09-15 08:09:48,329] Epoch: 183, Dataset: val, Dice: 0.8821, IoU: 0.8143
[2026-09-15 08:10:00,561] Epoch: 184, Dataset: test, Dice: 0.9358, IoU: 0.8840
[2026-09-15 08:10:01,287] Epoch: 184, Dataset: val, Dice: 0.8824, IoU: 0.8144
[2026-09-15 08:10:11,997] Epoch: 185, Dataset: test, Dice: 0.9386, IoU: 0.8881
[2026-09-15 08:10:12,605] Epoch: 185, Dataset: val, Dice: 0.8911, IoU: 0.8271
[2026-09-15 08:10:24,376] Epoch: 186, Dataset: test, Dice: 0.9390, IoU: 0.8891
[2026-09-15 08:10:25,008] Epoch: 186, Dataset: val, Dice: 0.8786, IoU: 0.8096
[2026-09-15 08:10:36,441] Epoch: 187, Dataset: test, Dice: 0.9391, IoU: 0.8892
[2026-09-15 08:10:36,869] Epoch: 187, Dataset: val, Dice: 0.8876, IoU: 0.8227
[2026-09-15 08:10:48,648] Epoch: 188, Dataset: test, Dice: 0.9361, IoU: 0.8838
[2026-09-15 08:10:49,182] Epoch: 188, Dataset: val, Dice: 0.8887, IoU: 0.8235
[2026-09-15 08:11:00,459] Epoch: 189, Dataset: test, Dice: 0.9377, IoU: 0.8867
[2026-09-15 08:11:00,954] Epoch: 189, Dataset: val, Dice: 0.8860, IoU: 0.8179
[2026-09-15 08:11:12,433] Epoch: 190, Dataset: test, Dice: 0.9415, IoU: 0.8933
[2026-09-15 08:11:12,912] Epoch: 190, Dataset: val, Dice: 0.8821, IoU: 0.8143
[2026-09-15 08:11:24,777] Epoch: 191, Dataset: test, Dice: 0.9359, IoU: 0.8835
[2026-09-15 08:11:25,195] Epoch: 191, Dataset: val, Dice: 0.8754, IoU: 0.8025
[2026-09-15 08:11:36,998] Epoch: 192, Dataset: test, Dice: 0.9361, IoU: 0.8842
[2026-09-15 08:11:37,481] Epoch: 192, Dataset: val, Dice: 0.8836, IoU: 0.8148
[2026-09-15 08:11:49,208] Epoch: 193, Dataset: test, Dice: 0.9405, IoU: 0.8911
[2026-09-15 08:11:49,836] Epoch: 193, Dataset: val, Dice: 0.8824, IoU: 0.8143
[2026-09-15 08:12:01,537] Epoch: 194, Dataset: test, Dice: 0.9392, IoU: 0.8891
[2026-09-15 08:12:02,033] Epoch: 194, Dataset: val, Dice: 0.8882, IoU: 0.8226
[2026-09-15 08:12:13,746] Epoch: 195, Dataset: test, Dice: 0.9299, IoU: 0.8754
[2026-09-15 08:12:14,193] Epoch: 195, Dataset: val, Dice: 0.8607, IoU: 0.7879
[2026-09-15 08:12:25,732] Epoch: 196, Dataset: test, Dice: 0.9361, IoU: 0.8842
[2026-09-15 08:12:26,383] Epoch: 196, Dataset: val, Dice: 0.8844, IoU: 0.8168
[2026-09-15 08:12:38,173] Epoch: 197, Dataset: test, Dice: 0.9394, IoU: 0.8896
[2026-09-15 08:12:38,741] Epoch: 197, Dataset: val, Dice: 0.8883, IoU: 0.8232
[2026-09-15 08:12:50,607] Epoch: 198, Dataset: test, Dice: 0.9398, IoU: 0.8907
[2026-09-15 08:12:51,115] Epoch: 198, Dataset: val, Dice: 0.8854, IoU: 0.8205
[2026-09-15 08:13:02,639] Epoch: 199, Dataset: test, Dice: 0.9417, IoU: 0.8936
[2026-09-15 08:13:03,120] Epoch: 199, Dataset: val, Dice: 0.8905, IoU: 0.8265
[2026-09-15 08:13:14,566] Epoch: 200, Dataset: test, Dice: 0.9376, IoU: 0.8877
[2026-09-15 08:13:15,043] Epoch: 200, Dataset: val, Dice: 0.8866, IoU: 0.8217
[2026-09-15 08:13:15,044] 
========================================
FINAL RESULTS: ClinicDB_MK_UNet_bs8_lr0.0005_e200_augTrue_run5_t073334
Best Val Dice: 0.8985
Test Dice at Best Val: 0.9363
Total Train Time: 2150.15s
========================================
