[2026-09-15 16:21:43,582] flops: 0.619251354, params: 0.315566, Total params: : 0.3156
[2026-09-15 16:21:52,165] Epoch: 1, Dataset: test, Dice: 0.2228, IoU: 0.1407
[2026-09-15 16:21:52,670] Epoch: 1, Dataset: val, Dice: 0.1995, IoU: 0.1271
[2026-09-15 16:21:52,670] ### Best Model Saved (Dice improved from 0.0000 to 0.1995) ###
[2026-09-15 16:22:01,443] Epoch: 2, Dataset: test, Dice: 0.1749, IoU: 0.1038
[2026-09-15 16:22:02,004] Epoch: 2, Dataset: val, Dice: 0.1673, IoU: 0.1037
[2026-09-15 16:22:10,760] Epoch: 3, Dataset: test, Dice: 0.2686, IoU: 0.1740
[2026-09-15 16:22:11,215] Epoch: 3, Dataset: val, Dice: 0.1825, IoU: 0.1123
[2026-09-15 16:22:20,099] Epoch: 4, Dataset: test, Dice: 0.3217, IoU: 0.2185
[2026-09-15 16:22:20,576] Epoch: 4, Dataset: val, Dice: 0.2563, IoU: 0.1661
[2026-09-15 16:22:20,577] ### Best Model Saved (Dice improved from 0.1995 to 0.2563) ###
[2026-09-15 16:22:29,349] Epoch: 5, Dataset: test, Dice: 0.2495, IoU: 0.1678
[2026-09-15 16:22:29,912] Epoch: 5, Dataset: val, Dice: 0.1730, IoU: 0.1143
[2026-09-15 16:22:38,490] Epoch: 6, Dataset: test, Dice: 0.2366, IoU: 0.1539
[2026-09-15 16:22:38,941] Epoch: 6, Dataset: val, Dice: 0.2287, IoU: 0.1469
[2026-09-15 16:22:47,555] Epoch: 7, Dataset: test, Dice: 0.2599, IoU: 0.1710
[2026-09-15 16:22:48,038] Epoch: 7, Dataset: val, Dice: 0.2333, IoU: 0.1561
[2026-09-15 16:22:56,726] Epoch: 8, Dataset: test, Dice: 0.3874, IoU: 0.2753
[2026-09-15 16:22:57,299] Epoch: 8, Dataset: val, Dice: 0.3228, IoU: 0.2262
[2026-09-15 16:22:57,300] ### Best Model Saved (Dice improved from 0.2563 to 0.3228) ###
[2026-09-15 16:23:05,823] Epoch: 9, Dataset: test, Dice: 0.3719, IoU: 0.2660
[2026-09-15 16:23:06,311] Epoch: 9, Dataset: val, Dice: 0.3475, IoU: 0.2490
[2026-09-15 16:23:06,311] ### Best Model Saved (Dice improved from 0.3228 to 0.3475) ###
[2026-09-15 16:23:14,432] Epoch: 10, Dataset: test, Dice: 0.4418, IoU: 0.3271
[2026-09-15 16:23:14,880] Epoch: 10, Dataset: val, Dice: 0.3659, IoU: 0.2606
[2026-09-15 16:23:14,880] ### Best Model Saved (Dice improved from 0.3475 to 0.3659) ###
[2026-09-15 16:23:22,900] Epoch: 11, Dataset: test, Dice: 0.4410, IoU: 0.3295
[2026-09-15 16:23:23,378] Epoch: 11, Dataset: val, Dice: 0.3682, IoU: 0.2681
[2026-09-15 16:23:23,378] ### Best Model Saved (Dice improved from 0.3659 to 0.3682) ###
[2026-09-15 16:23:31,397] Epoch: 12, Dataset: test, Dice: 0.4761, IoU: 0.3674
[2026-09-15 16:23:31,898] Epoch: 12, Dataset: val, Dice: 0.3986, IoU: 0.3046
[2026-09-15 16:23:31,898] ### Best Model Saved (Dice improved from 0.3682 to 0.3986) ###
[2026-09-15 16:23:40,512] Epoch: 13, Dataset: test, Dice: 0.4358, IoU: 0.3181
[2026-09-15 16:23:41,013] Epoch: 13, Dataset: val, Dice: 0.3533, IoU: 0.2526
[2026-09-15 16:23:49,536] Epoch: 14, Dataset: test, Dice: 0.4878, IoU: 0.3826
[2026-09-15 16:23:50,039] Epoch: 14, Dataset: val, Dice: 0.4865, IoU: 0.3745
[2026-09-15 16:23:50,039] ### Best Model Saved (Dice improved from 0.3986 to 0.4865) ###
[2026-09-15 16:23:58,757] Epoch: 15, Dataset: test, Dice: 0.3982, IoU: 0.2923
[2026-09-15 16:23:59,202] Epoch: 15, Dataset: val, Dice: 0.3760, IoU: 0.2721
[2026-09-15 16:24:08,063] Epoch: 16, Dataset: test, Dice: 0.5320, IoU: 0.4206
[2026-09-15 16:24:08,602] Epoch: 16, Dataset: val, Dice: 0.4571, IoU: 0.3505
[2026-09-15 16:24:17,346] Epoch: 17, Dataset: test, Dice: 0.4254, IoU: 0.3227
[2026-09-15 16:24:17,882] Epoch: 17, Dataset: val, Dice: 0.3378, IoU: 0.2479
[2026-09-15 16:24:26,416] Epoch: 18, Dataset: test, Dice: 0.5105, IoU: 0.4145
[2026-09-15 16:24:26,919] Epoch: 18, Dataset: val, Dice: 0.4031, IoU: 0.3084
[2026-09-15 16:24:35,477] Epoch: 19, Dataset: test, Dice: 0.5367, IoU: 0.4418
[2026-09-15 16:24:35,961] Epoch: 19, Dataset: val, Dice: 0.4074, IoU: 0.3205
[2026-09-15 16:24:44,524] Epoch: 20, Dataset: test, Dice: 0.5870, IoU: 0.4722
[2026-09-15 16:24:45,096] Epoch: 20, Dataset: val, Dice: 0.4407, IoU: 0.3410
[2026-09-15 16:24:53,849] Epoch: 21, Dataset: test, Dice: 0.6232, IoU: 0.5059
[2026-09-15 16:24:54,384] Epoch: 21, Dataset: val, Dice: 0.5093, IoU: 0.4001
[2026-09-15 16:24:54,385] ### Best Model Saved (Dice improved from 0.4865 to 0.5093) ###
[2026-09-15 16:25:03,192] Epoch: 22, Dataset: test, Dice: 0.6570, IoU: 0.5621
[2026-09-15 16:25:03,715] Epoch: 22, Dataset: val, Dice: 0.6141, IoU: 0.5197
[2026-09-15 16:25:03,715] ### Best Model Saved (Dice improved from 0.5093 to 0.6141) ###
[2026-09-15 16:25:12,432] Epoch: 23, Dataset: test, Dice: 0.6410, IoU: 0.5352
[2026-09-15 16:25:12,911] Epoch: 23, Dataset: val, Dice: 0.6026, IoU: 0.5149
[2026-09-15 16:25:20,948] Epoch: 24, Dataset: test, Dice: 0.5677, IoU: 0.4743
[2026-09-15 16:25:21,465] Epoch: 24, Dataset: val, Dice: 0.4245, IoU: 0.3350
[2026-09-15 16:25:29,396] Epoch: 25, Dataset: test, Dice: 0.6772, IoU: 0.5738
[2026-09-15 16:25:29,873] Epoch: 25, Dataset: val, Dice: 0.5551, IoU: 0.4686
[2026-09-15 16:25:37,978] Epoch: 26, Dataset: test, Dice: 0.7420, IoU: 0.6332
[2026-09-15 16:25:38,449] Epoch: 26, Dataset: val, Dice: 0.6225, IoU: 0.5231
[2026-09-15 16:25:38,450] ### Best Model Saved (Dice improved from 0.6141 to 0.6225) ###
[2026-09-15 16:25:46,323] Epoch: 27, Dataset: test, Dice: 0.7370, IoU: 0.6312
[2026-09-15 16:25:46,805] Epoch: 27, Dataset: val, Dice: 0.6406, IoU: 0.5407
[2026-09-15 16:25:46,805] ### Best Model Saved (Dice improved from 0.6225 to 0.6406) ###
[2026-09-15 16:25:55,054] Epoch: 28, Dataset: test, Dice: 0.7223, IoU: 0.6179
[2026-09-15 16:25:55,644] Epoch: 28, Dataset: val, Dice: 0.6741, IoU: 0.5707
[2026-09-15 16:25:55,644] ### Best Model Saved (Dice improved from 0.6406 to 0.6741) ###
[2026-09-15 16:26:04,367] Epoch: 29, Dataset: test, Dice: 0.7347, IoU: 0.6266
[2026-09-15 16:26:04,851] Epoch: 29, Dataset: val, Dice: 0.6954, IoU: 0.5860
[2026-09-15 16:26:04,851] ### Best Model Saved (Dice improved from 0.6741 to 0.6954) ###
[2026-09-15 16:26:13,656] Epoch: 30, Dataset: test, Dice: 0.7445, IoU: 0.6510
[2026-09-15 16:26:14,225] Epoch: 30, Dataset: val, Dice: 0.6891, IoU: 0.5993
[2026-09-15 16:26:23,010] Epoch: 31, Dataset: test, Dice: 0.7251, IoU: 0.6267
[2026-09-15 16:26:23,486] Epoch: 31, Dataset: val, Dice: 0.6784, IoU: 0.5933
[2026-09-15 16:26:32,261] Epoch: 32, Dataset: test, Dice: 0.7991, IoU: 0.6973
[2026-09-15 16:26:32,755] Epoch: 32, Dataset: val, Dice: 0.7430, IoU: 0.6486
[2026-09-15 16:26:32,755] ### Best Model Saved (Dice improved from 0.6954 to 0.7430) ###
[2026-09-15 16:26:41,232] Epoch: 33, Dataset: test, Dice: 0.7842, IoU: 0.6896
[2026-09-15 16:26:41,663] Epoch: 33, Dataset: val, Dice: 0.6981, IoU: 0.6144
[2026-09-15 16:26:50,459] Epoch: 34, Dataset: test, Dice: 0.5756, IoU: 0.4641
[2026-09-15 16:26:50,975] Epoch: 34, Dataset: val, Dice: 0.5052, IoU: 0.4206
[2026-09-15 16:26:59,774] Epoch: 35, Dataset: test, Dice: 0.8065, IoU: 0.7139
[2026-09-15 16:27:00,255] Epoch: 35, Dataset: val, Dice: 0.7222, IoU: 0.6385
[2026-09-15 16:27:08,934] Epoch: 36, Dataset: test, Dice: 0.7167, IoU: 0.6132
[2026-09-15 16:27:09,419] Epoch: 36, Dataset: val, Dice: 0.5913, IoU: 0.4942
[2026-09-15 16:27:17,961] Epoch: 37, Dataset: test, Dice: 0.7266, IoU: 0.6288
[2026-09-15 16:27:18,384] Epoch: 37, Dataset: val, Dice: 0.6904, IoU: 0.5928
[2026-09-15 16:27:26,235] Epoch: 38, Dataset: test, Dice: 0.7882, IoU: 0.6913
[2026-09-15 16:27:26,683] Epoch: 38, Dataset: val, Dice: 0.7165, IoU: 0.6267
[2026-09-15 16:27:35,354] Epoch: 39, Dataset: test, Dice: 0.8005, IoU: 0.7143
[2026-09-15 16:27:35,812] Epoch: 39, Dataset: val, Dice: 0.7138, IoU: 0.6231
[2026-09-15 16:27:44,327] Epoch: 40, Dataset: test, Dice: 0.8045, IoU: 0.7074
[2026-09-15 16:27:44,859] Epoch: 40, Dataset: val, Dice: 0.6861, IoU: 0.6046
[2026-09-15 16:27:53,789] Epoch: 41, Dataset: test, Dice: 0.7723, IoU: 0.6750
[2026-09-15 16:27:54,340] Epoch: 41, Dataset: val, Dice: 0.6773, IoU: 0.5661
[2026-09-15 16:28:02,957] Epoch: 42, Dataset: test, Dice: 0.7972, IoU: 0.7057
[2026-09-15 16:28:03,410] Epoch: 42, Dataset: val, Dice: 0.7608, IoU: 0.6743
[2026-09-15 16:28:03,410] ### Best Model Saved (Dice improved from 0.7430 to 0.7608) ###
[2026-09-15 16:28:12,116] Epoch: 43, Dataset: test, Dice: 0.7288, IoU: 0.6193
[2026-09-15 16:28:12,572] Epoch: 43, Dataset: val, Dice: 0.6922, IoU: 0.5926
[2026-09-15 16:28:21,220] Epoch: 44, Dataset: test, Dice: 0.7907, IoU: 0.7044
[2026-09-15 16:28:21,710] Epoch: 44, Dataset: val, Dice: 0.7144, IoU: 0.6269
[2026-09-15 16:28:29,596] Epoch: 45, Dataset: test, Dice: 0.7696, IoU: 0.6752
[2026-09-15 16:28:30,204] Epoch: 45, Dataset: val, Dice: 0.7058, IoU: 0.6171
[2026-09-15 16:28:38,542] Epoch: 46, Dataset: test, Dice: 0.8207, IoU: 0.7319
[2026-09-15 16:28:39,033] Epoch: 46, Dataset: val, Dice: 0.7502, IoU: 0.6626
[2026-09-15 16:28:46,999] Epoch: 47, Dataset: test, Dice: 0.7930, IoU: 0.6961
[2026-09-15 16:28:47,442] Epoch: 47, Dataset: val, Dice: 0.7938, IoU: 0.7076
[2026-09-15 16:28:47,442] ### Best Model Saved (Dice improved from 0.7608 to 0.7938) ###
[2026-09-15 16:28:56,134] Epoch: 48, Dataset: test, Dice: 0.8477, IoU: 0.7631
[2026-09-15 16:28:56,666] Epoch: 48, Dataset: val, Dice: 0.7873, IoU: 0.7060
[2026-09-15 16:29:05,272] Epoch: 49, Dataset: test, Dice: 0.8266, IoU: 0.7348
[2026-09-15 16:29:05,792] Epoch: 49, Dataset: val, Dice: 0.7641, IoU: 0.6741
[2026-09-15 16:29:14,689] Epoch: 50, Dataset: test, Dice: 0.8107, IoU: 0.7242
[2026-09-15 16:29:15,226] Epoch: 50, Dataset: val, Dice: 0.7722, IoU: 0.6844
[2026-09-15 16:29:23,917] Epoch: 51, Dataset: test, Dice: 0.8106, IoU: 0.7274
[2026-09-15 16:29:24,374] Epoch: 51, Dataset: val, Dice: 0.7891, IoU: 0.6970
[2026-09-15 16:29:32,827] Epoch: 52, Dataset: test, Dice: 0.8323, IoU: 0.7429
[2026-09-15 16:29:33,375] Epoch: 52, Dataset: val, Dice: 0.7675, IoU: 0.6729
[2026-09-15 16:29:42,269] Epoch: 53, Dataset: test, Dice: 0.8266, IoU: 0.7401
[2026-09-15 16:29:42,729] Epoch: 53, Dataset: val, Dice: 0.8158, IoU: 0.7320
[2026-09-15 16:29:42,730] ### Best Model Saved (Dice improved from 0.7938 to 0.8158) ###
[2026-09-15 16:29:51,263] Epoch: 54, Dataset: test, Dice: 0.8285, IoU: 0.7455
[2026-09-15 16:29:51,750] Epoch: 54, Dataset: val, Dice: 0.7990, IoU: 0.7098
[2026-09-15 16:30:00,433] Epoch: 55, Dataset: test, Dice: 0.8061, IoU: 0.7207
[2026-09-15 16:30:00,993] Epoch: 55, Dataset: val, Dice: 0.7671, IoU: 0.6781
[2026-09-15 16:30:09,760] Epoch: 56, Dataset: test, Dice: 0.8274, IoU: 0.7347
[2026-09-15 16:30:10,297] Epoch: 56, Dataset: val, Dice: 0.8011, IoU: 0.7120
[2026-09-15 16:30:19,102] Epoch: 57, Dataset: test, Dice: 0.8577, IoU: 0.7768
[2026-09-15 16:30:19,628] Epoch: 57, Dataset: val, Dice: 0.8095, IoU: 0.7332
[2026-09-15 16:30:27,992] Epoch: 58, Dataset: test, Dice: 0.8335, IoU: 0.7575
[2026-09-15 16:30:28,447] Epoch: 58, Dataset: val, Dice: 0.8175, IoU: 0.7348
[2026-09-15 16:30:28,447] ### Best Model Saved (Dice improved from 0.8158 to 0.8175) ###
[2026-09-15 16:30:36,680] Epoch: 59, Dataset: test, Dice: 0.8439, IoU: 0.7638
[2026-09-15 16:30:37,208] Epoch: 59, Dataset: val, Dice: 0.8143, IoU: 0.7262
[2026-09-15 16:30:45,762] Epoch: 60, Dataset: test, Dice: 0.8493, IoU: 0.7635
[2026-09-15 16:30:46,330] Epoch: 60, Dataset: val, Dice: 0.7560, IoU: 0.6565
[2026-09-15 16:30:54,618] Epoch: 61, Dataset: test, Dice: 0.8419, IoU: 0.7695
[2026-09-15 16:30:55,170] Epoch: 61, Dataset: val, Dice: 0.7915, IoU: 0.7040
[2026-09-15 16:31:03,534] Epoch: 62, Dataset: test, Dice: 0.8106, IoU: 0.7218
[2026-09-15 16:31:04,074] Epoch: 62, Dataset: val, Dice: 0.7964, IoU: 0.7083
[2026-09-15 16:31:12,856] Epoch: 63, Dataset: test, Dice: 0.8563, IoU: 0.7774
[2026-09-15 16:31:13,326] Epoch: 63, Dataset: val, Dice: 0.8221, IoU: 0.7326
[2026-09-15 16:31:13,326] ### Best Model Saved (Dice improved from 0.8175 to 0.8221) ###
[2026-09-15 16:31:21,785] Epoch: 64, Dataset: test, Dice: 0.8608, IoU: 0.7809
[2026-09-15 16:31:22,263] Epoch: 64, Dataset: val, Dice: 0.8310, IoU: 0.7499
[2026-09-15 16:31:22,263] ### Best Model Saved (Dice improved from 0.8221 to 0.8310) ###
[2026-09-15 16:31:30,782] Epoch: 65, Dataset: test, Dice: 0.7829, IoU: 0.6895
[2026-09-15 16:31:31,302] Epoch: 65, Dataset: val, Dice: 0.7396, IoU: 0.6407
[2026-09-15 16:31:40,065] Epoch: 66, Dataset: test, Dice: 0.8142, IoU: 0.7241
[2026-09-15 16:31:40,673] Epoch: 66, Dataset: val, Dice: 0.8292, IoU: 0.7470
[2026-09-15 16:31:49,248] Epoch: 67, Dataset: test, Dice: 0.8744, IoU: 0.7949
[2026-09-15 16:31:49,752] Epoch: 67, Dataset: val, Dice: 0.8504, IoU: 0.7733
[2026-09-15 16:31:49,752] ### Best Model Saved (Dice improved from 0.8310 to 0.8504) ###
[2026-09-15 16:31:58,301] Epoch: 68, Dataset: test, Dice: 0.8399, IoU: 0.7572
[2026-09-15 16:31:58,817] Epoch: 68, Dataset: val, Dice: 0.8245, IoU: 0.7438
[2026-09-15 16:32:07,407] Epoch: 69, Dataset: test, Dice: 0.8560, IoU: 0.7780
[2026-09-15 16:32:07,876] Epoch: 69, Dataset: val, Dice: 0.8220, IoU: 0.7346
[2026-09-15 16:32:16,747] Epoch: 70, Dataset: test, Dice: 0.8658, IoU: 0.7848
[2026-09-15 16:32:17,314] Epoch: 70, Dataset: val, Dice: 0.8461, IoU: 0.7668
[2026-09-15 16:32:26,114] Epoch: 71, Dataset: test, Dice: 0.8854, IoU: 0.8071
[2026-09-15 16:32:26,711] Epoch: 71, Dataset: val, Dice: 0.8228, IoU: 0.7404
[2026-09-15 16:32:35,503] Epoch: 72, Dataset: test, Dice: 0.8437, IoU: 0.7617
[2026-09-15 16:32:36,008] Epoch: 72, Dataset: val, Dice: 0.8093, IoU: 0.7196
[2026-09-15 16:32:44,808] Epoch: 73, Dataset: test, Dice: 0.8660, IoU: 0.7877
[2026-09-15 16:32:45,402] Epoch: 73, Dataset: val, Dice: 0.8567, IoU: 0.7797
[2026-09-15 16:32:45,402] ### Best Model Saved (Dice improved from 0.8504 to 0.8567) ###
[2026-09-15 16:32:54,161] Epoch: 74, Dataset: test, Dice: 0.8806, IoU: 0.7983
[2026-09-15 16:32:54,609] Epoch: 74, Dataset: val, Dice: 0.8402, IoU: 0.7507
[2026-09-15 16:33:03,077] Epoch: 75, Dataset: test, Dice: 0.8732, IoU: 0.7938
[2026-09-15 16:33:03,563] Epoch: 75, Dataset: val, Dice: 0.8567, IoU: 0.7795
[2026-09-15 16:33:03,563] ### Best Model Saved (Dice improved from 0.8567 to 0.8567) ###
[2026-09-15 16:33:12,303] Epoch: 76, Dataset: test, Dice: 0.8763, IoU: 0.7948
[2026-09-15 16:33:12,899] Epoch: 76, Dataset: val, Dice: 0.8500, IoU: 0.7689
[2026-09-15 16:33:21,767] Epoch: 77, Dataset: test, Dice: 0.8652, IoU: 0.7826
[2026-09-15 16:33:22,331] Epoch: 77, Dataset: val, Dice: 0.8423, IoU: 0.7576
[2026-09-15 16:33:30,839] Epoch: 78, Dataset: test, Dice: 0.8496, IoU: 0.7690
[2026-09-15 16:33:31,413] Epoch: 78, Dataset: val, Dice: 0.8588, IoU: 0.7821
[2026-09-15 16:33:31,413] ### Best Model Saved (Dice improved from 0.8567 to 0.8588) ###
[2026-09-15 16:33:40,120] Epoch: 79, Dataset: test, Dice: 0.8723, IoU: 0.7930
[2026-09-15 16:33:40,616] Epoch: 79, Dataset: val, Dice: 0.8501, IoU: 0.7646
[2026-09-15 16:33:49,167] Epoch: 80, Dataset: test, Dice: 0.8561, IoU: 0.7723
[2026-09-15 16:33:49,791] Epoch: 80, Dataset: val, Dice: 0.8152, IoU: 0.7312
[2026-09-15 16:33:58,434] Epoch: 81, Dataset: test, Dice: 0.8742, IoU: 0.7956
[2026-09-15 16:33:58,911] Epoch: 81, Dataset: val, Dice: 0.8191, IoU: 0.7364
[2026-09-15 16:34:07,238] Epoch: 82, Dataset: test, Dice: 0.8591, IoU: 0.7778
[2026-09-15 16:34:07,720] Epoch: 82, Dataset: val, Dice: 0.8385, IoU: 0.7545
[2026-09-15 16:34:15,662] Epoch: 83, Dataset: test, Dice: 0.8814, IoU: 0.8088
[2026-09-15 16:34:16,206] Epoch: 83, Dataset: val, Dice: 0.8346, IoU: 0.7536
[2026-09-15 16:34:24,650] Epoch: 84, Dataset: test, Dice: 0.8719, IoU: 0.8000
[2026-09-15 16:34:25,143] Epoch: 84, Dataset: val, Dice: 0.8483, IoU: 0.7680
[2026-09-15 16:34:33,790] Epoch: 85, Dataset: test, Dice: 0.8518, IoU: 0.7724
[2026-09-15 16:34:34,247] Epoch: 85, Dataset: val, Dice: 0.8309, IoU: 0.7506
[2026-09-15 16:34:42,761] Epoch: 86, Dataset: test, Dice: 0.8773, IoU: 0.7996
[2026-09-15 16:34:43,204] Epoch: 86, Dataset: val, Dice: 0.8574, IoU: 0.7832
[2026-09-15 16:34:51,433] Epoch: 87, Dataset: test, Dice: 0.8556, IoU: 0.7752
[2026-09-15 16:34:51,880] Epoch: 87, Dataset: val, Dice: 0.8368, IoU: 0.7545
[2026-09-15 16:35:00,185] Epoch: 88, Dataset: test, Dice: 0.8679, IoU: 0.7958
[2026-09-15 16:35:00,640] Epoch: 88, Dataset: val, Dice: 0.8543, IoU: 0.7785
[2026-09-15 16:35:08,692] Epoch: 89, Dataset: test, Dice: 0.8626, IoU: 0.7888
[2026-09-15 16:35:09,181] Epoch: 89, Dataset: val, Dice: 0.8457, IoU: 0.7631
[2026-09-15 16:35:17,320] Epoch: 90, Dataset: test, Dice: 0.8728, IoU: 0.7925
[2026-09-15 16:35:17,737] Epoch: 90, Dataset: val, Dice: 0.8374, IoU: 0.7573
[2026-09-15 16:35:26,667] Epoch: 91, Dataset: test, Dice: 0.8872, IoU: 0.8109
[2026-09-15 16:35:27,093] Epoch: 91, Dataset: val, Dice: 0.8550, IoU: 0.7807
[2026-09-15 16:35:35,908] Epoch: 92, Dataset: test, Dice: 0.8588, IoU: 0.7790
[2026-09-15 16:35:36,393] Epoch: 92, Dataset: val, Dice: 0.8434, IoU: 0.7661
[2026-09-15 16:35:44,886] Epoch: 93, Dataset: test, Dice: 0.8720, IoU: 0.7945
[2026-09-15 16:35:45,340] Epoch: 93, Dataset: val, Dice: 0.8605, IoU: 0.7884
[2026-09-15 16:35:45,341] ### Best Model Saved (Dice improved from 0.8588 to 0.8605) ###
[2026-09-15 16:35:53,545] Epoch: 94, Dataset: test, Dice: 0.8524, IoU: 0.7761
[2026-09-15 16:35:54,093] Epoch: 94, Dataset: val, Dice: 0.8563, IoU: 0.7788
[2026-09-15 16:36:02,187] Epoch: 95, Dataset: test, Dice: 0.8581, IoU: 0.7794
[2026-09-15 16:36:02,699] Epoch: 95, Dataset: val, Dice: 0.8516, IoU: 0.7744
[2026-09-15 16:36:11,080] Epoch: 96, Dataset: test, Dice: 0.8740, IoU: 0.7949
[2026-09-15 16:36:11,578] Epoch: 96, Dataset: val, Dice: 0.8533, IoU: 0.7773
[2026-09-15 16:36:20,575] Epoch: 97, Dataset: test, Dice: 0.8835, IoU: 0.8090
[2026-09-15 16:36:21,081] Epoch: 97, Dataset: val, Dice: 0.8625, IoU: 0.7893
[2026-09-15 16:36:21,081] ### Best Model Saved (Dice improved from 0.8605 to 0.8625) ###
[2026-09-15 16:36:29,786] Epoch: 98, Dataset: test, Dice: 0.8920, IoU: 0.8174
[2026-09-15 16:36:30,304] Epoch: 98, Dataset: val, Dice: 0.8625, IoU: 0.7878
[2026-09-15 16:36:30,304] ### Best Model Saved (Dice improved from 0.8625 to 0.8625) ###
[2026-09-15 16:36:39,042] Epoch: 99, Dataset: test, Dice: 0.8864, IoU: 0.8099
[2026-09-15 16:36:39,522] Epoch: 99, Dataset: val, Dice: 0.8715, IoU: 0.7941
[2026-09-15 16:36:39,523] ### Best Model Saved (Dice improved from 0.8625 to 0.8715) ###
[2026-09-15 16:36:48,048] Epoch: 100, Dataset: test, Dice: 0.8944, IoU: 0.8210
[2026-09-15 16:36:48,495] Epoch: 100, Dataset: val, Dice: 0.8648, IoU: 0.7934
[2026-09-15 16:36:57,055] Epoch: 101, Dataset: test, Dice: 0.8823, IoU: 0.8064
[2026-09-15 16:36:57,543] Epoch: 101, Dataset: val, Dice: 0.8579, IoU: 0.7856
[2026-09-15 16:37:06,355] Epoch: 102, Dataset: test, Dice: 0.9026, IoU: 0.8310
[2026-09-15 16:37:06,811] Epoch: 102, Dataset: val, Dice: 0.8594, IoU: 0.7877
[2026-09-15 16:37:14,898] Epoch: 103, Dataset: test, Dice: 0.8754, IoU: 0.7964
[2026-09-15 16:37:15,391] Epoch: 103, Dataset: val, Dice: 0.8568, IoU: 0.7810
[2026-09-15 16:37:23,304] Epoch: 104, Dataset: test, Dice: 0.8630, IoU: 0.7927
[2026-09-15 16:37:23,759] Epoch: 104, Dataset: val, Dice: 0.8583, IoU: 0.7805
[2026-09-15 16:37:31,588] Epoch: 105, Dataset: test, Dice: 0.8565, IoU: 0.7792
[2026-09-15 16:37:32,050] Epoch: 105, Dataset: val, Dice: 0.8573, IoU: 0.7769
[2026-09-15 16:37:39,902] Epoch: 106, Dataset: test, Dice: 0.8892, IoU: 0.8165
[2026-09-15 16:37:40,348] Epoch: 106, Dataset: val, Dice: 0.8167, IoU: 0.7364
[2026-09-15 16:37:48,369] Epoch: 107, Dataset: test, Dice: 0.8557, IoU: 0.7848
[2026-09-15 16:37:48,824] Epoch: 107, Dataset: val, Dice: 0.8552, IoU: 0.7791
[2026-09-15 16:37:57,377] Epoch: 108, Dataset: test, Dice: 0.8911, IoU: 0.8188
[2026-09-15 16:37:57,821] Epoch: 108, Dataset: val, Dice: 0.8622, IoU: 0.7887
[2026-09-15 16:38:06,520] Epoch: 109, Dataset: test, Dice: 0.8980, IoU: 0.8243
[2026-09-15 16:38:06,939] Epoch: 109, Dataset: val, Dice: 0.8614, IoU: 0.7831
[2026-09-15 16:38:15,487] Epoch: 110, Dataset: test, Dice: 0.8950, IoU: 0.8197
[2026-09-15 16:38:15,996] Epoch: 110, Dataset: val, Dice: 0.8517, IoU: 0.7707
[2026-09-15 16:38:24,648] Epoch: 111, Dataset: test, Dice: 0.8906, IoU: 0.8168
[2026-09-15 16:38:25,088] Epoch: 111, Dataset: val, Dice: 0.8563, IoU: 0.7806
[2026-09-15 16:38:33,793] Epoch: 112, Dataset: test, Dice: 0.8834, IoU: 0.8203
[2026-09-15 16:38:34,247] Epoch: 112, Dataset: val, Dice: 0.8484, IoU: 0.7732
[2026-09-15 16:38:42,872] Epoch: 113, Dataset: test, Dice: 0.8846, IoU: 0.8091
[2026-09-15 16:38:43,420] Epoch: 113, Dataset: val, Dice: 0.8521, IoU: 0.7770
[2026-09-15 16:38:52,006] Epoch: 114, Dataset: test, Dice: 0.8725, IoU: 0.7998
[2026-09-15 16:38:52,481] Epoch: 114, Dataset: val, Dice: 0.8485, IoU: 0.7661
[2026-09-15 16:39:00,695] Epoch: 115, Dataset: test, Dice: 0.9029, IoU: 0.8316
[2026-09-15 16:39:01,224] Epoch: 115, Dataset: val, Dice: 0.8496, IoU: 0.7738
[2026-09-15 16:39:10,085] Epoch: 116, Dataset: test, Dice: 0.8557, IoU: 0.7697
[2026-09-15 16:39:10,657] Epoch: 116, Dataset: val, Dice: 0.8409, IoU: 0.7561
[2026-09-15 16:39:19,211] Epoch: 117, Dataset: test, Dice: 0.8901, IoU: 0.8153
[2026-09-15 16:39:19,707] Epoch: 117, Dataset: val, Dice: 0.8669, IoU: 0.7958
[2026-09-15 16:39:28,416] Epoch: 118, Dataset: test, Dice: 0.8865, IoU: 0.8109
[2026-09-15 16:39:28,808] Epoch: 118, Dataset: val, Dice: 0.8704, IoU: 0.7979
[2026-09-15 16:39:37,787] Epoch: 119, Dataset: test, Dice: 0.9055, IoU: 0.8377
[2026-09-15 16:39:38,352] Epoch: 119, Dataset: val, Dice: 0.8726, IoU: 0.8010
[2026-09-15 16:39:38,352] ### Best Model Saved (Dice improved from 0.8715 to 0.8726) ###
[2026-09-15 16:39:47,275] Epoch: 120, Dataset: test, Dice: 0.9049, IoU: 0.8352
[2026-09-15 16:39:47,801] Epoch: 120, Dataset: val, Dice: 0.8685, IoU: 0.7992
[2026-09-15 16:39:56,403] Epoch: 121, Dataset: test, Dice: 0.9001, IoU: 0.8300
[2026-09-15 16:39:56,860] Epoch: 121, Dataset: val, Dice: 0.8688, IoU: 0.7960
[2026-09-15 16:40:05,471] Epoch: 122, Dataset: test, Dice: 0.9012, IoU: 0.8281
[2026-09-15 16:40:06,021] Epoch: 122, Dataset: val, Dice: 0.8697, IoU: 0.7993
[2026-09-15 16:40:14,630] Epoch: 123, Dataset: test, Dice: 0.9031, IoU: 0.8338
[2026-09-15 16:40:15,078] Epoch: 123, Dataset: val, Dice: 0.8769, IoU: 0.8063
[2026-09-15 16:40:15,078] ### Best Model Saved (Dice improved from 0.8726 to 0.8769) ###
[2026-09-15 16:40:23,609] Epoch: 124, Dataset: test, Dice: 0.8711, IoU: 0.7954
[2026-09-15 16:40:24,063] Epoch: 124, Dataset: val, Dice: 0.8641, IoU: 0.7907
[2026-09-15 16:40:32,749] Epoch: 125, Dataset: test, Dice: 0.9023, IoU: 0.8317
[2026-09-15 16:40:33,221] Epoch: 125, Dataset: val, Dice: 0.8681, IoU: 0.7969
[2026-09-15 16:40:41,815] Epoch: 126, Dataset: test, Dice: 0.8991, IoU: 0.8269
[2026-09-15 16:40:42,320] Epoch: 126, Dataset: val, Dice: 0.8677, IoU: 0.7966
[2026-09-15 16:40:51,109] Epoch: 127, Dataset: test, Dice: 0.9052, IoU: 0.8350
[2026-09-15 16:40:51,623] Epoch: 127, Dataset: val, Dice: 0.8676, IoU: 0.7933
[2026-09-15 16:41:00,406] Epoch: 128, Dataset: test, Dice: 0.8782, IoU: 0.8029
[2026-09-15 16:41:00,905] Epoch: 128, Dataset: val, Dice: 0.8717, IoU: 0.8011
[2026-09-15 16:41:09,539] Epoch: 129, Dataset: test, Dice: 0.9060, IoU: 0.8373
[2026-09-15 16:41:10,015] Epoch: 129, Dataset: val, Dice: 0.8641, IoU: 0.7890
[2026-09-15 16:41:18,574] Epoch: 130, Dataset: test, Dice: 0.9057, IoU: 0.8354
[2026-09-15 16:41:19,031] Epoch: 130, Dataset: val, Dice: 0.8741, IoU: 0.8039
[2026-09-15 16:41:27,812] Epoch: 131, Dataset: test, Dice: 0.8961, IoU: 0.8252
[2026-09-15 16:41:28,232] Epoch: 131, Dataset: val, Dice: 0.8753, IoU: 0.8054
[2026-09-15 16:41:36,845] Epoch: 132, Dataset: test, Dice: 0.8736, IoU: 0.7999
[2026-09-15 16:41:37,441] Epoch: 132, Dataset: val, Dice: 0.8726, IoU: 0.8016
[2026-09-15 16:41:45,516] Epoch: 133, Dataset: test, Dice: 0.8866, IoU: 0.8199
[2026-09-15 16:41:46,012] Epoch: 133, Dataset: val, Dice: 0.8618, IoU: 0.7887
[2026-09-15 16:41:54,089] Epoch: 134, Dataset: test, Dice: 0.8739, IoU: 0.8027
[2026-09-15 16:41:54,661] Epoch: 134, Dataset: val, Dice: 0.8457, IoU: 0.7688
[2026-09-15 16:42:03,207] Epoch: 135, Dataset: test, Dice: 0.8908, IoU: 0.8220
[2026-09-15 16:42:03,694] Epoch: 135, Dataset: val, Dice: 0.8628, IoU: 0.7889
[2026-09-15 16:42:12,589] Epoch: 136, Dataset: test, Dice: 0.8813, IoU: 0.8062
[2026-09-15 16:42:13,176] Epoch: 136, Dataset: val, Dice: 0.8607, IoU: 0.7844
[2026-09-15 16:42:21,897] Epoch: 137, Dataset: test, Dice: 0.8857, IoU: 0.8106
[2026-09-15 16:42:22,433] Epoch: 137, Dataset: val, Dice: 0.8674, IoU: 0.7958
[2026-09-15 16:42:30,907] Epoch: 138, Dataset: test, Dice: 0.8766, IoU: 0.8015
[2026-09-15 16:42:31,375] Epoch: 138, Dataset: val, Dice: 0.8726, IoU: 0.8014
[2026-09-15 16:42:39,994] Epoch: 139, Dataset: test, Dice: 0.8787, IoU: 0.8027
[2026-09-15 16:42:40,458] Epoch: 139, Dataset: val, Dice: 0.8684, IoU: 0.7984
[2026-09-15 16:42:49,155] Epoch: 140, Dataset: test, Dice: 0.9116, IoU: 0.8428
[2026-09-15 16:42:49,645] Epoch: 140, Dataset: val, Dice: 0.8833, IoU: 0.8159
[2026-09-15 16:42:49,646] ### Best Model Saved (Dice improved from 0.8769 to 0.8833) ###
[2026-09-15 16:42:58,222] Epoch: 141, Dataset: test, Dice: 0.8897, IoU: 0.8144
[2026-09-15 16:42:58,652] Epoch: 141, Dataset: val, Dice: 0.8731, IoU: 0.8024
[2026-09-15 16:43:06,677] Epoch: 142, Dataset: test, Dice: 0.9036, IoU: 0.8319
[2026-09-15 16:43:07,097] Epoch: 142, Dataset: val, Dice: 0.8773, IoU: 0.8086
[2026-09-15 16:43:15,038] Epoch: 143, Dataset: test, Dice: 0.8961, IoU: 0.8237
[2026-09-15 16:43:15,569] Epoch: 143, Dataset: val, Dice: 0.8811, IoU: 0.8139
[2026-09-15 16:43:24,283] Epoch: 144, Dataset: test, Dice: 0.8963, IoU: 0.8236
[2026-09-15 16:43:24,818] Epoch: 144, Dataset: val, Dice: 0.8716, IoU: 0.8012
[2026-09-15 16:43:33,439] Epoch: 145, Dataset: test, Dice: 0.8873, IoU: 0.8156
[2026-09-15 16:43:33,927] Epoch: 145, Dataset: val, Dice: 0.8741, IoU: 0.8033
[2026-09-15 16:43:42,567] Epoch: 146, Dataset: test, Dice: 0.9043, IoU: 0.8332
[2026-09-15 16:43:43,055] Epoch: 146, Dataset: val, Dice: 0.8785, IoU: 0.8087
[2026-09-15 16:43:52,088] Epoch: 147, Dataset: test, Dice: 0.9064, IoU: 0.8362
[2026-09-15 16:43:52,653] Epoch: 147, Dataset: val, Dice: 0.8716, IoU: 0.8007
[2026-09-15 16:44:01,545] Epoch: 148, Dataset: test, Dice: 0.9014, IoU: 0.8320
[2026-09-15 16:44:02,023] Epoch: 148, Dataset: val, Dice: 0.8759, IoU: 0.8058
[2026-09-15 16:44:10,201] Epoch: 149, Dataset: test, Dice: 0.8963, IoU: 0.8216
[2026-09-15 16:44:10,683] Epoch: 149, Dataset: val, Dice: 0.8750, IoU: 0.8051
[2026-09-15 16:44:19,428] Epoch: 150, Dataset: test, Dice: 0.8974, IoU: 0.8263
[2026-09-15 16:44:20,071] Epoch: 150, Dataset: val, Dice: 0.8703, IoU: 0.8009
[2026-09-15 16:44:28,749] Epoch: 151, Dataset: test, Dice: 0.8878, IoU: 0.8184
[2026-09-15 16:44:29,228] Epoch: 151, Dataset: val, Dice: 0.8753, IoU: 0.8061
[2026-09-15 16:44:37,850] Epoch: 152, Dataset: test, Dice: 0.8985, IoU: 0.8274
[2026-09-15 16:44:38,316] Epoch: 152, Dataset: val, Dice: 0.8796, IoU: 0.8108
[2026-09-15 16:44:46,789] Epoch: 153, Dataset: test, Dice: 0.8958, IoU: 0.8225
[2026-09-15 16:44:47,247] Epoch: 153, Dataset: val, Dice: 0.8746, IoU: 0.8045
[2026-09-15 16:44:55,780] Epoch: 154, Dataset: test, Dice: 0.8840, IoU: 0.8149
[2026-09-15 16:44:56,223] Epoch: 154, Dataset: val, Dice: 0.8779, IoU: 0.8088
[2026-09-15 16:45:04,964] Epoch: 155, Dataset: test, Dice: 0.8965, IoU: 0.8233
[2026-09-15 16:45:05,496] Epoch: 155, Dataset: val, Dice: 0.8796, IoU: 0.8116
[2026-09-15 16:45:14,123] Epoch: 156, Dataset: test, Dice: 0.8972, IoU: 0.8252
[2026-09-15 16:45:14,574] Epoch: 156, Dataset: val, Dice: 0.8783, IoU: 0.8111
[2026-09-15 16:45:23,131] Epoch: 157, Dataset: test, Dice: 0.8970, IoU: 0.8253
[2026-09-15 16:45:23,624] Epoch: 157, Dataset: val, Dice: 0.8796, IoU: 0.8118
[2026-09-15 16:45:31,930] Epoch: 158, Dataset: test, Dice: 0.8912, IoU: 0.8194
[2026-09-15 16:45:32,447] Epoch: 158, Dataset: val, Dice: 0.8730, IoU: 0.8029
[2026-09-15 16:45:40,409] Epoch: 159, Dataset: test, Dice: 0.9016, IoU: 0.8300
[2026-09-15 16:45:40,885] Epoch: 159, Dataset: val, Dice: 0.8789, IoU: 0.8116
[2026-09-15 16:45:49,438] Epoch: 160, Dataset: test, Dice: 0.8905, IoU: 0.8179
[2026-09-15 16:45:50,064] Epoch: 160, Dataset: val, Dice: 0.8741, IoU: 0.8046
[2026-09-15 16:45:58,326] Epoch: 161, Dataset: test, Dice: 0.8986, IoU: 0.8263
[2026-09-15 16:45:58,819] Epoch: 161, Dataset: val, Dice: 0.8753, IoU: 0.8054
[2026-09-15 16:46:07,037] Epoch: 162, Dataset: test, Dice: 0.8985, IoU: 0.8270
[2026-09-15 16:46:07,518] Epoch: 162, Dataset: val, Dice: 0.8782, IoU: 0.8102
[2026-09-15 16:46:15,617] Epoch: 163, Dataset: test, Dice: 0.8897, IoU: 0.8205
[2026-09-15 16:46:16,153] Epoch: 163, Dataset: val, Dice: 0.8756, IoU: 0.8065
[2026-09-15 16:46:24,353] Epoch: 164, Dataset: test, Dice: 0.8872, IoU: 0.8152
[2026-09-15 16:46:24,772] Epoch: 164, Dataset: val, Dice: 0.8727, IoU: 0.8021
[2026-09-15 16:46:33,352] Epoch: 165, Dataset: test, Dice: 0.9042, IoU: 0.8343
[2026-09-15 16:46:33,799] Epoch: 165, Dataset: val, Dice: 0.8778, IoU: 0.8091
[2026-09-15 16:46:42,313] Epoch: 166, Dataset: test, Dice: 0.8927, IoU: 0.8210
[2026-09-15 16:46:42,849] Epoch: 166, Dataset: val, Dice: 0.8731, IoU: 0.8034
[2026-09-15 16:46:51,185] Epoch: 167, Dataset: test, Dice: 0.9001, IoU: 0.8292
[2026-09-15 16:46:51,651] Epoch: 167, Dataset: val, Dice: 0.8766, IoU: 0.8082
[2026-09-15 16:47:00,288] Epoch: 168, Dataset: test, Dice: 0.8960, IoU: 0.8254
[2026-09-15 16:47:00,787] Epoch: 168, Dataset: val, Dice: 0.8755, IoU: 0.8057
[2026-09-15 16:47:09,387] Epoch: 169, Dataset: test, Dice: 0.9014, IoU: 0.8306
[2026-09-15 16:47:09,835] Epoch: 169, Dataset: val, Dice: 0.8773, IoU: 0.8082
[2026-09-15 16:47:17,748] Epoch: 170, Dataset: test, Dice: 0.9027, IoU: 0.8321
[2026-09-15 16:47:18,199] Epoch: 170, Dataset: val, Dice: 0.8770, IoU: 0.8089
[2026-09-15 16:47:27,010] Epoch: 171, Dataset: test, Dice: 0.9052, IoU: 0.8346
[2026-09-15 16:47:27,567] Epoch: 171, Dataset: val, Dice: 0.8767, IoU: 0.8085
[2026-09-15 16:47:36,328] Epoch: 172, Dataset: test, Dice: 0.9012, IoU: 0.8298
[2026-09-15 16:47:36,783] Epoch: 172, Dataset: val, Dice: 0.8745, IoU: 0.8056
[2026-09-15 16:47:45,330] Epoch: 173, Dataset: test, Dice: 0.8979, IoU: 0.8273
[2026-09-15 16:47:45,809] Epoch: 173, Dataset: val, Dice: 0.8740, IoU: 0.8040
[2026-09-15 16:47:54,420] Epoch: 174, Dataset: test, Dice: 0.9056, IoU: 0.8357
[2026-09-15 16:47:54,873] Epoch: 174, Dataset: val, Dice: 0.8768, IoU: 0.8080
[2026-09-15 16:48:03,669] Epoch: 175, Dataset: test, Dice: 0.8974, IoU: 0.8266
[2026-09-15 16:48:04,213] Epoch: 175, Dataset: val, Dice: 0.8731, IoU: 0.8025
[2026-09-15 16:48:12,820] Epoch: 176, Dataset: test, Dice: 0.9052, IoU: 0.8353
[2026-09-15 16:48:13,264] Epoch: 176, Dataset: val, Dice: 0.8756, IoU: 0.8066
[2026-09-15 16:48:21,764] Epoch: 177, Dataset: test, Dice: 0.9010, IoU: 0.8292
[2026-09-15 16:48:22,246] Epoch: 177, Dataset: val, Dice: 0.8778, IoU: 0.8091
[2026-09-15 16:48:30,882] Epoch: 178, Dataset: test, Dice: 0.8993, IoU: 0.8285
[2026-09-15 16:48:31,418] Epoch: 178, Dataset: val, Dice: 0.8780, IoU: 0.8092
[2026-09-15 16:48:40,251] Epoch: 179, Dataset: test, Dice: 0.9047, IoU: 0.8342
[2026-09-15 16:48:40,773] Epoch: 179, Dataset: val, Dice: 0.8773, IoU: 0.8086
[2026-09-15 16:48:48,811] Epoch: 180, Dataset: test, Dice: 0.9026, IoU: 0.8338
[2026-09-15 16:48:49,237] Epoch: 180, Dataset: val, Dice: 0.8759, IoU: 0.8066
[2026-09-15 16:48:57,834] Epoch: 181, Dataset: test, Dice: 0.9055, IoU: 0.8357
[2026-09-15 16:48:58,414] Epoch: 181, Dataset: val, Dice: 0.8784, IoU: 0.8092
[2026-09-15 16:49:07,185] Epoch: 182, Dataset: test, Dice: 0.9063, IoU: 0.8369
[2026-09-15 16:49:07,664] Epoch: 182, Dataset: val, Dice: 0.8745, IoU: 0.8047
[2026-09-15 16:49:15,781] Epoch: 183, Dataset: test, Dice: 0.9001, IoU: 0.8282
[2026-09-15 16:49:16,320] Epoch: 183, Dataset: val, Dice: 0.8727, IoU: 0.8027
[2026-09-15 16:49:24,303] Epoch: 184, Dataset: test, Dice: 0.9063, IoU: 0.8367
[2026-09-15 16:49:24,750] Epoch: 184, Dataset: val, Dice: 0.8783, IoU: 0.8098
[2026-09-15 16:49:33,338] Epoch: 185, Dataset: test, Dice: 0.9055, IoU: 0.8355
[2026-09-15 16:49:33,842] Epoch: 185, Dataset: val, Dice: 0.8774, IoU: 0.8082
[2026-09-15 16:49:42,554] Epoch: 186, Dataset: test, Dice: 0.8993, IoU: 0.8286
[2026-09-15 16:49:43,038] Epoch: 186, Dataset: val, Dice: 0.8773, IoU: 0.8078
[2026-09-15 16:49:51,680] Epoch: 187, Dataset: test, Dice: 0.9074, IoU: 0.8381
[2026-09-15 16:49:52,169] Epoch: 187, Dataset: val, Dice: 0.8791, IoU: 0.8113
[2026-09-15 16:50:00,976] Epoch: 188, Dataset: test, Dice: 0.9049, IoU: 0.8358
[2026-09-15 16:50:01,398] Epoch: 188, Dataset: val, Dice: 0.8755, IoU: 0.8057
[2026-09-15 16:50:10,068] Epoch: 189, Dataset: test, Dice: 0.9000, IoU: 0.8293
[2026-09-15 16:50:10,657] Epoch: 189, Dataset: val, Dice: 0.8746, IoU: 0.8051
[2026-09-15 16:50:19,450] Epoch: 190, Dataset: test, Dice: 0.9047, IoU: 0.8347
[2026-09-15 16:50:20,016] Epoch: 190, Dataset: val, Dice: 0.8798, IoU: 0.8118
[2026-09-15 16:50:28,731] Epoch: 191, Dataset: test, Dice: 0.9001, IoU: 0.8284
[2026-09-15 16:50:29,164] Epoch: 191, Dataset: val, Dice: 0.8752, IoU: 0.8053
[2026-09-15 16:50:37,418] Epoch: 192, Dataset: test, Dice: 0.9038, IoU: 0.8342
[2026-09-15 16:50:37,785] Epoch: 192, Dataset: val, Dice: 0.8794, IoU: 0.8113
[2026-09-15 16:50:45,756] Epoch: 193, Dataset: test, Dice: 0.8996, IoU: 0.8279
[2026-09-15 16:50:46,213] Epoch: 193, Dataset: val, Dice: 0.8801, IoU: 0.8118
[2026-09-15 16:50:54,703] Epoch: 194, Dataset: test, Dice: 0.9035, IoU: 0.8329
[2026-09-15 16:50:55,131] Epoch: 194, Dataset: val, Dice: 0.8768, IoU: 0.8075
[2026-09-15 16:51:03,037] Epoch: 195, Dataset: test, Dice: 0.8982, IoU: 0.8277
[2026-09-15 16:51:03,512] Epoch: 195, Dataset: val, Dice: 0.8716, IoU: 0.8004
[2026-09-15 16:51:11,362] Epoch: 196, Dataset: test, Dice: 0.9113, IoU: 0.8438
[2026-09-15 16:51:11,915] Epoch: 196, Dataset: val, Dice: 0.8783, IoU: 0.8096
[2026-09-15 16:51:20,558] Epoch: 197, Dataset: test, Dice: 0.8924, IoU: 0.8189
[2026-09-15 16:51:21,021] Epoch: 197, Dataset: val, Dice: 0.8789, IoU: 0.8104
[2026-09-15 16:51:29,439] Epoch: 198, Dataset: test, Dice: 0.8958, IoU: 0.8253
[2026-09-15 16:51:30,027] Epoch: 198, Dataset: val, Dice: 0.8767, IoU: 0.8067
[2026-09-15 16:51:38,007] Epoch: 199, Dataset: test, Dice: 0.9064, IoU: 0.8372
[2026-09-15 16:51:38,492] Epoch: 199, Dataset: val, Dice: 0.8773, IoU: 0.8080
[2026-09-15 16:51:47,124] Epoch: 200, Dataset: test, Dice: 0.9077, IoU: 0.8384
[2026-09-15 16:51:47,631] Epoch: 200, Dataset: val, Dice: 0.8783, IoU: 0.8096
[2026-09-15 16:51:47,632] 
========================================
FINAL RESULTS: ColonDB_MK_UNet_bs8_lr0.0005_e200_augTrue_run5_t162143
Best Val Dice: 0.8833
Test Dice at Best Val: 0.9116
Total Train Time: 1601.76s
========================================
