[2026-09-18 13:57:47,039] flops: 0.619251354, params: 0.315566, Total params: : 0.3156
[2026-09-18 13:58:29,143] Epoch: 1, Dataset: test, Dice: 0.7447, IoU: 0.6133
[2026-09-18 13:58:31,964] Epoch: 1, Dataset: val, Dice: 0.7585, IoU: 0.6252
[2026-09-18 13:58:31,964] ### Best Model Saved (Dice improved from 0.0000 to 0.7585) ###
[2026-09-18 13:59:14,872] Epoch: 2, Dataset: test, Dice: 0.7660, IoU: 0.6443
[2026-09-18 13:59:18,009] Epoch: 2, Dataset: val, Dice: 0.7762, IoU: 0.6519
[2026-09-18 13:59:18,009] ### Best Model Saved (Dice improved from 0.7585 to 0.7762) ###
[2026-09-18 14:00:01,165] Epoch: 3, Dataset: test, Dice: 0.8084, IoU: 0.6909
[2026-09-18 14:00:04,731] Epoch: 3, Dataset: val, Dice: 0.8094, IoU: 0.6912
[2026-09-18 14:00:04,731] ### Best Model Saved (Dice improved from 0.7762 to 0.8094) ###
[2026-09-18 14:00:47,263] Epoch: 4, Dataset: test, Dice: 0.7890, IoU: 0.6649
[2026-09-18 14:00:50,818] Epoch: 4, Dataset: val, Dice: 0.7907, IoU: 0.6667
[2026-09-18 14:01:32,513] Epoch: 5, Dataset: test, Dice: 0.7955, IoU: 0.6754
[2026-09-18 14:01:35,633] Epoch: 5, Dataset: val, Dice: 0.8001, IoU: 0.6798
[2026-09-18 14:02:18,887] Epoch: 6, Dataset: test, Dice: 0.8029, IoU: 0.6868
[2026-09-18 14:02:22,412] Epoch: 6, Dataset: val, Dice: 0.8069, IoU: 0.6906
[2026-09-18 14:03:04,970] Epoch: 7, Dataset: test, Dice: 0.7731, IoU: 0.6492
[2026-09-18 14:03:08,467] Epoch: 7, Dataset: val, Dice: 0.7813, IoU: 0.6573
[2026-09-18 14:03:49,925] Epoch: 8, Dataset: test, Dice: 0.7503, IoU: 0.6252
[2026-09-18 14:03:53,455] Epoch: 8, Dataset: val, Dice: 0.7582, IoU: 0.6321
[2026-09-18 14:04:36,434] Epoch: 9, Dataset: test, Dice: 0.8093, IoU: 0.6937
[2026-09-18 14:04:39,995] Epoch: 9, Dataset: val, Dice: 0.8127, IoU: 0.6965
[2026-09-18 14:04:39,995] ### Best Model Saved (Dice improved from 0.8094 to 0.8127) ###
[2026-09-18 14:05:21,907] Epoch: 10, Dataset: test, Dice: 0.8111, IoU: 0.6953
[2026-09-18 14:05:25,419] Epoch: 10, Dataset: val, Dice: 0.8119, IoU: 0.6956
[2026-09-18 14:06:08,371] Epoch: 11, Dataset: test, Dice: 0.7696, IoU: 0.6459
[2026-09-18 14:06:11,864] Epoch: 11, Dataset: val, Dice: 0.7820, IoU: 0.6578
[2026-09-18 14:06:53,614] Epoch: 12, Dataset: test, Dice: 0.7740, IoU: 0.6485
[2026-09-18 14:06:56,750] Epoch: 12, Dataset: val, Dice: 0.7691, IoU: 0.6447
[2026-09-18 14:07:39,521] Epoch: 13, Dataset: test, Dice: 0.7774, IoU: 0.6480
[2026-09-18 14:07:42,742] Epoch: 13, Dataset: val, Dice: 0.7728, IoU: 0.6433
[2026-09-18 14:08:26,338] Epoch: 14, Dataset: test, Dice: 0.7998, IoU: 0.6790
[2026-09-18 14:08:29,738] Epoch: 14, Dataset: val, Dice: 0.7976, IoU: 0.6763
[2026-09-18 14:09:13,186] Epoch: 15, Dataset: test, Dice: 0.8123, IoU: 0.6964
[2026-09-18 14:09:16,709] Epoch: 15, Dataset: val, Dice: 0.8145, IoU: 0.6977
[2026-09-18 14:09:16,709] ### Best Model Saved (Dice improved from 0.8127 to 0.8145) ###
[2026-09-18 14:09:59,913] Epoch: 16, Dataset: test, Dice: 0.7866, IoU: 0.6622
[2026-09-18 14:10:03,410] Epoch: 16, Dataset: val, Dice: 0.7916, IoU: 0.6670
[2026-09-18 14:10:46,981] Epoch: 17, Dataset: test, Dice: 0.8022, IoU: 0.6832
[2026-09-18 14:10:49,931] Epoch: 17, Dataset: val, Dice: 0.8055, IoU: 0.6856
[2026-09-18 14:11:32,887] Epoch: 18, Dataset: test, Dice: 0.7869, IoU: 0.6624
[2026-09-18 14:11:35,718] Epoch: 18, Dataset: val, Dice: 0.7845, IoU: 0.6594
[2026-09-18 14:12:17,484] Epoch: 19, Dataset: test, Dice: 0.7922, IoU: 0.6704
[2026-09-18 14:12:20,699] Epoch: 19, Dataset: val, Dice: 0.7933, IoU: 0.6708
[2026-09-18 14:13:04,207] Epoch: 20, Dataset: test, Dice: 0.8043, IoU: 0.6849
[2026-09-18 14:13:07,649] Epoch: 20, Dataset: val, Dice: 0.7982, IoU: 0.6787
[2026-09-18 14:13:50,590] Epoch: 21, Dataset: test, Dice: 0.7943, IoU: 0.6709
[2026-09-18 14:13:54,168] Epoch: 21, Dataset: val, Dice: 0.7883, IoU: 0.6655
[2026-09-18 14:14:36,984] Epoch: 22, Dataset: test, Dice: 0.7725, IoU: 0.6430
[2026-09-18 14:14:40,240] Epoch: 22, Dataset: val, Dice: 0.7664, IoU: 0.6371
[2026-09-18 14:15:24,052] Epoch: 23, Dataset: test, Dice: 0.7816, IoU: 0.6571
[2026-09-18 14:15:27,345] Epoch: 23, Dataset: val, Dice: 0.7844, IoU: 0.6578
[2026-09-18 14:16:10,048] Epoch: 24, Dataset: test, Dice: 0.7757, IoU: 0.6479
[2026-09-18 14:16:13,603] Epoch: 24, Dataset: val, Dice: 0.7755, IoU: 0.6473
[2026-09-18 14:16:57,137] Epoch: 25, Dataset: test, Dice: 0.7688, IoU: 0.6427
[2026-09-18 14:17:00,428] Epoch: 25, Dataset: val, Dice: 0.7623, IoU: 0.6381
[2026-09-18 14:17:42,995] Epoch: 26, Dataset: test, Dice: 0.7759, IoU: 0.6487
[2026-09-18 14:17:46,112] Epoch: 26, Dataset: val, Dice: 0.7755, IoU: 0.6476
[2026-09-18 14:18:26,426] Epoch: 27, Dataset: test, Dice: 0.7818, IoU: 0.6620
[2026-09-18 14:18:29,966] Epoch: 27, Dataset: val, Dice: 0.7785, IoU: 0.6583
[2026-09-18 14:19:11,865] Epoch: 28, Dataset: test, Dice: 0.7918, IoU: 0.6679
[2026-09-18 14:19:15,164] Epoch: 28, Dataset: val, Dice: 0.7900, IoU: 0.6654
[2026-09-18 14:19:58,459] Epoch: 29, Dataset: test, Dice: 0.7767, IoU: 0.6493
[2026-09-18 14:20:01,258] Epoch: 29, Dataset: val, Dice: 0.7743, IoU: 0.6466
[2026-09-18 14:20:44,636] Epoch: 30, Dataset: test, Dice: 0.7979, IoU: 0.6765
[2026-09-18 14:20:48,205] Epoch: 30, Dataset: val, Dice: 0.7977, IoU: 0.6755
[2026-09-18 14:21:29,890] Epoch: 31, Dataset: test, Dice: 0.7762, IoU: 0.6482
[2026-09-18 14:21:32,682] Epoch: 31, Dataset: val, Dice: 0.7776, IoU: 0.6490
[2026-09-18 14:22:15,337] Epoch: 32, Dataset: test, Dice: 0.7856, IoU: 0.6632
[2026-09-18 14:22:18,848] Epoch: 32, Dataset: val, Dice: 0.7852, IoU: 0.6620
[2026-09-18 14:22:59,628] Epoch: 33, Dataset: test, Dice: 0.7944, IoU: 0.6712
[2026-09-18 14:23:02,592] Epoch: 33, Dataset: val, Dice: 0.7914, IoU: 0.6669
[2026-09-18 14:23:45,644] Epoch: 34, Dataset: test, Dice: 0.7804, IoU: 0.6540
[2026-09-18 14:23:49,162] Epoch: 34, Dataset: val, Dice: 0.7804, IoU: 0.6531
[2026-09-18 14:24:31,492] Epoch: 35, Dataset: test, Dice: 0.7955, IoU: 0.6722
[2026-09-18 14:24:34,507] Epoch: 35, Dataset: val, Dice: 0.7908, IoU: 0.6673
[2026-09-18 14:25:17,379] Epoch: 36, Dataset: test, Dice: 0.7871, IoU: 0.6609
[2026-09-18 14:25:20,910] Epoch: 36, Dataset: val, Dice: 0.7873, IoU: 0.6607
[2026-09-18 14:26:03,768] Epoch: 37, Dataset: test, Dice: 0.7846, IoU: 0.6586
[2026-09-18 14:26:06,810] Epoch: 37, Dataset: val, Dice: 0.7822, IoU: 0.6557
[2026-09-18 14:26:49,605] Epoch: 38, Dataset: test, Dice: 0.7913, IoU: 0.6668
[2026-09-18 14:26:53,046] Epoch: 38, Dataset: val, Dice: 0.7907, IoU: 0.6655
[2026-09-18 14:27:34,783] Epoch: 39, Dataset: test, Dice: 0.7987, IoU: 0.6763
[2026-09-18 14:27:38,300] Epoch: 39, Dataset: val, Dice: 0.7921, IoU: 0.6690
[2026-09-18 14:28:19,968] Epoch: 40, Dataset: test, Dice: 0.7621, IoU: 0.6392
[2026-09-18 14:28:23,204] Epoch: 40, Dataset: val, Dice: 0.7634, IoU: 0.6383
[2026-09-18 14:29:06,103] Epoch: 41, Dataset: test, Dice: 0.7886, IoU: 0.6646
[2026-09-18 14:29:09,640] Epoch: 41, Dataset: val, Dice: 0.7843, IoU: 0.6590
[2026-09-18 14:29:51,607] Epoch: 42, Dataset: test, Dice: 0.7755, IoU: 0.6470
[2026-09-18 14:29:55,141] Epoch: 42, Dataset: val, Dice: 0.7720, IoU: 0.6431
[2026-09-18 14:30:36,898] Epoch: 43, Dataset: test, Dice: 0.7869, IoU: 0.6612
[2026-09-18 14:30:40,427] Epoch: 43, Dataset: val, Dice: 0.7815, IoU: 0.6548
[2026-09-18 14:31:22,803] Epoch: 44, Dataset: test, Dice: 0.7507, IoU: 0.6183
[2026-09-18 14:31:26,321] Epoch: 44, Dataset: val, Dice: 0.7429, IoU: 0.6113
[2026-09-18 14:32:09,691] Epoch: 45, Dataset: test, Dice: 0.7932, IoU: 0.6697
[2026-09-18 14:32:13,234] Epoch: 45, Dataset: val, Dice: 0.7908, IoU: 0.6663
[2026-09-18 14:32:55,733] Epoch: 46, Dataset: test, Dice: 0.7837, IoU: 0.6578
[2026-09-18 14:32:59,026] Epoch: 46, Dataset: val, Dice: 0.7778, IoU: 0.6511
[2026-09-18 14:33:41,836] Epoch: 47, Dataset: test, Dice: 0.7761, IoU: 0.6484
[2026-09-18 14:33:45,061] Epoch: 47, Dataset: val, Dice: 0.7728, IoU: 0.6437
[2026-09-18 14:34:28,307] Epoch: 48, Dataset: test, Dice: 0.7946, IoU: 0.6698
[2026-09-18 14:34:31,332] Epoch: 48, Dataset: val, Dice: 0.7923, IoU: 0.6667
[2026-09-18 14:35:13,668] Epoch: 49, Dataset: test, Dice: 0.8005, IoU: 0.6796
[2026-09-18 14:35:16,757] Epoch: 49, Dataset: val, Dice: 0.7958, IoU: 0.6739
[2026-09-18 14:35:59,562] Epoch: 50, Dataset: test, Dice: 0.7869, IoU: 0.6604
[2026-09-18 14:36:02,842] Epoch: 50, Dataset: val, Dice: 0.7838, IoU: 0.6562
[2026-09-18 14:36:43,843] Epoch: 51, Dataset: test, Dice: 0.7850, IoU: 0.6585
[2026-09-18 14:36:47,141] Epoch: 51, Dataset: val, Dice: 0.7801, IoU: 0.6528
[2026-09-18 14:37:31,187] Epoch: 52, Dataset: test, Dice: 0.7855, IoU: 0.6606
[2026-09-18 14:37:34,550] Epoch: 52, Dataset: val, Dice: 0.7814, IoU: 0.6543
[2026-09-18 14:38:18,412] Epoch: 53, Dataset: test, Dice: 0.7788, IoU: 0.6513
[2026-09-18 14:38:21,679] Epoch: 53, Dataset: val, Dice: 0.7723, IoU: 0.6440
[2026-09-18 14:39:01,957] Epoch: 54, Dataset: test, Dice: 0.7951, IoU: 0.6719
[2026-09-18 14:39:05,461] Epoch: 54, Dataset: val, Dice: 0.7912, IoU: 0.6672
[2026-09-18 14:39:48,705] Epoch: 55, Dataset: test, Dice: 0.7474, IoU: 0.6311
[2026-09-18 14:39:51,948] Epoch: 55, Dataset: val, Dice: 0.7532, IoU: 0.6336
[2026-09-18 14:40:35,908] Epoch: 56, Dataset: test, Dice: 0.7909, IoU: 0.6660
[2026-09-18 14:40:39,496] Epoch: 56, Dataset: val, Dice: 0.7870, IoU: 0.6613
[2026-09-18 14:41:23,922] Epoch: 57, Dataset: test, Dice: 0.7830, IoU: 0.6556
[2026-09-18 14:41:27,396] Epoch: 57, Dataset: val, Dice: 0.7769, IoU: 0.6483
[2026-09-18 14:42:10,940] Epoch: 58, Dataset: test, Dice: 0.7889, IoU: 0.6631
[2026-09-18 14:42:14,515] Epoch: 58, Dataset: val, Dice: 0.7816, IoU: 0.6544
[2026-09-18 14:42:58,759] Epoch: 59, Dataset: test, Dice: 0.7920, IoU: 0.6680
[2026-09-18 14:43:01,951] Epoch: 59, Dataset: val, Dice: 0.7862, IoU: 0.6613
[2026-09-18 14:43:44,591] Epoch: 60, Dataset: test, Dice: 0.7770, IoU: 0.6480
[2026-09-18 14:43:48,133] Epoch: 60, Dataset: val, Dice: 0.7741, IoU: 0.6446
[2026-09-18 14:44:32,163] Epoch: 61, Dataset: test, Dice: 0.7781, IoU: 0.6529
[2026-09-18 14:44:35,607] Epoch: 61, Dataset: val, Dice: 0.7699, IoU: 0.6443
[2026-09-18 14:45:19,218] Epoch: 62, Dataset: test, Dice: 0.7890, IoU: 0.6650
[2026-09-18 14:45:22,472] Epoch: 62, Dataset: val, Dice: 0.7861, IoU: 0.6608
[2026-09-18 14:46:05,360] Epoch: 63, Dataset: test, Dice: 0.7860, IoU: 0.6616
[2026-09-18 14:46:08,948] Epoch: 63, Dataset: val, Dice: 0.7836, IoU: 0.6578
[2026-09-18 14:46:51,151] Epoch: 64, Dataset: test, Dice: 0.7819, IoU: 0.6549
[2026-09-18 14:46:54,342] Epoch: 64, Dataset: val, Dice: 0.7755, IoU: 0.6481
[2026-09-18 14:47:33,796] Epoch: 65, Dataset: test, Dice: 0.8036, IoU: 0.6820
[2026-09-18 14:47:37,295] Epoch: 65, Dataset: val, Dice: 0.7977, IoU: 0.6760
[2026-09-18 14:48:20,488] Epoch: 66, Dataset: test, Dice: 0.7906, IoU: 0.6646
[2026-09-18 14:48:23,615] Epoch: 66, Dataset: val, Dice: 0.7831, IoU: 0.6570
[2026-09-18 14:49:06,928] Epoch: 67, Dataset: test, Dice: 0.8015, IoU: 0.6805
[2026-09-18 14:49:09,864] Epoch: 67, Dataset: val, Dice: 0.7969, IoU: 0.6747
[2026-09-18 14:49:52,610] Epoch: 68, Dataset: test, Dice: 0.7880, IoU: 0.6616
[2026-09-18 14:49:56,166] Epoch: 68, Dataset: val, Dice: 0.7809, IoU: 0.6535
[2026-09-18 14:50:39,565] Epoch: 69, Dataset: test, Dice: 0.7961, IoU: 0.6730
[2026-09-18 14:50:43,117] Epoch: 69, Dataset: val, Dice: 0.7916, IoU: 0.6675
[2026-09-18 14:51:26,117] Epoch: 70, Dataset: test, Dice: 0.7940, IoU: 0.6707
[2026-09-18 14:51:29,279] Epoch: 70, Dataset: val, Dice: 0.7890, IoU: 0.6643
[2026-09-18 14:52:07,803] Epoch: 71, Dataset: test, Dice: 0.7928, IoU: 0.6693
[2026-09-18 14:52:11,306] Epoch: 71, Dataset: val, Dice: 0.7863, IoU: 0.6613
[2026-09-18 14:52:54,700] Epoch: 72, Dataset: test, Dice: 0.7885, IoU: 0.6638
[2026-09-18 14:52:58,256] Epoch: 72, Dataset: val, Dice: 0.7846, IoU: 0.6585
[2026-09-18 14:53:41,843] Epoch: 73, Dataset: test, Dice: 0.7940, IoU: 0.6722
[2026-09-18 14:53:45,131] Epoch: 73, Dataset: val, Dice: 0.7916, IoU: 0.6681
[2026-09-18 14:54:26,925] Epoch: 74, Dataset: test, Dice: 0.7981, IoU: 0.6758
[2026-09-18 14:54:30,431] Epoch: 74, Dataset: val, Dice: 0.7906, IoU: 0.6672
[2026-09-18 14:55:13,775] Epoch: 75, Dataset: test, Dice: 0.7825, IoU: 0.6560
[2026-09-18 14:55:17,315] Epoch: 75, Dataset: val, Dice: 0.7759, IoU: 0.6489
[2026-09-18 14:56:00,063] Epoch: 76, Dataset: test, Dice: 0.7866, IoU: 0.6609
[2026-09-18 14:56:03,708] Epoch: 76, Dataset: val, Dice: 0.7806, IoU: 0.6532
[2026-09-18 14:56:46,739] Epoch: 77, Dataset: test, Dice: 0.7933, IoU: 0.6686
[2026-09-18 14:56:49,818] Epoch: 77, Dataset: val, Dice: 0.7876, IoU: 0.6615
[2026-09-18 14:57:28,587] Epoch: 78, Dataset: test, Dice: 0.8084, IoU: 0.6889
[2026-09-18 14:57:31,984] Epoch: 78, Dataset: val, Dice: 0.8009, IoU: 0.6792
[2026-09-18 14:58:13,779] Epoch: 79, Dataset: test, Dice: 0.7869, IoU: 0.6607
[2026-09-18 14:58:16,918] Epoch: 79, Dataset: val, Dice: 0.7803, IoU: 0.6528
[2026-09-18 14:59:00,067] Epoch: 80, Dataset: test, Dice: 0.8113, IoU: 0.6931
[2026-09-18 14:59:02,881] Epoch: 80, Dataset: val, Dice: 0.8021, IoU: 0.6829
[2026-09-18 14:59:45,294] Epoch: 81, Dataset: test, Dice: 0.8104, IoU: 0.6918
[2026-09-18 14:59:48,802] Epoch: 81, Dataset: val, Dice: 0.8040, IoU: 0.6837
[2026-09-18 15:00:31,564] Epoch: 82, Dataset: test, Dice: 0.7881, IoU: 0.6629
[2026-09-18 15:00:34,787] Epoch: 82, Dataset: val, Dice: 0.7830, IoU: 0.6560
[2026-09-18 15:01:18,256] Epoch: 83, Dataset: test, Dice: 0.8083, IoU: 0.6892
[2026-09-18 15:01:21,533] Epoch: 83, Dataset: val, Dice: 0.8030, IoU: 0.6822
[2026-09-18 15:02:03,975] Epoch: 84, Dataset: test, Dice: 0.7907, IoU: 0.6660
[2026-09-18 15:02:07,161] Epoch: 84, Dataset: val, Dice: 0.7855, IoU: 0.6596
[2026-09-18 15:02:50,382] Epoch: 85, Dataset: test, Dice: 0.7999, IoU: 0.6779
[2026-09-18 15:02:53,942] Epoch: 85, Dataset: val, Dice: 0.7928, IoU: 0.6690
[2026-09-18 15:03:36,417] Epoch: 86, Dataset: test, Dice: 0.8086, IoU: 0.6887
[2026-09-18 15:03:39,621] Epoch: 86, Dataset: val, Dice: 0.8024, IoU: 0.6814
[2026-09-18 15:04:22,363] Epoch: 87, Dataset: test, Dice: 0.7833, IoU: 0.6573
[2026-09-18 15:04:25,970] Epoch: 87, Dataset: val, Dice: 0.7761, IoU: 0.6488
[2026-09-18 15:05:09,980] Epoch: 88, Dataset: test, Dice: 0.8008, IoU: 0.6788
[2026-09-18 15:05:13,015] Epoch: 88, Dataset: val, Dice: 0.7928, IoU: 0.6697
[2026-09-18 15:05:55,936] Epoch: 89, Dataset: test, Dice: 0.7945, IoU: 0.6705
[2026-09-18 15:05:59,293] Epoch: 89, Dataset: val, Dice: 0.7875, IoU: 0.6625
[2026-09-18 15:06:42,293] Epoch: 90, Dataset: test, Dice: 0.7945, IoU: 0.6763
[2026-09-18 15:06:45,816] Epoch: 90, Dataset: val, Dice: 0.7937, IoU: 0.6726
[2026-09-18 15:07:29,511] Epoch: 91, Dataset: test, Dice: 0.7994, IoU: 0.6771
[2026-09-18 15:07:33,029] Epoch: 91, Dataset: val, Dice: 0.7912, IoU: 0.6671
[2026-09-18 15:08:12,398] Epoch: 92, Dataset: test, Dice: 0.7952, IoU: 0.6710
[2026-09-18 15:08:15,581] Epoch: 92, Dataset: val, Dice: 0.7856, IoU: 0.6601
[2026-09-18 15:08:58,391] Epoch: 93, Dataset: test, Dice: 0.7832, IoU: 0.6559
[2026-09-18 15:09:01,924] Epoch: 93, Dataset: val, Dice: 0.7779, IoU: 0.6493
[2026-09-18 15:09:45,383] Epoch: 94, Dataset: test, Dice: 0.7889, IoU: 0.6630
[2026-09-18 15:09:48,655] Epoch: 94, Dataset: val, Dice: 0.7795, IoU: 0.6520
[2026-09-18 15:10:28,976] Epoch: 95, Dataset: test, Dice: 0.7742, IoU: 0.6454
[2026-09-18 15:10:32,541] Epoch: 95, Dataset: val, Dice: 0.7704, IoU: 0.6404
[2026-09-18 15:11:15,672] Epoch: 96, Dataset: test, Dice: 0.7943, IoU: 0.6707
[2026-09-18 15:11:18,872] Epoch: 96, Dataset: val, Dice: 0.7917, IoU: 0.6666
[2026-09-18 15:12:01,392] Epoch: 97, Dataset: test, Dice: 0.7899, IoU: 0.6642
[2026-09-18 15:12:04,969] Epoch: 97, Dataset: val, Dice: 0.7839, IoU: 0.6568
[2026-09-18 15:12:48,044] Epoch: 98, Dataset: test, Dice: 0.7851, IoU: 0.6596
[2026-09-18 15:12:51,552] Epoch: 98, Dataset: val, Dice: 0.7779, IoU: 0.6513
[2026-09-18 15:13:34,283] Epoch: 99, Dataset: test, Dice: 0.7821, IoU: 0.6548
[2026-09-18 15:13:37,763] Epoch: 99, Dataset: val, Dice: 0.7743, IoU: 0.6453
[2026-09-18 15:14:21,508] Epoch: 100, Dataset: test, Dice: 0.7805, IoU: 0.6521
[2026-09-18 15:14:24,919] Epoch: 100, Dataset: val, Dice: 0.7755, IoU: 0.6454
[2026-09-18 15:15:05,715] Epoch: 101, Dataset: test, Dice: 0.7962, IoU: 0.6727
[2026-09-18 15:15:08,820] Epoch: 101, Dataset: val, Dice: 0.7893, IoU: 0.6640
[2026-09-18 15:15:52,136] Epoch: 102, Dataset: test, Dice: 0.7913, IoU: 0.6661
[2026-09-18 15:15:55,627] Epoch: 102, Dataset: val, Dice: 0.7831, IoU: 0.6573
[2026-09-18 15:16:38,859] Epoch: 103, Dataset: test, Dice: 0.7912, IoU: 0.6665
[2026-09-18 15:16:42,126] Epoch: 103, Dataset: val, Dice: 0.7852, IoU: 0.6588
[2026-09-18 15:17:25,428] Epoch: 104, Dataset: test, Dice: 0.7908, IoU: 0.6656
[2026-09-18 15:17:28,838] Epoch: 104, Dataset: val, Dice: 0.7850, IoU: 0.6581
[2026-09-18 15:18:12,476] Epoch: 105, Dataset: test, Dice: 0.7883, IoU: 0.6628
[2026-09-18 15:18:15,554] Epoch: 105, Dataset: val, Dice: 0.7798, IoU: 0.6528
[2026-09-18 15:18:59,456] Epoch: 106, Dataset: test, Dice: 0.7926, IoU: 0.6689
[2026-09-18 15:19:02,980] Epoch: 106, Dataset: val, Dice: 0.7881, IoU: 0.6628
[2026-09-18 15:19:44,617] Epoch: 107, Dataset: test, Dice: 0.7948, IoU: 0.6706
[2026-09-18 15:19:47,752] Epoch: 107, Dataset: val, Dice: 0.7891, IoU: 0.6635
[2026-09-18 15:20:31,000] Epoch: 108, Dataset: test, Dice: 0.8009, IoU: 0.6792
[2026-09-18 15:20:33,641] Epoch: 108, Dataset: val, Dice: 0.7955, IoU: 0.6724
[2026-09-18 15:21:16,887] Epoch: 109, Dataset: test, Dice: 0.7924, IoU: 0.6671
[2026-09-18 15:21:19,844] Epoch: 109, Dataset: val, Dice: 0.7855, IoU: 0.6584
[2026-09-18 15:22:01,453] Epoch: 110, Dataset: test, Dice: 0.7970, IoU: 0.6742
[2026-09-18 15:22:04,998] Epoch: 110, Dataset: val, Dice: 0.7911, IoU: 0.6675
[2026-09-18 15:22:48,223] Epoch: 111, Dataset: test, Dice: 0.7889, IoU: 0.6634
[2026-09-18 15:22:51,794] Epoch: 111, Dataset: val, Dice: 0.7822, IoU: 0.6554
[2026-09-18 15:23:35,921] Epoch: 112, Dataset: test, Dice: 0.8027, IoU: 0.6815
[2026-09-18 15:23:39,474] Epoch: 112, Dataset: val, Dice: 0.7955, IoU: 0.6723
[2026-09-18 15:24:23,569] Epoch: 113, Dataset: test, Dice: 0.7971, IoU: 0.6742
[2026-09-18 15:24:26,731] Epoch: 113, Dataset: val, Dice: 0.7900, IoU: 0.6658
[2026-09-18 15:25:08,346] Epoch: 114, Dataset: test, Dice: 0.7947, IoU: 0.6720
[2026-09-18 15:25:11,914] Epoch: 114, Dataset: val, Dice: 0.7889, IoU: 0.6645
[2026-09-18 15:25:52,450] Epoch: 115, Dataset: test, Dice: 0.7806, IoU: 0.6539
[2026-09-18 15:25:55,964] Epoch: 115, Dataset: val, Dice: 0.7727, IoU: 0.6451
[2026-09-18 15:26:39,125] Epoch: 116, Dataset: test, Dice: 0.7895, IoU: 0.6643
[2026-09-18 15:26:42,646] Epoch: 116, Dataset: val, Dice: 0.7797, IoU: 0.6539
[2026-09-18 15:27:26,264] Epoch: 117, Dataset: test, Dice: 0.7907, IoU: 0.6663
[2026-09-18 15:27:29,449] Epoch: 117, Dataset: val, Dice: 0.7853, IoU: 0.6591
[2026-09-18 15:28:12,519] Epoch: 118, Dataset: test, Dice: 0.7951, IoU: 0.6713
[2026-09-18 15:28:15,748] Epoch: 118, Dataset: val, Dice: 0.7895, IoU: 0.6640
[2026-09-18 15:28:58,136] Epoch: 119, Dataset: test, Dice: 0.7998, IoU: 0.6774
[2026-09-18 15:29:01,675] Epoch: 119, Dataset: val, Dice: 0.7942, IoU: 0.6701
[2026-09-18 15:29:44,340] Epoch: 120, Dataset: test, Dice: 0.7940, IoU: 0.6699
[2026-09-18 15:29:47,875] Epoch: 120, Dataset: val, Dice: 0.7877, IoU: 0.6618
[2026-09-18 15:30:29,331] Epoch: 121, Dataset: test, Dice: 0.7895, IoU: 0.6638
[2026-09-18 15:30:32,747] Epoch: 121, Dataset: val, Dice: 0.7827, IoU: 0.6553
[2026-09-18 15:31:16,423] Epoch: 122, Dataset: test, Dice: 0.7873, IoU: 0.6614
[2026-09-18 15:31:19,946] Epoch: 122, Dataset: val, Dice: 0.7804, IoU: 0.6526
[2026-09-18 15:32:03,131] Epoch: 123, Dataset: test, Dice: 0.7968, IoU: 0.6734
[2026-09-18 15:32:06,654] Epoch: 123, Dataset: val, Dice: 0.7897, IoU: 0.6644
[2026-09-18 15:32:50,087] Epoch: 124, Dataset: test, Dice: 0.7882, IoU: 0.6628
[2026-09-18 15:32:53,348] Epoch: 124, Dataset: val, Dice: 0.7800, IoU: 0.6526
[2026-09-18 15:33:34,733] Epoch: 125, Dataset: test, Dice: 0.7910, IoU: 0.6674
[2026-09-18 15:33:37,776] Epoch: 125, Dataset: val, Dice: 0.7844, IoU: 0.6590
[2026-09-18 15:34:21,076] Epoch: 126, Dataset: test, Dice: 0.7998, IoU: 0.6775
[2026-09-18 15:34:24,420] Epoch: 126, Dataset: val, Dice: 0.7946, IoU: 0.6709
[2026-09-18 15:35:07,431] Epoch: 127, Dataset: test, Dice: 0.7932, IoU: 0.6704
[2026-09-18 15:35:10,589] Epoch: 127, Dataset: val, Dice: 0.7892, IoU: 0.6644
[2026-09-18 15:35:53,153] Epoch: 128, Dataset: test, Dice: 0.7870, IoU: 0.6637
[2026-09-18 15:35:56,435] Epoch: 128, Dataset: val, Dice: 0.7811, IoU: 0.6559
[2026-09-18 15:36:38,164] Epoch: 129, Dataset: test, Dice: 0.7957, IoU: 0.6734
[2026-09-18 15:36:41,724] Epoch: 129, Dataset: val, Dice: 0.7920, IoU: 0.6678
[2026-09-18 15:37:24,349] Epoch: 130, Dataset: test, Dice: 0.7798, IoU: 0.6549
[2026-09-18 15:37:27,608] Epoch: 130, Dataset: val, Dice: 0.7779, IoU: 0.6512
[2026-09-18 15:38:09,790] Epoch: 131, Dataset: test, Dice: 0.7941, IoU: 0.6707
[2026-09-18 15:38:12,957] Epoch: 131, Dataset: val, Dice: 0.7894, IoU: 0.6643
[2026-09-18 15:38:55,902] Epoch: 132, Dataset: test, Dice: 0.7982, IoU: 0.6756
[2026-09-18 15:38:58,809] Epoch: 132, Dataset: val, Dice: 0.7931, IoU: 0.6687
[2026-09-18 15:39:42,526] Epoch: 133, Dataset: test, Dice: 0.7898, IoU: 0.6647
[2026-09-18 15:39:46,061] Epoch: 133, Dataset: val, Dice: 0.7839, IoU: 0.6573
[2026-09-18 15:40:27,813] Epoch: 134, Dataset: test, Dice: 0.7834, IoU: 0.6565
[2026-09-18 15:40:31,314] Epoch: 134, Dataset: val, Dice: 0.7758, IoU: 0.6486
[2026-09-18 15:41:12,308] Epoch: 135, Dataset: test, Dice: 0.7916, IoU: 0.6670
[2026-09-18 15:41:15,836] Epoch: 135, Dataset: val, Dice: 0.7824, IoU: 0.6565
[2026-09-18 15:41:59,560] Epoch: 136, Dataset: test, Dice: 0.7821, IoU: 0.6548
[2026-09-18 15:42:02,811] Epoch: 136, Dataset: val, Dice: 0.7735, IoU: 0.6452
[2026-09-18 15:42:46,040] Epoch: 137, Dataset: test, Dice: 0.7976, IoU: 0.6745
[2026-09-18 15:42:49,476] Epoch: 137, Dataset: val, Dice: 0.7884, IoU: 0.6642
[2026-09-18 15:43:31,331] Epoch: 138, Dataset: test, Dice: 0.7840, IoU: 0.6580
[2026-09-18 15:43:34,416] Epoch: 138, Dataset: val, Dice: 0.7773, IoU: 0.6498
[2026-09-18 15:44:16,163] Epoch: 139, Dataset: test, Dice: 0.8012, IoU: 0.6793
[2026-09-18 15:44:19,135] Epoch: 139, Dataset: val, Dice: 0.7942, IoU: 0.6705
[2026-09-18 15:44:58,958] Epoch: 140, Dataset: test, Dice: 0.7949, IoU: 0.6714
[2026-09-18 15:45:02,501] Epoch: 140, Dataset: val, Dice: 0.7853, IoU: 0.6611
[2026-09-18 15:45:45,535] Epoch: 141, Dataset: test, Dice: 0.7943, IoU: 0.6706
[2026-09-18 15:45:49,097] Epoch: 141, Dataset: val, Dice: 0.7837, IoU: 0.6595
[2026-09-18 15:46:32,240] Epoch: 142, Dataset: test, Dice: 0.7904, IoU: 0.6662
[2026-09-18 15:46:35,747] Epoch: 142, Dataset: val, Dice: 0.7841, IoU: 0.6596
[2026-09-18 15:47:18,794] Epoch: 143, Dataset: test, Dice: 0.7915, IoU: 0.6669
[2026-09-18 15:47:22,386] Epoch: 143, Dataset: val, Dice: 0.7844, IoU: 0.6590
[2026-09-18 15:48:05,451] Epoch: 144, Dataset: test, Dice: 0.7918, IoU: 0.6679
[2026-09-18 15:48:08,967] Epoch: 144, Dataset: val, Dice: 0.7845, IoU: 0.6600
[2026-09-18 15:48:51,868] Epoch: 145, Dataset: test, Dice: 0.7933, IoU: 0.6701
[2026-09-18 15:48:54,824] Epoch: 145, Dataset: val, Dice: 0.7878, IoU: 0.6638
[2026-09-18 15:49:38,511] Epoch: 146, Dataset: test, Dice: 0.7850, IoU: 0.6591
[2026-09-18 15:49:41,687] Epoch: 146, Dataset: val, Dice: 0.7785, IoU: 0.6521
[2026-09-18 15:50:25,173] Epoch: 147, Dataset: test, Dice: 0.7883, IoU: 0.6640
[2026-09-18 15:50:28,321] Epoch: 147, Dataset: val, Dice: 0.7812, IoU: 0.6561
[2026-09-18 15:51:09,229] Epoch: 148, Dataset: test, Dice: 0.7905, IoU: 0.6662
[2026-09-18 15:51:12,192] Epoch: 148, Dataset: val, Dice: 0.7843, IoU: 0.6590
[2026-09-18 15:51:54,734] Epoch: 149, Dataset: test, Dice: 0.7810, IoU: 0.6545
[2026-09-18 15:51:58,246] Epoch: 149, Dataset: val, Dice: 0.7727, IoU: 0.6450
[2026-09-18 15:52:41,285] Epoch: 150, Dataset: test, Dice: 0.7897, IoU: 0.6645
[2026-09-18 15:52:44,785] Epoch: 150, Dataset: val, Dice: 0.7836, IoU: 0.6573
[2026-09-18 15:53:27,711] Epoch: 151, Dataset: test, Dice: 0.7813, IoU: 0.6544
[2026-09-18 15:53:31,232] Epoch: 151, Dataset: val, Dice: 0.7749, IoU: 0.6473
[2026-09-18 15:54:13,937] Epoch: 152, Dataset: test, Dice: 0.7886, IoU: 0.6637
[2026-09-18 15:54:17,306] Epoch: 152, Dataset: val, Dice: 0.7811, IoU: 0.6559
[2026-09-18 15:54:58,628] Epoch: 153, Dataset: test, Dice: 0.7874, IoU: 0.6641
[2026-09-18 15:55:02,125] Epoch: 153, Dataset: val, Dice: 0.7812, IoU: 0.6565
[2026-09-18 15:55:41,188] Epoch: 154, Dataset: test, Dice: 0.7863, IoU: 0.6611
[2026-09-18 15:55:44,716] Epoch: 154, Dataset: val, Dice: 0.7810, IoU: 0.6549
[2026-09-18 15:56:28,065] Epoch: 155, Dataset: test, Dice: 0.7884, IoU: 0.6632
[2026-09-18 15:56:31,364] Epoch: 155, Dataset: val, Dice: 0.7805, IoU: 0.6543
[2026-09-18 15:57:15,062] Epoch: 156, Dataset: test, Dice: 0.7899, IoU: 0.6652
[2026-09-18 15:57:18,270] Epoch: 156, Dataset: val, Dice: 0.7846, IoU: 0.6591
[2026-09-18 15:58:01,099] Epoch: 157, Dataset: test, Dice: 0.7968, IoU: 0.6739
[2026-09-18 15:58:04,501] Epoch: 157, Dataset: val, Dice: 0.7904, IoU: 0.6666
[2026-09-18 15:58:46,431] Epoch: 158, Dataset: test, Dice: 0.7946, IoU: 0.6712
[2026-09-18 15:58:49,956] Epoch: 158, Dataset: val, Dice: 0.7885, IoU: 0.6643
[2026-09-18 15:59:33,039] Epoch: 159, Dataset: test, Dice: 0.7879, IoU: 0.6634
[2026-09-18 15:59:36,590] Epoch: 159, Dataset: val, Dice: 0.7809, IoU: 0.6557
[2026-09-18 16:00:20,213] Epoch: 160, Dataset: test, Dice: 0.7787, IoU: 0.6509
[2026-09-18 16:00:23,537] Epoch: 160, Dataset: val, Dice: 0.7718, IoU: 0.6433
[2026-09-18 16:01:07,317] Epoch: 161, Dataset: test, Dice: 0.7892, IoU: 0.6645
[2026-09-18 16:01:10,836] Epoch: 161, Dataset: val, Dice: 0.7810, IoU: 0.6558
[2026-09-18 16:01:49,708] Epoch: 162, Dataset: test, Dice: 0.7790, IoU: 0.6525
[2026-09-18 16:01:52,768] Epoch: 162, Dataset: val, Dice: 0.7738, IoU: 0.6466
[2026-09-18 16:02:36,659] Epoch: 163, Dataset: test, Dice: 0.7955, IoU: 0.6724
[2026-09-18 16:02:39,925] Epoch: 163, Dataset: val, Dice: 0.7885, IoU: 0.6653
[2026-09-18 16:03:24,227] Epoch: 164, Dataset: test, Dice: 0.7878, IoU: 0.6625
[2026-09-18 16:03:27,434] Epoch: 164, Dataset: val, Dice: 0.7811, IoU: 0.6557
[2026-09-18 16:04:11,278] Epoch: 165, Dataset: test, Dice: 0.7951, IoU: 0.6714
[2026-09-18 16:04:14,048] Epoch: 165, Dataset: val, Dice: 0.7890, IoU: 0.6651
[2026-09-18 16:04:57,768] Epoch: 166, Dataset: test, Dice: 0.7884, IoU: 0.6641
[2026-09-18 16:05:01,293] Epoch: 166, Dataset: val, Dice: 0.7816, IoU: 0.6571
[2026-09-18 16:05:44,878] Epoch: 167, Dataset: test, Dice: 0.7893, IoU: 0.6644
[2026-09-18 16:05:48,421] Epoch: 167, Dataset: val, Dice: 0.7812, IoU: 0.6558
[2026-09-18 16:06:27,436] Epoch: 168, Dataset: test, Dice: 0.7925, IoU: 0.6685
[2026-09-18 16:06:31,022] Epoch: 168, Dataset: val, Dice: 0.7866, IoU: 0.6619
[2026-09-18 16:07:13,127] Epoch: 169, Dataset: test, Dice: 0.7894, IoU: 0.6648
[2026-09-18 16:07:16,640] Epoch: 169, Dataset: val, Dice: 0.7816, IoU: 0.6570
[2026-09-18 16:07:59,025] Epoch: 170, Dataset: test, Dice: 0.7912, IoU: 0.6670
[2026-09-18 16:08:02,559] Epoch: 170, Dataset: val, Dice: 0.7835, IoU: 0.6591
[2026-09-18 16:08:45,615] Epoch: 171, Dataset: test, Dice: 0.7905, IoU: 0.6665
[2026-09-18 16:08:48,764] Epoch: 171, Dataset: val, Dice: 0.7836, IoU: 0.6591
[2026-09-18 16:09:32,004] Epoch: 172, Dataset: test, Dice: 0.7897, IoU: 0.6656
[2026-09-18 16:09:35,557] Epoch: 172, Dataset: val, Dice: 0.7841, IoU: 0.6591
[2026-09-18 16:10:18,930] Epoch: 173, Dataset: test, Dice: 0.7929, IoU: 0.6700
[2026-09-18 16:10:22,008] Epoch: 173, Dataset: val, Dice: 0.7863, IoU: 0.6630
[2026-09-18 16:11:02,257] Epoch: 174, Dataset: test, Dice: 0.7904, IoU: 0.6664
[2026-09-18 16:11:05,154] Epoch: 174, Dataset: val, Dice: 0.7839, IoU: 0.6594
[2026-09-18 16:11:48,167] Epoch: 175, Dataset: test, Dice: 0.7951, IoU: 0.6725
[2026-09-18 16:11:51,332] Epoch: 175, Dataset: val, Dice: 0.7895, IoU: 0.6664
[2026-09-18 16:12:34,071] Epoch: 176, Dataset: test, Dice: 0.7933, IoU: 0.6700
[2026-09-18 16:12:37,614] Epoch: 176, Dataset: val, Dice: 0.7893, IoU: 0.6659
[2026-09-18 16:13:20,805] Epoch: 177, Dataset: test, Dice: 0.7900, IoU: 0.6657
[2026-09-18 16:13:23,995] Epoch: 177, Dataset: val, Dice: 0.7844, IoU: 0.6597
[2026-09-18 16:14:07,446] Epoch: 178, Dataset: test, Dice: 0.7905, IoU: 0.6661
[2026-09-18 16:14:10,971] Epoch: 178, Dataset: val, Dice: 0.7833, IoU: 0.6584
[2026-09-18 16:14:54,612] Epoch: 179, Dataset: test, Dice: 0.7903, IoU: 0.6656
[2026-09-18 16:14:57,842] Epoch: 179, Dataset: val, Dice: 0.7817, IoU: 0.6569
[2026-09-18 16:15:40,989] Epoch: 180, Dataset: test, Dice: 0.7928, IoU: 0.6692
[2026-09-18 16:15:44,585] Epoch: 180, Dataset: val, Dice: 0.7893, IoU: 0.6657
[2026-09-18 16:16:26,782] Epoch: 181, Dataset: test, Dice: 0.7895, IoU: 0.6650
[2026-09-18 16:16:30,151] Epoch: 181, Dataset: val, Dice: 0.7826, IoU: 0.6578
[2026-09-18 16:17:13,693] Epoch: 182, Dataset: test, Dice: 0.7932, IoU: 0.6698
[2026-09-18 16:17:17,130] Epoch: 182, Dataset: val, Dice: 0.7867, IoU: 0.6625
[2026-09-18 16:17:57,354] Epoch: 183, Dataset: test, Dice: 0.7899, IoU: 0.6652
[2026-09-18 16:18:00,877] Epoch: 183, Dataset: val, Dice: 0.7844, IoU: 0.6591
[2026-09-18 16:18:43,818] Epoch: 184, Dataset: test, Dice: 0.7920, IoU: 0.6684
[2026-09-18 16:18:46,979] Epoch: 184, Dataset: val, Dice: 0.7875, IoU: 0.6632
[2026-09-18 16:19:28,550] Epoch: 185, Dataset: test, Dice: 0.7909, IoU: 0.6676
[2026-09-18 16:19:31,644] Epoch: 185, Dataset: val, Dice: 0.7855, IoU: 0.6612
[2026-09-18 16:20:14,522] Epoch: 186, Dataset: test, Dice: 0.7908, IoU: 0.6670
[2026-09-18 16:20:17,814] Epoch: 186, Dataset: val, Dice: 0.7839, IoU: 0.6598
[2026-09-18 16:21:00,988] Epoch: 187, Dataset: test, Dice: 0.7881, IoU: 0.6638
[2026-09-18 16:21:04,142] Epoch: 187, Dataset: val, Dice: 0.7813, IoU: 0.6563
[2026-09-18 16:21:46,961] Epoch: 188, Dataset: test, Dice: 0.7958, IoU: 0.6730
[2026-09-18 16:21:50,483] Epoch: 188, Dataset: val, Dice: 0.7902, IoU: 0.6671
[2026-09-18 16:22:34,285] Epoch: 189, Dataset: test, Dice: 0.7908, IoU: 0.6672
[2026-09-18 16:22:37,879] Epoch: 189, Dataset: val, Dice: 0.7847, IoU: 0.6604
[2026-09-18 16:23:20,785] Epoch: 190, Dataset: test, Dice: 0.7912, IoU: 0.6678
[2026-09-18 16:23:24,344] Epoch: 190, Dataset: val, Dice: 0.7854, IoU: 0.6610
[2026-09-18 16:24:04,954] Epoch: 191, Dataset: test, Dice: 0.7896, IoU: 0.6656
[2026-09-18 16:24:08,480] Epoch: 191, Dataset: val, Dice: 0.7847, IoU: 0.6598
[2026-09-18 16:24:52,135] Epoch: 192, Dataset: test, Dice: 0.7950, IoU: 0.6723
[2026-09-18 16:24:55,661] Epoch: 192, Dataset: val, Dice: 0.7886, IoU: 0.6653
[2026-09-18 16:25:38,796] Epoch: 193, Dataset: test, Dice: 0.7894, IoU: 0.6646
[2026-09-18 16:25:42,014] Epoch: 193, Dataset: val, Dice: 0.7832, IoU: 0.6581
[2026-09-18 16:26:24,700] Epoch: 194, Dataset: test, Dice: 0.7911, IoU: 0.6670
[2026-09-18 16:26:28,262] Epoch: 194, Dataset: val, Dice: 0.7844, IoU: 0.6598
[2026-09-18 16:27:10,786] Epoch: 195, Dataset: test, Dice: 0.7895, IoU: 0.6649
[2026-09-18 16:27:13,967] Epoch: 195, Dataset: val, Dice: 0.7826, IoU: 0.6577
[2026-09-18 16:27:57,949] Epoch: 196, Dataset: test, Dice: 0.7924, IoU: 0.6694
[2026-09-18 16:28:01,502] Epoch: 196, Dataset: val, Dice: 0.7868, IoU: 0.6630
[2026-09-18 16:28:45,089] Epoch: 197, Dataset: test, Dice: 0.7919, IoU: 0.6688
[2026-09-18 16:28:48,389] Epoch: 197, Dataset: val, Dice: 0.7857, IoU: 0.6617
[2026-09-18 16:29:32,335] Epoch: 198, Dataset: test, Dice: 0.7890, IoU: 0.6643
[2026-09-18 16:29:35,532] Epoch: 198, Dataset: val, Dice: 0.7829, IoU: 0.6579
[2026-09-18 16:30:17,744] Epoch: 199, Dataset: test, Dice: 0.7882, IoU: 0.6634
[2026-09-18 16:30:21,279] Epoch: 199, Dataset: val, Dice: 0.7821, IoU: 0.6566
[2026-09-18 16:31:05,076] Epoch: 200, Dataset: test, Dice: 0.7916, IoU: 0.6680
[2026-09-18 16:31:08,670] Epoch: 200, Dataset: val, Dice: 0.7857, IoU: 0.6614
[2026-09-18 16:31:08,671] 
========================================
FINAL RESULTS: SugarBeets_MK_UNet_bs8_lr0.0005_e200_augTrue_run5_t135746
Best Val Dice: 0.8145
Test Dice at Best Val: 0.8123
Total Train Time: 7844.22s
========================================
