[2026-09-15 04:55:20,668] flops: 0.619251354, params: 0.315566, Total params: : 0.3156
[2026-09-15 04:55:30,714] Epoch: 1, Dataset: test, Dice: 0.2991, IoU: 0.1986
[2026-09-15 04:55:31,185] Epoch: 1, Dataset: val, Dice: 0.3403, IoU: 0.2283
[2026-09-15 04:55:31,185] ### Best Model Saved (Dice improved from 0.0000 to 0.3403) ###
[2026-09-15 04:55:42,699] Epoch: 2, Dataset: test, Dice: 0.2819, IoU: 0.2038
[2026-09-15 04:55:43,268] Epoch: 2, Dataset: val, Dice: 0.3415, IoU: 0.2592
[2026-09-15 04:55:43,268] ### Best Model Saved (Dice improved from 0.3403 to 0.3415) ###
[2026-09-15 04:55:54,845] Epoch: 3, Dataset: test, Dice: 0.4869, IoU: 0.3606
[2026-09-15 04:55:55,325] Epoch: 3, Dataset: val, Dice: 0.5086, IoU: 0.3768
[2026-09-15 04:55:55,326] ### Best Model Saved (Dice improved from 0.3415 to 0.5086) ###
[2026-09-15 04:56:06,816] Epoch: 4, Dataset: test, Dice: 0.4478, IoU: 0.3338
[2026-09-15 04:56:07,346] Epoch: 4, Dataset: val, Dice: 0.5108, IoU: 0.3902
[2026-09-15 04:56:07,346] ### Best Model Saved (Dice improved from 0.5086 to 0.5108) ###
[2026-09-15 04:56:18,884] Epoch: 5, Dataset: test, Dice: 0.4154, IoU: 0.2959
[2026-09-15 04:56:19,471] Epoch: 5, Dataset: val, Dice: 0.4112, IoU: 0.2954
[2026-09-15 04:56:31,252] Epoch: 6, Dataset: test, Dice: 0.5488, IoU: 0.4237
[2026-09-15 04:56:31,703] Epoch: 6, Dataset: val, Dice: 0.6062, IoU: 0.4829
[2026-09-15 04:56:31,704] ### Best Model Saved (Dice improved from 0.5108 to 0.6062) ###
[2026-09-15 04:56:43,246] Epoch: 7, Dataset: test, Dice: 0.5039, IoU: 0.3813
[2026-09-15 04:56:43,781] Epoch: 7, Dataset: val, Dice: 0.5443, IoU: 0.4313
[2026-09-15 04:56:55,643] Epoch: 8, Dataset: test, Dice: 0.6557, IoU: 0.5309
[2026-09-15 04:56:56,274] Epoch: 8, Dataset: val, Dice: 0.6386, IoU: 0.5142
[2026-09-15 04:56:56,274] ### Best Model Saved (Dice improved from 0.6062 to 0.6386) ###
[2026-09-15 04:57:07,961] Epoch: 9, Dataset: test, Dice: 0.5819, IoU: 0.4511
[2026-09-15 04:57:08,392] Epoch: 9, Dataset: val, Dice: 0.6056, IoU: 0.4870
[2026-09-15 04:57:19,963] Epoch: 10, Dataset: test, Dice: 0.6936, IoU: 0.5724
[2026-09-15 04:57:20,595] Epoch: 10, Dataset: val, Dice: 0.6544, IoU: 0.5374
[2026-09-15 04:57:20,595] ### Best Model Saved (Dice improved from 0.6386 to 0.6544) ###
[2026-09-15 04:57:32,112] Epoch: 11, Dataset: test, Dice: 0.7388, IoU: 0.6297
[2026-09-15 04:57:32,501] Epoch: 11, Dataset: val, Dice: 0.6552, IoU: 0.5394
[2026-09-15 04:57:32,501] ### Best Model Saved (Dice improved from 0.6544 to 0.6552) ###
[2026-09-15 04:57:43,999] Epoch: 12, Dataset: test, Dice: 0.4977, IoU: 0.3797
[2026-09-15 04:57:44,426] Epoch: 12, Dataset: val, Dice: 0.5627, IoU: 0.4413
[2026-09-15 04:57:55,109] Epoch: 13, Dataset: test, Dice: 0.5818, IoU: 0.4548
[2026-09-15 04:57:55,663] Epoch: 13, Dataset: val, Dice: 0.6005, IoU: 0.4767
[2026-09-15 04:58:07,320] Epoch: 14, Dataset: test, Dice: 0.7746, IoU: 0.6713
[2026-09-15 04:58:07,855] Epoch: 14, Dataset: val, Dice: 0.6935, IoU: 0.5788
[2026-09-15 04:58:07,855] ### Best Model Saved (Dice improved from 0.6552 to 0.6935) ###
[2026-09-15 04:58:17,714] Epoch: 15, Dataset: test, Dice: 0.8155, IoU: 0.7226
[2026-09-15 04:58:18,093] Epoch: 15, Dataset: val, Dice: 0.7533, IoU: 0.6491
[2026-09-15 04:58:18,093] ### Best Model Saved (Dice improved from 0.6935 to 0.7533) ###
[2026-09-15 04:58:29,585] Epoch: 16, Dataset: test, Dice: 0.8000, IoU: 0.7010
[2026-09-15 04:58:30,022] Epoch: 16, Dataset: val, Dice: 0.7466, IoU: 0.6316
[2026-09-15 04:58:40,571] Epoch: 17, Dataset: test, Dice: 0.7615, IoU: 0.6584
[2026-09-15 04:58:41,212] Epoch: 17, Dataset: val, Dice: 0.6756, IoU: 0.5646
[2026-09-15 04:58:52,891] Epoch: 18, Dataset: test, Dice: 0.7996, IoU: 0.7088
[2026-09-15 04:58:53,389] Epoch: 18, Dataset: val, Dice: 0.7989, IoU: 0.6919
[2026-09-15 04:58:53,389] ### Best Model Saved (Dice improved from 0.7533 to 0.7989) ###
[2026-09-15 04:59:04,453] Epoch: 19, Dataset: test, Dice: 0.7389, IoU: 0.6318
[2026-09-15 04:59:05,087] Epoch: 19, Dataset: val, Dice: 0.6688, IoU: 0.5454
[2026-09-15 04:59:15,644] Epoch: 20, Dataset: test, Dice: 0.8121, IoU: 0.7174
[2026-09-15 04:59:16,192] Epoch: 20, Dataset: val, Dice: 0.7540, IoU: 0.6516
[2026-09-15 04:59:28,110] Epoch: 21, Dataset: test, Dice: 0.7046, IoU: 0.5915
[2026-09-15 04:59:28,604] Epoch: 21, Dataset: val, Dice: 0.6892, IoU: 0.5710
[2026-09-15 04:59:40,282] Epoch: 22, Dataset: test, Dice: 0.7384, IoU: 0.6270
[2026-09-15 04:59:40,808] Epoch: 22, Dataset: val, Dice: 0.6831, IoU: 0.5537
[2026-09-15 04:59:52,384] Epoch: 23, Dataset: test, Dice: 0.8103, IoU: 0.7234
[2026-09-15 04:59:52,903] Epoch: 23, Dataset: val, Dice: 0.7572, IoU: 0.6480
[2026-09-15 05:00:03,894] Epoch: 24, Dataset: test, Dice: 0.8359, IoU: 0.7525
[2026-09-15 05:00:04,614] Epoch: 24, Dataset: val, Dice: 0.7824, IoU: 0.6835
[2026-09-15 05:00:16,081] Epoch: 25, Dataset: test, Dice: 0.8086, IoU: 0.7124
[2026-09-15 05:00:16,514] Epoch: 25, Dataset: val, Dice: 0.7535, IoU: 0.6386
[2026-09-15 05:00:27,151] Epoch: 26, Dataset: test, Dice: 0.7059, IoU: 0.6023
[2026-09-15 05:00:27,660] Epoch: 26, Dataset: val, Dice: 0.6894, IoU: 0.5687
[2026-09-15 05:00:38,835] Epoch: 27, Dataset: test, Dice: 0.8782, IoU: 0.8068
[2026-09-15 05:00:39,226] Epoch: 27, Dataset: val, Dice: 0.8326, IoU: 0.7494
[2026-09-15 05:00:39,226] ### Best Model Saved (Dice improved from 0.7989 to 0.8326) ###
[2026-09-15 05:00:50,901] Epoch: 28, Dataset: test, Dice: 0.8820, IoU: 0.8166
[2026-09-15 05:00:51,540] Epoch: 28, Dataset: val, Dice: 0.8426, IoU: 0.7560
[2026-09-15 05:00:51,541] ### Best Model Saved (Dice improved from 0.8326 to 0.8426) ###
[2026-09-15 05:01:03,342] Epoch: 29, Dataset: test, Dice: 0.8600, IoU: 0.7791
[2026-09-15 05:01:03,870] Epoch: 29, Dataset: val, Dice: 0.8069, IoU: 0.7082
[2026-09-15 05:01:15,224] Epoch: 30, Dataset: test, Dice: 0.8606, IoU: 0.7799
[2026-09-15 05:01:15,690] Epoch: 30, Dataset: val, Dice: 0.8441, IoU: 0.7549
[2026-09-15 05:01:15,690] ### Best Model Saved (Dice improved from 0.8426 to 0.8441) ###
[2026-09-15 05:01:26,908] Epoch: 31, Dataset: test, Dice: 0.8997, IoU: 0.8332
[2026-09-15 05:01:27,503] Epoch: 31, Dataset: val, Dice: 0.8453, IoU: 0.7581
[2026-09-15 05:01:27,504] ### Best Model Saved (Dice improved from 0.8441 to 0.8453) ###
[2026-09-15 05:01:39,445] Epoch: 32, Dataset: test, Dice: 0.8902, IoU: 0.8230
[2026-09-15 05:01:39,977] Epoch: 32, Dataset: val, Dice: 0.8654, IoU: 0.7794
[2026-09-15 05:01:39,978] ### Best Model Saved (Dice improved from 0.8453 to 0.8654) ###
[2026-09-15 05:01:51,613] Epoch: 33, Dataset: test, Dice: 0.8638, IoU: 0.7777
[2026-09-15 05:01:52,086] Epoch: 33, Dataset: val, Dice: 0.7911, IoU: 0.6900
[2026-09-15 05:02:03,476] Epoch: 34, Dataset: test, Dice: 0.8866, IoU: 0.8120
[2026-09-15 05:02:04,056] Epoch: 34, Dataset: val, Dice: 0.8111, IoU: 0.7273
[2026-09-15 05:02:15,423] Epoch: 35, Dataset: test, Dice: 0.8643, IoU: 0.7893
[2026-09-15 05:02:15,933] Epoch: 35, Dataset: val, Dice: 0.8128, IoU: 0.7184
[2026-09-15 05:02:27,188] Epoch: 36, Dataset: test, Dice: 0.8759, IoU: 0.7968
[2026-09-15 05:02:27,741] Epoch: 36, Dataset: val, Dice: 0.7928, IoU: 0.6915
[2026-09-15 05:02:39,271] Epoch: 37, Dataset: test, Dice: 0.8775, IoU: 0.8056
[2026-09-15 05:02:39,892] Epoch: 37, Dataset: val, Dice: 0.8289, IoU: 0.7400
[2026-09-15 05:02:51,455] Epoch: 38, Dataset: test, Dice: 0.8651, IoU: 0.7844
[2026-09-15 05:02:52,047] Epoch: 38, Dataset: val, Dice: 0.8013, IoU: 0.7090
[2026-09-15 05:03:03,528] Epoch: 39, Dataset: test, Dice: 0.8970, IoU: 0.8247
[2026-09-15 05:03:03,948] Epoch: 39, Dataset: val, Dice: 0.8244, IoU: 0.7325
[2026-09-15 05:03:15,344] Epoch: 40, Dataset: test, Dice: 0.9025, IoU: 0.8331
[2026-09-15 05:03:15,738] Epoch: 40, Dataset: val, Dice: 0.8516, IoU: 0.7724
[2026-09-15 05:03:27,373] Epoch: 41, Dataset: test, Dice: 0.8694, IoU: 0.7948
[2026-09-15 05:03:28,073] Epoch: 41, Dataset: val, Dice: 0.8358, IoU: 0.7486
[2026-09-15 05:03:38,851] Epoch: 42, Dataset: test, Dice: 0.8956, IoU: 0.8247
[2026-09-15 05:03:39,260] Epoch: 42, Dataset: val, Dice: 0.8629, IoU: 0.7834
[2026-09-15 05:03:50,613] Epoch: 43, Dataset: test, Dice: 0.8937, IoU: 0.8264
[2026-09-15 05:03:51,143] Epoch: 43, Dataset: val, Dice: 0.8611, IoU: 0.7792
[2026-09-15 05:04:02,517] Epoch: 44, Dataset: test, Dice: 0.9058, IoU: 0.8418
[2026-09-15 05:04:03,114] Epoch: 44, Dataset: val, Dice: 0.8566, IoU: 0.7745
[2026-09-15 05:04:14,364] Epoch: 45, Dataset: test, Dice: 0.8966, IoU: 0.8278
[2026-09-15 05:04:14,869] Epoch: 45, Dataset: val, Dice: 0.8325, IoU: 0.7494
[2026-09-15 05:04:26,732] Epoch: 46, Dataset: test, Dice: 0.8819, IoU: 0.8106
[2026-09-15 05:04:27,377] Epoch: 46, Dataset: val, Dice: 0.8342, IoU: 0.7439
[2026-09-15 05:04:39,267] Epoch: 47, Dataset: test, Dice: 0.8966, IoU: 0.8287
[2026-09-15 05:04:39,881] Epoch: 47, Dataset: val, Dice: 0.8410, IoU: 0.7580
[2026-09-15 05:04:50,005] Epoch: 48, Dataset: test, Dice: 0.9057, IoU: 0.8379
[2026-09-15 05:04:50,554] Epoch: 48, Dataset: val, Dice: 0.8390, IoU: 0.7636
[2026-09-15 05:05:00,978] Epoch: 49, Dataset: test, Dice: 0.8982, IoU: 0.8359
[2026-09-15 05:05:01,524] Epoch: 49, Dataset: val, Dice: 0.8610, IoU: 0.7790
[2026-09-15 05:05:12,714] Epoch: 50, Dataset: test, Dice: 0.9158, IoU: 0.8550
[2026-09-15 05:05:13,203] Epoch: 50, Dataset: val, Dice: 0.8593, IoU: 0.7793
[2026-09-15 05:05:23,912] Epoch: 51, Dataset: test, Dice: 0.9042, IoU: 0.8433
[2026-09-15 05:05:24,381] Epoch: 51, Dataset: val, Dice: 0.8733, IoU: 0.7945
[2026-09-15 05:05:24,381] ### Best Model Saved (Dice improved from 0.8654 to 0.8733) ###
[2026-09-15 05:05:35,837] Epoch: 52, Dataset: test, Dice: 0.8961, IoU: 0.8267
[2026-09-15 05:05:36,449] Epoch: 52, Dataset: val, Dice: 0.8603, IoU: 0.7789
[2026-09-15 05:05:47,834] Epoch: 53, Dataset: test, Dice: 0.9070, IoU: 0.8424
[2026-09-15 05:05:48,287] Epoch: 53, Dataset: val, Dice: 0.8569, IoU: 0.7750
[2026-09-15 05:05:59,778] Epoch: 54, Dataset: test, Dice: 0.9111, IoU: 0.8522
[2026-09-15 05:06:00,434] Epoch: 54, Dataset: val, Dice: 0.8603, IoU: 0.7814
[2026-09-15 05:06:10,432] Epoch: 55, Dataset: test, Dice: 0.9087, IoU: 0.8497
[2026-09-15 05:06:10,869] Epoch: 55, Dataset: val, Dice: 0.8459, IoU: 0.7627
[2026-09-15 05:06:21,423] Epoch: 56, Dataset: test, Dice: 0.9164, IoU: 0.8568
[2026-09-15 05:06:21,875] Epoch: 56, Dataset: val, Dice: 0.8748, IoU: 0.7967
[2026-09-15 05:06:21,876] ### Best Model Saved (Dice improved from 0.8733 to 0.8748) ###
[2026-09-15 05:06:33,083] Epoch: 57, Dataset: test, Dice: 0.9120, IoU: 0.8473
[2026-09-15 05:06:33,534] Epoch: 57, Dataset: val, Dice: 0.8396, IoU: 0.7583
[2026-09-15 05:06:44,957] Epoch: 58, Dataset: test, Dice: 0.8978, IoU: 0.8336
[2026-09-15 05:06:45,379] Epoch: 58, Dataset: val, Dice: 0.8430, IoU: 0.7552
[2026-09-15 05:06:55,322] Epoch: 59, Dataset: test, Dice: 0.9157, IoU: 0.8523
[2026-09-15 05:06:55,843] Epoch: 59, Dataset: val, Dice: 0.8020, IoU: 0.7110
[2026-09-15 05:07:07,488] Epoch: 60, Dataset: test, Dice: 0.9137, IoU: 0.8524
[2026-09-15 05:07:08,000] Epoch: 60, Dataset: val, Dice: 0.8511, IoU: 0.7636
[2026-09-15 05:07:19,697] Epoch: 61, Dataset: test, Dice: 0.9316, IoU: 0.8765
[2026-09-15 05:07:20,337] Epoch: 61, Dataset: val, Dice: 0.8682, IoU: 0.7932
[2026-09-15 05:07:31,168] Epoch: 62, Dataset: test, Dice: 0.9201, IoU: 0.8625
[2026-09-15 05:07:31,671] Epoch: 62, Dataset: val, Dice: 0.8531, IoU: 0.7736
[2026-09-15 05:07:43,400] Epoch: 63, Dataset: test, Dice: 0.9259, IoU: 0.8674
[2026-09-15 05:07:44,126] Epoch: 63, Dataset: val, Dice: 0.8745, IoU: 0.7999
[2026-09-15 05:07:55,472] Epoch: 64, Dataset: test, Dice: 0.9116, IoU: 0.8535
[2026-09-15 05:07:55,960] Epoch: 64, Dataset: val, Dice: 0.8652, IoU: 0.7900
[2026-09-15 05:08:07,106] Epoch: 65, Dataset: test, Dice: 0.9202, IoU: 0.8630
[2026-09-15 05:08:07,609] Epoch: 65, Dataset: val, Dice: 0.8580, IoU: 0.7808
[2026-09-15 05:08:19,128] Epoch: 66, Dataset: test, Dice: 0.9230, IoU: 0.8645
[2026-09-15 05:08:19,647] Epoch: 66, Dataset: val, Dice: 0.8684, IoU: 0.7922
[2026-09-15 05:08:31,018] Epoch: 67, Dataset: test, Dice: 0.9158, IoU: 0.8558
[2026-09-15 05:08:31,535] Epoch: 67, Dataset: val, Dice: 0.8687, IoU: 0.7942
[2026-09-15 05:08:43,071] Epoch: 68, Dataset: test, Dice: 0.9212, IoU: 0.8622
[2026-09-15 05:08:43,548] Epoch: 68, Dataset: val, Dice: 0.8684, IoU: 0.7912
[2026-09-15 05:08:54,748] Epoch: 69, Dataset: test, Dice: 0.9200, IoU: 0.8653
[2026-09-15 05:08:55,215] Epoch: 69, Dataset: val, Dice: 0.8655, IoU: 0.7899
[2026-09-15 05:09:06,219] Epoch: 70, Dataset: test, Dice: 0.9222, IoU: 0.8666
[2026-09-15 05:09:06,683] Epoch: 70, Dataset: val, Dice: 0.8692, IoU: 0.7927
[2026-09-15 05:09:18,416] Epoch: 71, Dataset: test, Dice: 0.8997, IoU: 0.8298
[2026-09-15 05:09:18,940] Epoch: 71, Dataset: val, Dice: 0.8492, IoU: 0.7686
[2026-09-15 05:09:30,607] Epoch: 72, Dataset: test, Dice: 0.9126, IoU: 0.8536
[2026-09-15 05:09:31,200] Epoch: 72, Dataset: val, Dice: 0.8648, IoU: 0.7906
[2026-09-15 05:09:42,040] Epoch: 73, Dataset: test, Dice: 0.9260, IoU: 0.8703
[2026-09-15 05:09:42,513] Epoch: 73, Dataset: val, Dice: 0.8621, IoU: 0.7901
[2026-09-15 05:09:53,302] Epoch: 74, Dataset: test, Dice: 0.9203, IoU: 0.8595
[2026-09-15 05:09:53,804] Epoch: 74, Dataset: val, Dice: 0.8469, IoU: 0.7636
[2026-09-15 05:10:04,032] Epoch: 75, Dataset: test, Dice: 0.9237, IoU: 0.8655
[2026-09-15 05:10:04,524] Epoch: 75, Dataset: val, Dice: 0.8610, IoU: 0.7833
[2026-09-15 05:10:15,006] Epoch: 76, Dataset: test, Dice: 0.9246, IoU: 0.8652
[2026-09-15 05:10:15,557] Epoch: 76, Dataset: val, Dice: 0.8469, IoU: 0.7628
[2026-09-15 05:10:26,787] Epoch: 77, Dataset: test, Dice: 0.9245, IoU: 0.8676
[2026-09-15 05:10:27,207] Epoch: 77, Dataset: val, Dice: 0.8565, IoU: 0.7812
[2026-09-15 05:10:38,800] Epoch: 78, Dataset: test, Dice: 0.9356, IoU: 0.8828
[2026-09-15 05:10:39,339] Epoch: 78, Dataset: val, Dice: 0.8718, IoU: 0.7977
[2026-09-15 05:10:50,803] Epoch: 79, Dataset: test, Dice: 0.9241, IoU: 0.8684
[2026-09-15 05:10:51,400] Epoch: 79, Dataset: val, Dice: 0.8784, IoU: 0.8048
[2026-09-15 05:10:51,400] ### Best Model Saved (Dice improved from 0.8748 to 0.8784) ###
[2026-09-15 05:11:03,244] Epoch: 80, Dataset: test, Dice: 0.9307, IoU: 0.8753
[2026-09-15 05:11:03,783] Epoch: 80, Dataset: val, Dice: 0.8631, IoU: 0.7907
[2026-09-15 05:11:15,266] Epoch: 81, Dataset: test, Dice: 0.9145, IoU: 0.8526
[2026-09-15 05:11:15,727] Epoch: 81, Dataset: val, Dice: 0.8552, IoU: 0.7780
[2026-09-15 05:11:27,107] Epoch: 82, Dataset: test, Dice: 0.9276, IoU: 0.8746
[2026-09-15 05:11:27,563] Epoch: 82, Dataset: val, Dice: 0.8650, IoU: 0.7928
[2026-09-15 05:11:38,879] Epoch: 83, Dataset: test, Dice: 0.9114, IoU: 0.8512
[2026-09-15 05:11:39,403] Epoch: 83, Dataset: val, Dice: 0.8592, IoU: 0.7832
[2026-09-15 05:11:50,623] Epoch: 84, Dataset: test, Dice: 0.9306, IoU: 0.8755
[2026-09-15 05:11:51,149] Epoch: 84, Dataset: val, Dice: 0.8622, IoU: 0.7881
[2026-09-15 05:12:01,664] Epoch: 85, Dataset: test, Dice: 0.9273, IoU: 0.8723
[2026-09-15 05:12:02,082] Epoch: 85, Dataset: val, Dice: 0.8685, IoU: 0.7944
[2026-09-15 05:12:12,216] Epoch: 86, Dataset: test, Dice: 0.9263, IoU: 0.8711
[2026-09-15 05:12:12,669] Epoch: 86, Dataset: val, Dice: 0.8687, IoU: 0.7934
[2026-09-15 05:12:24,284] Epoch: 87, Dataset: test, Dice: 0.9261, IoU: 0.8688
[2026-09-15 05:12:24,905] Epoch: 87, Dataset: val, Dice: 0.8710, IoU: 0.8007
[2026-09-15 05:12:36,693] Epoch: 88, Dataset: test, Dice: 0.9298, IoU: 0.8768
[2026-09-15 05:12:37,141] Epoch: 88, Dataset: val, Dice: 0.8817, IoU: 0.8142
[2026-09-15 05:12:37,142] ### Best Model Saved (Dice improved from 0.8784 to 0.8817) ###
[2026-09-15 05:12:48,823] Epoch: 89, Dataset: test, Dice: 0.9225, IoU: 0.8654
[2026-09-15 05:12:49,278] Epoch: 89, Dataset: val, Dice: 0.8752, IoU: 0.8035
[2026-09-15 05:13:00,846] Epoch: 90, Dataset: test, Dice: 0.9280, IoU: 0.8705
[2026-09-15 05:13:01,430] Epoch: 90, Dataset: val, Dice: 0.8740, IoU: 0.8046
[2026-09-15 05:13:12,929] Epoch: 91, Dataset: test, Dice: 0.9223, IoU: 0.8651
[2026-09-15 05:13:13,401] Epoch: 91, Dataset: val, Dice: 0.8740, IoU: 0.8028
[2026-09-15 05:13:24,931] Epoch: 92, Dataset: test, Dice: 0.9214, IoU: 0.8708
[2026-09-15 05:13:25,429] Epoch: 92, Dataset: val, Dice: 0.8684, IoU: 0.7995
[2026-09-15 05:13:36,804] Epoch: 93, Dataset: test, Dice: 0.9202, IoU: 0.8646
[2026-09-15 05:13:37,225] Epoch: 93, Dataset: val, Dice: 0.8657, IoU: 0.7910
[2026-09-15 05:13:48,514] Epoch: 94, Dataset: test, Dice: 0.9372, IoU: 0.8858
[2026-09-15 05:13:49,013] Epoch: 94, Dataset: val, Dice: 0.8794, IoU: 0.8110
[2026-09-15 05:14:00,450] Epoch: 95, Dataset: test, Dice: 0.9184, IoU: 0.8619
[2026-09-15 05:14:00,922] Epoch: 95, Dataset: val, Dice: 0.8718, IoU: 0.8005
[2026-09-15 05:14:11,987] Epoch: 96, Dataset: test, Dice: 0.9297, IoU: 0.8756
[2026-09-15 05:14:12,510] Epoch: 96, Dataset: val, Dice: 0.8603, IoU: 0.7873
[2026-09-15 05:14:22,304] Epoch: 97, Dataset: test, Dice: 0.9290, IoU: 0.8757
[2026-09-15 05:14:22,712] Epoch: 97, Dataset: val, Dice: 0.8676, IoU: 0.7945
[2026-09-15 05:14:34,256] Epoch: 98, Dataset: test, Dice: 0.9317, IoU: 0.8815
[2026-09-15 05:14:34,738] Epoch: 98, Dataset: val, Dice: 0.8792, IoU: 0.8130
[2026-09-15 05:14:46,254] Epoch: 99, Dataset: test, Dice: 0.9064, IoU: 0.8463
[2026-09-15 05:14:46,863] Epoch: 99, Dataset: val, Dice: 0.8560, IoU: 0.7758
[2026-09-15 05:14:58,623] Epoch: 100, Dataset: test, Dice: 0.9264, IoU: 0.8740
[2026-09-15 05:14:59,136] Epoch: 100, Dataset: val, Dice: 0.8813, IoU: 0.8151
[2026-09-15 05:15:10,991] Epoch: 101, Dataset: test, Dice: 0.9237, IoU: 0.8659
[2026-09-15 05:15:11,706] Epoch: 101, Dataset: val, Dice: 0.8570, IoU: 0.7851
[2026-09-15 05:15:23,701] Epoch: 102, Dataset: test, Dice: 0.9111, IoU: 0.8533
[2026-09-15 05:15:24,281] Epoch: 102, Dataset: val, Dice: 0.8853, IoU: 0.8191
[2026-09-15 05:15:24,281] ### Best Model Saved (Dice improved from 0.8817 to 0.8853) ###
[2026-09-15 05:15:35,855] Epoch: 103, Dataset: test, Dice: 0.9241, IoU: 0.8704
[2026-09-15 05:15:36,457] Epoch: 103, Dataset: val, Dice: 0.8837, IoU: 0.8176
[2026-09-15 05:15:48,074] Epoch: 104, Dataset: test, Dice: 0.9358, IoU: 0.8852
[2026-09-15 05:15:48,509] Epoch: 104, Dataset: val, Dice: 0.8844, IoU: 0.8155
[2026-09-15 05:15:59,263] Epoch: 105, Dataset: test, Dice: 0.8990, IoU: 0.8325
[2026-09-15 05:15:59,795] Epoch: 105, Dataset: val, Dice: 0.8435, IoU: 0.7591
[2026-09-15 05:16:11,239] Epoch: 106, Dataset: test, Dice: 0.9419, IoU: 0.8934
[2026-09-15 05:16:11,823] Epoch: 106, Dataset: val, Dice: 0.8748, IoU: 0.8081
[2026-09-15 05:16:23,579] Epoch: 107, Dataset: test, Dice: 0.9307, IoU: 0.8777
[2026-09-15 05:16:24,272] Epoch: 107, Dataset: val, Dice: 0.8849, IoU: 0.8161
[2026-09-15 05:16:35,404] Epoch: 108, Dataset: test, Dice: 0.9350, IoU: 0.8824
[2026-09-15 05:16:35,822] Epoch: 108, Dataset: val, Dice: 0.8804, IoU: 0.8129
[2026-09-15 05:16:45,520] Epoch: 109, Dataset: test, Dice: 0.9375, IoU: 0.8856
[2026-09-15 05:16:45,954] Epoch: 109, Dataset: val, Dice: 0.8770, IoU: 0.8068
[2026-09-15 05:16:56,973] Epoch: 110, Dataset: test, Dice: 0.9237, IoU: 0.8674
[2026-09-15 05:16:57,482] Epoch: 110, Dataset: val, Dice: 0.8860, IoU: 0.8186
[2026-09-15 05:16:57,482] ### Best Model Saved (Dice improved from 0.8853 to 0.8860) ###
[2026-09-15 05:17:08,882] Epoch: 111, Dataset: test, Dice: 0.9323, IoU: 0.8778
[2026-09-15 05:17:09,508] Epoch: 111, Dataset: val, Dice: 0.8791, IoU: 0.8130
[2026-09-15 05:17:20,838] Epoch: 112, Dataset: test, Dice: 0.9302, IoU: 0.8779
[2026-09-15 05:17:21,278] Epoch: 112, Dataset: val, Dice: 0.8897, IoU: 0.8218
[2026-09-15 05:17:21,278] ### Best Model Saved (Dice improved from 0.8860 to 0.8897) ###
[2026-09-15 05:17:32,105] Epoch: 113, Dataset: test, Dice: 0.9349, IoU: 0.8832
[2026-09-15 05:17:32,490] Epoch: 113, Dataset: val, Dice: 0.8835, IoU: 0.8181
[2026-09-15 05:17:42,225] Epoch: 114, Dataset: test, Dice: 0.9311, IoU: 0.8780
[2026-09-15 05:17:42,645] Epoch: 114, Dataset: val, Dice: 0.8732, IoU: 0.8044
[2026-09-15 05:17:52,912] Epoch: 115, Dataset: test, Dice: 0.9319, IoU: 0.8803
[2026-09-15 05:17:53,370] Epoch: 115, Dataset: val, Dice: 0.8777, IoU: 0.8089
[2026-09-15 05:18:04,965] Epoch: 116, Dataset: test, Dice: 0.9287, IoU: 0.8766
[2026-09-15 05:18:05,404] Epoch: 116, Dataset: val, Dice: 0.8792, IoU: 0.8115
[2026-09-15 05:18:16,627] Epoch: 117, Dataset: test, Dice: 0.9309, IoU: 0.8774
[2026-09-15 05:18:17,074] Epoch: 117, Dataset: val, Dice: 0.8846, IoU: 0.8198
[2026-09-15 05:18:27,975] Epoch: 118, Dataset: test, Dice: 0.9373, IoU: 0.8881
[2026-09-15 05:18:28,411] Epoch: 118, Dataset: val, Dice: 0.8870, IoU: 0.8233
[2026-09-15 05:18:39,776] Epoch: 119, Dataset: test, Dice: 0.9379, IoU: 0.8886
[2026-09-15 05:18:40,251] Epoch: 119, Dataset: val, Dice: 0.8844, IoU: 0.8214
[2026-09-15 05:18:51,533] Epoch: 120, Dataset: test, Dice: 0.9342, IoU: 0.8818
[2026-09-15 05:18:51,961] Epoch: 120, Dataset: val, Dice: 0.8806, IoU: 0.8135
[2026-09-15 05:19:03,514] Epoch: 121, Dataset: test, Dice: 0.9413, IoU: 0.8930
[2026-09-15 05:19:04,005] Epoch: 121, Dataset: val, Dice: 0.8814, IoU: 0.8162
[2026-09-15 05:19:15,624] Epoch: 122, Dataset: test, Dice: 0.9312, IoU: 0.8787
[2026-09-15 05:19:16,177] Epoch: 122, Dataset: val, Dice: 0.8769, IoU: 0.8070
[2026-09-15 05:19:27,719] Epoch: 123, Dataset: test, Dice: 0.9322, IoU: 0.8805
[2026-09-15 05:19:28,253] Epoch: 123, Dataset: val, Dice: 0.8873, IoU: 0.8218
[2026-09-15 05:19:38,310] Epoch: 124, Dataset: test, Dice: 0.9354, IoU: 0.8871
[2026-09-15 05:19:38,711] Epoch: 124, Dataset: val, Dice: 0.8687, IoU: 0.8011
[2026-09-15 05:19:49,741] Epoch: 125, Dataset: test, Dice: 0.9337, IoU: 0.8822
[2026-09-15 05:19:50,421] Epoch: 125, Dataset: val, Dice: 0.8658, IoU: 0.7933
[2026-09-15 05:20:02,470] Epoch: 126, Dataset: test, Dice: 0.9377, IoU: 0.8875
[2026-09-15 05:20:03,022] Epoch: 126, Dataset: val, Dice: 0.8805, IoU: 0.8151
[2026-09-15 05:20:14,709] Epoch: 127, Dataset: test, Dice: 0.9407, IoU: 0.8918
[2026-09-15 05:20:15,360] Epoch: 127, Dataset: val, Dice: 0.8846, IoU: 0.8201
[2026-09-15 05:20:26,959] Epoch: 128, Dataset: test, Dice: 0.9306, IoU: 0.8784
[2026-09-15 05:20:27,596] Epoch: 128, Dataset: val, Dice: 0.8875, IoU: 0.8244
[2026-09-15 05:20:39,382] Epoch: 129, Dataset: test, Dice: 0.9301, IoU: 0.8773
[2026-09-15 05:20:39,971] Epoch: 129, Dataset: val, Dice: 0.8795, IoU: 0.8156
[2026-09-15 05:20:51,389] Epoch: 130, Dataset: test, Dice: 0.9375, IoU: 0.8895
[2026-09-15 05:20:51,883] Epoch: 130, Dataset: val, Dice: 0.8906, IoU: 0.8306
[2026-09-15 05:20:51,883] ### Best Model Saved (Dice improved from 0.8897 to 0.8906) ###
[2026-09-15 05:21:02,199] Epoch: 131, Dataset: test, Dice: 0.9328, IoU: 0.8807
[2026-09-15 05:21:02,632] Epoch: 131, Dataset: val, Dice: 0.8804, IoU: 0.8157
[2026-09-15 05:21:13,437] Epoch: 132, Dataset: test, Dice: 0.9363, IoU: 0.8855
[2026-09-15 05:21:14,012] Epoch: 132, Dataset: val, Dice: 0.8756, IoU: 0.8096
[2026-09-15 05:21:24,644] Epoch: 133, Dataset: test, Dice: 0.9267, IoU: 0.8745
[2026-09-15 05:21:25,065] Epoch: 133, Dataset: val, Dice: 0.8758, IoU: 0.8104
[2026-09-15 05:21:35,915] Epoch: 134, Dataset: test, Dice: 0.9240, IoU: 0.8686
[2026-09-15 05:21:36,442] Epoch: 134, Dataset: val, Dice: 0.8731, IoU: 0.8042
[2026-09-15 05:21:47,739] Epoch: 135, Dataset: test, Dice: 0.9342, IoU: 0.8839
[2026-09-15 05:21:48,385] Epoch: 135, Dataset: val, Dice: 0.8819, IoU: 0.8182
[2026-09-15 05:21:59,841] Epoch: 136, Dataset: test, Dice: 0.9270, IoU: 0.8708
[2026-09-15 05:22:00,494] Epoch: 136, Dataset: val, Dice: 0.8806, IoU: 0.8147
[2026-09-15 05:22:11,033] Epoch: 137, Dataset: test, Dice: 0.9393, IoU: 0.8897
[2026-09-15 05:22:11,437] Epoch: 137, Dataset: val, Dice: 0.8822, IoU: 0.8168
[2026-09-15 05:22:23,016] Epoch: 138, Dataset: test, Dice: 0.9391, IoU: 0.8902
[2026-09-15 05:22:23,447] Epoch: 138, Dataset: val, Dice: 0.8882, IoU: 0.8250
[2026-09-15 05:22:34,519] Epoch: 139, Dataset: test, Dice: 0.9262, IoU: 0.8703
[2026-09-15 05:22:34,950] Epoch: 139, Dataset: val, Dice: 0.8776, IoU: 0.8125
[2026-09-15 05:22:46,552] Epoch: 140, Dataset: test, Dice: 0.9251, IoU: 0.8700
[2026-09-15 05:22:47,090] Epoch: 140, Dataset: val, Dice: 0.8813, IoU: 0.8149
[2026-09-15 05:22:58,280] Epoch: 141, Dataset: test, Dice: 0.9405, IoU: 0.8921
[2026-09-15 05:22:58,705] Epoch: 141, Dataset: val, Dice: 0.8830, IoU: 0.8196
[2026-09-15 05:23:10,260] Epoch: 142, Dataset: test, Dice: 0.9404, IoU: 0.8910
[2026-09-15 05:23:10,695] Epoch: 142, Dataset: val, Dice: 0.8848, IoU: 0.8211
[2026-09-15 05:23:21,730] Epoch: 143, Dataset: test, Dice: 0.9384, IoU: 0.8888
[2026-09-15 05:23:22,281] Epoch: 143, Dataset: val, Dice: 0.8785, IoU: 0.8129
[2026-09-15 05:23:33,972] Epoch: 144, Dataset: test, Dice: 0.9341, IoU: 0.8814
[2026-09-15 05:23:34,434] Epoch: 144, Dataset: val, Dice: 0.8760, IoU: 0.8072
[2026-09-15 05:23:46,002] Epoch: 145, Dataset: test, Dice: 0.9362, IoU: 0.8855
[2026-09-15 05:23:46,523] Epoch: 145, Dataset: val, Dice: 0.8771, IoU: 0.8081
[2026-09-15 05:23:57,697] Epoch: 146, Dataset: test, Dice: 0.9389, IoU: 0.8890
[2026-09-15 05:23:58,178] Epoch: 146, Dataset: val, Dice: 0.8877, IoU: 0.8245
[2026-09-15 05:24:10,035] Epoch: 147, Dataset: test, Dice: 0.9312, IoU: 0.8773
[2026-09-15 05:24:10,596] Epoch: 147, Dataset: val, Dice: 0.8813, IoU: 0.8161
[2026-09-15 05:24:21,776] Epoch: 148, Dataset: test, Dice: 0.9405, IoU: 0.8915
[2026-09-15 05:24:22,218] Epoch: 148, Dataset: val, Dice: 0.8900, IoU: 0.8275
[2026-09-15 05:24:32,730] Epoch: 149, Dataset: test, Dice: 0.9241, IoU: 0.8683
[2026-09-15 05:24:33,171] Epoch: 149, Dataset: val, Dice: 0.8818, IoU: 0.8181
[2026-09-15 05:24:44,250] Epoch: 150, Dataset: test, Dice: 0.9412, IoU: 0.8932
[2026-09-15 05:24:44,726] Epoch: 150, Dataset: val, Dice: 0.8801, IoU: 0.8151
[2026-09-15 05:24:56,320] Epoch: 151, Dataset: test, Dice: 0.9328, IoU: 0.8802
[2026-09-15 05:24:57,025] Epoch: 151, Dataset: val, Dice: 0.8840, IoU: 0.8160
[2026-09-15 05:25:08,296] Epoch: 152, Dataset: test, Dice: 0.9393, IoU: 0.8903
[2026-09-15 05:25:08,739] Epoch: 152, Dataset: val, Dice: 0.8883, IoU: 0.8271
[2026-09-15 05:25:19,504] Epoch: 153, Dataset: test, Dice: 0.9360, IoU: 0.8863
[2026-09-15 05:25:19,983] Epoch: 153, Dataset: val, Dice: 0.8859, IoU: 0.8241
[2026-09-15 05:25:31,803] Epoch: 154, Dataset: test, Dice: 0.9315, IoU: 0.8798
[2026-09-15 05:25:32,246] Epoch: 154, Dataset: val, Dice: 0.8909, IoU: 0.8279
[2026-09-15 05:25:32,246] ### Best Model Saved (Dice improved from 0.8906 to 0.8909) ###
[2026-09-15 05:25:43,031] Epoch: 155, Dataset: test, Dice: 0.9351, IoU: 0.8834
[2026-09-15 05:25:43,748] Epoch: 155, Dataset: val, Dice: 0.8812, IoU: 0.8164
[2026-09-15 05:25:55,309] Epoch: 156, Dataset: test, Dice: 0.9406, IoU: 0.8916
[2026-09-15 05:25:55,850] Epoch: 156, Dataset: val, Dice: 0.8900, IoU: 0.8297
[2026-09-15 05:26:07,344] Epoch: 157, Dataset: test, Dice: 0.9369, IoU: 0.8869
[2026-09-15 05:26:07,846] Epoch: 157, Dataset: val, Dice: 0.8862, IoU: 0.8248
[2026-09-15 05:26:18,949] Epoch: 158, Dataset: test, Dice: 0.9365, IoU: 0.8858
[2026-09-15 05:26:19,435] Epoch: 158, Dataset: val, Dice: 0.8802, IoU: 0.8129
[2026-09-15 05:26:30,754] Epoch: 159, Dataset: test, Dice: 0.9402, IoU: 0.8916
[2026-09-15 05:26:31,241] Epoch: 159, Dataset: val, Dice: 0.8885, IoU: 0.8259
[2026-09-15 05:26:42,755] Epoch: 160, Dataset: test, Dice: 0.9346, IoU: 0.8837
[2026-09-15 05:26:43,275] Epoch: 160, Dataset: val, Dice: 0.8759, IoU: 0.8094
[2026-09-15 05:26:54,639] Epoch: 161, Dataset: test, Dice: 0.9370, IoU: 0.8874
[2026-09-15 05:26:55,297] Epoch: 161, Dataset: val, Dice: 0.8851, IoU: 0.8228
[2026-09-15 05:27:07,186] Epoch: 162, Dataset: test, Dice: 0.9385, IoU: 0.8881
[2026-09-15 05:27:07,644] Epoch: 162, Dataset: val, Dice: 0.8830, IoU: 0.8199
[2026-09-15 05:27:19,521] Epoch: 163, Dataset: test, Dice: 0.9387, IoU: 0.8887
[2026-09-15 05:27:20,234] Epoch: 163, Dataset: val, Dice: 0.8805, IoU: 0.8158
[2026-09-15 05:27:31,555] Epoch: 164, Dataset: test, Dice: 0.9313, IoU: 0.8792
[2026-09-15 05:27:32,047] Epoch: 164, Dataset: val, Dice: 0.8864, IoU: 0.8233
[2026-09-15 05:27:43,488] Epoch: 165, Dataset: test, Dice: 0.9353, IoU: 0.8842
[2026-09-15 05:27:43,981] Epoch: 165, Dataset: val, Dice: 0.8824, IoU: 0.8189
[2026-09-15 05:27:55,241] Epoch: 166, Dataset: test, Dice: 0.9360, IoU: 0.8864
[2026-09-15 05:27:55,761] Epoch: 166, Dataset: val, Dice: 0.8878, IoU: 0.8261
[2026-09-15 05:28:06,406] Epoch: 167, Dataset: test, Dice: 0.9380, IoU: 0.8886
[2026-09-15 05:28:06,865] Epoch: 167, Dataset: val, Dice: 0.8882, IoU: 0.8271
[2026-09-15 05:28:17,579] Epoch: 168, Dataset: test, Dice: 0.9383, IoU: 0.8887
[2026-09-15 05:28:18,167] Epoch: 168, Dataset: val, Dice: 0.8850, IoU: 0.8209
[2026-09-15 05:28:29,255] Epoch: 169, Dataset: test, Dice: 0.9354, IoU: 0.8870
[2026-09-15 05:28:29,718] Epoch: 169, Dataset: val, Dice: 0.8853, IoU: 0.8217
[2026-09-15 05:28:41,302] Epoch: 170, Dataset: test, Dice: 0.9388, IoU: 0.8900
[2026-09-15 05:28:41,818] Epoch: 170, Dataset: val, Dice: 0.8901, IoU: 0.8305
[2026-09-15 05:28:53,508] Epoch: 171, Dataset: test, Dice: 0.9350, IoU: 0.8852
[2026-09-15 05:28:54,176] Epoch: 171, Dataset: val, Dice: 0.8860, IoU: 0.8236
[2026-09-15 05:29:05,777] Epoch: 172, Dataset: test, Dice: 0.9430, IoU: 0.8955
[2026-09-15 05:29:06,270] Epoch: 172, Dataset: val, Dice: 0.8809, IoU: 0.8161
[2026-09-15 05:29:17,640] Epoch: 173, Dataset: test, Dice: 0.9327, IoU: 0.8829
[2026-09-15 05:29:18,089] Epoch: 173, Dataset: val, Dice: 0.8880, IoU: 0.8263
[2026-09-15 05:29:28,244] Epoch: 174, Dataset: test, Dice: 0.9310, IoU: 0.8787
[2026-09-15 05:29:28,810] Epoch: 174, Dataset: val, Dice: 0.8682, IoU: 0.8003
[2026-09-15 05:29:40,739] Epoch: 175, Dataset: test, Dice: 0.9377, IoU: 0.8881
[2026-09-15 05:29:41,282] Epoch: 175, Dataset: val, Dice: 0.8892, IoU: 0.8282
[2026-09-15 05:29:52,876] Epoch: 176, Dataset: test, Dice: 0.9332, IoU: 0.8800
[2026-09-15 05:29:53,396] Epoch: 176, Dataset: val, Dice: 0.8855, IoU: 0.8231
[2026-09-15 05:30:05,479] Epoch: 177, Dataset: test, Dice: 0.9268, IoU: 0.8713
[2026-09-15 05:30:06,220] Epoch: 177, Dataset: val, Dice: 0.8731, IoU: 0.8082
[2026-09-15 05:30:18,083] Epoch: 178, Dataset: test, Dice: 0.9409, IoU: 0.8925
[2026-09-15 05:30:18,645] Epoch: 178, Dataset: val, Dice: 0.8876, IoU: 0.8262
[2026-09-15 05:30:30,215] Epoch: 179, Dataset: test, Dice: 0.9298, IoU: 0.8766
[2026-09-15 05:30:30,632] Epoch: 179, Dataset: val, Dice: 0.8831, IoU: 0.8189
[2026-09-15 05:30:42,112] Epoch: 180, Dataset: test, Dice: 0.9327, IoU: 0.8810
[2026-09-15 05:30:42,527] Epoch: 180, Dataset: val, Dice: 0.8899, IoU: 0.8296
[2026-09-15 05:30:52,591] Epoch: 181, Dataset: test, Dice: 0.9378, IoU: 0.8880
[2026-09-15 05:30:53,031] Epoch: 181, Dataset: val, Dice: 0.8787, IoU: 0.8122
[2026-09-15 05:31:04,670] Epoch: 182, Dataset: test, Dice: 0.9350, IoU: 0.8860
[2026-09-15 05:31:05,099] Epoch: 182, Dataset: val, Dice: 0.8884, IoU: 0.8265
[2026-09-15 05:31:16,220] Epoch: 183, Dataset: test, Dice: 0.9344, IoU: 0.8830
[2026-09-15 05:31:16,815] Epoch: 183, Dataset: val, Dice: 0.8834, IoU: 0.8191
[2026-09-15 05:31:28,836] Epoch: 184, Dataset: test, Dice: 0.9414, IoU: 0.8934
[2026-09-15 05:31:29,381] Epoch: 184, Dataset: val, Dice: 0.8891, IoU: 0.8281
[2026-09-15 05:31:40,456] Epoch: 185, Dataset: test, Dice: 0.9317, IoU: 0.8799
[2026-09-15 05:31:40,929] Epoch: 185, Dataset: val, Dice: 0.8884, IoU: 0.8267
[2026-09-15 05:31:51,911] Epoch: 186, Dataset: test, Dice: 0.9334, IoU: 0.8821
[2026-09-15 05:31:52,434] Epoch: 186, Dataset: val, Dice: 0.8878, IoU: 0.8276
[2026-09-15 05:32:03,174] Epoch: 187, Dataset: test, Dice: 0.9358, IoU: 0.8857
[2026-09-15 05:32:03,687] Epoch: 187, Dataset: val, Dice: 0.8878, IoU: 0.8256
[2026-09-15 05:32:13,455] Epoch: 188, Dataset: test, Dice: 0.9382, IoU: 0.8880
[2026-09-15 05:32:13,960] Epoch: 188, Dataset: val, Dice: 0.8837, IoU: 0.8206
[2026-09-15 05:32:25,340] Epoch: 189, Dataset: test, Dice: 0.9383, IoU: 0.8883
[2026-09-15 05:32:25,935] Epoch: 189, Dataset: val, Dice: 0.8864, IoU: 0.8238
[2026-09-15 05:32:37,556] Epoch: 190, Dataset: test, Dice: 0.9400, IoU: 0.8913
[2026-09-15 05:32:38,069] Epoch: 190, Dataset: val, Dice: 0.8880, IoU: 0.8265
[2026-09-15 05:32:49,433] Epoch: 191, Dataset: test, Dice: 0.9378, IoU: 0.8882
[2026-09-15 05:32:49,935] Epoch: 191, Dataset: val, Dice: 0.8865, IoU: 0.8253
[2026-09-15 05:33:01,452] Epoch: 192, Dataset: test, Dice: 0.9306, IoU: 0.8769
[2026-09-15 05:33:01,961] Epoch: 192, Dataset: val, Dice: 0.8712, IoU: 0.8073
[2026-09-15 05:33:11,789] Epoch: 193, Dataset: test, Dice: 0.9408, IoU: 0.8929
[2026-09-15 05:33:12,307] Epoch: 193, Dataset: val, Dice: 0.8882, IoU: 0.8271
[2026-09-15 05:33:24,017] Epoch: 194, Dataset: test, Dice: 0.9337, IoU: 0.8821
[2026-09-15 05:33:24,596] Epoch: 194, Dataset: val, Dice: 0.8841, IoU: 0.8204
[2026-09-15 05:33:36,318] Epoch: 195, Dataset: test, Dice: 0.9372, IoU: 0.8873
[2026-09-15 05:33:36,776] Epoch: 195, Dataset: val, Dice: 0.8851, IoU: 0.8226
[2026-09-15 05:33:47,968] Epoch: 196, Dataset: test, Dice: 0.9374, IoU: 0.8882
[2026-09-15 05:33:48,394] Epoch: 196, Dataset: val, Dice: 0.8851, IoU: 0.8231
[2026-09-15 05:33:59,167] Epoch: 197, Dataset: test, Dice: 0.9370, IoU: 0.8881
[2026-09-15 05:33:59,613] Epoch: 197, Dataset: val, Dice: 0.8850, IoU: 0.8226
[2026-09-15 05:34:11,108] Epoch: 198, Dataset: test, Dice: 0.9371, IoU: 0.8871
[2026-09-15 05:34:11,728] Epoch: 198, Dataset: val, Dice: 0.8874, IoU: 0.8249
[2026-09-15 05:34:23,645] Epoch: 199, Dataset: test, Dice: 0.9400, IoU: 0.8923
[2026-09-15 05:34:24,125] Epoch: 199, Dataset: val, Dice: 0.8844, IoU: 0.8215
[2026-09-15 05:34:36,405] Epoch: 200, Dataset: test, Dice: 0.9364, IoU: 0.8878
[2026-09-15 05:34:36,939] Epoch: 200, Dataset: val, Dice: 0.8869, IoU: 0.8248
[2026-09-15 05:34:36,941] 
========================================
FINAL RESULTS: ClinicDB_MK_UNet_bs8_lr0.0005_e200_augTrue_run1_t045519
Best Val Dice: 0.8909
Test Dice at Best Val: 0.9315
Total Train Time: 2126.69s
========================================
