[2026-09-15 14:51:28,350] flops: 0.619251354, params: 0.315566, Total params: : 0.3156
[2026-09-15 14:51:36,980] Epoch: 1, Dataset: test, Dice: 0.2555, IoU: 0.1637
[2026-09-15 14:51:37,492] Epoch: 1, Dataset: val, Dice: 0.2665, IoU: 0.1743
[2026-09-15 14:51:37,493] ### Best Model Saved (Dice improved from 0.0000 to 0.2665) ###
[2026-09-15 14:51:46,069] Epoch: 2, Dataset: test, Dice: 0.1435, IoU: 0.0859
[2026-09-15 14:51:46,582] Epoch: 2, Dataset: val, Dice: 0.0796, IoU: 0.0456
[2026-09-15 14:51:55,457] Epoch: 3, Dataset: test, Dice: 0.2467, IoU: 0.1638
[2026-09-15 14:51:55,914] Epoch: 3, Dataset: val, Dice: 0.2409, IoU: 0.1631
[2026-09-15 14:52:04,201] Epoch: 4, Dataset: test, Dice: 0.2936, IoU: 0.1916
[2026-09-15 14:52:04,659] Epoch: 4, Dataset: val, Dice: 0.2469, IoU: 0.1590
[2026-09-15 14:52:13,384] Epoch: 5, Dataset: test, Dice: 0.3967, IoU: 0.2852
[2026-09-15 14:52:13,877] Epoch: 5, Dataset: val, Dice: 0.3354, IoU: 0.2356
[2026-09-15 14:52:13,878] ### Best Model Saved (Dice improved from 0.2665 to 0.3354) ###
[2026-09-15 14:52:22,731] Epoch: 6, Dataset: test, Dice: 0.3024, IoU: 0.2033
[2026-09-15 14:52:23,224] Epoch: 6, Dataset: val, Dice: 0.1906, IoU: 0.1231
[2026-09-15 14:52:31,871] Epoch: 7, Dataset: test, Dice: 0.3315, IoU: 0.2233
[2026-09-15 14:52:32,317] Epoch: 7, Dataset: val, Dice: 0.2882, IoU: 0.1974
[2026-09-15 14:52:40,474] Epoch: 8, Dataset: test, Dice: 0.4334, IoU: 0.3237
[2026-09-15 14:52:40,970] Epoch: 8, Dataset: val, Dice: 0.3448, IoU: 0.2467
[2026-09-15 14:52:40,970] ### Best Model Saved (Dice improved from 0.3354 to 0.3448) ###
[2026-09-15 14:52:48,803] Epoch: 9, Dataset: test, Dice: 0.2214, IoU: 0.1461
[2026-09-15 14:52:49,282] Epoch: 9, Dataset: val, Dice: 0.2292, IoU: 0.1506
[2026-09-15 14:52:57,220] Epoch: 10, Dataset: test, Dice: 0.3873, IoU: 0.2785
[2026-09-15 14:52:57,684] Epoch: 10, Dataset: val, Dice: 0.3353, IoU: 0.2381
[2026-09-15 14:53:05,745] Epoch: 11, Dataset: test, Dice: 0.4293, IoU: 0.3255
[2026-09-15 14:53:06,240] Epoch: 11, Dataset: val, Dice: 0.3415, IoU: 0.2402
[2026-09-15 14:53:14,898] Epoch: 12, Dataset: test, Dice: 0.4484, IoU: 0.3374
[2026-09-15 14:53:15,500] Epoch: 12, Dataset: val, Dice: 0.3685, IoU: 0.2682
[2026-09-15 14:53:15,500] ### Best Model Saved (Dice improved from 0.3448 to 0.3685) ###
[2026-09-15 14:53:24,433] Epoch: 13, Dataset: test, Dice: 0.4686, IoU: 0.3470
[2026-09-15 14:53:24,926] Epoch: 13, Dataset: val, Dice: 0.4120, IoU: 0.3092
[2026-09-15 14:53:24,927] ### Best Model Saved (Dice improved from 0.3685 to 0.4120) ###
[2026-09-15 14:53:33,785] Epoch: 14, Dataset: test, Dice: 0.5207, IoU: 0.4139
[2026-09-15 14:53:34,285] Epoch: 14, Dataset: val, Dice: 0.4678, IoU: 0.3709
[2026-09-15 14:53:34,285] ### Best Model Saved (Dice improved from 0.4120 to 0.4678) ###
[2026-09-15 14:53:42,959] Epoch: 15, Dataset: test, Dice: 0.4740, IoU: 0.3597
[2026-09-15 14:53:43,489] Epoch: 15, Dataset: val, Dice: 0.3386, IoU: 0.2561
[2026-09-15 14:53:52,531] Epoch: 16, Dataset: test, Dice: 0.5686, IoU: 0.4619
[2026-09-15 14:53:52,958] Epoch: 16, Dataset: val, Dice: 0.4394, IoU: 0.3415
[2026-09-15 14:54:01,579] Epoch: 17, Dataset: test, Dice: 0.4983, IoU: 0.3774
[2026-09-15 14:54:02,095] Epoch: 17, Dataset: val, Dice: 0.3938, IoU: 0.2950
[2026-09-15 14:54:10,854] Epoch: 18, Dataset: test, Dice: 0.5673, IoU: 0.4749
[2026-09-15 14:54:11,335] Epoch: 18, Dataset: val, Dice: 0.4239, IoU: 0.3404
[2026-09-15 14:54:19,905] Epoch: 19, Dataset: test, Dice: 0.5966, IoU: 0.5030
[2026-09-15 14:54:20,529] Epoch: 19, Dataset: val, Dice: 0.5046, IoU: 0.4097
[2026-09-15 14:54:20,529] ### Best Model Saved (Dice improved from 0.4678 to 0.5046) ###
[2026-09-15 14:54:29,367] Epoch: 20, Dataset: test, Dice: 0.6364, IoU: 0.5364
[2026-09-15 14:54:29,862] Epoch: 20, Dataset: val, Dice: 0.5505, IoU: 0.4496
[2026-09-15 14:54:29,863] ### Best Model Saved (Dice improved from 0.5046 to 0.5505) ###
[2026-09-15 14:54:38,396] Epoch: 21, Dataset: test, Dice: 0.6276, IoU: 0.5359
[2026-09-15 14:54:38,903] Epoch: 21, Dataset: val, Dice: 0.5701, IoU: 0.4725
[2026-09-15 14:54:38,903] ### Best Model Saved (Dice improved from 0.5505 to 0.5701) ###
[2026-09-15 14:54:47,599] Epoch: 22, Dataset: test, Dice: 0.6641, IoU: 0.5589
[2026-09-15 14:54:48,075] Epoch: 22, Dataset: val, Dice: 0.5636, IoU: 0.4526
[2026-09-15 14:54:56,748] Epoch: 23, Dataset: test, Dice: 0.6045, IoU: 0.5159
[2026-09-15 14:54:57,211] Epoch: 23, Dataset: val, Dice: 0.5498, IoU: 0.4747
[2026-09-15 14:55:05,831] Epoch: 24, Dataset: test, Dice: 0.6667, IoU: 0.5670
[2026-09-15 14:55:06,331] Epoch: 24, Dataset: val, Dice: 0.5686, IoU: 0.4752
[2026-09-15 14:55:14,795] Epoch: 25, Dataset: test, Dice: 0.7124, IoU: 0.5988
[2026-09-15 14:55:15,286] Epoch: 25, Dataset: val, Dice: 0.6187, IoU: 0.5001
[2026-09-15 14:55:15,286] ### Best Model Saved (Dice improved from 0.5701 to 0.6187) ###
[2026-09-15 14:55:23,481] Epoch: 26, Dataset: test, Dice: 0.7309, IoU: 0.6208
[2026-09-15 14:55:24,016] Epoch: 26, Dataset: val, Dice: 0.6698, IoU: 0.5833
[2026-09-15 14:55:24,016] ### Best Model Saved (Dice improved from 0.6187 to 0.6698) ###
[2026-09-15 14:55:32,189] Epoch: 27, Dataset: test, Dice: 0.5415, IoU: 0.4434
[2026-09-15 14:55:32,752] Epoch: 27, Dataset: val, Dice: 0.5099, IoU: 0.4279
[2026-09-15 14:55:40,835] Epoch: 28, Dataset: test, Dice: 0.6656, IoU: 0.5606
[2026-09-15 14:55:41,259] Epoch: 28, Dataset: val, Dice: 0.5773, IoU: 0.4749
[2026-09-15 14:55:50,014] Epoch: 29, Dataset: test, Dice: 0.7391, IoU: 0.6399
[2026-09-15 14:55:50,512] Epoch: 29, Dataset: val, Dice: 0.6161, IoU: 0.5201
[2026-09-15 14:55:59,169] Epoch: 30, Dataset: test, Dice: 0.7607, IoU: 0.6597
[2026-09-15 14:55:59,777] Epoch: 30, Dataset: val, Dice: 0.6886, IoU: 0.6004
[2026-09-15 14:55:59,778] ### Best Model Saved (Dice improved from 0.6698 to 0.6886) ###
[2026-09-15 14:56:08,720] Epoch: 31, Dataset: test, Dice: 0.6822, IoU: 0.5727
[2026-09-15 14:56:09,257] Epoch: 31, Dataset: val, Dice: 0.6023, IoU: 0.5175
[2026-09-15 14:56:17,274] Epoch: 32, Dataset: test, Dice: 0.7881, IoU: 0.6906
[2026-09-15 14:56:17,808] Epoch: 32, Dataset: val, Dice: 0.6827, IoU: 0.5949
[2026-09-15 14:56:26,389] Epoch: 33, Dataset: test, Dice: 0.5430, IoU: 0.4359
[2026-09-15 14:56:27,006] Epoch: 33, Dataset: val, Dice: 0.5034, IoU: 0.4104
[2026-09-15 14:56:35,699] Epoch: 34, Dataset: test, Dice: 0.7031, IoU: 0.6265
[2026-09-15 14:56:36,173] Epoch: 34, Dataset: val, Dice: 0.6491, IoU: 0.5692
[2026-09-15 14:56:44,195] Epoch: 35, Dataset: test, Dice: 0.7810, IoU: 0.6941
[2026-09-15 14:56:44,668] Epoch: 35, Dataset: val, Dice: 0.7046, IoU: 0.6214
[2026-09-15 14:56:44,669] ### Best Model Saved (Dice improved from 0.6886 to 0.7046) ###
[2026-09-15 14:56:52,555] Epoch: 36, Dataset: test, Dice: 0.7579, IoU: 0.6660
[2026-09-15 14:56:52,976] Epoch: 36, Dataset: val, Dice: 0.7080, IoU: 0.6214
[2026-09-15 14:56:52,976] ### Best Model Saved (Dice improved from 0.7046 to 0.7080) ###
[2026-09-15 14:57:00,825] Epoch: 37, Dataset: test, Dice: 0.7875, IoU: 0.6940
[2026-09-15 14:57:01,255] Epoch: 37, Dataset: val, Dice: 0.7322, IoU: 0.6460
[2026-09-15 14:57:01,255] ### Best Model Saved (Dice improved from 0.7080 to 0.7322) ###
[2026-09-15 14:57:09,588] Epoch: 38, Dataset: test, Dice: 0.7415, IoU: 0.6433
[2026-09-15 14:57:10,057] Epoch: 38, Dataset: val, Dice: 0.6306, IoU: 0.5412
[2026-09-15 14:57:18,393] Epoch: 39, Dataset: test, Dice: 0.8216, IoU: 0.7321
[2026-09-15 14:57:18,842] Epoch: 39, Dataset: val, Dice: 0.7577, IoU: 0.6740
[2026-09-15 14:57:18,842] ### Best Model Saved (Dice improved from 0.7322 to 0.7577) ###
[2026-09-15 14:57:26,700] Epoch: 40, Dataset: test, Dice: 0.7598, IoU: 0.6671
[2026-09-15 14:57:27,145] Epoch: 40, Dataset: val, Dice: 0.7370, IoU: 0.6495
[2026-09-15 14:57:35,253] Epoch: 41, Dataset: test, Dice: 0.7689, IoU: 0.6854
[2026-09-15 14:57:35,728] Epoch: 41, Dataset: val, Dice: 0.7004, IoU: 0.6135
[2026-09-15 14:57:43,890] Epoch: 42, Dataset: test, Dice: 0.7980, IoU: 0.7000
[2026-09-15 14:57:44,310] Epoch: 42, Dataset: val, Dice: 0.7739, IoU: 0.6858
[2026-09-15 14:57:44,310] ### Best Model Saved (Dice improved from 0.7577 to 0.7739) ###
[2026-09-15 14:57:52,543] Epoch: 43, Dataset: test, Dice: 0.7714, IoU: 0.6763
[2026-09-15 14:57:53,016] Epoch: 43, Dataset: val, Dice: 0.7442, IoU: 0.6578
[2026-09-15 14:58:00,987] Epoch: 44, Dataset: test, Dice: 0.8182, IoU: 0.7292
[2026-09-15 14:58:01,349] Epoch: 44, Dataset: val, Dice: 0.7520, IoU: 0.6573
[2026-09-15 14:58:09,375] Epoch: 45, Dataset: test, Dice: 0.7789, IoU: 0.6847
[2026-09-15 14:58:09,896] Epoch: 45, Dataset: val, Dice: 0.7840, IoU: 0.6997
[2026-09-15 14:58:09,896] ### Best Model Saved (Dice improved from 0.7739 to 0.7840) ###
[2026-09-15 14:58:18,676] Epoch: 46, Dataset: test, Dice: 0.7573, IoU: 0.6660
[2026-09-15 14:58:19,195] Epoch: 46, Dataset: val, Dice: 0.7233, IoU: 0.6276
[2026-09-15 14:58:27,829] Epoch: 47, Dataset: test, Dice: 0.7887, IoU: 0.7016
[2026-09-15 14:58:28,309] Epoch: 47, Dataset: val, Dice: 0.7614, IoU: 0.6864
[2026-09-15 14:58:36,929] Epoch: 48, Dataset: test, Dice: 0.7914, IoU: 0.7011
[2026-09-15 14:58:37,436] Epoch: 48, Dataset: val, Dice: 0.7400, IoU: 0.6545
[2026-09-15 14:58:46,021] Epoch: 49, Dataset: test, Dice: 0.8226, IoU: 0.7367
[2026-09-15 14:58:46,503] Epoch: 49, Dataset: val, Dice: 0.7764, IoU: 0.6947
[2026-09-15 14:58:55,364] Epoch: 50, Dataset: test, Dice: 0.7728, IoU: 0.6858
[2026-09-15 14:58:55,783] Epoch: 50, Dataset: val, Dice: 0.6766, IoU: 0.5914
[2026-09-15 14:59:04,501] Epoch: 51, Dataset: test, Dice: 0.7731, IoU: 0.6883
[2026-09-15 14:59:04,988] Epoch: 51, Dataset: val, Dice: 0.7436, IoU: 0.6611
[2026-09-15 14:59:13,680] Epoch: 52, Dataset: test, Dice: 0.7647, IoU: 0.6663
[2026-09-15 14:59:14,167] Epoch: 52, Dataset: val, Dice: 0.7507, IoU: 0.6559
[2026-09-15 14:59:22,766] Epoch: 53, Dataset: test, Dice: 0.8173, IoU: 0.7398
[2026-09-15 14:59:23,226] Epoch: 53, Dataset: val, Dice: 0.7911, IoU: 0.7084
[2026-09-15 14:59:23,226] ### Best Model Saved (Dice improved from 0.7840 to 0.7911) ###
[2026-09-15 14:59:31,832] Epoch: 54, Dataset: test, Dice: 0.8080, IoU: 0.7154
[2026-09-15 14:59:32,312] Epoch: 54, Dataset: val, Dice: 0.7189, IoU: 0.6414
[2026-09-15 14:59:40,564] Epoch: 55, Dataset: test, Dice: 0.8355, IoU: 0.7504
[2026-09-15 14:59:41,134] Epoch: 55, Dataset: val, Dice: 0.7497, IoU: 0.6671
[2026-09-15 14:59:50,007] Epoch: 56, Dataset: test, Dice: 0.8165, IoU: 0.7336
[2026-09-15 14:59:50,471] Epoch: 56, Dataset: val, Dice: 0.7686, IoU: 0.6853
[2026-09-15 14:59:59,156] Epoch: 57, Dataset: test, Dice: 0.8022, IoU: 0.7184
[2026-09-15 14:59:59,620] Epoch: 57, Dataset: val, Dice: 0.7710, IoU: 0.6894
[2026-09-15 15:00:08,082] Epoch: 58, Dataset: test, Dice: 0.8175, IoU: 0.7327
[2026-09-15 15:00:08,645] Epoch: 58, Dataset: val, Dice: 0.8027, IoU: 0.7236
[2026-09-15 15:00:08,646] ### Best Model Saved (Dice improved from 0.7911 to 0.8027) ###
[2026-09-15 15:00:16,808] Epoch: 59, Dataset: test, Dice: 0.8458, IoU: 0.7654
[2026-09-15 15:00:17,370] Epoch: 59, Dataset: val, Dice: 0.8094, IoU: 0.7266
[2026-09-15 15:00:17,370] ### Best Model Saved (Dice improved from 0.8027 to 0.8094) ###
[2026-09-15 15:00:25,514] Epoch: 60, Dataset: test, Dice: 0.8062, IoU: 0.7213
[2026-09-15 15:00:26,022] Epoch: 60, Dataset: val, Dice: 0.7813, IoU: 0.7053
[2026-09-15 15:00:34,155] Epoch: 61, Dataset: test, Dice: 0.8293, IoU: 0.7422
[2026-09-15 15:00:34,589] Epoch: 61, Dataset: val, Dice: 0.7854, IoU: 0.7040
[2026-09-15 15:00:42,612] Epoch: 62, Dataset: test, Dice: 0.8063, IoU: 0.7241
[2026-09-15 15:00:43,039] Epoch: 62, Dataset: val, Dice: 0.8202, IoU: 0.7391
[2026-09-15 15:00:43,039] ### Best Model Saved (Dice improved from 0.8094 to 0.8202) ###
[2026-09-15 15:00:51,880] Epoch: 63, Dataset: test, Dice: 0.7756, IoU: 0.6785
[2026-09-15 15:00:52,342] Epoch: 63, Dataset: val, Dice: 0.7488, IoU: 0.6545
[2026-09-15 15:01:01,000] Epoch: 64, Dataset: test, Dice: 0.8373, IoU: 0.7579
[2026-09-15 15:01:01,463] Epoch: 64, Dataset: val, Dice: 0.8300, IoU: 0.7489
[2026-09-15 15:01:01,463] ### Best Model Saved (Dice improved from 0.8202 to 0.8300) ###
[2026-09-15 15:01:10,025] Epoch: 65, Dataset: test, Dice: 0.8545, IoU: 0.7693
[2026-09-15 15:01:10,491] Epoch: 65, Dataset: val, Dice: 0.8304, IoU: 0.7496
[2026-09-15 15:01:10,492] ### Best Model Saved (Dice improved from 0.8300 to 0.8304) ###
[2026-09-15 15:01:19,227] Epoch: 66, Dataset: test, Dice: 0.8533, IoU: 0.7661
[2026-09-15 15:01:19,747] Epoch: 66, Dataset: val, Dice: 0.8411, IoU: 0.7580
[2026-09-15 15:01:19,747] ### Best Model Saved (Dice improved from 0.8304 to 0.8411) ###
[2026-09-15 15:01:28,364] Epoch: 67, Dataset: test, Dice: 0.8582, IoU: 0.7733
[2026-09-15 15:01:28,846] Epoch: 67, Dataset: val, Dice: 0.8341, IoU: 0.7558
[2026-09-15 15:01:37,547] Epoch: 68, Dataset: test, Dice: 0.8125, IoU: 0.7236
[2026-09-15 15:01:38,105] Epoch: 68, Dataset: val, Dice: 0.8398, IoU: 0.7654
[2026-09-15 15:01:47,041] Epoch: 69, Dataset: test, Dice: 0.8420, IoU: 0.7571
[2026-09-15 15:01:47,454] Epoch: 69, Dataset: val, Dice: 0.8227, IoU: 0.7407
[2026-09-15 15:01:55,381] Epoch: 70, Dataset: test, Dice: 0.8483, IoU: 0.7659
[2026-09-15 15:01:55,828] Epoch: 70, Dataset: val, Dice: 0.8058, IoU: 0.7236
[2026-09-15 15:02:03,959] Epoch: 71, Dataset: test, Dice: 0.8756, IoU: 0.7985
[2026-09-15 15:02:04,395] Epoch: 71, Dataset: val, Dice: 0.8184, IoU: 0.7327
[2026-09-15 15:02:12,695] Epoch: 72, Dataset: test, Dice: 0.8414, IoU: 0.7678
[2026-09-15 15:02:13,143] Epoch: 72, Dataset: val, Dice: 0.8035, IoU: 0.7249
[2026-09-15 15:02:21,960] Epoch: 73, Dataset: test, Dice: 0.8795, IoU: 0.8011
[2026-09-15 15:02:22,527] Epoch: 73, Dataset: val, Dice: 0.8362, IoU: 0.7670
[2026-09-15 15:02:31,531] Epoch: 74, Dataset: test, Dice: 0.8620, IoU: 0.7874
[2026-09-15 15:02:32,122] Epoch: 74, Dataset: val, Dice: 0.7662, IoU: 0.6879
[2026-09-15 15:02:40,560] Epoch: 75, Dataset: test, Dice: 0.8729, IoU: 0.7959
[2026-09-15 15:02:41,081] Epoch: 75, Dataset: val, Dice: 0.8282, IoU: 0.7490
[2026-09-15 15:02:49,813] Epoch: 76, Dataset: test, Dice: 0.8649, IoU: 0.7866
[2026-09-15 15:02:50,306] Epoch: 76, Dataset: val, Dice: 0.8094, IoU: 0.7227
[2026-09-15 15:02:59,040] Epoch: 77, Dataset: test, Dice: 0.8717, IoU: 0.7932
[2026-09-15 15:02:59,529] Epoch: 77, Dataset: val, Dice: 0.8279, IoU: 0.7431
[2026-09-15 15:03:07,968] Epoch: 78, Dataset: test, Dice: 0.8550, IoU: 0.7770
[2026-09-15 15:03:08,504] Epoch: 78, Dataset: val, Dice: 0.7737, IoU: 0.6966
[2026-09-15 15:03:17,010] Epoch: 79, Dataset: test, Dice: 0.8490, IoU: 0.7720
[2026-09-15 15:03:17,524] Epoch: 79, Dataset: val, Dice: 0.8426, IoU: 0.7632
[2026-09-15 15:03:17,525] ### Best Model Saved (Dice improved from 0.8411 to 0.8426) ###
[2026-09-15 15:03:26,469] Epoch: 80, Dataset: test, Dice: 0.8622, IoU: 0.7855
[2026-09-15 15:03:26,993] Epoch: 80, Dataset: val, Dice: 0.8542, IoU: 0.7754
[2026-09-15 15:03:26,993] ### Best Model Saved (Dice improved from 0.8426 to 0.8542) ###
[2026-09-15 15:03:35,877] Epoch: 81, Dataset: test, Dice: 0.8511, IoU: 0.7700
[2026-09-15 15:03:36,399] Epoch: 81, Dataset: val, Dice: 0.8498, IoU: 0.7699
[2026-09-15 15:03:44,898] Epoch: 82, Dataset: test, Dice: 0.8722, IoU: 0.7910
[2026-09-15 15:03:45,391] Epoch: 82, Dataset: val, Dice: 0.8604, IoU: 0.7840
[2026-09-15 15:03:45,391] ### Best Model Saved (Dice improved from 0.8542 to 0.8604) ###
[2026-09-15 15:03:53,703] Epoch: 83, Dataset: test, Dice: 0.8620, IoU: 0.7859
[2026-09-15 15:03:54,173] Epoch: 83, Dataset: val, Dice: 0.8648, IoU: 0.7926
[2026-09-15 15:03:54,173] ### Best Model Saved (Dice improved from 0.8604 to 0.8648) ###
[2026-09-15 15:04:02,204] Epoch: 84, Dataset: test, Dice: 0.8638, IoU: 0.7834
[2026-09-15 15:04:02,727] Epoch: 84, Dataset: val, Dice: 0.8570, IoU: 0.7804
[2026-09-15 15:04:11,256] Epoch: 85, Dataset: test, Dice: 0.8650, IoU: 0.7809
[2026-09-15 15:04:11,743] Epoch: 85, Dataset: val, Dice: 0.8537, IoU: 0.7725
[2026-09-15 15:04:20,299] Epoch: 86, Dataset: test, Dice: 0.8760, IoU: 0.8006
[2026-09-15 15:04:20,801] Epoch: 86, Dataset: val, Dice: 0.8596, IoU: 0.7853
[2026-09-15 15:04:29,629] Epoch: 87, Dataset: test, Dice: 0.8915, IoU: 0.8168
[2026-09-15 15:04:30,164] Epoch: 87, Dataset: val, Dice: 0.8723, IoU: 0.7976
[2026-09-15 15:04:30,164] ### Best Model Saved (Dice improved from 0.8648 to 0.8723) ###
[2026-09-15 15:04:38,839] Epoch: 88, Dataset: test, Dice: 0.8678, IoU: 0.7892
[2026-09-15 15:04:39,350] Epoch: 88, Dataset: val, Dice: 0.8634, IoU: 0.7871
[2026-09-15 15:04:47,995] Epoch: 89, Dataset: test, Dice: 0.8752, IoU: 0.8006
[2026-09-15 15:04:48,464] Epoch: 89, Dataset: val, Dice: 0.8523, IoU: 0.7733
[2026-09-15 15:04:57,249] Epoch: 90, Dataset: test, Dice: 0.8745, IoU: 0.7977
[2026-09-15 15:04:57,837] Epoch: 90, Dataset: val, Dice: 0.8641, IoU: 0.7870
[2026-09-15 15:05:06,549] Epoch: 91, Dataset: test, Dice: 0.8668, IoU: 0.7909
[2026-09-15 15:05:07,036] Epoch: 91, Dataset: val, Dice: 0.8568, IoU: 0.7817
[2026-09-15 15:05:15,667] Epoch: 92, Dataset: test, Dice: 0.8867, IoU: 0.8099
[2026-09-15 15:05:16,137] Epoch: 92, Dataset: val, Dice: 0.8597, IoU: 0.7829
[2026-09-15 15:05:24,634] Epoch: 93, Dataset: test, Dice: 0.8834, IoU: 0.8069
[2026-09-15 15:05:25,077] Epoch: 93, Dataset: val, Dice: 0.8663, IoU: 0.7914
[2026-09-15 15:05:32,953] Epoch: 94, Dataset: test, Dice: 0.8875, IoU: 0.8151
[2026-09-15 15:05:33,419] Epoch: 94, Dataset: val, Dice: 0.8688, IoU: 0.7948
[2026-09-15 15:05:41,193] Epoch: 95, Dataset: test, Dice: 0.8793, IoU: 0.8027
[2026-09-15 15:05:41,635] Epoch: 95, Dataset: val, Dice: 0.8609, IoU: 0.7845
[2026-09-15 15:05:49,572] Epoch: 96, Dataset: test, Dice: 0.8805, IoU: 0.8014
[2026-09-15 15:05:50,057] Epoch: 96, Dataset: val, Dice: 0.8698, IoU: 0.7968
[2026-09-15 15:05:58,597] Epoch: 97, Dataset: test, Dice: 0.8926, IoU: 0.8201
[2026-09-15 15:05:59,060] Epoch: 97, Dataset: val, Dice: 0.8743, IoU: 0.8036
[2026-09-15 15:05:59,060] ### Best Model Saved (Dice improved from 0.8723 to 0.8743) ###
[2026-09-15 15:06:07,353] Epoch: 98, Dataset: test, Dice: 0.8877, IoU: 0.8156
[2026-09-15 15:06:07,848] Epoch: 98, Dataset: val, Dice: 0.8526, IoU: 0.7784
[2026-09-15 15:06:16,531] Epoch: 99, Dataset: test, Dice: 0.8942, IoU: 0.8199
[2026-09-15 15:06:17,099] Epoch: 99, Dataset: val, Dice: 0.8702, IoU: 0.7979
[2026-09-15 15:06:25,791] Epoch: 100, Dataset: test, Dice: 0.8968, IoU: 0.8297
[2026-09-15 15:06:26,323] Epoch: 100, Dataset: val, Dice: 0.8654, IoU: 0.7956
[2026-09-15 15:06:35,061] Epoch: 101, Dataset: test, Dice: 0.8721, IoU: 0.7939
[2026-09-15 15:06:35,683] Epoch: 101, Dataset: val, Dice: 0.8572, IoU: 0.7821
[2026-09-15 15:06:44,503] Epoch: 102, Dataset: test, Dice: 0.8845, IoU: 0.8103
[2026-09-15 15:06:45,090] Epoch: 102, Dataset: val, Dice: 0.8797, IoU: 0.8110
[2026-09-15 15:06:45,090] ### Best Model Saved (Dice improved from 0.8743 to 0.8797) ###
[2026-09-15 15:06:53,848] Epoch: 103, Dataset: test, Dice: 0.8781, IoU: 0.7985
[2026-09-15 15:06:54,298] Epoch: 103, Dataset: val, Dice: 0.8778, IoU: 0.8083
[2026-09-15 15:07:02,869] Epoch: 104, Dataset: test, Dice: 0.8867, IoU: 0.8166
[2026-09-15 15:07:03,414] Epoch: 104, Dataset: val, Dice: 0.8658, IoU: 0.7923
[2026-09-15 15:07:11,554] Epoch: 105, Dataset: test, Dice: 0.8453, IoU: 0.7702
[2026-09-15 15:07:12,082] Epoch: 105, Dataset: val, Dice: 0.8746, IoU: 0.8041
[2026-09-15 15:07:20,874] Epoch: 106, Dataset: test, Dice: 0.8508, IoU: 0.7751
[2026-09-15 15:07:21,507] Epoch: 106, Dataset: val, Dice: 0.8600, IoU: 0.7853
[2026-09-15 15:07:30,105] Epoch: 107, Dataset: test, Dice: 0.8730, IoU: 0.7969
[2026-09-15 15:07:30,643] Epoch: 107, Dataset: val, Dice: 0.8645, IoU: 0.7889
[2026-09-15 15:07:39,524] Epoch: 108, Dataset: test, Dice: 0.8729, IoU: 0.7974
[2026-09-15 15:07:40,031] Epoch: 108, Dataset: val, Dice: 0.8774, IoU: 0.8077
[2026-09-15 15:07:48,957] Epoch: 109, Dataset: test, Dice: 0.8636, IoU: 0.7852
[2026-09-15 15:07:49,362] Epoch: 109, Dataset: val, Dice: 0.8716, IoU: 0.8008
[2026-09-15 15:07:58,063] Epoch: 110, Dataset: test, Dice: 0.8828, IoU: 0.8095
[2026-09-15 15:07:58,525] Epoch: 110, Dataset: val, Dice: 0.8763, IoU: 0.8062
[2026-09-15 15:08:07,158] Epoch: 111, Dataset: test, Dice: 0.8793, IoU: 0.8059
[2026-09-15 15:08:07,682] Epoch: 111, Dataset: val, Dice: 0.8565, IoU: 0.7809
[2026-09-15 15:08:16,546] Epoch: 112, Dataset: test, Dice: 0.8801, IoU: 0.8075
[2026-09-15 15:08:17,057] Epoch: 112, Dataset: val, Dice: 0.8697, IoU: 0.7956
[2026-09-15 15:08:25,854] Epoch: 113, Dataset: test, Dice: 0.8795, IoU: 0.8026
[2026-09-15 15:08:26,274] Epoch: 113, Dataset: val, Dice: 0.8644, IoU: 0.7897
[2026-09-15 15:08:34,820] Epoch: 114, Dataset: test, Dice: 0.8721, IoU: 0.7934
[2026-09-15 15:08:35,280] Epoch: 114, Dataset: val, Dice: 0.8618, IoU: 0.7861
[2026-09-15 15:08:44,238] Epoch: 115, Dataset: test, Dice: 0.8912, IoU: 0.8188
[2026-09-15 15:08:44,690] Epoch: 115, Dataset: val, Dice: 0.8713, IoU: 0.8011
[2026-09-15 15:08:53,318] Epoch: 116, Dataset: test, Dice: 0.9058, IoU: 0.8377
[2026-09-15 15:08:53,801] Epoch: 116, Dataset: val, Dice: 0.8752, IoU: 0.8037
[2026-09-15 15:09:02,563] Epoch: 117, Dataset: test, Dice: 0.8912, IoU: 0.8216
[2026-09-15 15:09:03,033] Epoch: 117, Dataset: val, Dice: 0.8770, IoU: 0.8079
[2026-09-15 15:09:10,861] Epoch: 118, Dataset: test, Dice: 0.8930, IoU: 0.8187
[2026-09-15 15:09:11,348] Epoch: 118, Dataset: val, Dice: 0.8765, IoU: 0.8077
[2026-09-15 15:09:19,285] Epoch: 119, Dataset: test, Dice: 0.8617, IoU: 0.7868
[2026-09-15 15:09:19,767] Epoch: 119, Dataset: val, Dice: 0.8687, IoU: 0.7974
[2026-09-15 15:09:28,010] Epoch: 120, Dataset: test, Dice: 0.8641, IoU: 0.7884
[2026-09-15 15:09:28,504] Epoch: 120, Dataset: val, Dice: 0.8679, IoU: 0.7940
[2026-09-15 15:09:36,822] Epoch: 121, Dataset: test, Dice: 0.8901, IoU: 0.8186
[2026-09-15 15:09:37,246] Epoch: 121, Dataset: val, Dice: 0.8784, IoU: 0.8098
[2026-09-15 15:09:46,060] Epoch: 122, Dataset: test, Dice: 0.8857, IoU: 0.8107
[2026-09-15 15:09:46,533] Epoch: 122, Dataset: val, Dice: 0.8732, IoU: 0.8027
[2026-09-15 15:09:55,441] Epoch: 123, Dataset: test, Dice: 0.8832, IoU: 0.8081
[2026-09-15 15:09:55,869] Epoch: 123, Dataset: val, Dice: 0.8754, IoU: 0.8074
[2026-09-15 15:10:04,445] Epoch: 124, Dataset: test, Dice: 0.8880, IoU: 0.8151
[2026-09-15 15:10:04,916] Epoch: 124, Dataset: val, Dice: 0.8751, IoU: 0.8054
[2026-09-15 15:10:13,133] Epoch: 125, Dataset: test, Dice: 0.8622, IoU: 0.7833
[2026-09-15 15:10:13,606] Epoch: 125, Dataset: val, Dice: 0.8728, IoU: 0.8031
[2026-09-15 15:10:21,855] Epoch: 126, Dataset: test, Dice: 0.8905, IoU: 0.8159
[2026-09-15 15:10:22,291] Epoch: 126, Dataset: val, Dice: 0.8760, IoU: 0.8076
[2026-09-15 15:10:31,167] Epoch: 127, Dataset: test, Dice: 0.8869, IoU: 0.8132
[2026-09-15 15:10:31,722] Epoch: 127, Dataset: val, Dice: 0.8757, IoU: 0.8058
[2026-09-15 15:10:40,098] Epoch: 128, Dataset: test, Dice: 0.8787, IoU: 0.8073
[2026-09-15 15:10:40,552] Epoch: 128, Dataset: val, Dice: 0.8741, IoU: 0.8042
[2026-09-15 15:10:49,082] Epoch: 129, Dataset: test, Dice: 0.8934, IoU: 0.8215
[2026-09-15 15:10:49,588] Epoch: 129, Dataset: val, Dice: 0.8759, IoU: 0.8057
[2026-09-15 15:10:57,639] Epoch: 130, Dataset: test, Dice: 0.8759, IoU: 0.8002
[2026-09-15 15:10:58,078] Epoch: 130, Dataset: val, Dice: 0.8767, IoU: 0.8082
[2026-09-15 15:11:05,942] Epoch: 131, Dataset: test, Dice: 0.8448, IoU: 0.7663
[2026-09-15 15:11:06,410] Epoch: 131, Dataset: val, Dice: 0.8663, IoU: 0.7925
[2026-09-15 15:11:14,241] Epoch: 132, Dataset: test, Dice: 0.8760, IoU: 0.8009
[2026-09-15 15:11:14,653] Epoch: 132, Dataset: val, Dice: 0.8748, IoU: 0.8044
[2026-09-15 15:11:23,363] Epoch: 133, Dataset: test, Dice: 0.8768, IoU: 0.8027
[2026-09-15 15:11:23,930] Epoch: 133, Dataset: val, Dice: 0.8756, IoU: 0.8068
[2026-09-15 15:11:32,756] Epoch: 134, Dataset: test, Dice: 0.8732, IoU: 0.8003
[2026-09-15 15:11:33,297] Epoch: 134, Dataset: val, Dice: 0.8724, IoU: 0.8018
[2026-09-15 15:11:42,147] Epoch: 135, Dataset: test, Dice: 0.8921, IoU: 0.8210
[2026-09-15 15:11:42,578] Epoch: 135, Dataset: val, Dice: 0.8754, IoU: 0.8053
[2026-09-15 15:11:51,341] Epoch: 136, Dataset: test, Dice: 0.8759, IoU: 0.8003
[2026-09-15 15:11:51,904] Epoch: 136, Dataset: val, Dice: 0.8798, IoU: 0.8125
[2026-09-15 15:11:51,905] ### Best Model Saved (Dice improved from 0.8797 to 0.8798) ###
[2026-09-15 15:11:59,884] Epoch: 137, Dataset: test, Dice: 0.8733, IoU: 0.7951
[2026-09-15 15:12:00,375] Epoch: 137, Dataset: val, Dice: 0.8730, IoU: 0.8041
[2026-09-15 15:12:08,461] Epoch: 138, Dataset: test, Dice: 0.8820, IoU: 0.8090
[2026-09-15 15:12:08,936] Epoch: 138, Dataset: val, Dice: 0.8710, IoU: 0.8012
[2026-09-15 15:12:16,945] Epoch: 139, Dataset: test, Dice: 0.8668, IoU: 0.7930
[2026-09-15 15:12:17,426] Epoch: 139, Dataset: val, Dice: 0.8697, IoU: 0.7985
[2026-09-15 15:12:25,682] Epoch: 140, Dataset: test, Dice: 0.8650, IoU: 0.7916
[2026-09-15 15:12:26,268] Epoch: 140, Dataset: val, Dice: 0.8771, IoU: 0.8082
[2026-09-15 15:12:34,604] Epoch: 141, Dataset: test, Dice: 0.8898, IoU: 0.8215
[2026-09-15 15:12:35,088] Epoch: 141, Dataset: val, Dice: 0.8772, IoU: 0.8091
[2026-09-15 15:12:43,830] Epoch: 142, Dataset: test, Dice: 0.8890, IoU: 0.8197
[2026-09-15 15:12:44,286] Epoch: 142, Dataset: val, Dice: 0.8750, IoU: 0.8062
[2026-09-15 15:12:53,037] Epoch: 143, Dataset: test, Dice: 0.8795, IoU: 0.8052
[2026-09-15 15:12:53,460] Epoch: 143, Dataset: val, Dice: 0.8709, IoU: 0.7986
[2026-09-15 15:13:02,052] Epoch: 144, Dataset: test, Dice: 0.8632, IoU: 0.7856
[2026-09-15 15:13:02,524] Epoch: 144, Dataset: val, Dice: 0.8763, IoU: 0.8080
[2026-09-15 15:13:11,259] Epoch: 145, Dataset: test, Dice: 0.8832, IoU: 0.8069
[2026-09-15 15:13:11,731] Epoch: 145, Dataset: val, Dice: 0.8709, IoU: 0.7995
[2026-09-15 15:13:20,433] Epoch: 146, Dataset: test, Dice: 0.8874, IoU: 0.8162
[2026-09-15 15:13:20,880] Epoch: 146, Dataset: val, Dice: 0.8825, IoU: 0.8154
[2026-09-15 15:13:20,881] ### Best Model Saved (Dice improved from 0.8798 to 0.8825) ###
[2026-09-15 15:13:29,898] Epoch: 147, Dataset: test, Dice: 0.8753, IoU: 0.8035
[2026-09-15 15:13:30,296] Epoch: 147, Dataset: val, Dice: 0.8802, IoU: 0.8133
[2026-09-15 15:13:38,637] Epoch: 148, Dataset: test, Dice: 0.8719, IoU: 0.7970
[2026-09-15 15:13:39,186] Epoch: 148, Dataset: val, Dice: 0.8788, IoU: 0.8106
[2026-09-15 15:13:47,619] Epoch: 149, Dataset: test, Dice: 0.8872, IoU: 0.8148
[2026-09-15 15:13:48,090] Epoch: 149, Dataset: val, Dice: 0.8750, IoU: 0.8048
[2026-09-15 15:13:56,733] Epoch: 150, Dataset: test, Dice: 0.8883, IoU: 0.8168
[2026-09-15 15:13:57,232] Epoch: 150, Dataset: val, Dice: 0.8794, IoU: 0.8116
[2026-09-15 15:14:05,988] Epoch: 151, Dataset: test, Dice: 0.8927, IoU: 0.8223
[2026-09-15 15:14:06,489] Epoch: 151, Dataset: val, Dice: 0.8779, IoU: 0.8085
[2026-09-15 15:14:15,081] Epoch: 152, Dataset: test, Dice: 0.8894, IoU: 0.8182
[2026-09-15 15:14:15,565] Epoch: 152, Dataset: val, Dice: 0.8760, IoU: 0.8061
[2026-09-15 15:14:23,604] Epoch: 153, Dataset: test, Dice: 0.8903, IoU: 0.8198
[2026-09-15 15:14:24,067] Epoch: 153, Dataset: val, Dice: 0.8726, IoU: 0.8022
[2026-09-15 15:14:32,075] Epoch: 154, Dataset: test, Dice: 0.8867, IoU: 0.8132
[2026-09-15 15:14:32,684] Epoch: 154, Dataset: val, Dice: 0.8773, IoU: 0.8087
[2026-09-15 15:14:41,386] Epoch: 155, Dataset: test, Dice: 0.8900, IoU: 0.8189
[2026-09-15 15:14:41,832] Epoch: 155, Dataset: val, Dice: 0.8762, IoU: 0.8077
[2026-09-15 15:14:50,328] Epoch: 156, Dataset: test, Dice: 0.8914, IoU: 0.8190
[2026-09-15 15:14:50,855] Epoch: 156, Dataset: val, Dice: 0.8796, IoU: 0.8127
[2026-09-15 15:14:59,507] Epoch: 157, Dataset: test, Dice: 0.8925, IoU: 0.8220
[2026-09-15 15:14:59,920] Epoch: 157, Dataset: val, Dice: 0.8789, IoU: 0.8103
[2026-09-15 15:15:08,916] Epoch: 158, Dataset: test, Dice: 0.8812, IoU: 0.8087
[2026-09-15 15:15:09,365] Epoch: 158, Dataset: val, Dice: 0.8766, IoU: 0.8072
[2026-09-15 15:15:17,801] Epoch: 159, Dataset: test, Dice: 0.8844, IoU: 0.8112
[2026-09-15 15:15:18,253] Epoch: 159, Dataset: val, Dice: 0.8784, IoU: 0.8105
[2026-09-15 15:15:26,437] Epoch: 160, Dataset: test, Dice: 0.8831, IoU: 0.8092
[2026-09-15 15:15:26,923] Epoch: 160, Dataset: val, Dice: 0.8742, IoU: 0.8051
[2026-09-15 15:15:34,873] Epoch: 161, Dataset: test, Dice: 0.8694, IoU: 0.7931
[2026-09-15 15:15:35,359] Epoch: 161, Dataset: val, Dice: 0.8638, IoU: 0.7892
[2026-09-15 15:15:43,734] Epoch: 162, Dataset: test, Dice: 0.8854, IoU: 0.8136
[2026-09-15 15:15:44,210] Epoch: 162, Dataset: val, Dice: 0.8724, IoU: 0.8027
[2026-09-15 15:15:52,256] Epoch: 163, Dataset: test, Dice: 0.8895, IoU: 0.8185
[2026-09-15 15:15:52,780] Epoch: 163, Dataset: val, Dice: 0.8726, IoU: 0.8019
[2026-09-15 15:16:01,425] Epoch: 164, Dataset: test, Dice: 0.8906, IoU: 0.8228
[2026-09-15 15:16:01,903] Epoch: 164, Dataset: val, Dice: 0.8772, IoU: 0.8089
[2026-09-15 15:16:10,678] Epoch: 165, Dataset: test, Dice: 0.8871, IoU: 0.8168
[2026-09-15 15:16:11,282] Epoch: 165, Dataset: val, Dice: 0.8713, IoU: 0.8000
[2026-09-15 15:16:20,108] Epoch: 166, Dataset: test, Dice: 0.8831, IoU: 0.8114
[2026-09-15 15:16:20,615] Epoch: 166, Dataset: val, Dice: 0.8692, IoU: 0.7981
[2026-09-15 15:16:29,152] Epoch: 167, Dataset: test, Dice: 0.8913, IoU: 0.8239
[2026-09-15 15:16:29,621] Epoch: 167, Dataset: val, Dice: 0.8680, IoU: 0.7967
[2026-09-15 15:16:38,334] Epoch: 168, Dataset: test, Dice: 0.8762, IoU: 0.8007
[2026-09-15 15:16:38,915] Epoch: 168, Dataset: val, Dice: 0.8706, IoU: 0.8002
[2026-09-15 15:16:48,080] Epoch: 169, Dataset: test, Dice: 0.8846, IoU: 0.8122
[2026-09-15 15:16:48,545] Epoch: 169, Dataset: val, Dice: 0.8771, IoU: 0.8096
[2026-09-15 15:16:57,195] Epoch: 170, Dataset: test, Dice: 0.8927, IoU: 0.8216
[2026-09-15 15:16:57,760] Epoch: 170, Dataset: val, Dice: 0.8737, IoU: 0.8039
[2026-09-15 15:17:06,598] Epoch: 171, Dataset: test, Dice: 0.8748, IoU: 0.8033
[2026-09-15 15:17:06,978] Epoch: 171, Dataset: val, Dice: 0.8698, IoU: 0.7982
[2026-09-15 15:17:15,725] Epoch: 172, Dataset: test, Dice: 0.8749, IoU: 0.7996
[2026-09-15 15:17:16,230] Epoch: 172, Dataset: val, Dice: 0.8711, IoU: 0.7994
[2026-09-15 15:17:24,961] Epoch: 173, Dataset: test, Dice: 0.8799, IoU: 0.8065
[2026-09-15 15:17:25,447] Epoch: 173, Dataset: val, Dice: 0.8761, IoU: 0.8066
[2026-09-15 15:17:34,151] Epoch: 174, Dataset: test, Dice: 0.8891, IoU: 0.8167
[2026-09-15 15:17:34,586] Epoch: 174, Dataset: val, Dice: 0.8719, IoU: 0.8008
[2026-09-15 15:17:43,281] Epoch: 175, Dataset: test, Dice: 0.8815, IoU: 0.8083
[2026-09-15 15:17:43,782] Epoch: 175, Dataset: val, Dice: 0.8782, IoU: 0.8097
[2026-09-15 15:17:52,514] Epoch: 176, Dataset: test, Dice: 0.8797, IoU: 0.8063
[2026-09-15 15:17:53,045] Epoch: 176, Dataset: val, Dice: 0.8797, IoU: 0.8120
[2026-09-15 15:18:01,771] Epoch: 177, Dataset: test, Dice: 0.8872, IoU: 0.8133
[2026-09-15 15:18:02,286] Epoch: 177, Dataset: val, Dice: 0.8795, IoU: 0.8122
[2026-09-15 15:18:11,118] Epoch: 178, Dataset: test, Dice: 0.8897, IoU: 0.8184
[2026-09-15 15:18:11,666] Epoch: 178, Dataset: val, Dice: 0.8759, IoU: 0.8066
[2026-09-15 15:18:20,337] Epoch: 179, Dataset: test, Dice: 0.8791, IoU: 0.8050
[2026-09-15 15:18:20,884] Epoch: 179, Dataset: val, Dice: 0.8768, IoU: 0.8077
[2026-09-15 15:18:29,448] Epoch: 180, Dataset: test, Dice: 0.8876, IoU: 0.8156
[2026-09-15 15:18:29,913] Epoch: 180, Dataset: val, Dice: 0.8794, IoU: 0.8115
[2026-09-15 15:18:38,730] Epoch: 181, Dataset: test, Dice: 0.8860, IoU: 0.8128
[2026-09-15 15:18:39,288] Epoch: 181, Dataset: val, Dice: 0.8787, IoU: 0.8107
[2026-09-15 15:18:48,119] Epoch: 182, Dataset: test, Dice: 0.8865, IoU: 0.8124
[2026-09-15 15:18:48,589] Epoch: 182, Dataset: val, Dice: 0.8769, IoU: 0.8074
[2026-09-15 15:18:57,411] Epoch: 183, Dataset: test, Dice: 0.8861, IoU: 0.8131
[2026-09-15 15:18:57,905] Epoch: 183, Dataset: val, Dice: 0.8766, IoU: 0.8074
[2026-09-15 15:19:06,631] Epoch: 184, Dataset: test, Dice: 0.8852, IoU: 0.8117
[2026-09-15 15:19:07,108] Epoch: 184, Dataset: val, Dice: 0.8747, IoU: 0.8042
[2026-09-15 15:19:15,683] Epoch: 185, Dataset: test, Dice: 0.9008, IoU: 0.8305
[2026-09-15 15:19:16,251] Epoch: 185, Dataset: val, Dice: 0.8770, IoU: 0.8083
[2026-09-15 15:19:25,117] Epoch: 186, Dataset: test, Dice: 0.8851, IoU: 0.8114
[2026-09-15 15:19:25,565] Epoch: 186, Dataset: val, Dice: 0.8760, IoU: 0.8073
[2026-09-15 15:19:34,098] Epoch: 187, Dataset: test, Dice: 0.8751, IoU: 0.8003
[2026-09-15 15:19:34,534] Epoch: 187, Dataset: val, Dice: 0.8745, IoU: 0.8039
[2026-09-15 15:19:43,107] Epoch: 188, Dataset: test, Dice: 0.8929, IoU: 0.8209
[2026-09-15 15:19:43,640] Epoch: 188, Dataset: val, Dice: 0.8773, IoU: 0.8090
[2026-09-15 15:19:52,306] Epoch: 189, Dataset: test, Dice: 0.8872, IoU: 0.8154
[2026-09-15 15:19:52,772] Epoch: 189, Dataset: val, Dice: 0.8750, IoU: 0.8054
[2026-09-15 15:20:01,275] Epoch: 190, Dataset: test, Dice: 0.8885, IoU: 0.8160
[2026-09-15 15:20:01,753] Epoch: 190, Dataset: val, Dice: 0.8751, IoU: 0.8055
[2026-09-15 15:20:10,167] Epoch: 191, Dataset: test, Dice: 0.8917, IoU: 0.8215
[2026-09-15 15:20:10,639] Epoch: 191, Dataset: val, Dice: 0.8762, IoU: 0.8066
[2026-09-15 15:20:19,325] Epoch: 192, Dataset: test, Dice: 0.8956, IoU: 0.8253
[2026-09-15 15:20:19,725] Epoch: 192, Dataset: val, Dice: 0.8780, IoU: 0.8100
[2026-09-15 15:20:28,301] Epoch: 193, Dataset: test, Dice: 0.8824, IoU: 0.8103
[2026-09-15 15:20:28,829] Epoch: 193, Dataset: val, Dice: 0.8803, IoU: 0.8132
[2026-09-15 15:20:37,434] Epoch: 194, Dataset: test, Dice: 0.8810, IoU: 0.8078
[2026-09-15 15:20:37,888] Epoch: 194, Dataset: val, Dice: 0.8744, IoU: 0.8039
[2026-09-15 15:20:46,372] Epoch: 195, Dataset: test, Dice: 0.8777, IoU: 0.8046
[2026-09-15 15:20:46,878] Epoch: 195, Dataset: val, Dice: 0.8776, IoU: 0.8089
[2026-09-15 15:20:55,594] Epoch: 196, Dataset: test, Dice: 0.8867, IoU: 0.8139
[2026-09-15 15:20:56,067] Epoch: 196, Dataset: val, Dice: 0.8791, IoU: 0.8113
[2026-09-15 15:21:04,748] Epoch: 197, Dataset: test, Dice: 0.8774, IoU: 0.8049
[2026-09-15 15:21:05,247] Epoch: 197, Dataset: val, Dice: 0.8783, IoU: 0.8100
[2026-09-15 15:21:13,915] Epoch: 198, Dataset: test, Dice: 0.8851, IoU: 0.8138
[2026-09-15 15:21:14,391] Epoch: 198, Dataset: val, Dice: 0.8762, IoU: 0.8070
[2026-09-15 15:21:23,178] Epoch: 199, Dataset: test, Dice: 0.8797, IoU: 0.8069
[2026-09-15 15:21:23,626] Epoch: 199, Dataset: val, Dice: 0.8778, IoU: 0.8098
[2026-09-15 15:21:32,547] Epoch: 200, Dataset: test, Dice: 0.8814, IoU: 0.8085
[2026-09-15 15:21:32,993] Epoch: 200, Dataset: val, Dice: 0.8747, IoU: 0.8043
[2026-09-15 15:21:32,994] 
========================================
FINAL RESULTS: ColonDB_MK_UNet_bs8_lr0.0005_e200_augTrue_run2_t145128
Best Val Dice: 0.8825
Test Dice at Best Val: 0.8874
Total Train Time: 1603.82s
========================================
