[2026-09-15 06:14:27,684] flops: 0.619251354, params: 0.315566, Total params: : 0.3156
[2026-09-15 06:14:39,641] Epoch: 1, Dataset: test, Dice: 0.1307, IoU: 0.0852
[2026-09-15 06:14:40,203] Epoch: 1, Dataset: val, Dice: 0.1482, IoU: 0.0901
[2026-09-15 06:14:40,203] ### Best Model Saved (Dice improved from 0.0000 to 0.1482) ###
[2026-09-15 06:14:51,523] Epoch: 2, Dataset: test, Dice: 0.3491, IoU: 0.2349
[2026-09-15 06:14:51,962] Epoch: 2, Dataset: val, Dice: 0.4261, IoU: 0.2911
[2026-09-15 06:14:51,962] ### Best Model Saved (Dice improved from 0.1482 to 0.4261) ###
[2026-09-15 06:15:03,522] Epoch: 3, Dataset: test, Dice: 0.3751, IoU: 0.2491
[2026-09-15 06:15:04,049] Epoch: 3, Dataset: val, Dice: 0.4630, IoU: 0.3278
[2026-09-15 06:15:04,049] ### Best Model Saved (Dice improved from 0.4261 to 0.4630) ###
[2026-09-15 06:15:14,786] Epoch: 4, Dataset: test, Dice: 0.4487, IoU: 0.3174
[2026-09-15 06:15:15,286] Epoch: 4, Dataset: val, Dice: 0.5075, IoU: 0.3755
[2026-09-15 06:15:15,287] ### Best Model Saved (Dice improved from 0.4630 to 0.5075) ###
[2026-09-15 06:15:26,675] Epoch: 5, Dataset: test, Dice: 0.4499, IoU: 0.3309
[2026-09-15 06:15:27,118] Epoch: 5, Dataset: val, Dice: 0.4644, IoU: 0.3350
[2026-09-15 06:15:38,038] Epoch: 6, Dataset: test, Dice: 0.3668, IoU: 0.2475
[2026-09-15 06:15:38,462] Epoch: 6, Dataset: val, Dice: 0.4370, IoU: 0.3108
[2026-09-15 06:15:49,185] Epoch: 7, Dataset: test, Dice: 0.4730, IoU: 0.3441
[2026-09-15 06:15:49,643] Epoch: 7, Dataset: val, Dice: 0.5281, IoU: 0.3949
[2026-09-15 06:15:49,643] ### Best Model Saved (Dice improved from 0.5075 to 0.5281) ###
[2026-09-15 06:16:00,978] Epoch: 8, Dataset: test, Dice: 0.5549, IoU: 0.4265
[2026-09-15 06:16:01,657] Epoch: 8, Dataset: val, Dice: 0.5628, IoU: 0.4251
[2026-09-15 06:16:01,657] ### Best Model Saved (Dice improved from 0.5281 to 0.5628) ###
[2026-09-15 06:16:12,741] Epoch: 9, Dataset: test, Dice: 0.5897, IoU: 0.4587
[2026-09-15 06:16:13,185] Epoch: 9, Dataset: val, Dice: 0.5168, IoU: 0.3879
[2026-09-15 06:16:23,223] Epoch: 10, Dataset: test, Dice: 0.6752, IoU: 0.5551
[2026-09-15 06:16:23,663] Epoch: 10, Dataset: val, Dice: 0.6233, IoU: 0.4983
[2026-09-15 06:16:23,663] ### Best Model Saved (Dice improved from 0.5628 to 0.6233) ###
[2026-09-15 06:16:34,660] Epoch: 11, Dataset: test, Dice: 0.4515, IoU: 0.3205
[2026-09-15 06:16:35,135] Epoch: 11, Dataset: val, Dice: 0.5185, IoU: 0.3819
[2026-09-15 06:16:46,762] Epoch: 12, Dataset: test, Dice: 0.6797, IoU: 0.5520
[2026-09-15 06:16:47,361] Epoch: 12, Dataset: val, Dice: 0.6326, IoU: 0.5150
[2026-09-15 06:16:47,362] ### Best Model Saved (Dice improved from 0.6233 to 0.6326) ###
[2026-09-15 06:16:59,188] Epoch: 13, Dataset: test, Dice: 0.7858, IoU: 0.6779
[2026-09-15 06:16:59,606] Epoch: 13, Dataset: val, Dice: 0.7297, IoU: 0.6260
[2026-09-15 06:16:59,606] ### Best Model Saved (Dice improved from 0.6326 to 0.7297) ###
[2026-09-15 06:17:09,865] Epoch: 14, Dataset: test, Dice: 0.7290, IoU: 0.6174
[2026-09-15 06:17:10,330] Epoch: 14, Dataset: val, Dice: 0.6911, IoU: 0.5793
[2026-09-15 06:17:21,150] Epoch: 15, Dataset: test, Dice: 0.7894, IoU: 0.6816
[2026-09-15 06:17:21,719] Epoch: 15, Dataset: val, Dice: 0.7308, IoU: 0.6209
[2026-09-15 06:17:21,720] ### Best Model Saved (Dice improved from 0.7297 to 0.7308) ###
[2026-09-15 06:17:31,981] Epoch: 16, Dataset: test, Dice: 0.7658, IoU: 0.6592
[2026-09-15 06:17:32,483] Epoch: 16, Dataset: val, Dice: 0.7357, IoU: 0.6232
[2026-09-15 06:17:32,483] ### Best Model Saved (Dice improved from 0.7308 to 0.7357) ###
[2026-09-15 06:17:44,001] Epoch: 17, Dataset: test, Dice: 0.7257, IoU: 0.6234
[2026-09-15 06:17:44,448] Epoch: 17, Dataset: val, Dice: 0.6915, IoU: 0.5757
[2026-09-15 06:17:55,737] Epoch: 18, Dataset: test, Dice: 0.8223, IoU: 0.7209
[2026-09-15 06:17:56,326] Epoch: 18, Dataset: val, Dice: 0.7317, IoU: 0.6184
[2026-09-15 06:18:06,882] Epoch: 19, Dataset: test, Dice: 0.7237, IoU: 0.6053
[2026-09-15 06:18:07,262] Epoch: 19, Dataset: val, Dice: 0.6833, IoU: 0.5647
[2026-09-15 06:18:17,258] Epoch: 20, Dataset: test, Dice: 0.8279, IoU: 0.7336
[2026-09-15 06:18:17,730] Epoch: 20, Dataset: val, Dice: 0.7369, IoU: 0.6314
[2026-09-15 06:18:17,730] ### Best Model Saved (Dice improved from 0.7357 to 0.7369) ###
[2026-09-15 06:18:29,324] Epoch: 21, Dataset: test, Dice: 0.6856, IoU: 0.5677
[2026-09-15 06:18:29,821] Epoch: 21, Dataset: val, Dice: 0.6517, IoU: 0.5359
[2026-09-15 06:18:41,493] Epoch: 22, Dataset: test, Dice: 0.8123, IoU: 0.7197
[2026-09-15 06:18:42,049] Epoch: 22, Dataset: val, Dice: 0.7781, IoU: 0.6710
[2026-09-15 06:18:42,049] ### Best Model Saved (Dice improved from 0.7369 to 0.7781) ###
[2026-09-15 06:18:53,751] Epoch: 23, Dataset: test, Dice: 0.6407, IoU: 0.5139
[2026-09-15 06:18:54,190] Epoch: 23, Dataset: val, Dice: 0.6243, IoU: 0.5070
[2026-09-15 06:19:04,239] Epoch: 24, Dataset: test, Dice: 0.6998, IoU: 0.5878
[2026-09-15 06:19:04,707] Epoch: 24, Dataset: val, Dice: 0.7004, IoU: 0.5888
[2026-09-15 06:19:15,921] Epoch: 25, Dataset: test, Dice: 0.7502, IoU: 0.6540
[2026-09-15 06:19:16,351] Epoch: 25, Dataset: val, Dice: 0.7041, IoU: 0.5983
[2026-09-15 06:19:27,770] Epoch: 26, Dataset: test, Dice: 0.8413, IoU: 0.7561
[2026-09-15 06:19:28,231] Epoch: 26, Dataset: val, Dice: 0.7824, IoU: 0.6848
[2026-09-15 06:19:28,231] ### Best Model Saved (Dice improved from 0.7781 to 0.7824) ###
[2026-09-15 06:19:39,952] Epoch: 27, Dataset: test, Dice: 0.6743, IoU: 0.5607
[2026-09-15 06:19:40,612] Epoch: 27, Dataset: val, Dice: 0.6471, IoU: 0.5232
[2026-09-15 06:19:52,267] Epoch: 28, Dataset: test, Dice: 0.8588, IoU: 0.7712
[2026-09-15 06:19:52,878] Epoch: 28, Dataset: val, Dice: 0.7862, IoU: 0.6886
[2026-09-15 06:19:52,878] ### Best Model Saved (Dice improved from 0.7824 to 0.7862) ###
[2026-09-15 06:20:03,673] Epoch: 29, Dataset: test, Dice: 0.8460, IoU: 0.7610
[2026-09-15 06:20:04,152] Epoch: 29, Dataset: val, Dice: 0.7420, IoU: 0.6423
[2026-09-15 06:20:15,610] Epoch: 30, Dataset: test, Dice: 0.8374, IoU: 0.7469
[2026-09-15 06:20:16,095] Epoch: 30, Dataset: val, Dice: 0.7959, IoU: 0.6992
[2026-09-15 06:20:16,095] ### Best Model Saved (Dice improved from 0.7862 to 0.7959) ###
[2026-09-15 06:20:27,650] Epoch: 31, Dataset: test, Dice: 0.6046, IoU: 0.5025
[2026-09-15 06:20:28,123] Epoch: 31, Dataset: val, Dice: 0.5786, IoU: 0.4712
[2026-09-15 06:20:38,431] Epoch: 32, Dataset: test, Dice: 0.8275, IoU: 0.7302
[2026-09-15 06:20:38,858] Epoch: 32, Dataset: val, Dice: 0.7324, IoU: 0.6312
[2026-09-15 06:20:50,231] Epoch: 33, Dataset: test, Dice: 0.8004, IoU: 0.7072
[2026-09-15 06:20:50,710] Epoch: 33, Dataset: val, Dice: 0.7424, IoU: 0.6462
[2026-09-15 06:21:01,867] Epoch: 34, Dataset: test, Dice: 0.8750, IoU: 0.7971
[2026-09-15 06:21:02,333] Epoch: 34, Dataset: val, Dice: 0.8129, IoU: 0.7229
[2026-09-15 06:21:02,333] ### Best Model Saved (Dice improved from 0.7959 to 0.8129) ###
[2026-09-15 06:21:13,874] Epoch: 35, Dataset: test, Dice: 0.8435, IoU: 0.7528
[2026-09-15 06:21:14,434] Epoch: 35, Dataset: val, Dice: 0.7709, IoU: 0.6745
[2026-09-15 06:21:26,085] Epoch: 36, Dataset: test, Dice: 0.8502, IoU: 0.7623
[2026-09-15 06:21:26,574] Epoch: 36, Dataset: val, Dice: 0.7814, IoU: 0.6828
[2026-09-15 06:21:37,965] Epoch: 37, Dataset: test, Dice: 0.8079, IoU: 0.7171
[2026-09-15 06:21:38,427] Epoch: 37, Dataset: val, Dice: 0.7640, IoU: 0.6644
[2026-09-15 06:21:49,650] Epoch: 38, Dataset: test, Dice: 0.8255, IoU: 0.7384
[2026-09-15 06:21:50,136] Epoch: 38, Dataset: val, Dice: 0.7806, IoU: 0.6821
[2026-09-15 06:22:01,834] Epoch: 39, Dataset: test, Dice: 0.8890, IoU: 0.8195
[2026-09-15 06:22:02,394] Epoch: 39, Dataset: val, Dice: 0.7982, IoU: 0.7092
[2026-09-15 06:22:13,661] Epoch: 40, Dataset: test, Dice: 0.8537, IoU: 0.7733
[2026-09-15 06:22:14,063] Epoch: 40, Dataset: val, Dice: 0.7881, IoU: 0.6901
[2026-09-15 06:22:24,315] Epoch: 41, Dataset: test, Dice: 0.8677, IoU: 0.7931
[2026-09-15 06:22:24,807] Epoch: 41, Dataset: val, Dice: 0.8162, IoU: 0.7310
[2026-09-15 06:22:24,807] ### Best Model Saved (Dice improved from 0.8129 to 0.8162) ###
[2026-09-15 06:22:36,160] Epoch: 42, Dataset: test, Dice: 0.8456, IoU: 0.7564
[2026-09-15 06:22:36,596] Epoch: 42, Dataset: val, Dice: 0.8224, IoU: 0.7285
[2026-09-15 06:22:36,596] ### Best Model Saved (Dice improved from 0.8162 to 0.8224) ###
[2026-09-15 06:22:47,830] Epoch: 43, Dataset: test, Dice: 0.8087, IoU: 0.7238
[2026-09-15 06:22:48,288] Epoch: 43, Dataset: val, Dice: 0.7793, IoU: 0.6820
[2026-09-15 06:22:59,640] Epoch: 44, Dataset: test, Dice: 0.8151, IoU: 0.7185
[2026-09-15 06:23:00,281] Epoch: 44, Dataset: val, Dice: 0.7424, IoU: 0.6384
[2026-09-15 06:23:12,979] Epoch: 45, Dataset: test, Dice: 0.9021, IoU: 0.8331
[2026-09-15 06:23:13,414] Epoch: 45, Dataset: val, Dice: 0.8063, IoU: 0.7193
[2026-09-15 06:23:23,635] Epoch: 46, Dataset: test, Dice: 0.8659, IoU: 0.7921
[2026-09-15 06:23:24,283] Epoch: 46, Dataset: val, Dice: 0.8325, IoU: 0.7415
[2026-09-15 06:23:24,283] ### Best Model Saved (Dice improved from 0.8224 to 0.8325) ###
[2026-09-15 06:23:36,822] Epoch: 47, Dataset: test, Dice: 0.8728, IoU: 0.8031
[2026-09-15 06:23:37,322] Epoch: 47, Dataset: val, Dice: 0.8214, IoU: 0.7314
[2026-09-15 06:23:47,539] Epoch: 48, Dataset: test, Dice: 0.8865, IoU: 0.8137
[2026-09-15 06:23:48,031] Epoch: 48, Dataset: val, Dice: 0.8301, IoU: 0.7408
[2026-09-15 06:24:00,694] Epoch: 49, Dataset: test, Dice: 0.8642, IoU: 0.7837
[2026-09-15 06:24:01,173] Epoch: 49, Dataset: val, Dice: 0.8275, IoU: 0.7353
[2026-09-15 06:24:12,622] Epoch: 50, Dataset: test, Dice: 0.8869, IoU: 0.8160
[2026-09-15 06:24:13,073] Epoch: 50, Dataset: val, Dice: 0.8421, IoU: 0.7573
[2026-09-15 06:24:13,073] ### Best Model Saved (Dice improved from 0.8325 to 0.8421) ###
[2026-09-15 06:24:24,650] Epoch: 51, Dataset: test, Dice: 0.9096, IoU: 0.8446
[2026-09-15 06:24:25,377] Epoch: 51, Dataset: val, Dice: 0.8411, IoU: 0.7633
[2026-09-15 06:24:37,104] Epoch: 52, Dataset: test, Dice: 0.8550, IoU: 0.7747
[2026-09-15 06:24:37,663] Epoch: 52, Dataset: val, Dice: 0.8532, IoU: 0.7726
[2026-09-15 06:24:37,663] ### Best Model Saved (Dice improved from 0.8421 to 0.8532) ###
[2026-09-15 06:24:49,530] Epoch: 53, Dataset: test, Dice: 0.7863, IoU: 0.6938
[2026-09-15 06:24:50,040] Epoch: 53, Dataset: val, Dice: 0.7141, IoU: 0.6021
[2026-09-15 06:25:01,512] Epoch: 54, Dataset: test, Dice: 0.8851, IoU: 0.8169
[2026-09-15 06:25:01,929] Epoch: 54, Dataset: val, Dice: 0.8530, IoU: 0.7735
[2026-09-15 06:25:13,699] Epoch: 55, Dataset: test, Dice: 0.9091, IoU: 0.8486
[2026-09-15 06:25:14,210] Epoch: 55, Dataset: val, Dice: 0.8408, IoU: 0.7579
[2026-09-15 06:25:25,810] Epoch: 56, Dataset: test, Dice: 0.8651, IoU: 0.7805
[2026-09-15 06:25:26,481] Epoch: 56, Dataset: val, Dice: 0.8266, IoU: 0.7392
[2026-09-15 06:25:38,301] Epoch: 57, Dataset: test, Dice: 0.9060, IoU: 0.8402
[2026-09-15 06:25:38,784] Epoch: 57, Dataset: val, Dice: 0.8332, IoU: 0.7468
[2026-09-15 06:25:48,732] Epoch: 58, Dataset: test, Dice: 0.9097, IoU: 0.8472
[2026-09-15 06:25:49,227] Epoch: 58, Dataset: val, Dice: 0.8701, IoU: 0.7960
[2026-09-15 06:25:49,228] ### Best Model Saved (Dice improved from 0.8532 to 0.8701) ###
[2026-09-15 06:26:00,619] Epoch: 59, Dataset: test, Dice: 0.9218, IoU: 0.8599
[2026-09-15 06:26:01,087] Epoch: 59, Dataset: val, Dice: 0.8339, IoU: 0.7535
[2026-09-15 06:26:12,916] Epoch: 60, Dataset: test, Dice: 0.8932, IoU: 0.8242
[2026-09-15 06:26:13,562] Epoch: 60, Dataset: val, Dice: 0.8268, IoU: 0.7438
[2026-09-15 06:26:25,475] Epoch: 61, Dataset: test, Dice: 0.8811, IoU: 0.8068
[2026-09-15 06:26:25,958] Epoch: 61, Dataset: val, Dice: 0.8357, IoU: 0.7475
[2026-09-15 06:26:37,679] Epoch: 62, Dataset: test, Dice: 0.9211, IoU: 0.8620
[2026-09-15 06:26:38,083] Epoch: 62, Dataset: val, Dice: 0.8570, IoU: 0.7825
[2026-09-15 06:26:49,611] Epoch: 63, Dataset: test, Dice: 0.8789, IoU: 0.8010
[2026-09-15 06:26:50,123] Epoch: 63, Dataset: val, Dice: 0.8221, IoU: 0.7341
[2026-09-15 06:27:01,702] Epoch: 64, Dataset: test, Dice: 0.9076, IoU: 0.8392
[2026-09-15 06:27:02,179] Epoch: 64, Dataset: val, Dice: 0.8272, IoU: 0.7462
[2026-09-15 06:27:13,098] Epoch: 65, Dataset: test, Dice: 0.9191, IoU: 0.8586
[2026-09-15 06:27:13,546] Epoch: 65, Dataset: val, Dice: 0.8340, IoU: 0.7538
[2026-09-15 06:27:24,728] Epoch: 66, Dataset: test, Dice: 0.9097, IoU: 0.8462
[2026-09-15 06:27:25,356] Epoch: 66, Dataset: val, Dice: 0.8505, IoU: 0.7693
[2026-09-15 06:27:37,070] Epoch: 67, Dataset: test, Dice: 0.9062, IoU: 0.8410
[2026-09-15 06:27:37,562] Epoch: 67, Dataset: val, Dice: 0.8383, IoU: 0.7562
[2026-09-15 06:27:48,939] Epoch: 68, Dataset: test, Dice: 0.9173, IoU: 0.8548
[2026-09-15 06:27:49,454] Epoch: 68, Dataset: val, Dice: 0.8315, IoU: 0.7418
[2026-09-15 06:28:01,316] Epoch: 69, Dataset: test, Dice: 0.9152, IoU: 0.8519
[2026-09-15 06:28:02,023] Epoch: 69, Dataset: val, Dice: 0.8584, IoU: 0.7806
[2026-09-15 06:28:13,805] Epoch: 70, Dataset: test, Dice: 0.9249, IoU: 0.8669
[2026-09-15 06:28:14,394] Epoch: 70, Dataset: val, Dice: 0.8598, IoU: 0.7786
[2026-09-15 06:28:25,923] Epoch: 71, Dataset: test, Dice: 0.9265, IoU: 0.8700
[2026-09-15 06:28:26,423] Epoch: 71, Dataset: val, Dice: 0.8667, IoU: 0.7909
[2026-09-15 06:28:38,300] Epoch: 72, Dataset: test, Dice: 0.8857, IoU: 0.8127
[2026-09-15 06:28:38,923] Epoch: 72, Dataset: val, Dice: 0.8035, IoU: 0.7057
[2026-09-15 06:28:49,958] Epoch: 73, Dataset: test, Dice: 0.9264, IoU: 0.8720
[2026-09-15 06:28:50,437] Epoch: 73, Dataset: val, Dice: 0.8780, IoU: 0.8046
[2026-09-15 06:28:50,438] ### Best Model Saved (Dice improved from 0.8701 to 0.8780) ###
[2026-09-15 06:29:01,391] Epoch: 74, Dataset: test, Dice: 0.9243, IoU: 0.8650
[2026-09-15 06:29:01,826] Epoch: 74, Dataset: val, Dice: 0.8726, IoU: 0.7983
[2026-09-15 06:29:12,964] Epoch: 75, Dataset: test, Dice: 0.9278, IoU: 0.8724
[2026-09-15 06:29:13,537] Epoch: 75, Dataset: val, Dice: 0.8852, IoU: 0.8166
[2026-09-15 06:29:13,537] ### Best Model Saved (Dice improved from 0.8780 to 0.8852) ###
[2026-09-15 06:29:24,626] Epoch: 76, Dataset: test, Dice: 0.9254, IoU: 0.8675
[2026-09-15 06:29:25,098] Epoch: 76, Dataset: val, Dice: 0.8691, IoU: 0.7940
[2026-09-15 06:29:36,618] Epoch: 77, Dataset: test, Dice: 0.9082, IoU: 0.8475
[2026-09-15 06:29:37,328] Epoch: 77, Dataset: val, Dice: 0.8566, IoU: 0.7765
[2026-09-15 06:29:48,810] Epoch: 78, Dataset: test, Dice: 0.9242, IoU: 0.8658
[2026-09-15 06:29:49,264] Epoch: 78, Dataset: val, Dice: 0.8626, IoU: 0.7831
[2026-09-15 06:30:00,929] Epoch: 79, Dataset: test, Dice: 0.9057, IoU: 0.8408
[2026-09-15 06:30:01,571] Epoch: 79, Dataset: val, Dice: 0.8373, IoU: 0.7555
[2026-09-15 06:30:13,470] Epoch: 80, Dataset: test, Dice: 0.9002, IoU: 0.8353
[2026-09-15 06:30:14,100] Epoch: 80, Dataset: val, Dice: 0.8444, IoU: 0.7596
[2026-09-15 06:30:25,418] Epoch: 81, Dataset: test, Dice: 0.8985, IoU: 0.8339
[2026-09-15 06:30:25,928] Epoch: 81, Dataset: val, Dice: 0.8592, IoU: 0.7831
[2026-09-15 06:30:37,626] Epoch: 82, Dataset: test, Dice: 0.9191, IoU: 0.8582
[2026-09-15 06:30:38,109] Epoch: 82, Dataset: val, Dice: 0.8603, IoU: 0.7867
[2026-09-15 06:30:49,858] Epoch: 83, Dataset: test, Dice: 0.9304, IoU: 0.8751
[2026-09-15 06:30:50,401] Epoch: 83, Dataset: val, Dice: 0.8692, IoU: 0.7971
[2026-09-15 06:31:02,282] Epoch: 84, Dataset: test, Dice: 0.9295, IoU: 0.8750
[2026-09-15 06:31:02,955] Epoch: 84, Dataset: val, Dice: 0.8807, IoU: 0.8110
[2026-09-15 06:31:14,553] Epoch: 85, Dataset: test, Dice: 0.9237, IoU: 0.8656
[2026-09-15 06:31:15,088] Epoch: 85, Dataset: val, Dice: 0.8548, IoU: 0.7747
[2026-09-15 06:31:26,736] Epoch: 86, Dataset: test, Dice: 0.9176, IoU: 0.8560
[2026-09-15 06:31:27,193] Epoch: 86, Dataset: val, Dice: 0.8790, IoU: 0.8081
[2026-09-15 06:31:38,947] Epoch: 87, Dataset: test, Dice: 0.9281, IoU: 0.8707
[2026-09-15 06:31:39,461] Epoch: 87, Dataset: val, Dice: 0.8780, IoU: 0.8071
[2026-09-15 06:31:50,954] Epoch: 88, Dataset: test, Dice: 0.9062, IoU: 0.8434
[2026-09-15 06:31:51,428] Epoch: 88, Dataset: val, Dice: 0.8743, IoU: 0.8012
[2026-09-15 06:32:02,367] Epoch: 89, Dataset: test, Dice: 0.9325, IoU: 0.8776
[2026-09-15 06:32:02,844] Epoch: 89, Dataset: val, Dice: 0.8819, IoU: 0.8113
[2026-09-15 06:32:14,350] Epoch: 90, Dataset: test, Dice: 0.9177, IoU: 0.8594
[2026-09-15 06:32:14,817] Epoch: 90, Dataset: val, Dice: 0.8781, IoU: 0.8085
[2026-09-15 06:32:26,732] Epoch: 91, Dataset: test, Dice: 0.9080, IoU: 0.8446
[2026-09-15 06:32:27,399] Epoch: 91, Dataset: val, Dice: 0.8647, IoU: 0.7884
[2026-09-15 06:32:39,398] Epoch: 92, Dataset: test, Dice: 0.9194, IoU: 0.8607
[2026-09-15 06:32:40,147] Epoch: 92, Dataset: val, Dice: 0.8689, IoU: 0.7942
[2026-09-15 06:32:51,708] Epoch: 93, Dataset: test, Dice: 0.9281, IoU: 0.8722
[2026-09-15 06:32:52,059] Epoch: 93, Dataset: val, Dice: 0.8916, IoU: 0.8243
[2026-09-15 06:32:52,059] ### Best Model Saved (Dice improved from 0.8852 to 0.8916) ###
[2026-09-15 06:33:03,155] Epoch: 94, Dataset: test, Dice: 0.9163, IoU: 0.8561
[2026-09-15 06:33:03,629] Epoch: 94, Dataset: val, Dice: 0.8699, IoU: 0.7981
[2026-09-15 06:33:15,323] Epoch: 95, Dataset: test, Dice: 0.9201, IoU: 0.8603
[2026-09-15 06:33:15,864] Epoch: 95, Dataset: val, Dice: 0.8810, IoU: 0.8109
[2026-09-15 06:33:26,698] Epoch: 96, Dataset: test, Dice: 0.8967, IoU: 0.8340
[2026-09-15 06:33:27,196] Epoch: 96, Dataset: val, Dice: 0.8519, IoU: 0.7668
[2026-09-15 06:33:36,862] Epoch: 97, Dataset: test, Dice: 0.9249, IoU: 0.8674
[2026-09-15 06:33:37,328] Epoch: 97, Dataset: val, Dice: 0.8636, IoU: 0.7891
[2026-09-15 06:33:48,242] Epoch: 98, Dataset: test, Dice: 0.9195, IoU: 0.8644
[2026-09-15 06:33:48,715] Epoch: 98, Dataset: val, Dice: 0.8870, IoU: 0.8190
[2026-09-15 06:33:58,312] Epoch: 99, Dataset: test, Dice: 0.9195, IoU: 0.8576
[2026-09-15 06:33:58,760] Epoch: 99, Dataset: val, Dice: 0.8685, IoU: 0.8023
[2026-09-15 06:34:09,925] Epoch: 100, Dataset: test, Dice: 0.9188, IoU: 0.8603
[2026-09-15 06:34:10,380] Epoch: 100, Dataset: val, Dice: 0.8735, IoU: 0.7958
[2026-09-15 06:34:21,837] Epoch: 101, Dataset: test, Dice: 0.9368, IoU: 0.8864
[2026-09-15 06:34:22,392] Epoch: 101, Dataset: val, Dice: 0.8800, IoU: 0.8117
[2026-09-15 06:34:33,461] Epoch: 102, Dataset: test, Dice: 0.9130, IoU: 0.8502
[2026-09-15 06:34:33,867] Epoch: 102, Dataset: val, Dice: 0.8559, IoU: 0.7740
[2026-09-15 06:34:45,416] Epoch: 103, Dataset: test, Dice: 0.9350, IoU: 0.8824
[2026-09-15 06:34:45,920] Epoch: 103, Dataset: val, Dice: 0.8870, IoU: 0.8205
[2026-09-15 06:34:57,631] Epoch: 104, Dataset: test, Dice: 0.9333, IoU: 0.8796
[2026-09-15 06:34:58,277] Epoch: 104, Dataset: val, Dice: 0.8807, IoU: 0.8112
[2026-09-15 06:35:09,965] Epoch: 105, Dataset: test, Dice: 0.9332, IoU: 0.8784
[2026-09-15 06:35:10,440] Epoch: 105, Dataset: val, Dice: 0.8724, IoU: 0.8004
[2026-09-15 06:35:21,411] Epoch: 106, Dataset: test, Dice: 0.9166, IoU: 0.8562
[2026-09-15 06:35:21,849] Epoch: 106, Dataset: val, Dice: 0.8662, IoU: 0.7886
[2026-09-15 06:35:33,460] Epoch: 107, Dataset: test, Dice: 0.9374, IoU: 0.8861
[2026-09-15 06:35:33,894] Epoch: 107, Dataset: val, Dice: 0.8870, IoU: 0.8219
[2026-09-15 06:35:45,448] Epoch: 108, Dataset: test, Dice: 0.9354, IoU: 0.8829
[2026-09-15 06:35:45,940] Epoch: 108, Dataset: val, Dice: 0.8843, IoU: 0.8154
[2026-09-15 06:35:57,422] Epoch: 109, Dataset: test, Dice: 0.9355, IoU: 0.8835
[2026-09-15 06:35:57,892] Epoch: 109, Dataset: val, Dice: 0.8875, IoU: 0.8214
[2026-09-15 06:36:09,602] Epoch: 110, Dataset: test, Dice: 0.9331, IoU: 0.8797
[2026-09-15 06:36:10,120] Epoch: 110, Dataset: val, Dice: 0.8899, IoU: 0.8256
[2026-09-15 06:36:21,489] Epoch: 111, Dataset: test, Dice: 0.9250, IoU: 0.8700
[2026-09-15 06:36:21,933] Epoch: 111, Dataset: val, Dice: 0.8787, IoU: 0.8102
[2026-09-15 06:36:33,367] Epoch: 112, Dataset: test, Dice: 0.9247, IoU: 0.8663
[2026-09-15 06:36:33,818] Epoch: 112, Dataset: val, Dice: 0.8860, IoU: 0.8166
[2026-09-15 06:36:45,429] Epoch: 113, Dataset: test, Dice: 0.9299, IoU: 0.8747
[2026-09-15 06:36:45,876] Epoch: 113, Dataset: val, Dice: 0.8905, IoU: 0.8243
[2026-09-15 06:36:56,063] Epoch: 114, Dataset: test, Dice: 0.9383, IoU: 0.8868
[2026-09-15 06:36:56,584] Epoch: 114, Dataset: val, Dice: 0.8802, IoU: 0.8107
[2026-09-15 06:37:07,893] Epoch: 115, Dataset: test, Dice: 0.9324, IoU: 0.8783
[2026-09-15 06:37:08,351] Epoch: 115, Dataset: val, Dice: 0.8811, IoU: 0.8114
[2026-09-15 06:37:20,036] Epoch: 116, Dataset: test, Dice: 0.9273, IoU: 0.8726
[2026-09-15 06:37:20,553] Epoch: 116, Dataset: val, Dice: 0.8732, IoU: 0.8003
[2026-09-15 06:37:31,284] Epoch: 117, Dataset: test, Dice: 0.9332, IoU: 0.8797
[2026-09-15 06:37:31,733] Epoch: 117, Dataset: val, Dice: 0.8759, IoU: 0.8059
[2026-09-15 06:37:41,622] Epoch: 118, Dataset: test, Dice: 0.9272, IoU: 0.8715
[2026-09-15 06:37:42,039] Epoch: 118, Dataset: val, Dice: 0.8837, IoU: 0.8133
[2026-09-15 06:37:52,112] Epoch: 119, Dataset: test, Dice: 0.9358, IoU: 0.8831
[2026-09-15 06:37:52,563] Epoch: 119, Dataset: val, Dice: 0.8811, IoU: 0.8164
[2026-09-15 06:38:04,105] Epoch: 120, Dataset: test, Dice: 0.9352, IoU: 0.8818
[2026-09-15 06:38:04,669] Epoch: 120, Dataset: val, Dice: 0.8770, IoU: 0.8040
[2026-09-15 06:38:16,291] Epoch: 121, Dataset: test, Dice: 0.9294, IoU: 0.8736
[2026-09-15 06:38:16,782] Epoch: 121, Dataset: val, Dice: 0.8880, IoU: 0.8222
[2026-09-15 06:38:28,699] Epoch: 122, Dataset: test, Dice: 0.9359, IoU: 0.8830
[2026-09-15 06:38:29,232] Epoch: 122, Dataset: val, Dice: 0.8802, IoU: 0.8129
[2026-09-15 06:38:41,042] Epoch: 123, Dataset: test, Dice: 0.9308, IoU: 0.8762
[2026-09-15 06:38:41,648] Epoch: 123, Dataset: val, Dice: 0.8776, IoU: 0.8104
[2026-09-15 06:38:51,738] Epoch: 124, Dataset: test, Dice: 0.9285, IoU: 0.8734
[2026-09-15 06:38:52,303] Epoch: 124, Dataset: val, Dice: 0.8929, IoU: 0.8258
[2026-09-15 06:38:52,304] ### Best Model Saved (Dice improved from 0.8916 to 0.8929) ###
[2026-09-15 06:39:03,426] Epoch: 125, Dataset: test, Dice: 0.9310, IoU: 0.8760
[2026-09-15 06:39:03,874] Epoch: 125, Dataset: val, Dice: 0.8788, IoU: 0.8107
[2026-09-15 06:39:15,586] Epoch: 126, Dataset: test, Dice: 0.9377, IoU: 0.8859
[2026-09-15 06:39:16,169] Epoch: 126, Dataset: val, Dice: 0.8785, IoU: 0.8119
[2026-09-15 06:39:27,746] Epoch: 127, Dataset: test, Dice: 0.9349, IoU: 0.8819
[2026-09-15 06:39:28,227] Epoch: 127, Dataset: val, Dice: 0.8780, IoU: 0.8104
[2026-09-15 06:39:39,806] Epoch: 128, Dataset: test, Dice: 0.9385, IoU: 0.8875
[2026-09-15 06:39:40,263] Epoch: 128, Dataset: val, Dice: 0.8792, IoU: 0.8090
[2026-09-15 06:39:51,683] Epoch: 129, Dataset: test, Dice: 0.9317, IoU: 0.8773
[2026-09-15 06:39:52,341] Epoch: 129, Dataset: val, Dice: 0.8835, IoU: 0.8152
[2026-09-15 06:40:03,219] Epoch: 130, Dataset: test, Dice: 0.9367, IoU: 0.8854
[2026-09-15 06:40:03,647] Epoch: 130, Dataset: val, Dice: 0.8849, IoU: 0.8177
[2026-09-15 06:40:15,162] Epoch: 131, Dataset: test, Dice: 0.9346, IoU: 0.8826
[2026-09-15 06:40:15,670] Epoch: 131, Dataset: val, Dice: 0.8914, IoU: 0.8282
[2026-09-15 06:40:27,565] Epoch: 132, Dataset: test, Dice: 0.9352, IoU: 0.8826
[2026-09-15 06:40:28,281] Epoch: 132, Dataset: val, Dice: 0.8865, IoU: 0.8210
[2026-09-15 06:40:40,068] Epoch: 133, Dataset: test, Dice: 0.9314, IoU: 0.8778
[2026-09-15 06:40:40,688] Epoch: 133, Dataset: val, Dice: 0.8693, IoU: 0.7996
[2026-09-15 06:40:52,377] Epoch: 134, Dataset: test, Dice: 0.9340, IoU: 0.8807
[2026-09-15 06:40:52,938] Epoch: 134, Dataset: val, Dice: 0.8818, IoU: 0.8129
[2026-09-15 06:41:04,654] Epoch: 135, Dataset: test, Dice: 0.9366, IoU: 0.8843
[2026-09-15 06:41:05,283] Epoch: 135, Dataset: val, Dice: 0.8843, IoU: 0.8150
[2026-09-15 06:41:16,337] Epoch: 136, Dataset: test, Dice: 0.9346, IoU: 0.8827
[2026-09-15 06:41:16,943] Epoch: 136, Dataset: val, Dice: 0.8919, IoU: 0.8284
[2026-09-15 06:41:29,291] Epoch: 137, Dataset: test, Dice: 0.9301, IoU: 0.8754
[2026-09-15 06:41:29,755] Epoch: 137, Dataset: val, Dice: 0.8804, IoU: 0.8126
[2026-09-15 06:41:41,352] Epoch: 138, Dataset: test, Dice: 0.9329, IoU: 0.8792
[2026-09-15 06:41:41,997] Epoch: 138, Dataset: val, Dice: 0.8733, IoU: 0.8017
[2026-09-15 06:41:53,280] Epoch: 139, Dataset: test, Dice: 0.9366, IoU: 0.8847
[2026-09-15 06:41:53,917] Epoch: 139, Dataset: val, Dice: 0.8812, IoU: 0.8158
[2026-09-15 06:42:05,493] Epoch: 140, Dataset: test, Dice: 0.9319, IoU: 0.8787
[2026-09-15 06:42:06,014] Epoch: 140, Dataset: val, Dice: 0.8894, IoU: 0.8255
[2026-09-15 06:42:17,548] Epoch: 141, Dataset: test, Dice: 0.9304, IoU: 0.8761
[2026-09-15 06:42:18,014] Epoch: 141, Dataset: val, Dice: 0.8852, IoU: 0.8207
[2026-09-15 06:42:29,230] Epoch: 142, Dataset: test, Dice: 0.9347, IoU: 0.8812
[2026-09-15 06:42:29,827] Epoch: 142, Dataset: val, Dice: 0.8789, IoU: 0.8111
[2026-09-15 06:42:41,772] Epoch: 143, Dataset: test, Dice: 0.9385, IoU: 0.8877
[2026-09-15 06:42:42,180] Epoch: 143, Dataset: val, Dice: 0.8851, IoU: 0.8200
[2026-09-15 06:42:52,022] Epoch: 144, Dataset: test, Dice: 0.9324, IoU: 0.8786
[2026-09-15 06:42:52,439] Epoch: 144, Dataset: val, Dice: 0.8856, IoU: 0.8215
[2026-09-15 06:43:01,586] Epoch: 145, Dataset: test, Dice: 0.9352, IoU: 0.8836
[2026-09-15 06:43:02,028] Epoch: 145, Dataset: val, Dice: 0.8802, IoU: 0.8146
[2026-09-15 06:43:13,551] Epoch: 146, Dataset: test, Dice: 0.9383, IoU: 0.8880
[2026-09-15 06:43:14,126] Epoch: 146, Dataset: val, Dice: 0.8931, IoU: 0.8288
[2026-09-15 06:43:14,126] ### Best Model Saved (Dice improved from 0.8929 to 0.8931) ###
[2026-09-15 06:43:25,924] Epoch: 147, Dataset: test, Dice: 0.9351, IoU: 0.8824
[2026-09-15 06:43:26,384] Epoch: 147, Dataset: val, Dice: 0.8833, IoU: 0.8166
[2026-09-15 06:43:37,870] Epoch: 148, Dataset: test, Dice: 0.9350, IoU: 0.8830
[2026-09-15 06:43:38,452] Epoch: 148, Dataset: val, Dice: 0.8912, IoU: 0.8263
[2026-09-15 06:43:49,062] Epoch: 149, Dataset: test, Dice: 0.9371, IoU: 0.8868
[2026-09-15 06:43:49,743] Epoch: 149, Dataset: val, Dice: 0.8805, IoU: 0.8154
[2026-09-15 06:44:01,465] Epoch: 150, Dataset: test, Dice: 0.9389, IoU: 0.8890
[2026-09-15 06:44:01,912] Epoch: 150, Dataset: val, Dice: 0.8847, IoU: 0.8214
[2026-09-15 06:44:14,014] Epoch: 151, Dataset: test, Dice: 0.9371, IoU: 0.8861
[2026-09-15 06:44:14,571] Epoch: 151, Dataset: val, Dice: 0.8881, IoU: 0.8255
[2026-09-15 06:44:26,677] Epoch: 152, Dataset: test, Dice: 0.9399, IoU: 0.8903
[2026-09-15 06:44:27,220] Epoch: 152, Dataset: val, Dice: 0.8818, IoU: 0.8181
[2026-09-15 06:44:39,115] Epoch: 153, Dataset: test, Dice: 0.9391, IoU: 0.8889
[2026-09-15 06:44:39,546] Epoch: 153, Dataset: val, Dice: 0.8766, IoU: 0.8117
[2026-09-15 06:44:49,788] Epoch: 154, Dataset: test, Dice: 0.9321, IoU: 0.8786
[2026-09-15 06:44:50,423] Epoch: 154, Dataset: val, Dice: 0.8794, IoU: 0.8142
[2026-09-15 06:45:02,266] Epoch: 155, Dataset: test, Dice: 0.9396, IoU: 0.8900
[2026-09-15 06:45:02,689] Epoch: 155, Dataset: val, Dice: 0.8909, IoU: 0.8296
[2026-09-15 06:45:14,097] Epoch: 156, Dataset: test, Dice: 0.9378, IoU: 0.8875
[2026-09-15 06:45:14,518] Epoch: 156, Dataset: val, Dice: 0.8900, IoU: 0.8272
[2026-09-15 06:45:24,456] Epoch: 157, Dataset: test, Dice: 0.9355, IoU: 0.8832
[2026-09-15 06:45:24,917] Epoch: 157, Dataset: val, Dice: 0.8914, IoU: 0.8273
[2026-09-15 06:45:36,654] Epoch: 158, Dataset: test, Dice: 0.9379, IoU: 0.8872
[2026-09-15 06:45:37,122] Epoch: 158, Dataset: val, Dice: 0.8904, IoU: 0.8275
[2026-09-15 06:45:48,892] Epoch: 159, Dataset: test, Dice: 0.9391, IoU: 0.8886
[2026-09-15 06:45:49,450] Epoch: 159, Dataset: val, Dice: 0.8931, IoU: 0.8293
[2026-09-15 06:46:01,222] Epoch: 160, Dataset: test, Dice: 0.9385, IoU: 0.8878
[2026-09-15 06:46:01,849] Epoch: 160, Dataset: val, Dice: 0.8845, IoU: 0.8217
[2026-09-15 06:46:13,396] Epoch: 161, Dataset: test, Dice: 0.9371, IoU: 0.8863
[2026-09-15 06:46:13,947] Epoch: 161, Dataset: val, Dice: 0.8805, IoU: 0.8164
[2026-09-15 06:46:25,995] Epoch: 162, Dataset: test, Dice: 0.9379, IoU: 0.8873
[2026-09-15 06:46:26,539] Epoch: 162, Dataset: val, Dice: 0.8904, IoU: 0.8252
[2026-09-15 06:46:38,251] Epoch: 163, Dataset: test, Dice: 0.9346, IoU: 0.8817
[2026-09-15 06:46:38,945] Epoch: 163, Dataset: val, Dice: 0.8812, IoU: 0.8170
[2026-09-15 06:46:50,649] Epoch: 164, Dataset: test, Dice: 0.9391, IoU: 0.8888
[2026-09-15 06:46:51,106] Epoch: 164, Dataset: val, Dice: 0.8907, IoU: 0.8258
[2026-09-15 06:47:02,869] Epoch: 165, Dataset: test, Dice: 0.9357, IoU: 0.8829
[2026-09-15 06:47:03,327] Epoch: 165, Dataset: val, Dice: 0.8918, IoU: 0.8280
[2026-09-15 06:47:15,089] Epoch: 166, Dataset: test, Dice: 0.9361, IoU: 0.8853
[2026-09-15 06:47:15,530] Epoch: 166, Dataset: val, Dice: 0.8888, IoU: 0.8227
[2026-09-15 06:47:26,607] Epoch: 167, Dataset: test, Dice: 0.9328, IoU: 0.8796
[2026-09-15 06:47:27,211] Epoch: 167, Dataset: val, Dice: 0.8821, IoU: 0.8172
[2026-09-15 06:47:38,329] Epoch: 168, Dataset: test, Dice: 0.9399, IoU: 0.8900
[2026-09-15 06:47:38,806] Epoch: 168, Dataset: val, Dice: 0.8845, IoU: 0.8173
[2026-09-15 06:47:50,529] Epoch: 169, Dataset: test, Dice: 0.9379, IoU: 0.8876
[2026-09-15 06:47:51,082] Epoch: 169, Dataset: val, Dice: 0.8888, IoU: 0.8262
[2026-09-15 06:48:02,883] Epoch: 170, Dataset: test, Dice: 0.9392, IoU: 0.8894
[2026-09-15 06:48:03,396] Epoch: 170, Dataset: val, Dice: 0.8883, IoU: 0.8239
[2026-09-15 06:48:14,824] Epoch: 171, Dataset: test, Dice: 0.9374, IoU: 0.8865
[2026-09-15 06:48:15,247] Epoch: 171, Dataset: val, Dice: 0.8902, IoU: 0.8262
[2026-09-15 06:48:26,759] Epoch: 172, Dataset: test, Dice: 0.9385, IoU: 0.8886
[2026-09-15 06:48:27,237] Epoch: 172, Dataset: val, Dice: 0.8873, IoU: 0.8236
[2026-09-15 06:48:39,123] Epoch: 173, Dataset: test, Dice: 0.9380, IoU: 0.8871
[2026-09-15 06:48:39,748] Epoch: 173, Dataset: val, Dice: 0.8773, IoU: 0.8104
[2026-09-15 06:48:51,015] Epoch: 174, Dataset: test, Dice: 0.9377, IoU: 0.8870
[2026-09-15 06:48:51,655] Epoch: 174, Dataset: val, Dice: 0.8845, IoU: 0.8214
[2026-09-15 06:49:03,392] Epoch: 175, Dataset: test, Dice: 0.9414, IoU: 0.8925
[2026-09-15 06:49:03,969] Epoch: 175, Dataset: val, Dice: 0.8855, IoU: 0.8212
[2026-09-15 06:49:15,713] Epoch: 176, Dataset: test, Dice: 0.9387, IoU: 0.8885
[2026-09-15 06:49:16,347] Epoch: 176, Dataset: val, Dice: 0.8893, IoU: 0.8268
[2026-09-15 06:49:27,792] Epoch: 177, Dataset: test, Dice: 0.9396, IoU: 0.8898
[2026-09-15 06:49:28,305] Epoch: 177, Dataset: val, Dice: 0.8723, IoU: 0.8034
[2026-09-15 06:49:39,915] Epoch: 178, Dataset: test, Dice: 0.9413, IoU: 0.8926
[2026-09-15 06:49:40,332] Epoch: 178, Dataset: val, Dice: 0.8892, IoU: 0.8257
[2026-09-15 06:49:50,435] Epoch: 179, Dataset: test, Dice: 0.9391, IoU: 0.8890
[2026-09-15 06:49:50,883] Epoch: 179, Dataset: val, Dice: 0.8698, IoU: 0.8010
[2026-09-15 06:50:01,745] Epoch: 180, Dataset: test, Dice: 0.9388, IoU: 0.8888
[2026-09-15 06:50:02,148] Epoch: 180, Dataset: val, Dice: 0.8787, IoU: 0.8133
[2026-09-15 06:50:14,008] Epoch: 181, Dataset: test, Dice: 0.9416, IoU: 0.8928
[2026-09-15 06:50:14,655] Epoch: 181, Dataset: val, Dice: 0.8752, IoU: 0.8078
[2026-09-15 06:50:26,398] Epoch: 182, Dataset: test, Dice: 0.9386, IoU: 0.8884
[2026-09-15 06:50:26,834] Epoch: 182, Dataset: val, Dice: 0.8844, IoU: 0.8210
[2026-09-15 06:50:38,388] Epoch: 183, Dataset: test, Dice: 0.9392, IoU: 0.8898
[2026-09-15 06:50:38,850] Epoch: 183, Dataset: val, Dice: 0.8880, IoU: 0.8257
[2026-09-15 06:50:49,557] Epoch: 184, Dataset: test, Dice: 0.9414, IoU: 0.8929
[2026-09-15 06:50:50,129] Epoch: 184, Dataset: val, Dice: 0.8849, IoU: 0.8190
[2026-09-15 06:51:01,260] Epoch: 185, Dataset: test, Dice: 0.9400, IoU: 0.8904
[2026-09-15 06:51:01,815] Epoch: 185, Dataset: val, Dice: 0.8939, IoU: 0.8302
[2026-09-15 06:51:01,816] ### Best Model Saved (Dice improved from 0.8931 to 0.8939) ###
[2026-09-15 06:51:13,700] Epoch: 186, Dataset: test, Dice: 0.9337, IoU: 0.8808
[2026-09-15 06:51:14,201] Epoch: 186, Dataset: val, Dice: 0.8761, IoU: 0.8099
[2026-09-15 06:51:25,635] Epoch: 187, Dataset: test, Dice: 0.9398, IoU: 0.8903
[2026-09-15 06:51:26,130] Epoch: 187, Dataset: val, Dice: 0.8870, IoU: 0.8241
[2026-09-15 06:51:37,978] Epoch: 188, Dataset: test, Dice: 0.9374, IoU: 0.8865
[2026-09-15 06:51:38,460] Epoch: 188, Dataset: val, Dice: 0.8798, IoU: 0.8117
[2026-09-15 06:51:50,239] Epoch: 189, Dataset: test, Dice: 0.9383, IoU: 0.8884
[2026-09-15 06:51:50,753] Epoch: 189, Dataset: val, Dice: 0.8890, IoU: 0.8255
[2026-09-15 06:52:02,501] Epoch: 190, Dataset: test, Dice: 0.9384, IoU: 0.8886
[2026-09-15 06:52:03,027] Epoch: 190, Dataset: val, Dice: 0.8897, IoU: 0.8276
[2026-09-15 06:52:14,682] Epoch: 191, Dataset: test, Dice: 0.9368, IoU: 0.8857
[2026-09-15 06:52:15,200] Epoch: 191, Dataset: val, Dice: 0.8877, IoU: 0.8240
[2026-09-15 06:52:26,715] Epoch: 192, Dataset: test, Dice: 0.9418, IoU: 0.8932
[2026-09-15 06:52:27,237] Epoch: 192, Dataset: val, Dice: 0.8838, IoU: 0.8176
[2026-09-15 06:52:38,264] Epoch: 193, Dataset: test, Dice: 0.9384, IoU: 0.8885
[2026-09-15 06:52:38,719] Epoch: 193, Dataset: val, Dice: 0.8878, IoU: 0.8248
[2026-09-15 06:52:49,942] Epoch: 194, Dataset: test, Dice: 0.9349, IoU: 0.8830
[2026-09-15 06:52:50,636] Epoch: 194, Dataset: val, Dice: 0.8820, IoU: 0.8189
[2026-09-15 06:53:02,025] Epoch: 195, Dataset: test, Dice: 0.9375, IoU: 0.8873
[2026-09-15 06:53:02,643] Epoch: 195, Dataset: val, Dice: 0.8893, IoU: 0.8271
[2026-09-15 06:53:13,933] Epoch: 196, Dataset: test, Dice: 0.9396, IoU: 0.8899
[2026-09-15 06:53:14,426] Epoch: 196, Dataset: val, Dice: 0.8834, IoU: 0.8188
[2026-09-15 06:53:26,042] Epoch: 197, Dataset: test, Dice: 0.9411, IoU: 0.8920
[2026-09-15 06:53:26,512] Epoch: 197, Dataset: val, Dice: 0.8783, IoU: 0.8106
[2026-09-15 06:53:38,364] Epoch: 198, Dataset: test, Dice: 0.9373, IoU: 0.8864
[2026-09-15 06:53:38,984] Epoch: 198, Dataset: val, Dice: 0.8874, IoU: 0.8249
[2026-09-15 06:53:50,168] Epoch: 199, Dataset: test, Dice: 0.9386, IoU: 0.8887
[2026-09-15 06:53:50,615] Epoch: 199, Dataset: val, Dice: 0.8868, IoU: 0.8228
[2026-09-15 06:54:01,415] Epoch: 200, Dataset: test, Dice: 0.9412, IoU: 0.8922
[2026-09-15 06:54:01,938] Epoch: 200, Dataset: val, Dice: 0.8871, IoU: 0.8237
[2026-09-15 06:54:01,941] 
========================================
FINAL RESULTS: ClinicDB_MK_UNet_bs8_lr0.0005_e200_augTrue_run3_t061427
Best Val Dice: 0.8939
Test Dice at Best Val: 0.9400
Total Train Time: 2145.16s
========================================
