[2026-09-18 11:24:27,962] flops: 0.619251354, params: 0.315566, Total params: : 0.3156
[2026-09-18 11:25:10,257] Epoch: 1, Dataset: test, Dice: 0.7452, IoU: 0.6189
[2026-09-18 11:25:13,273] Epoch: 1, Dataset: val, Dice: 0.7408, IoU: 0.6131
[2026-09-18 11:25:13,274] ### Best Model Saved (Dice improved from 0.0000 to 0.7408) ###
[2026-09-18 11:25:57,032] Epoch: 2, Dataset: test, Dice: 0.5412, IoU: 0.4164
[2026-09-18 11:26:00,309] Epoch: 2, Dataset: val, Dice: 0.5665, IoU: 0.4427
[2026-09-18 11:26:44,266] Epoch: 3, Dataset: test, Dice: 0.7677, IoU: 0.6438
[2026-09-18 11:26:47,850] Epoch: 3, Dataset: val, Dice: 0.7711, IoU: 0.6465
[2026-09-18 11:26:47,850] ### Best Model Saved (Dice improved from 0.7408 to 0.7711) ###
[2026-09-18 11:27:31,942] Epoch: 4, Dataset: test, Dice: 0.7791, IoU: 0.6564
[2026-09-18 11:27:34,736] Epoch: 4, Dataset: val, Dice: 0.7890, IoU: 0.6653
[2026-09-18 11:27:34,737] ### Best Model Saved (Dice improved from 0.7711 to 0.7890) ###
[2026-09-18 11:28:13,111] Epoch: 5, Dataset: test, Dice: 0.6950, IoU: 0.5744
[2026-09-18 11:28:16,678] Epoch: 5, Dataset: val, Dice: 0.7270, IoU: 0.5995
[2026-09-18 11:29:00,305] Epoch: 6, Dataset: test, Dice: 0.6768, IoU: 0.5479
[2026-09-18 11:29:03,894] Epoch: 6, Dataset: val, Dice: 0.6965, IoU: 0.5700
[2026-09-18 11:29:45,961] Epoch: 7, Dataset: test, Dice: 0.6910, IoU: 0.5562
[2026-09-18 11:29:49,146] Epoch: 7, Dataset: val, Dice: 0.7129, IoU: 0.5762
[2026-09-18 11:30:30,991] Epoch: 8, Dataset: test, Dice: 0.6978, IoU: 0.5661
[2026-09-18 11:30:34,545] Epoch: 8, Dataset: val, Dice: 0.7225, IoU: 0.5900
[2026-09-18 11:31:17,679] Epoch: 9, Dataset: test, Dice: 0.8100, IoU: 0.6932
[2026-09-18 11:31:20,959] Epoch: 9, Dataset: val, Dice: 0.8113, IoU: 0.6946
[2026-09-18 11:31:20,960] ### Best Model Saved (Dice improved from 0.7890 to 0.8113) ###
[2026-09-18 11:32:04,352] Epoch: 10, Dataset: test, Dice: 0.8070, IoU: 0.6926
[2026-09-18 11:32:07,570] Epoch: 10, Dataset: val, Dice: 0.8097, IoU: 0.6950
[2026-09-18 11:32:49,511] Epoch: 11, Dataset: test, Dice: 0.7946, IoU: 0.6733
[2026-09-18 11:32:52,724] Epoch: 11, Dataset: val, Dice: 0.7967, IoU: 0.6747
[2026-09-18 11:33:36,004] Epoch: 12, Dataset: test, Dice: 0.7639, IoU: 0.6498
[2026-09-18 11:33:39,524] Epoch: 12, Dataset: val, Dice: 0.7708, IoU: 0.6539
[2026-09-18 11:34:23,422] Epoch: 13, Dataset: test, Dice: 0.7945, IoU: 0.6743
[2026-09-18 11:34:26,951] Epoch: 13, Dataset: val, Dice: 0.8004, IoU: 0.6798
[2026-09-18 11:35:10,718] Epoch: 14, Dataset: test, Dice: 0.7811, IoU: 0.6639
[2026-09-18 11:35:14,255] Epoch: 14, Dataset: val, Dice: 0.7951, IoU: 0.6769
[2026-09-18 11:35:57,819] Epoch: 15, Dataset: test, Dice: 0.7602, IoU: 0.6304
[2026-09-18 11:36:01,369] Epoch: 15, Dataset: val, Dice: 0.7687, IoU: 0.6390
[2026-09-18 11:36:45,376] Epoch: 16, Dataset: test, Dice: 0.1747, IoU: 0.1173
[2026-09-18 11:36:48,957] Epoch: 16, Dataset: val, Dice: 0.2008, IoU: 0.1314
[2026-09-18 11:37:29,556] Epoch: 17, Dataset: test, Dice: 0.7986, IoU: 0.6809
[2026-09-18 11:37:33,144] Epoch: 17, Dataset: val, Dice: 0.7999, IoU: 0.6822
[2026-09-18 11:38:15,737] Epoch: 18, Dataset: test, Dice: 0.8040, IoU: 0.6875
[2026-09-18 11:38:19,277] Epoch: 18, Dataset: val, Dice: 0.8068, IoU: 0.6889
[2026-09-18 11:39:01,990] Epoch: 19, Dataset: test, Dice: 0.7490, IoU: 0.6241
[2026-09-18 11:39:05,553] Epoch: 19, Dataset: val, Dice: 0.7634, IoU: 0.6350
[2026-09-18 11:39:45,696] Epoch: 20, Dataset: test, Dice: 0.8195, IoU: 0.7064
[2026-09-18 11:39:48,898] Epoch: 20, Dataset: val, Dice: 0.8200, IoU: 0.7064
[2026-09-18 11:39:48,898] ### Best Model Saved (Dice improved from 0.8113 to 0.8200) ###
[2026-09-18 11:40:32,551] Epoch: 21, Dataset: test, Dice: 0.7652, IoU: 0.6469
[2026-09-18 11:40:35,816] Epoch: 21, Dataset: val, Dice: 0.7748, IoU: 0.6536
[2026-09-18 11:41:19,331] Epoch: 22, Dataset: test, Dice: 0.8087, IoU: 0.6923
[2026-09-18 11:41:22,526] Epoch: 22, Dataset: val, Dice: 0.8084, IoU: 0.6918
[2026-09-18 11:42:05,433] Epoch: 23, Dataset: test, Dice: 0.8107, IoU: 0.6949
[2026-09-18 11:42:08,485] Epoch: 23, Dataset: val, Dice: 0.8119, IoU: 0.6968
[2026-09-18 11:42:49,072] Epoch: 24, Dataset: test, Dice: 0.8197, IoU: 0.7063
[2026-09-18 11:42:52,689] Epoch: 24, Dataset: val, Dice: 0.8195, IoU: 0.7058
[2026-09-18 11:43:36,649] Epoch: 25, Dataset: test, Dice: 0.7063, IoU: 0.5796
[2026-09-18 11:43:39,589] Epoch: 25, Dataset: val, Dice: 0.7086, IoU: 0.5764
[2026-09-18 11:44:22,815] Epoch: 26, Dataset: test, Dice: 0.8124, IoU: 0.6980
[2026-09-18 11:44:26,388] Epoch: 26, Dataset: val, Dice: 0.8145, IoU: 0.6988
[2026-09-18 11:45:10,359] Epoch: 27, Dataset: test, Dice: 0.7705, IoU: 0.6478
[2026-09-18 11:45:13,618] Epoch: 27, Dataset: val, Dice: 0.7848, IoU: 0.6606
[2026-09-18 11:45:56,975] Epoch: 28, Dataset: test, Dice: 0.8292, IoU: 0.7192
[2026-09-18 11:46:00,563] Epoch: 28, Dataset: val, Dice: 0.8281, IoU: 0.7171
[2026-09-18 11:46:00,563] ### Best Model Saved (Dice improved from 0.8200 to 0.8281) ###
[2026-09-18 11:46:40,275] Epoch: 29, Dataset: test, Dice: 0.8123, IoU: 0.6959
[2026-09-18 11:46:43,691] Epoch: 29, Dataset: val, Dice: 0.8123, IoU: 0.6954
[2026-09-18 11:47:26,761] Epoch: 30, Dataset: test, Dice: 0.8076, IoU: 0.6908
[2026-09-18 11:47:30,295] Epoch: 30, Dataset: val, Dice: 0.8079, IoU: 0.6906
[2026-09-18 11:48:13,024] Epoch: 31, Dataset: test, Dice: 0.7972, IoU: 0.6838
[2026-09-18 11:48:16,583] Epoch: 31, Dataset: val, Dice: 0.8035, IoU: 0.6883
[2026-09-18 11:48:59,252] Epoch: 32, Dataset: test, Dice: 0.8168, IoU: 0.7028
[2026-09-18 11:49:02,787] Epoch: 32, Dataset: val, Dice: 0.8148, IoU: 0.6997
[2026-09-18 11:49:46,444] Epoch: 33, Dataset: test, Dice: 0.7522, IoU: 0.6279
[2026-09-18 11:49:49,551] Epoch: 33, Dataset: val, Dice: 0.7596, IoU: 0.6335
[2026-09-18 11:50:27,519] Epoch: 34, Dataset: test, Dice: 0.8181, IoU: 0.7031
[2026-09-18 11:50:31,112] Epoch: 34, Dataset: val, Dice: 0.8188, IoU: 0.7038
[2026-09-18 11:51:15,270] Epoch: 35, Dataset: test, Dice: 0.7785, IoU: 0.6621
[2026-09-18 11:51:18,847] Epoch: 35, Dataset: val, Dice: 0.7877, IoU: 0.6689
[2026-09-18 11:51:56,638] Epoch: 36, Dataset: test, Dice: 0.7492, IoU: 0.6294
[2026-09-18 11:52:00,237] Epoch: 36, Dataset: val, Dice: 0.7632, IoU: 0.6395
[2026-09-18 11:52:44,268] Epoch: 37, Dataset: test, Dice: 0.7902, IoU: 0.6750
[2026-09-18 11:52:47,303] Epoch: 37, Dataset: val, Dice: 0.7946, IoU: 0.6782
[2026-09-18 11:53:30,680] Epoch: 38, Dataset: test, Dice: 0.8129, IoU: 0.6982
[2026-09-18 11:53:34,241] Epoch: 38, Dataset: val, Dice: 0.8140, IoU: 0.6987
[2026-09-18 11:54:18,162] Epoch: 39, Dataset: test, Dice: 0.8158, IoU: 0.7022
[2026-09-18 11:54:21,502] Epoch: 39, Dataset: val, Dice: 0.8155, IoU: 0.7019
[2026-09-18 11:55:05,237] Epoch: 40, Dataset: test, Dice: 0.8185, IoU: 0.7047
[2026-09-18 11:55:08,794] Epoch: 40, Dataset: val, Dice: 0.8167, IoU: 0.7021
[2026-09-18 11:55:52,853] Epoch: 41, Dataset: test, Dice: 0.8147, IoU: 0.7007
[2026-09-18 11:55:56,364] Epoch: 41, Dataset: val, Dice: 0.8160, IoU: 0.7004
[2026-09-18 11:56:39,757] Epoch: 42, Dataset: test, Dice: 0.8126, IoU: 0.6961
[2026-09-18 11:56:43,095] Epoch: 42, Dataset: val, Dice: 0.8119, IoU: 0.6946
[2026-09-18 11:57:26,649] Epoch: 43, Dataset: test, Dice: 0.8183, IoU: 0.7039
[2026-09-18 11:57:30,011] Epoch: 43, Dataset: val, Dice: 0.8169, IoU: 0.7022
[2026-09-18 11:58:13,359] Epoch: 44, Dataset: test, Dice: 0.8066, IoU: 0.6891
[2026-09-18 11:58:16,191] Epoch: 44, Dataset: val, Dice: 0.8030, IoU: 0.6852
[2026-09-18 11:58:59,458] Epoch: 45, Dataset: test, Dice: 0.8128, IoU: 0.6981
[2026-09-18 11:59:02,890] Epoch: 45, Dataset: val, Dice: 0.8112, IoU: 0.6951
[2026-09-18 11:59:46,905] Epoch: 46, Dataset: test, Dice: 0.7817, IoU: 0.6691
[2026-09-18 11:59:50,165] Epoch: 46, Dataset: val, Dice: 0.7882, IoU: 0.6742
[2026-09-18 12:00:34,046] Epoch: 47, Dataset: test, Dice: 0.8002, IoU: 0.6840
[2026-09-18 12:00:37,619] Epoch: 47, Dataset: val, Dice: 0.7970, IoU: 0.6806
[2026-09-18 12:01:16,724] Epoch: 48, Dataset: test, Dice: 0.7708, IoU: 0.6501
[2026-09-18 12:01:20,302] Epoch: 48, Dataset: val, Dice: 0.7676, IoU: 0.6451
[2026-09-18 12:01:59,629] Epoch: 49, Dataset: test, Dice: 0.8205, IoU: 0.7080
[2026-09-18 12:02:02,836] Epoch: 49, Dataset: val, Dice: 0.8230, IoU: 0.7097
[2026-09-18 12:02:45,764] Epoch: 50, Dataset: test, Dice: 0.8158, IoU: 0.7010
[2026-09-18 12:02:49,389] Epoch: 50, Dataset: val, Dice: 0.8151, IoU: 0.6996
[2026-09-18 12:03:32,234] Epoch: 51, Dataset: test, Dice: 0.8115, IoU: 0.6954
[2026-09-18 12:03:35,817] Epoch: 51, Dataset: val, Dice: 0.8106, IoU: 0.6935
[2026-09-18 12:04:15,079] Epoch: 52, Dataset: test, Dice: 0.8110, IoU: 0.6956
[2026-09-18 12:04:18,600] Epoch: 52, Dataset: val, Dice: 0.8098, IoU: 0.6929
[2026-09-18 12:05:01,658] Epoch: 53, Dataset: test, Dice: 0.8037, IoU: 0.6851
[2026-09-18 12:05:05,184] Epoch: 53, Dataset: val, Dice: 0.8008, IoU: 0.6808
[2026-09-18 12:05:46,968] Epoch: 54, Dataset: test, Dice: 0.8078, IoU: 0.6908
[2026-09-18 12:05:50,500] Epoch: 54, Dataset: val, Dice: 0.8057, IoU: 0.6881
[2026-09-18 12:06:33,523] Epoch: 55, Dataset: test, Dice: 0.8072, IoU: 0.6891
[2026-09-18 12:06:36,733] Epoch: 55, Dataset: val, Dice: 0.8035, IoU: 0.6842
[2026-09-18 12:07:20,092] Epoch: 56, Dataset: test, Dice: 0.8091, IoU: 0.6934
[2026-09-18 12:07:23,656] Epoch: 56, Dataset: val, Dice: 0.8064, IoU: 0.6891
[2026-09-18 12:08:07,028] Epoch: 57, Dataset: test, Dice: 0.8051, IoU: 0.6894
[2026-09-18 12:08:10,468] Epoch: 57, Dataset: val, Dice: 0.8032, IoU: 0.6855
[2026-09-18 12:08:53,232] Epoch: 58, Dataset: test, Dice: 0.8179, IoU: 0.7046
[2026-09-18 12:08:56,417] Epoch: 58, Dataset: val, Dice: 0.8190, IoU: 0.7053
[2026-09-18 12:09:40,271] Epoch: 59, Dataset: test, Dice: 0.8118, IoU: 0.6969
[2026-09-18 12:09:43,438] Epoch: 59, Dataset: val, Dice: 0.8119, IoU: 0.6958
[2026-09-18 12:10:27,046] Epoch: 60, Dataset: test, Dice: 0.8286, IoU: 0.7180
[2026-09-18 12:10:30,250] Epoch: 60, Dataset: val, Dice: 0.8259, IoU: 0.7143
[2026-09-18 12:11:13,758] Epoch: 61, Dataset: test, Dice: 0.8259, IoU: 0.7135
[2026-09-18 12:11:17,267] Epoch: 61, Dataset: val, Dice: 0.8241, IoU: 0.7109
[2026-09-18 12:11:57,528] Epoch: 62, Dataset: test, Dice: 0.8169, IoU: 0.7020
[2026-09-18 12:12:01,007] Epoch: 62, Dataset: val, Dice: 0.8161, IoU: 0.7004
[2026-09-18 12:12:43,966] Epoch: 63, Dataset: test, Dice: 0.8220, IoU: 0.7099
[2026-09-18 12:12:47,118] Epoch: 63, Dataset: val, Dice: 0.8213, IoU: 0.7079
[2026-09-18 12:13:30,125] Epoch: 64, Dataset: test, Dice: 0.7842, IoU: 0.6633
[2026-09-18 12:13:33,723] Epoch: 64, Dataset: val, Dice: 0.7917, IoU: 0.6690
[2026-09-18 12:14:16,171] Epoch: 65, Dataset: test, Dice: 0.8186, IoU: 0.7042
[2026-09-18 12:14:19,706] Epoch: 65, Dataset: val, Dice: 0.8170, IoU: 0.7021
[2026-09-18 12:15:02,423] Epoch: 66, Dataset: test, Dice: 0.8248, IoU: 0.7138
[2026-09-18 12:15:05,962] Epoch: 66, Dataset: val, Dice: 0.8224, IoU: 0.7098
[2026-09-18 12:15:49,719] Epoch: 67, Dataset: test, Dice: 0.8213, IoU: 0.7086
[2026-09-18 12:15:53,261] Epoch: 67, Dataset: val, Dice: 0.8203, IoU: 0.7057
[2026-09-18 12:16:36,513] Epoch: 68, Dataset: test, Dice: 0.7847, IoU: 0.6676
[2026-09-18 12:16:40,096] Epoch: 68, Dataset: val, Dice: 0.7894, IoU: 0.6709
[2026-09-18 12:17:23,805] Epoch: 69, Dataset: test, Dice: 0.7824, IoU: 0.6629
[2026-09-18 12:17:27,348] Epoch: 69, Dataset: val, Dice: 0.7910, IoU: 0.6695
[2026-09-18 12:18:11,207] Epoch: 70, Dataset: test, Dice: 0.8237, IoU: 0.7109
[2026-09-18 12:18:14,755] Epoch: 70, Dataset: val, Dice: 0.8196, IoU: 0.7057
[2026-09-18 12:18:54,495] Epoch: 71, Dataset: test, Dice: 0.8193, IoU: 0.7066
[2026-09-18 12:18:57,827] Epoch: 71, Dataset: val, Dice: 0.8168, IoU: 0.7023
[2026-09-18 12:19:40,873] Epoch: 72, Dataset: test, Dice: 0.8287, IoU: 0.7190
[2026-09-18 12:19:44,342] Epoch: 72, Dataset: val, Dice: 0.8285, IoU: 0.7180
[2026-09-18 12:19:44,343] ### Best Model Saved (Dice improved from 0.8281 to 0.8285) ###
[2026-09-18 12:20:25,986] Epoch: 73, Dataset: test, Dice: 0.8086, IoU: 0.6928
[2026-09-18 12:20:29,538] Epoch: 73, Dataset: val, Dice: 0.8094, IoU: 0.6930
[2026-09-18 12:21:12,433] Epoch: 74, Dataset: test, Dice: 0.8106, IoU: 0.6933
[2026-09-18 12:21:15,608] Epoch: 74, Dataset: val, Dice: 0.8066, IoU: 0.6877
[2026-09-18 12:21:58,436] Epoch: 75, Dataset: test, Dice: 0.8164, IoU: 0.7010
[2026-09-18 12:22:02,025] Epoch: 75, Dataset: val, Dice: 0.8145, IoU: 0.6984
[2026-09-18 12:22:43,515] Epoch: 76, Dataset: test, Dice: 0.8245, IoU: 0.7127
[2026-09-18 12:22:46,217] Epoch: 76, Dataset: val, Dice: 0.8189, IoU: 0.7054
[2026-09-18 12:23:29,193] Epoch: 77, Dataset: test, Dice: 0.7764, IoU: 0.6519
[2026-09-18 12:23:32,740] Epoch: 77, Dataset: val, Dice: 0.7790, IoU: 0.6517
[2026-09-18 12:24:15,125] Epoch: 78, Dataset: test, Dice: 0.8168, IoU: 0.7024
[2026-09-18 12:24:18,659] Epoch: 78, Dataset: val, Dice: 0.8137, IoU: 0.6980
[2026-09-18 12:25:01,977] Epoch: 79, Dataset: test, Dice: 0.8204, IoU: 0.7078
[2026-09-18 12:25:05,445] Epoch: 79, Dataset: val, Dice: 0.8189, IoU: 0.7048
[2026-09-18 12:25:49,387] Epoch: 80, Dataset: test, Dice: 0.8047, IoU: 0.6906
[2026-09-18 12:25:52,460] Epoch: 80, Dataset: val, Dice: 0.8071, IoU: 0.6907
[2026-09-18 12:26:35,583] Epoch: 81, Dataset: test, Dice: 0.8129, IoU: 0.7024
[2026-09-18 12:26:38,822] Epoch: 81, Dataset: val, Dice: 0.8143, IoU: 0.7029
[2026-09-18 12:27:18,779] Epoch: 82, Dataset: test, Dice: 0.8114, IoU: 0.6958
[2026-09-18 12:27:22,336] Epoch: 82, Dataset: val, Dice: 0.8102, IoU: 0.6938
[2026-09-18 12:28:02,995] Epoch: 83, Dataset: test, Dice: 0.8239, IoU: 0.7116
[2026-09-18 12:28:06,574] Epoch: 83, Dataset: val, Dice: 0.8207, IoU: 0.7071
[2026-09-18 12:28:48,319] Epoch: 84, Dataset: test, Dice: 0.8193, IoU: 0.7061
[2026-09-18 12:28:51,077] Epoch: 84, Dataset: val, Dice: 0.8148, IoU: 0.7001
[2026-09-18 12:29:32,691] Epoch: 85, Dataset: test, Dice: 0.8299, IoU: 0.7206
[2026-09-18 12:29:36,213] Epoch: 85, Dataset: val, Dice: 0.8266, IoU: 0.7159
[2026-09-18 12:30:19,284] Epoch: 86, Dataset: test, Dice: 0.8313, IoU: 0.7217
[2026-09-18 12:30:22,828] Epoch: 86, Dataset: val, Dice: 0.8287, IoU: 0.7178
[2026-09-18 12:30:22,829] ### Best Model Saved (Dice improved from 0.8285 to 0.8287) ###
[2026-09-18 12:31:05,852] Epoch: 87, Dataset: test, Dice: 0.8154, IoU: 0.7006
[2026-09-18 12:31:09,432] Epoch: 87, Dataset: val, Dice: 0.8121, IoU: 0.6962
[2026-09-18 12:31:52,740] Epoch: 88, Dataset: test, Dice: 0.8274, IoU: 0.7165
[2026-09-18 12:31:56,130] Epoch: 88, Dataset: val, Dice: 0.8254, IoU: 0.7135
[2026-09-18 12:32:38,857] Epoch: 89, Dataset: test, Dice: 0.8185, IoU: 0.7054
[2026-09-18 12:32:42,181] Epoch: 89, Dataset: val, Dice: 0.8147, IoU: 0.7015
[2026-09-18 12:33:26,043] Epoch: 90, Dataset: test, Dice: 0.8205, IoU: 0.7076
[2026-09-18 12:33:29,255] Epoch: 90, Dataset: val, Dice: 0.8176, IoU: 0.7042
[2026-09-18 12:34:12,334] Epoch: 91, Dataset: test, Dice: 0.8193, IoU: 0.7063
[2026-09-18 12:34:15,918] Epoch: 91, Dataset: val, Dice: 0.8151, IoU: 0.7015
[2026-09-18 12:34:59,538] Epoch: 92, Dataset: test, Dice: 0.8263, IoU: 0.7152
[2026-09-18 12:35:02,889] Epoch: 92, Dataset: val, Dice: 0.8217, IoU: 0.7094
[2026-09-18 12:35:44,919] Epoch: 93, Dataset: test, Dice: 0.8085, IoU: 0.6928
[2026-09-18 12:35:48,470] Epoch: 93, Dataset: val, Dice: 0.8077, IoU: 0.6913
[2026-09-18 12:36:31,494] Epoch: 94, Dataset: test, Dice: 0.8241, IoU: 0.7120
[2026-09-18 12:36:34,790] Epoch: 94, Dataset: val, Dice: 0.8199, IoU: 0.7072
[2026-09-18 12:37:16,498] Epoch: 95, Dataset: test, Dice: 0.8204, IoU: 0.7067
[2026-09-18 12:37:20,030] Epoch: 95, Dataset: val, Dice: 0.8167, IoU: 0.7029
[2026-09-18 12:38:03,040] Epoch: 96, Dataset: test, Dice: 0.8229, IoU: 0.7100
[2026-09-18 12:38:06,305] Epoch: 96, Dataset: val, Dice: 0.8175, IoU: 0.7041
[2026-09-18 12:38:47,752] Epoch: 97, Dataset: test, Dice: 0.8202, IoU: 0.7063
[2026-09-18 12:38:51,260] Epoch: 97, Dataset: val, Dice: 0.8193, IoU: 0.7049
[2026-09-18 12:39:33,670] Epoch: 98, Dataset: test, Dice: 0.8215, IoU: 0.7088
[2026-09-18 12:39:36,930] Epoch: 98, Dataset: val, Dice: 0.8207, IoU: 0.7070
[2026-09-18 12:40:19,925] Epoch: 99, Dataset: test, Dice: 0.8253, IoU: 0.7144
[2026-09-18 12:40:23,213] Epoch: 99, Dataset: val, Dice: 0.8236, IoU: 0.7114
[2026-09-18 12:41:05,977] Epoch: 100, Dataset: test, Dice: 0.8270, IoU: 0.7153
[2026-09-18 12:41:09,000] Epoch: 100, Dataset: val, Dice: 0.8232, IoU: 0.7102
[2026-09-18 12:41:52,553] Epoch: 101, Dataset: test, Dice: 0.8150, IoU: 0.7016
[2026-09-18 12:41:56,072] Epoch: 101, Dataset: val, Dice: 0.8164, IoU: 0.7035
[2026-09-18 12:42:39,528] Epoch: 102, Dataset: test, Dice: 0.8056, IoU: 0.6895
[2026-09-18 12:42:42,500] Epoch: 102, Dataset: val, Dice: 0.8054, IoU: 0.6882
[2026-09-18 12:43:25,057] Epoch: 103, Dataset: test, Dice: 0.8148, IoU: 0.6989
[2026-09-18 12:43:28,671] Epoch: 103, Dataset: val, Dice: 0.8121, IoU: 0.6955
[2026-09-18 12:44:12,144] Epoch: 104, Dataset: test, Dice: 0.8187, IoU: 0.7050
[2026-09-18 12:44:15,429] Epoch: 104, Dataset: val, Dice: 0.8164, IoU: 0.7014
[2026-09-18 12:44:58,559] Epoch: 105, Dataset: test, Dice: 0.7843, IoU: 0.6702
[2026-09-18 12:45:02,106] Epoch: 105, Dataset: val, Dice: 0.7875, IoU: 0.6714
[2026-09-18 12:45:44,118] Epoch: 106, Dataset: test, Dice: 0.8268, IoU: 0.7155
[2026-09-18 12:45:47,725] Epoch: 106, Dataset: val, Dice: 0.8219, IoU: 0.7098
[2026-09-18 12:46:30,117] Epoch: 107, Dataset: test, Dice: 0.8264, IoU: 0.7150
[2026-09-18 12:46:33,452] Epoch: 107, Dataset: val, Dice: 0.8238, IoU: 0.7112
[2026-09-18 12:47:16,931] Epoch: 108, Dataset: test, Dice: 0.8130, IoU: 0.6979
[2026-09-18 12:47:20,464] Epoch: 108, Dataset: val, Dice: 0.8094, IoU: 0.6929
[2026-09-18 12:48:04,084] Epoch: 109, Dataset: test, Dice: 0.8196, IoU: 0.7059
[2026-09-18 12:48:06,939] Epoch: 109, Dataset: val, Dice: 0.8147, IoU: 0.6998
[2026-09-18 12:48:49,356] Epoch: 110, Dataset: test, Dice: 0.8238, IoU: 0.7119
[2026-09-18 12:48:52,956] Epoch: 110, Dataset: val, Dice: 0.8211, IoU: 0.7081
[2026-09-18 12:49:33,561] Epoch: 111, Dataset: test, Dice: 0.8227, IoU: 0.7106
[2026-09-18 12:49:36,801] Epoch: 111, Dataset: val, Dice: 0.8234, IoU: 0.7108
[2026-09-18 12:50:19,893] Epoch: 112, Dataset: test, Dice: 0.8244, IoU: 0.7125
[2026-09-18 12:50:23,225] Epoch: 112, Dataset: val, Dice: 0.8227, IoU: 0.7096
[2026-09-18 12:51:06,434] Epoch: 113, Dataset: test, Dice: 0.8228, IoU: 0.7118
[2026-09-18 12:51:10,004] Epoch: 113, Dataset: val, Dice: 0.8253, IoU: 0.7130
[2026-09-18 12:51:51,475] Epoch: 114, Dataset: test, Dice: 0.8298, IoU: 0.7201
[2026-09-18 12:51:55,029] Epoch: 114, Dataset: val, Dice: 0.8273, IoU: 0.7164
[2026-09-18 12:52:37,257] Epoch: 115, Dataset: test, Dice: 0.8261, IoU: 0.7148
[2026-09-18 12:52:40,788] Epoch: 115, Dataset: val, Dice: 0.8223, IoU: 0.7095
[2026-09-18 12:53:24,017] Epoch: 116, Dataset: test, Dice: 0.8236, IoU: 0.7121
[2026-09-18 12:53:26,800] Epoch: 116, Dataset: val, Dice: 0.8208, IoU: 0.7080
[2026-09-18 12:54:10,069] Epoch: 117, Dataset: test, Dice: 0.8222, IoU: 0.7097
[2026-09-18 12:54:13,616] Epoch: 117, Dataset: val, Dice: 0.8179, IoU: 0.7038
[2026-09-18 12:54:55,985] Epoch: 118, Dataset: test, Dice: 0.8257, IoU: 0.7146
[2026-09-18 12:54:59,518] Epoch: 118, Dataset: val, Dice: 0.8234, IoU: 0.7113
[2026-09-18 12:55:42,922] Epoch: 119, Dataset: test, Dice: 0.8176, IoU: 0.7031
[2026-09-18 12:55:46,455] Epoch: 119, Dataset: val, Dice: 0.8113, IoU: 0.6954
[2026-09-18 12:56:29,434] Epoch: 120, Dataset: test, Dice: 0.8211, IoU: 0.7077
[2026-09-18 12:56:32,869] Epoch: 120, Dataset: val, Dice: 0.8166, IoU: 0.7016
[2026-09-18 12:57:15,816] Epoch: 121, Dataset: test, Dice: 0.8247, IoU: 0.7129
[2026-09-18 12:57:19,368] Epoch: 121, Dataset: val, Dice: 0.8222, IoU: 0.7094
[2026-09-18 12:57:58,902] Epoch: 122, Dataset: test, Dice: 0.7855, IoU: 0.6691
[2026-09-18 12:58:02,031] Epoch: 122, Dataset: val, Dice: 0.7835, IoU: 0.6665
[2026-09-18 12:58:44,091] Epoch: 123, Dataset: test, Dice: 0.8227, IoU: 0.7102
[2026-09-18 12:58:47,540] Epoch: 123, Dataset: val, Dice: 0.8205, IoU: 0.7072
[2026-09-18 12:59:30,777] Epoch: 124, Dataset: test, Dice: 0.8168, IoU: 0.7039
[2026-09-18 12:59:34,206] Epoch: 124, Dataset: val, Dice: 0.8165, IoU: 0.7017
[2026-09-18 13:00:13,471] Epoch: 125, Dataset: test, Dice: 0.8273, IoU: 0.7163
[2026-09-18 13:00:16,377] Epoch: 125, Dataset: val, Dice: 0.8245, IoU: 0.7127
[2026-09-18 13:00:59,363] Epoch: 126, Dataset: test, Dice: 0.8199, IoU: 0.7073
[2026-09-18 13:01:02,927] Epoch: 126, Dataset: val, Dice: 0.8172, IoU: 0.7025
[2026-09-18 13:01:45,851] Epoch: 127, Dataset: test, Dice: 0.8257, IoU: 0.7144
[2026-09-18 13:01:49,417] Epoch: 127, Dataset: val, Dice: 0.8217, IoU: 0.7095
[2026-09-18 13:02:31,853] Epoch: 128, Dataset: test, Dice: 0.8117, IoU: 0.6990
[2026-09-18 13:02:35,267] Epoch: 128, Dataset: val, Dice: 0.8086, IoU: 0.6950
[2026-09-18 13:03:18,254] Epoch: 129, Dataset: test, Dice: 0.8306, IoU: 0.7208
[2026-09-18 13:03:21,813] Epoch: 129, Dataset: val, Dice: 0.8277, IoU: 0.7168
[2026-09-18 13:04:04,667] Epoch: 130, Dataset: test, Dice: 0.8223, IoU: 0.7089
[2026-09-18 13:04:08,081] Epoch: 130, Dataset: val, Dice: 0.8193, IoU: 0.7051
[2026-09-18 13:04:50,426] Epoch: 131, Dataset: test, Dice: 0.8247, IoU: 0.7125
[2026-09-18 13:04:53,981] Epoch: 131, Dataset: val, Dice: 0.8193, IoU: 0.7062
[2026-09-18 13:05:36,353] Epoch: 132, Dataset: test, Dice: 0.8245, IoU: 0.7125
[2026-09-18 13:05:39,899] Epoch: 132, Dataset: val, Dice: 0.8197, IoU: 0.7065
[2026-09-18 13:06:22,916] Epoch: 133, Dataset: test, Dice: 0.8254, IoU: 0.7133
[2026-09-18 13:06:26,147] Epoch: 133, Dataset: val, Dice: 0.8199, IoU: 0.7065
[2026-09-18 13:07:10,459] Epoch: 134, Dataset: test, Dice: 0.8260, IoU: 0.7142
[2026-09-18 13:07:14,014] Epoch: 134, Dataset: val, Dice: 0.8213, IoU: 0.7089
[2026-09-18 13:07:57,689] Epoch: 135, Dataset: test, Dice: 0.8252, IoU: 0.7137
[2026-09-18 13:08:01,299] Epoch: 135, Dataset: val, Dice: 0.8197, IoU: 0.7068
[2026-09-18 13:08:44,579] Epoch: 136, Dataset: test, Dice: 0.8203, IoU: 0.7074
[2026-09-18 13:08:47,616] Epoch: 136, Dataset: val, Dice: 0.8156, IoU: 0.7014
[2026-09-18 13:09:31,067] Epoch: 137, Dataset: test, Dice: 0.8296, IoU: 0.7190
[2026-09-18 13:09:34,641] Epoch: 137, Dataset: val, Dice: 0.8239, IoU: 0.7132
[2026-09-18 13:10:17,561] Epoch: 138, Dataset: test, Dice: 0.8201, IoU: 0.7061
[2026-09-18 13:10:21,059] Epoch: 138, Dataset: val, Dice: 0.8149, IoU: 0.6998
[2026-09-18 13:11:03,732] Epoch: 139, Dataset: test, Dice: 0.8264, IoU: 0.7149
[2026-09-18 13:11:06,691] Epoch: 139, Dataset: val, Dice: 0.8212, IoU: 0.7090
[2026-09-18 13:11:49,708] Epoch: 140, Dataset: test, Dice: 0.8208, IoU: 0.7080
[2026-09-18 13:11:53,231] Epoch: 140, Dataset: val, Dice: 0.8172, IoU: 0.7027
[2026-09-18 13:12:35,739] Epoch: 141, Dataset: test, Dice: 0.8230, IoU: 0.7100
[2026-09-18 13:12:39,296] Epoch: 141, Dataset: val, Dice: 0.8174, IoU: 0.7033
[2026-09-18 13:13:22,273] Epoch: 142, Dataset: test, Dice: 0.8275, IoU: 0.7159
[2026-09-18 13:13:25,666] Epoch: 142, Dataset: val, Dice: 0.8206, IoU: 0.7073
[2026-09-18 13:14:08,732] Epoch: 143, Dataset: test, Dice: 0.8284, IoU: 0.7172
[2026-09-18 13:14:12,126] Epoch: 143, Dataset: val, Dice: 0.8221, IoU: 0.7092
[2026-09-18 13:14:53,755] Epoch: 144, Dataset: test, Dice: 0.8250, IoU: 0.7127
[2026-09-18 13:14:57,195] Epoch: 144, Dataset: val, Dice: 0.8194, IoU: 0.7056
[2026-09-18 13:15:41,261] Epoch: 145, Dataset: test, Dice: 0.8224, IoU: 0.7098
[2026-09-18 13:15:44,808] Epoch: 145, Dataset: val, Dice: 0.8193, IoU: 0.7053
[2026-09-18 13:16:27,740] Epoch: 146, Dataset: test, Dice: 0.8234, IoU: 0.7106
[2026-09-18 13:16:31,283] Epoch: 146, Dataset: val, Dice: 0.8147, IoU: 0.7007
[2026-09-18 13:17:11,117] Epoch: 147, Dataset: test, Dice: 0.8174, IoU: 0.7029
[2026-09-18 13:17:14,540] Epoch: 147, Dataset: val, Dice: 0.8127, IoU: 0.6966
[2026-09-18 13:17:57,251] Epoch: 148, Dataset: test, Dice: 0.8257, IoU: 0.7140
[2026-09-18 13:18:00,760] Epoch: 148, Dataset: val, Dice: 0.8203, IoU: 0.7071
[2026-09-18 13:18:43,178] Epoch: 149, Dataset: test, Dice: 0.8243, IoU: 0.7127
[2026-09-18 13:18:46,395] Epoch: 149, Dataset: val, Dice: 0.8197, IoU: 0.7064
[2026-09-18 13:19:25,621] Epoch: 150, Dataset: test, Dice: 0.8260, IoU: 0.7142
[2026-09-18 13:19:28,408] Epoch: 150, Dataset: val, Dice: 0.8199, IoU: 0.7075
[2026-09-18 13:20:11,335] Epoch: 151, Dataset: test, Dice: 0.8266, IoU: 0.7151
[2026-09-18 13:20:14,565] Epoch: 151, Dataset: val, Dice: 0.8213, IoU: 0.7085
[2026-09-18 13:20:58,313] Epoch: 152, Dataset: test, Dice: 0.8231, IoU: 0.7106
[2026-09-18 13:21:01,809] Epoch: 152, Dataset: val, Dice: 0.8178, IoU: 0.7035
[2026-09-18 13:21:44,569] Epoch: 153, Dataset: test, Dice: 0.8246, IoU: 0.7125
[2026-09-18 13:21:48,065] Epoch: 153, Dataset: val, Dice: 0.8213, IoU: 0.7081
[2026-09-18 13:22:31,241] Epoch: 154, Dataset: test, Dice: 0.8230, IoU: 0.7107
[2026-09-18 13:22:34,266] Epoch: 154, Dataset: val, Dice: 0.8193, IoU: 0.7057
[2026-09-18 13:23:16,652] Epoch: 155, Dataset: test, Dice: 0.8264, IoU: 0.7145
[2026-09-18 13:23:20,054] Epoch: 155, Dataset: val, Dice: 0.8204, IoU: 0.7070
[2026-09-18 13:24:03,410] Epoch: 156, Dataset: test, Dice: 0.8276, IoU: 0.7161
[2026-09-18 13:24:06,971] Epoch: 156, Dataset: val, Dice: 0.8218, IoU: 0.7088
[2026-09-18 13:24:48,241] Epoch: 157, Dataset: test, Dice: 0.8274, IoU: 0.7161
[2026-09-18 13:24:51,453] Epoch: 157, Dataset: val, Dice: 0.8225, IoU: 0.7096
[2026-09-18 13:25:34,110] Epoch: 158, Dataset: test, Dice: 0.8238, IoU: 0.7111
[2026-09-18 13:25:37,685] Epoch: 158, Dataset: val, Dice: 0.8188, IoU: 0.7046
[2026-09-18 13:26:20,865] Epoch: 159, Dataset: test, Dice: 0.8256, IoU: 0.7134
[2026-09-18 13:26:24,389] Epoch: 159, Dataset: val, Dice: 0.8189, IoU: 0.7050
[2026-09-18 13:27:03,923] Epoch: 160, Dataset: test, Dice: 0.8273, IoU: 0.7156
[2026-09-18 13:27:07,469] Epoch: 160, Dataset: val, Dice: 0.8203, IoU: 0.7073
[2026-09-18 13:27:50,304] Epoch: 161, Dataset: test, Dice: 0.8273, IoU: 0.7156
[2026-09-18 13:27:53,874] Epoch: 161, Dataset: val, Dice: 0.8219, IoU: 0.7089
[2026-09-18 13:28:37,394] Epoch: 162, Dataset: test, Dice: 0.8293, IoU: 0.7182
[2026-09-18 13:28:40,237] Epoch: 162, Dataset: val, Dice: 0.8237, IoU: 0.7109
[2026-09-18 13:29:24,145] Epoch: 163, Dataset: test, Dice: 0.8264, IoU: 0.7143
[2026-09-18 13:29:27,733] Epoch: 163, Dataset: val, Dice: 0.8209, IoU: 0.7073
[2026-09-18 13:30:07,560] Epoch: 164, Dataset: test, Dice: 0.8268, IoU: 0.7152
[2026-09-18 13:30:10,896] Epoch: 164, Dataset: val, Dice: 0.8225, IoU: 0.7096
[2026-09-18 13:30:54,587] Epoch: 165, Dataset: test, Dice: 0.8296, IoU: 0.7190
[2026-09-18 13:30:57,799] Epoch: 165, Dataset: val, Dice: 0.8249, IoU: 0.7128
[2026-09-18 13:31:40,884] Epoch: 166, Dataset: test, Dice: 0.8268, IoU: 0.7155
[2026-09-18 13:31:44,370] Epoch: 166, Dataset: val, Dice: 0.8209, IoU: 0.7080
[2026-09-18 13:32:27,218] Epoch: 167, Dataset: test, Dice: 0.8289, IoU: 0.7184
[2026-09-18 13:32:30,767] Epoch: 167, Dataset: val, Dice: 0.8240, IoU: 0.7116
[2026-09-18 13:33:13,326] Epoch: 168, Dataset: test, Dice: 0.8241, IoU: 0.7113
[2026-09-18 13:33:16,600] Epoch: 168, Dataset: val, Dice: 0.8173, IoU: 0.7031
[2026-09-18 13:33:59,562] Epoch: 169, Dataset: test, Dice: 0.8258, IoU: 0.7149
[2026-09-18 13:34:03,142] Epoch: 169, Dataset: val, Dice: 0.8217, IoU: 0.7086
[2026-09-18 13:34:45,595] Epoch: 170, Dataset: test, Dice: 0.8263, IoU: 0.7145
[2026-09-18 13:34:49,040] Epoch: 170, Dataset: val, Dice: 0.8205, IoU: 0.7071
[2026-09-18 13:35:32,073] Epoch: 171, Dataset: test, Dice: 0.8264, IoU: 0.7150
[2026-09-18 13:35:35,602] Epoch: 171, Dataset: val, Dice: 0.8217, IoU: 0.7086
[2026-09-18 13:36:17,757] Epoch: 172, Dataset: test, Dice: 0.8277, IoU: 0.7164
[2026-09-18 13:36:21,032] Epoch: 172, Dataset: val, Dice: 0.8222, IoU: 0.7093
[2026-09-18 13:37:04,358] Epoch: 173, Dataset: test, Dice: 0.8269, IoU: 0.7152
[2026-09-18 13:37:07,893] Epoch: 173, Dataset: val, Dice: 0.8215, IoU: 0.7085
[2026-09-18 13:37:49,319] Epoch: 174, Dataset: test, Dice: 0.8259, IoU: 0.7140
[2026-09-18 13:37:52,818] Epoch: 174, Dataset: val, Dice: 0.8195, IoU: 0.7065
[2026-09-18 13:38:35,559] Epoch: 175, Dataset: test, Dice: 0.8256, IoU: 0.7137
[2026-09-18 13:38:39,115] Epoch: 175, Dataset: val, Dice: 0.8194, IoU: 0.7063
[2026-09-18 13:39:22,474] Epoch: 176, Dataset: test, Dice: 0.8231, IoU: 0.7104
[2026-09-18 13:39:26,033] Epoch: 176, Dataset: val, Dice: 0.8172, IoU: 0.7031
[2026-09-18 13:40:09,392] Epoch: 177, Dataset: test, Dice: 0.8244, IoU: 0.7118
[2026-09-18 13:40:12,927] Epoch: 177, Dataset: val, Dice: 0.8168, IoU: 0.7029
[2026-09-18 13:40:55,865] Epoch: 178, Dataset: test, Dice: 0.8253, IoU: 0.7132
[2026-09-18 13:40:59,414] Epoch: 178, Dataset: val, Dice: 0.8193, IoU: 0.7058
[2026-09-18 13:41:40,788] Epoch: 179, Dataset: test, Dice: 0.8259, IoU: 0.7140
[2026-09-18 13:41:43,803] Epoch: 179, Dataset: val, Dice: 0.8207, IoU: 0.7074
[2026-09-18 13:42:27,051] Epoch: 180, Dataset: test, Dice: 0.8262, IoU: 0.7143
[2026-09-18 13:42:30,562] Epoch: 180, Dataset: val, Dice: 0.8217, IoU: 0.7085
[2026-09-18 13:43:13,734] Epoch: 181, Dataset: test, Dice: 0.8272, IoU: 0.7159
[2026-09-18 13:43:17,331] Epoch: 181, Dataset: val, Dice: 0.8221, IoU: 0.7093
[2026-09-18 13:44:00,832] Epoch: 182, Dataset: test, Dice: 0.8267, IoU: 0.7150
[2026-09-18 13:44:04,370] Epoch: 182, Dataset: val, Dice: 0.8215, IoU: 0.7085
[2026-09-18 13:44:47,602] Epoch: 183, Dataset: test, Dice: 0.8259, IoU: 0.7141
[2026-09-18 13:44:50,672] Epoch: 183, Dataset: val, Dice: 0.8202, IoU: 0.7069
[2026-09-18 13:45:34,083] Epoch: 184, Dataset: test, Dice: 0.8279, IoU: 0.7168
[2026-09-18 13:45:37,322] Epoch: 184, Dataset: val, Dice: 0.8233, IoU: 0.7111
[2026-09-18 13:46:20,245] Epoch: 185, Dataset: test, Dice: 0.8266, IoU: 0.7148
[2026-09-18 13:46:23,552] Epoch: 185, Dataset: val, Dice: 0.8208, IoU: 0.7078
[2026-09-18 13:47:06,227] Epoch: 186, Dataset: test, Dice: 0.8277, IoU: 0.7163
[2026-09-18 13:47:09,757] Epoch: 186, Dataset: val, Dice: 0.8229, IoU: 0.7103
[2026-09-18 13:47:53,289] Epoch: 187, Dataset: test, Dice: 0.8268, IoU: 0.7150
[2026-09-18 13:47:56,494] Epoch: 187, Dataset: val, Dice: 0.8206, IoU: 0.7074
[2026-09-18 13:48:39,695] Epoch: 188, Dataset: test, Dice: 0.8277, IoU: 0.7164
[2026-09-18 13:48:43,061] Epoch: 188, Dataset: val, Dice: 0.8228, IoU: 0.7103
[2026-09-18 13:49:26,157] Epoch: 189, Dataset: test, Dice: 0.8287, IoU: 0.7178
[2026-09-18 13:49:29,717] Epoch: 189, Dataset: val, Dice: 0.8227, IoU: 0.7101
[2026-09-18 13:50:12,245] Epoch: 190, Dataset: test, Dice: 0.8295, IoU: 0.7188
[2026-09-18 13:50:15,123] Epoch: 190, Dataset: val, Dice: 0.8245, IoU: 0.7124
[2026-09-18 13:50:57,903] Epoch: 191, Dataset: test, Dice: 0.8276, IoU: 0.7161
[2026-09-18 13:51:01,447] Epoch: 191, Dataset: val, Dice: 0.8218, IoU: 0.7090
[2026-09-18 13:51:40,516] Epoch: 192, Dataset: test, Dice: 0.8277, IoU: 0.7164
[2026-09-18 13:51:44,052] Epoch: 192, Dataset: val, Dice: 0.8234, IoU: 0.7108
[2026-09-18 13:52:24,776] Epoch: 193, Dataset: test, Dice: 0.8260, IoU: 0.7140
[2026-09-18 13:52:27,844] Epoch: 193, Dataset: val, Dice: 0.8205, IoU: 0.7072
[2026-09-18 13:53:10,204] Epoch: 194, Dataset: test, Dice: 0.8273, IoU: 0.7157
[2026-09-18 13:53:13,720] Epoch: 194, Dataset: val, Dice: 0.8219, IoU: 0.7088
[2026-09-18 13:53:57,315] Epoch: 195, Dataset: test, Dice: 0.8275, IoU: 0.7161
[2026-09-18 13:54:00,828] Epoch: 195, Dataset: val, Dice: 0.8226, IoU: 0.7098
[2026-09-18 13:54:42,907] Epoch: 196, Dataset: test, Dice: 0.8273, IoU: 0.7159
[2026-09-18 13:54:46,431] Epoch: 196, Dataset: val, Dice: 0.8214, IoU: 0.7085
[2026-09-18 13:55:26,332] Epoch: 197, Dataset: test, Dice: 0.8272, IoU: 0.7156
[2026-09-18 13:55:29,810] Epoch: 197, Dataset: val, Dice: 0.8217, IoU: 0.7086
[2026-09-18 13:56:11,630] Epoch: 198, Dataset: test, Dice: 0.8260, IoU: 0.7144
[2026-09-18 13:56:14,813] Epoch: 198, Dataset: val, Dice: 0.8224, IoU: 0.7094
[2026-09-18 13:56:57,575] Epoch: 199, Dataset: test, Dice: 0.8261, IoU: 0.7141
[2026-09-18 13:57:01,099] Epoch: 199, Dataset: val, Dice: 0.8200, IoU: 0.7066
[2026-09-18 13:57:43,409] Epoch: 200, Dataset: test, Dice: 0.8275, IoU: 0.7161
[2026-09-18 13:57:46,927] Epoch: 200, Dataset: val, Dice: 0.8224, IoU: 0.7094
[2026-09-18 13:57:46,929] 
========================================
FINAL RESULTS: SugarBeets_MK_UNet_bs8_lr0.0005_e200_augTrue_run4_t112427
Best Val Dice: 0.8287
Test Dice at Best Val: 0.8313
Total Train Time: 7828.88s
========================================
