[2026-09-15 06:54:02,035] flops: 0.619251354, params: 0.315566, Total params: : 0.3156
[2026-09-15 06:54:13,912] Epoch: 1, Dataset: test, Dice: 0.2959, IoU: 0.1981
[2026-09-15 06:54:14,376] Epoch: 1, Dataset: val, Dice: 0.2880, IoU: 0.1907
[2026-09-15 06:54:14,377] ### Best Model Saved (Dice improved from 0.0000 to 0.2880) ###
[2026-09-15 06:54:25,935] Epoch: 2, Dataset: test, Dice: 0.4145, IoU: 0.2944
[2026-09-15 06:54:26,454] Epoch: 2, Dataset: val, Dice: 0.4193, IoU: 0.2998
[2026-09-15 06:54:26,454] ### Best Model Saved (Dice improved from 0.2880 to 0.4193) ###
[2026-09-15 06:54:38,102] Epoch: 3, Dataset: test, Dice: 0.5011, IoU: 0.3658
[2026-09-15 06:54:38,692] Epoch: 3, Dataset: val, Dice: 0.5351, IoU: 0.4007
[2026-09-15 06:54:38,692] ### Best Model Saved (Dice improved from 0.4193 to 0.5351) ###
[2026-09-15 06:54:50,790] Epoch: 4, Dataset: test, Dice: 0.3626, IoU: 0.2422
[2026-09-15 06:54:51,353] Epoch: 4, Dataset: val, Dice: 0.3911, IoU: 0.2654
[2026-09-15 06:55:02,580] Epoch: 5, Dataset: test, Dice: 0.5027, IoU: 0.3740
[2026-09-15 06:55:03,044] Epoch: 5, Dataset: val, Dice: 0.5127, IoU: 0.3779
[2026-09-15 06:55:13,721] Epoch: 6, Dataset: test, Dice: 0.6296, IoU: 0.4925
[2026-09-15 06:55:14,157] Epoch: 6, Dataset: val, Dice: 0.6048, IoU: 0.4763
[2026-09-15 06:55:14,157] ### Best Model Saved (Dice improved from 0.5351 to 0.6048) ###
[2026-09-15 06:55:23,489] Epoch: 7, Dataset: test, Dice: 0.5252, IoU: 0.3931
[2026-09-15 06:55:23,974] Epoch: 7, Dataset: val, Dice: 0.5389, IoU: 0.4102
[2026-09-15 06:55:34,526] Epoch: 8, Dataset: test, Dice: 0.7109, IoU: 0.5963
[2026-09-15 06:55:34,999] Epoch: 8, Dataset: val, Dice: 0.6601, IoU: 0.5477
[2026-09-15 06:55:34,999] ### Best Model Saved (Dice improved from 0.6048 to 0.6601) ###
[2026-09-15 06:55:46,173] Epoch: 9, Dataset: test, Dice: 0.7740, IoU: 0.6662
[2026-09-15 06:55:46,643] Epoch: 9, Dataset: val, Dice: 0.6791, IoU: 0.5621
[2026-09-15 06:55:46,644] ### Best Model Saved (Dice improved from 0.6601 to 0.6791) ###
[2026-09-15 06:55:58,284] Epoch: 10, Dataset: test, Dice: 0.4833, IoU: 0.3641
[2026-09-15 06:55:58,797] Epoch: 10, Dataset: val, Dice: 0.4784, IoU: 0.3547
[2026-09-15 06:56:10,069] Epoch: 11, Dataset: test, Dice: 0.6794, IoU: 0.5638
[2026-09-15 06:56:10,578] Epoch: 11, Dataset: val, Dice: 0.5715, IoU: 0.4499
[2026-09-15 06:56:21,958] Epoch: 12, Dataset: test, Dice: 0.7678, IoU: 0.6674
[2026-09-15 06:56:22,427] Epoch: 12, Dataset: val, Dice: 0.6466, IoU: 0.5244
[2026-09-15 06:56:34,215] Epoch: 13, Dataset: test, Dice: 0.5929, IoU: 0.4670
[2026-09-15 06:56:34,658] Epoch: 13, Dataset: val, Dice: 0.5106, IoU: 0.3772
[2026-09-15 06:56:46,279] Epoch: 14, Dataset: test, Dice: 0.8039, IoU: 0.7085
[2026-09-15 06:56:46,932] Epoch: 14, Dataset: val, Dice: 0.7321, IoU: 0.6173
[2026-09-15 06:56:46,932] ### Best Model Saved (Dice improved from 0.6791 to 0.7321) ###
[2026-09-15 06:56:58,989] Epoch: 15, Dataset: test, Dice: 0.8276, IoU: 0.7363
[2026-09-15 06:56:59,497] Epoch: 15, Dataset: val, Dice: 0.7571, IoU: 0.6494
[2026-09-15 06:56:59,497] ### Best Model Saved (Dice improved from 0.7321 to 0.7571) ###
[2026-09-15 06:57:10,178] Epoch: 16, Dataset: test, Dice: 0.8293, IoU: 0.7371
[2026-09-15 06:57:10,675] Epoch: 16, Dataset: val, Dice: 0.7861, IoU: 0.6833
[2026-09-15 06:57:10,675] ### Best Model Saved (Dice improved from 0.7571 to 0.7861) ###
[2026-09-15 06:57:21,496] Epoch: 17, Dataset: test, Dice: 0.7865, IoU: 0.6830
[2026-09-15 06:57:21,970] Epoch: 17, Dataset: val, Dice: 0.6806, IoU: 0.5675
[2026-09-15 06:57:33,516] Epoch: 18, Dataset: test, Dice: 0.7968, IoU: 0.6978
[2026-09-15 06:57:33,966] Epoch: 18, Dataset: val, Dice: 0.7223, IoU: 0.6085
[2026-09-15 06:57:44,611] Epoch: 19, Dataset: test, Dice: 0.8545, IoU: 0.7680
[2026-09-15 06:57:45,011] Epoch: 19, Dataset: val, Dice: 0.7470, IoU: 0.6440
[2026-09-15 06:57:56,313] Epoch: 20, Dataset: test, Dice: 0.8017, IoU: 0.7066
[2026-09-15 06:57:56,863] Epoch: 20, Dataset: val, Dice: 0.7377, IoU: 0.6259
[2026-09-15 06:58:08,471] Epoch: 21, Dataset: test, Dice: 0.8417, IoU: 0.7538
[2026-09-15 06:58:08,933] Epoch: 21, Dataset: val, Dice: 0.7402, IoU: 0.6385
[2026-09-15 06:58:20,765] Epoch: 22, Dataset: test, Dice: 0.8236, IoU: 0.7357
[2026-09-15 06:58:21,339] Epoch: 22, Dataset: val, Dice: 0.7532, IoU: 0.6451
[2026-09-15 06:58:33,370] Epoch: 23, Dataset: test, Dice: 0.8571, IoU: 0.7790
[2026-09-15 06:58:33,849] Epoch: 23, Dataset: val, Dice: 0.7803, IoU: 0.6843
[2026-09-15 06:58:45,237] Epoch: 24, Dataset: test, Dice: 0.8905, IoU: 0.8142
[2026-09-15 06:58:45,740] Epoch: 24, Dataset: val, Dice: 0.7699, IoU: 0.6750
[2026-09-15 06:58:57,023] Epoch: 25, Dataset: test, Dice: 0.8384, IoU: 0.7548
[2026-09-15 06:58:57,623] Epoch: 25, Dataset: val, Dice: 0.7698, IoU: 0.6686
[2026-09-15 06:59:09,429] Epoch: 26, Dataset: test, Dice: 0.8666, IoU: 0.7903
[2026-09-15 06:59:09,885] Epoch: 26, Dataset: val, Dice: 0.7919, IoU: 0.6959
[2026-09-15 06:59:09,885] ### Best Model Saved (Dice improved from 0.7861 to 0.7919) ###
[2026-09-15 06:59:21,349] Epoch: 27, Dataset: test, Dice: 0.8558, IoU: 0.7748
[2026-09-15 06:59:21,889] Epoch: 27, Dataset: val, Dice: 0.8019, IoU: 0.7108
[2026-09-15 06:59:21,889] ### Best Model Saved (Dice improved from 0.7919 to 0.8019) ###
[2026-09-15 06:59:33,678] Epoch: 28, Dataset: test, Dice: 0.8546, IoU: 0.7703
[2026-09-15 06:59:34,318] Epoch: 28, Dataset: val, Dice: 0.7947, IoU: 0.7008
[2026-09-15 06:59:46,326] Epoch: 29, Dataset: test, Dice: 0.8199, IoU: 0.7332
[2026-09-15 06:59:46,885] Epoch: 29, Dataset: val, Dice: 0.7897, IoU: 0.6974
[2026-09-15 06:59:58,660] Epoch: 30, Dataset: test, Dice: 0.8339, IoU: 0.7503
[2026-09-15 06:59:59,299] Epoch: 30, Dataset: val, Dice: 0.8056, IoU: 0.7141
[2026-09-15 06:59:59,300] ### Best Model Saved (Dice improved from 0.8019 to 0.8056) ###
[2026-09-15 07:00:11,337] Epoch: 31, Dataset: test, Dice: 0.8635, IoU: 0.7863
[2026-09-15 07:00:11,863] Epoch: 31, Dataset: val, Dice: 0.7671, IoU: 0.6665
[2026-09-15 07:00:23,294] Epoch: 32, Dataset: test, Dice: 0.8496, IoU: 0.7616
[2026-09-15 07:00:23,774] Epoch: 32, Dataset: val, Dice: 0.8073, IoU: 0.7133
[2026-09-15 07:00:23,774] ### Best Model Saved (Dice improved from 0.8056 to 0.8073) ###
[2026-09-15 07:00:35,085] Epoch: 33, Dataset: test, Dice: 0.8821, IoU: 0.8116
[2026-09-15 07:00:35,573] Epoch: 33, Dataset: val, Dice: 0.7966, IoU: 0.7067
[2026-09-15 07:00:46,643] Epoch: 34, Dataset: test, Dice: 0.8933, IoU: 0.8229
[2026-09-15 07:00:47,049] Epoch: 34, Dataset: val, Dice: 0.8430, IoU: 0.7619
[2026-09-15 07:00:47,050] ### Best Model Saved (Dice improved from 0.8073 to 0.8430) ###
[2026-09-15 07:00:58,863] Epoch: 35, Dataset: test, Dice: 0.8438, IoU: 0.7611
[2026-09-15 07:00:59,296] Epoch: 35, Dataset: val, Dice: 0.7952, IoU: 0.7015
[2026-09-15 07:01:10,898] Epoch: 36, Dataset: test, Dice: 0.9082, IoU: 0.8414
[2026-09-15 07:01:11,336] Epoch: 36, Dataset: val, Dice: 0.8529, IoU: 0.7708
[2026-09-15 07:01:11,336] ### Best Model Saved (Dice improved from 0.8430 to 0.8529) ###
[2026-09-15 07:01:21,305] Epoch: 37, Dataset: test, Dice: 0.7326, IoU: 0.6237
[2026-09-15 07:01:21,812] Epoch: 37, Dataset: val, Dice: 0.6974, IoU: 0.5798
[2026-09-15 07:01:32,061] Epoch: 38, Dataset: test, Dice: 0.8853, IoU: 0.8131
[2026-09-15 07:01:32,539] Epoch: 38, Dataset: val, Dice: 0.8333, IoU: 0.7507
[2026-09-15 07:01:42,697] Epoch: 39, Dataset: test, Dice: 0.8866, IoU: 0.8185
[2026-09-15 07:01:43,177] Epoch: 39, Dataset: val, Dice: 0.8207, IoU: 0.7295
[2026-09-15 07:01:54,862] Epoch: 40, Dataset: test, Dice: 0.8978, IoU: 0.8240
[2026-09-15 07:01:55,360] Epoch: 40, Dataset: val, Dice: 0.7944, IoU: 0.7041
[2026-09-15 07:02:06,977] Epoch: 41, Dataset: test, Dice: 0.8999, IoU: 0.8296
[2026-09-15 07:02:07,619] Epoch: 41, Dataset: val, Dice: 0.8369, IoU: 0.7514
[2026-09-15 07:02:19,203] Epoch: 42, Dataset: test, Dice: 0.8951, IoU: 0.8273
[2026-09-15 07:02:19,798] Epoch: 42, Dataset: val, Dice: 0.8345, IoU: 0.7483
[2026-09-15 07:02:30,909] Epoch: 43, Dataset: test, Dice: 0.8743, IoU: 0.8029
[2026-09-15 07:02:31,338] Epoch: 43, Dataset: val, Dice: 0.8063, IoU: 0.7104
[2026-09-15 07:02:41,483] Epoch: 44, Dataset: test, Dice: 0.9033, IoU: 0.8411
[2026-09-15 07:02:42,013] Epoch: 44, Dataset: val, Dice: 0.8431, IoU: 0.7603
[2026-09-15 07:02:53,826] Epoch: 45, Dataset: test, Dice: 0.9154, IoU: 0.8537
[2026-09-15 07:02:54,249] Epoch: 45, Dataset: val, Dice: 0.8589, IoU: 0.7790
[2026-09-15 07:02:54,250] ### Best Model Saved (Dice improved from 0.8529 to 0.8589) ###
[2026-09-15 07:03:05,970] Epoch: 46, Dataset: test, Dice: 0.8808, IoU: 0.8083
[2026-09-15 07:03:06,455] Epoch: 46, Dataset: val, Dice: 0.8549, IoU: 0.7688
[2026-09-15 07:03:18,907] Epoch: 47, Dataset: test, Dice: 0.9024, IoU: 0.8395
[2026-09-15 07:03:19,419] Epoch: 47, Dataset: val, Dice: 0.8588, IoU: 0.7760
[2026-09-15 07:03:31,770] Epoch: 48, Dataset: test, Dice: 0.9044, IoU: 0.8335
[2026-09-15 07:03:32,373] Epoch: 48, Dataset: val, Dice: 0.8316, IoU: 0.7434
[2026-09-15 07:03:44,682] Epoch: 49, Dataset: test, Dice: 0.9139, IoU: 0.8530
[2026-09-15 07:03:45,283] Epoch: 49, Dataset: val, Dice: 0.8602, IoU: 0.7823
[2026-09-15 07:03:45,284] ### Best Model Saved (Dice improved from 0.8589 to 0.8602) ###
[2026-09-15 07:03:56,089] Epoch: 50, Dataset: test, Dice: 0.8678, IoU: 0.7941
[2026-09-15 07:03:56,532] Epoch: 50, Dataset: val, Dice: 0.7598, IoU: 0.6537
[2026-09-15 07:04:07,704] Epoch: 51, Dataset: test, Dice: 0.9108, IoU: 0.8450
[2026-09-15 07:04:08,131] Epoch: 51, Dataset: val, Dice: 0.8537, IoU: 0.7750
[2026-09-15 07:04:19,687] Epoch: 52, Dataset: test, Dice: 0.8995, IoU: 0.8312
[2026-09-15 07:04:20,290] Epoch: 52, Dataset: val, Dice: 0.8458, IoU: 0.7672
[2026-09-15 07:04:31,777] Epoch: 53, Dataset: test, Dice: 0.8946, IoU: 0.8252
[2026-09-15 07:04:32,240] Epoch: 53, Dataset: val, Dice: 0.8437, IoU: 0.7592
[2026-09-15 07:04:43,894] Epoch: 54, Dataset: test, Dice: 0.8647, IoU: 0.7915
[2026-09-15 07:04:44,394] Epoch: 54, Dataset: val, Dice: 0.7966, IoU: 0.7017
[2026-09-15 07:04:56,075] Epoch: 55, Dataset: test, Dice: 0.9001, IoU: 0.8362
[2026-09-15 07:04:56,640] Epoch: 55, Dataset: val, Dice: 0.8599, IoU: 0.7786
[2026-09-15 07:05:08,267] Epoch: 56, Dataset: test, Dice: 0.9167, IoU: 0.8570
[2026-09-15 07:05:08,875] Epoch: 56, Dataset: val, Dice: 0.8688, IoU: 0.7883
[2026-09-15 07:05:08,876] ### Best Model Saved (Dice improved from 0.8602 to 0.8688) ###
[2026-09-15 07:05:20,837] Epoch: 57, Dataset: test, Dice: 0.8475, IoU: 0.7666
[2026-09-15 07:05:21,478] Epoch: 57, Dataset: val, Dice: 0.7975, IoU: 0.6966
[2026-09-15 07:05:32,876] Epoch: 58, Dataset: test, Dice: 0.9071, IoU: 0.8438
[2026-09-15 07:05:33,378] Epoch: 58, Dataset: val, Dice: 0.8717, IoU: 0.7950
[2026-09-15 07:05:33,378] ### Best Model Saved (Dice improved from 0.8688 to 0.8717) ###
[2026-09-15 07:05:44,298] Epoch: 59, Dataset: test, Dice: 0.8608, IoU: 0.7884
[2026-09-15 07:05:44,691] Epoch: 59, Dataset: val, Dice: 0.8070, IoU: 0.7248
[2026-09-15 07:05:54,584] Epoch: 60, Dataset: test, Dice: 0.9197, IoU: 0.8630
[2026-09-15 07:05:55,077] Epoch: 60, Dataset: val, Dice: 0.8579, IoU: 0.7818
[2026-09-15 07:06:06,284] Epoch: 61, Dataset: test, Dice: 0.9224, IoU: 0.8629
[2026-09-15 07:06:06,732] Epoch: 61, Dataset: val, Dice: 0.8734, IoU: 0.8001
[2026-09-15 07:06:06,732] ### Best Model Saved (Dice improved from 0.8717 to 0.8734) ###
[2026-09-15 07:06:18,640] Epoch: 62, Dataset: test, Dice: 0.9044, IoU: 0.8415
[2026-09-15 07:06:19,113] Epoch: 62, Dataset: val, Dice: 0.8335, IoU: 0.7461
[2026-09-15 07:06:30,288] Epoch: 63, Dataset: test, Dice: 0.9210, IoU: 0.8641
[2026-09-15 07:06:30,806] Epoch: 63, Dataset: val, Dice: 0.8703, IoU: 0.7968
[2026-09-15 07:06:41,908] Epoch: 64, Dataset: test, Dice: 0.9018, IoU: 0.8388
[2026-09-15 07:06:42,412] Epoch: 64, Dataset: val, Dice: 0.8405, IoU: 0.7562
[2026-09-15 07:06:53,805] Epoch: 65, Dataset: test, Dice: 0.9056, IoU: 0.8441
[2026-09-15 07:06:54,214] Epoch: 65, Dataset: val, Dice: 0.8512, IoU: 0.7687
[2026-09-15 07:07:03,474] Epoch: 66, Dataset: test, Dice: 0.9233, IoU: 0.8689
[2026-09-15 07:07:03,987] Epoch: 66, Dataset: val, Dice: 0.8742, IoU: 0.8030
[2026-09-15 07:07:03,987] ### Best Model Saved (Dice improved from 0.8734 to 0.8742) ###
[2026-09-15 07:07:13,069] Epoch: 67, Dataset: test, Dice: 0.9244, IoU: 0.8685
[2026-09-15 07:07:13,490] Epoch: 67, Dataset: val, Dice: 0.8767, IoU: 0.8055
[2026-09-15 07:07:13,490] ### Best Model Saved (Dice improved from 0.8742 to 0.8767) ###
[2026-09-15 07:07:23,891] Epoch: 68, Dataset: test, Dice: 0.9296, IoU: 0.8758
[2026-09-15 07:07:24,534] Epoch: 68, Dataset: val, Dice: 0.8841, IoU: 0.8138
[2026-09-15 07:07:24,534] ### Best Model Saved (Dice improved from 0.8767 to 0.8841) ###
[2026-09-15 07:07:36,439] Epoch: 69, Dataset: test, Dice: 0.9084, IoU: 0.8418
[2026-09-15 07:07:36,930] Epoch: 69, Dataset: val, Dice: 0.8436, IoU: 0.7594
[2026-09-15 07:07:48,879] Epoch: 70, Dataset: test, Dice: 0.9263, IoU: 0.8691
[2026-09-15 07:07:49,400] Epoch: 70, Dataset: val, Dice: 0.8782, IoU: 0.8032
[2026-09-15 07:08:00,894] Epoch: 71, Dataset: test, Dice: 0.9375, IoU: 0.8858
[2026-09-15 07:08:01,532] Epoch: 71, Dataset: val, Dice: 0.8889, IoU: 0.8190
[2026-09-15 07:08:01,532] ### Best Model Saved (Dice improved from 0.8841 to 0.8889) ###
[2026-09-15 07:08:12,058] Epoch: 72, Dataset: test, Dice: 0.9168, IoU: 0.8609
[2026-09-15 07:08:12,512] Epoch: 72, Dataset: val, Dice: 0.8887, IoU: 0.8152
[2026-09-15 07:08:23,780] Epoch: 73, Dataset: test, Dice: 0.9323, IoU: 0.8773
[2026-09-15 07:08:24,218] Epoch: 73, Dataset: val, Dice: 0.8849, IoU: 0.8132
[2026-09-15 07:08:35,983] Epoch: 74, Dataset: test, Dice: 0.9184, IoU: 0.8608
[2026-09-15 07:08:36,659] Epoch: 74, Dataset: val, Dice: 0.8767, IoU: 0.8019
[2026-09-15 07:08:48,538] Epoch: 75, Dataset: test, Dice: 0.9276, IoU: 0.8708
[2026-09-15 07:08:49,058] Epoch: 75, Dataset: val, Dice: 0.8790, IoU: 0.8074
[2026-09-15 07:09:00,763] Epoch: 76, Dataset: test, Dice: 0.9310, IoU: 0.8768
[2026-09-15 07:09:01,236] Epoch: 76, Dataset: val, Dice: 0.8943, IoU: 0.8286
[2026-09-15 07:09:01,236] ### Best Model Saved (Dice improved from 0.8889 to 0.8943) ###
[2026-09-15 07:09:12,448] Epoch: 77, Dataset: test, Dice: 0.9194, IoU: 0.8590
[2026-09-15 07:09:12,937] Epoch: 77, Dataset: val, Dice: 0.8916, IoU: 0.8217
[2026-09-15 07:09:24,037] Epoch: 78, Dataset: test, Dice: 0.8931, IoU: 0.8230
[2026-09-15 07:09:24,453] Epoch: 78, Dataset: val, Dice: 0.8523, IoU: 0.7684
[2026-09-15 07:09:35,139] Epoch: 79, Dataset: test, Dice: 0.9130, IoU: 0.8536
[2026-09-15 07:09:35,662] Epoch: 79, Dataset: val, Dice: 0.8873, IoU: 0.8165
[2026-09-15 07:09:47,415] Epoch: 80, Dataset: test, Dice: 0.9325, IoU: 0.8790
[2026-09-15 07:09:47,948] Epoch: 80, Dataset: val, Dice: 0.8872, IoU: 0.8184
[2026-09-15 07:09:59,364] Epoch: 81, Dataset: test, Dice: 0.9104, IoU: 0.8475
[2026-09-15 07:09:59,857] Epoch: 81, Dataset: val, Dice: 0.8920, IoU: 0.8173
[2026-09-15 07:10:11,589] Epoch: 82, Dataset: test, Dice: 0.9187, IoU: 0.8590
[2026-09-15 07:10:12,076] Epoch: 82, Dataset: val, Dice: 0.8784, IoU: 0.8074
[2026-09-15 07:10:23,000] Epoch: 83, Dataset: test, Dice: 0.9304, IoU: 0.8748
[2026-09-15 07:10:23,488] Epoch: 83, Dataset: val, Dice: 0.8768, IoU: 0.8052
[2026-09-15 07:10:35,385] Epoch: 84, Dataset: test, Dice: 0.9267, IoU: 0.8707
[2026-09-15 07:10:35,978] Epoch: 84, Dataset: val, Dice: 0.8831, IoU: 0.8127
[2026-09-15 07:10:47,051] Epoch: 85, Dataset: test, Dice: 0.9281, IoU: 0.8737
[2026-09-15 07:10:47,541] Epoch: 85, Dataset: val, Dice: 0.8928, IoU: 0.8244
[2026-09-15 07:10:59,164] Epoch: 86, Dataset: test, Dice: 0.9264, IoU: 0.8708
[2026-09-15 07:10:59,718] Epoch: 86, Dataset: val, Dice: 0.8936, IoU: 0.8243
[2026-09-15 07:11:11,286] Epoch: 87, Dataset: test, Dice: 0.9297, IoU: 0.8760
[2026-09-15 07:11:11,751] Epoch: 87, Dataset: val, Dice: 0.9031, IoU: 0.8416
[2026-09-15 07:11:11,751] ### Best Model Saved (Dice improved from 0.8943 to 0.9031) ###
[2026-09-15 07:11:23,427] Epoch: 88, Dataset: test, Dice: 0.9144, IoU: 0.8573
[2026-09-15 07:11:23,876] Epoch: 88, Dataset: val, Dice: 0.8879, IoU: 0.8196
[2026-09-15 07:11:35,487] Epoch: 89, Dataset: test, Dice: 0.9170, IoU: 0.8579
[2026-09-15 07:11:35,899] Epoch: 89, Dataset: val, Dice: 0.8561, IoU: 0.7783
[2026-09-15 07:11:47,706] Epoch: 90, Dataset: test, Dice: 0.9232, IoU: 0.8703
[2026-09-15 07:11:48,365] Epoch: 90, Dataset: val, Dice: 0.8758, IoU: 0.8027
[2026-09-15 07:12:00,193] Epoch: 91, Dataset: test, Dice: 0.9232, IoU: 0.8683
[2026-09-15 07:12:00,887] Epoch: 91, Dataset: val, Dice: 0.8912, IoU: 0.8210
[2026-09-15 07:12:12,642] Epoch: 92, Dataset: test, Dice: 0.9301, IoU: 0.8771
[2026-09-15 07:12:13,223] Epoch: 92, Dataset: val, Dice: 0.8954, IoU: 0.8298
[2026-09-15 07:12:24,948] Epoch: 93, Dataset: test, Dice: 0.9166, IoU: 0.8586
[2026-09-15 07:12:25,454] Epoch: 93, Dataset: val, Dice: 0.8957, IoU: 0.8275
[2026-09-15 07:12:37,196] Epoch: 94, Dataset: test, Dice: 0.9325, IoU: 0.8800
[2026-09-15 07:12:37,720] Epoch: 94, Dataset: val, Dice: 0.8912, IoU: 0.8211
[2026-09-15 07:12:49,570] Epoch: 95, Dataset: test, Dice: 0.9300, IoU: 0.8765
[2026-09-15 07:12:50,075] Epoch: 95, Dataset: val, Dice: 0.8984, IoU: 0.8323
[2026-09-15 07:13:01,291] Epoch: 96, Dataset: test, Dice: 0.9317, IoU: 0.8785
[2026-09-15 07:13:01,952] Epoch: 96, Dataset: val, Dice: 0.8850, IoU: 0.8168
[2026-09-15 07:13:12,913] Epoch: 97, Dataset: test, Dice: 0.9274, IoU: 0.8716
[2026-09-15 07:13:13,520] Epoch: 97, Dataset: val, Dice: 0.8875, IoU: 0.8193
[2026-09-15 07:13:25,057] Epoch: 98, Dataset: test, Dice: 0.9171, IoU: 0.8573
[2026-09-15 07:13:25,584] Epoch: 98, Dataset: val, Dice: 0.8819, IoU: 0.8089
[2026-09-15 07:13:37,265] Epoch: 99, Dataset: test, Dice: 0.9310, IoU: 0.8774
[2026-09-15 07:13:37,885] Epoch: 99, Dataset: val, Dice: 0.8939, IoU: 0.8256
[2026-09-15 07:13:49,087] Epoch: 100, Dataset: test, Dice: 0.9325, IoU: 0.8823
[2026-09-15 07:13:49,529] Epoch: 100, Dataset: val, Dice: 0.8858, IoU: 0.8161
[2026-09-15 07:13:59,482] Epoch: 101, Dataset: test, Dice: 0.9266, IoU: 0.8722
[2026-09-15 07:13:59,949] Epoch: 101, Dataset: val, Dice: 0.8840, IoU: 0.8098
[2026-09-15 07:14:11,618] Epoch: 102, Dataset: test, Dice: 0.9313, IoU: 0.8776
[2026-09-15 07:14:12,064] Epoch: 102, Dataset: val, Dice: 0.8914, IoU: 0.8229
[2026-09-15 07:14:23,355] Epoch: 103, Dataset: test, Dice: 0.9274, IoU: 0.8778
[2026-09-15 07:14:24,045] Epoch: 103, Dataset: val, Dice: 0.8699, IoU: 0.7995
[2026-09-15 07:14:36,034] Epoch: 104, Dataset: test, Dice: 0.9268, IoU: 0.8731
[2026-09-15 07:14:36,638] Epoch: 104, Dataset: val, Dice: 0.8934, IoU: 0.8234
[2026-09-15 07:14:48,706] Epoch: 105, Dataset: test, Dice: 0.9314, IoU: 0.8761
[2026-09-15 07:14:49,188] Epoch: 105, Dataset: val, Dice: 0.8780, IoU: 0.8065
[2026-09-15 07:15:00,691] Epoch: 106, Dataset: test, Dice: 0.9328, IoU: 0.8792
[2026-09-15 07:15:01,268] Epoch: 106, Dataset: val, Dice: 0.9078, IoU: 0.8470
[2026-09-15 07:15:01,268] ### Best Model Saved (Dice improved from 0.9031 to 0.9078) ###
[2026-09-15 07:15:12,403] Epoch: 107, Dataset: test, Dice: 0.9307, IoU: 0.8770
[2026-09-15 07:15:12,921] Epoch: 107, Dataset: val, Dice: 0.8931, IoU: 0.8271
[2026-09-15 07:15:23,858] Epoch: 108, Dataset: test, Dice: 0.9267, IoU: 0.8714
[2026-09-15 07:15:24,295] Epoch: 108, Dataset: val, Dice: 0.8971, IoU: 0.8301
[2026-09-15 07:15:34,016] Epoch: 109, Dataset: test, Dice: 0.9332, IoU: 0.8800
[2026-09-15 07:15:34,446] Epoch: 109, Dataset: val, Dice: 0.8931, IoU: 0.8267
[2026-09-15 07:15:45,326] Epoch: 110, Dataset: test, Dice: 0.9241, IoU: 0.8672
[2026-09-15 07:15:45,819] Epoch: 110, Dataset: val, Dice: 0.8890, IoU: 0.8183
[2026-09-15 07:15:57,546] Epoch: 111, Dataset: test, Dice: 0.9270, IoU: 0.8738
[2026-09-15 07:15:58,084] Epoch: 111, Dataset: val, Dice: 0.8964, IoU: 0.8326
[2026-09-15 07:16:09,788] Epoch: 112, Dataset: test, Dice: 0.9361, IoU: 0.8843
[2026-09-15 07:16:10,281] Epoch: 112, Dataset: val, Dice: 0.8954, IoU: 0.8268
[2026-09-15 07:16:21,940] Epoch: 113, Dataset: test, Dice: 0.9321, IoU: 0.8782
[2026-09-15 07:16:22,354] Epoch: 113, Dataset: val, Dice: 0.8791, IoU: 0.8127
[2026-09-15 07:16:34,092] Epoch: 114, Dataset: test, Dice: 0.9285, IoU: 0.8722
[2026-09-15 07:16:34,566] Epoch: 114, Dataset: val, Dice: 0.8786, IoU: 0.8104
[2026-09-15 07:16:46,059] Epoch: 115, Dataset: test, Dice: 0.9227, IoU: 0.8653
[2026-09-15 07:16:46,500] Epoch: 115, Dataset: val, Dice: 0.8978, IoU: 0.8329
[2026-09-15 07:16:58,110] Epoch: 116, Dataset: test, Dice: 0.9207, IoU: 0.8633
[2026-09-15 07:16:58,788] Epoch: 116, Dataset: val, Dice: 0.8900, IoU: 0.8197
[2026-09-15 07:17:10,585] Epoch: 117, Dataset: test, Dice: 0.9362, IoU: 0.8842
[2026-09-15 07:17:11,167] Epoch: 117, Dataset: val, Dice: 0.8809, IoU: 0.8155
[2026-09-15 07:17:22,853] Epoch: 118, Dataset: test, Dice: 0.9330, IoU: 0.8799
[2026-09-15 07:17:23,293] Epoch: 118, Dataset: val, Dice: 0.9037, IoU: 0.8408
[2026-09-15 07:17:34,358] Epoch: 119, Dataset: test, Dice: 0.9344, IoU: 0.8823
[2026-09-15 07:17:34,909] Epoch: 119, Dataset: val, Dice: 0.8925, IoU: 0.8278
[2026-09-15 07:17:46,016] Epoch: 120, Dataset: test, Dice: 0.9249, IoU: 0.8699
[2026-09-15 07:17:46,483] Epoch: 120, Dataset: val, Dice: 0.8814, IoU: 0.8103
[2026-09-15 07:17:57,590] Epoch: 121, Dataset: test, Dice: 0.9333, IoU: 0.8813
[2026-09-15 07:17:58,164] Epoch: 121, Dataset: val, Dice: 0.8883, IoU: 0.8232
[2026-09-15 07:18:09,934] Epoch: 122, Dataset: test, Dice: 0.9291, IoU: 0.8755
[2026-09-15 07:18:10,557] Epoch: 122, Dataset: val, Dice: 0.8980, IoU: 0.8300
[2026-09-15 07:18:22,039] Epoch: 123, Dataset: test, Dice: 0.9258, IoU: 0.8725
[2026-09-15 07:18:22,483] Epoch: 123, Dataset: val, Dice: 0.9003, IoU: 0.8374
[2026-09-15 07:18:33,988] Epoch: 124, Dataset: test, Dice: 0.9305, IoU: 0.8767
[2026-09-15 07:18:34,497] Epoch: 124, Dataset: val, Dice: 0.8974, IoU: 0.8319
[2026-09-15 07:18:46,224] Epoch: 125, Dataset: test, Dice: 0.9258, IoU: 0.8713
[2026-09-15 07:18:46,896] Epoch: 125, Dataset: val, Dice: 0.8928, IoU: 0.8262
[2026-09-15 07:18:58,514] Epoch: 126, Dataset: test, Dice: 0.9313, IoU: 0.8785
[2026-09-15 07:18:59,119] Epoch: 126, Dataset: val, Dice: 0.8947, IoU: 0.8282
[2026-09-15 07:19:10,752] Epoch: 127, Dataset: test, Dice: 0.9316, IoU: 0.8791
[2026-09-15 07:19:11,268] Epoch: 127, Dataset: val, Dice: 0.8845, IoU: 0.8182
[2026-09-15 07:19:22,426] Epoch: 128, Dataset: test, Dice: 0.9373, IoU: 0.8869
[2026-09-15 07:19:23,107] Epoch: 128, Dataset: val, Dice: 0.9071, IoU: 0.8478
[2026-09-15 07:19:35,400] Epoch: 129, Dataset: test, Dice: 0.9331, IoU: 0.8825
[2026-09-15 07:19:35,900] Epoch: 129, Dataset: val, Dice: 0.9142, IoU: 0.8541
[2026-09-15 07:19:35,900] ### Best Model Saved (Dice improved from 0.9078 to 0.9142) ###
[2026-09-15 07:19:47,014] Epoch: 130, Dataset: test, Dice: 0.9329, IoU: 0.8820
[2026-09-15 07:19:47,519] Epoch: 130, Dataset: val, Dice: 0.8992, IoU: 0.8369
[2026-09-15 07:19:58,265] Epoch: 131, Dataset: test, Dice: 0.9331, IoU: 0.8825
[2026-09-15 07:19:58,989] Epoch: 131, Dataset: val, Dice: 0.9032, IoU: 0.8419
[2026-09-15 07:20:10,379] Epoch: 132, Dataset: test, Dice: 0.9292, IoU: 0.8760
[2026-09-15 07:20:10,865] Epoch: 132, Dataset: val, Dice: 0.8875, IoU: 0.8194
[2026-09-15 07:20:22,221] Epoch: 133, Dataset: test, Dice: 0.9351, IoU: 0.8835
[2026-09-15 07:20:22,846] Epoch: 133, Dataset: val, Dice: 0.9003, IoU: 0.8367
[2026-09-15 07:20:34,948] Epoch: 134, Dataset: test, Dice: 0.9309, IoU: 0.8780
[2026-09-15 07:20:35,558] Epoch: 134, Dataset: val, Dice: 0.8908, IoU: 0.8232
[2026-09-15 07:20:46,778] Epoch: 135, Dataset: test, Dice: 0.9252, IoU: 0.8714
[2026-09-15 07:20:47,207] Epoch: 135, Dataset: val, Dice: 0.9006, IoU: 0.8379
[2026-09-15 07:20:56,990] Epoch: 136, Dataset: test, Dice: 0.9324, IoU: 0.8811
[2026-09-15 07:20:57,453] Epoch: 136, Dataset: val, Dice: 0.9009, IoU: 0.8380
[2026-09-15 07:21:07,900] Epoch: 137, Dataset: test, Dice: 0.9374, IoU: 0.8872
[2026-09-15 07:21:08,302] Epoch: 137, Dataset: val, Dice: 0.9005, IoU: 0.8363
[2026-09-15 07:21:18,121] Epoch: 138, Dataset: test, Dice: 0.9312, IoU: 0.8798
[2026-09-15 07:21:18,541] Epoch: 138, Dataset: val, Dice: 0.9039, IoU: 0.8419
[2026-09-15 07:21:30,206] Epoch: 139, Dataset: test, Dice: 0.9317, IoU: 0.8795
[2026-09-15 07:21:30,663] Epoch: 139, Dataset: val, Dice: 0.8948, IoU: 0.8307
[2026-09-15 07:21:41,037] Epoch: 140, Dataset: test, Dice: 0.9338, IoU: 0.8818
[2026-09-15 07:21:41,530] Epoch: 140, Dataset: val, Dice: 0.8997, IoU: 0.8356
[2026-09-15 07:21:53,052] Epoch: 141, Dataset: test, Dice: 0.9357, IoU: 0.8845
[2026-09-15 07:21:53,597] Epoch: 141, Dataset: val, Dice: 0.9065, IoU: 0.8449
[2026-09-15 07:22:04,841] Epoch: 142, Dataset: test, Dice: 0.9243, IoU: 0.8700
[2026-09-15 07:22:05,316] Epoch: 142, Dataset: val, Dice: 0.8829, IoU: 0.8150
[2026-09-15 07:22:16,157] Epoch: 143, Dataset: test, Dice: 0.9369, IoU: 0.8875
[2026-09-15 07:22:16,552] Epoch: 143, Dataset: val, Dice: 0.9019, IoU: 0.8396
[2026-09-15 07:22:26,821] Epoch: 144, Dataset: test, Dice: 0.9374, IoU: 0.8872
[2026-09-15 07:22:27,299] Epoch: 144, Dataset: val, Dice: 0.9022, IoU: 0.8398
[2026-09-15 07:22:38,857] Epoch: 145, Dataset: test, Dice: 0.9372, IoU: 0.8865
[2026-09-15 07:22:39,442] Epoch: 145, Dataset: val, Dice: 0.9045, IoU: 0.8411
[2026-09-15 07:22:51,082] Epoch: 146, Dataset: test, Dice: 0.9287, IoU: 0.8766
[2026-09-15 07:22:51,562] Epoch: 146, Dataset: val, Dice: 0.8965, IoU: 0.8312
[2026-09-15 07:23:03,118] Epoch: 147, Dataset: test, Dice: 0.9286, IoU: 0.8743
[2026-09-15 07:23:03,763] Epoch: 147, Dataset: val, Dice: 0.8937, IoU: 0.8273
[2026-09-15 07:23:15,639] Epoch: 148, Dataset: test, Dice: 0.9344, IoU: 0.8838
[2026-09-15 07:23:16,138] Epoch: 148, Dataset: val, Dice: 0.8927, IoU: 0.8267
[2026-09-15 07:23:27,050] Epoch: 149, Dataset: test, Dice: 0.9316, IoU: 0.8799
[2026-09-15 07:23:27,474] Epoch: 149, Dataset: val, Dice: 0.8869, IoU: 0.8187
[2026-09-15 07:23:38,040] Epoch: 150, Dataset: test, Dice: 0.9371, IoU: 0.8880
[2026-09-15 07:23:38,724] Epoch: 150, Dataset: val, Dice: 0.9005, IoU: 0.8371
[2026-09-15 07:23:50,372] Epoch: 151, Dataset: test, Dice: 0.9276, IoU: 0.8749
[2026-09-15 07:23:50,893] Epoch: 151, Dataset: val, Dice: 0.8884, IoU: 0.8221
[2026-09-15 07:24:02,314] Epoch: 152, Dataset: test, Dice: 0.9371, IoU: 0.8887
[2026-09-15 07:24:02,953] Epoch: 152, Dataset: val, Dice: 0.9042, IoU: 0.8431
[2026-09-15 07:24:14,460] Epoch: 153, Dataset: test, Dice: 0.9329, IoU: 0.8829
[2026-09-15 07:24:14,906] Epoch: 153, Dataset: val, Dice: 0.8958, IoU: 0.8319
[2026-09-15 07:24:26,401] Epoch: 154, Dataset: test, Dice: 0.9340, IoU: 0.8836
[2026-09-15 07:24:26,853] Epoch: 154, Dataset: val, Dice: 0.8979, IoU: 0.8340
[2026-09-15 07:24:38,381] Epoch: 155, Dataset: test, Dice: 0.9343, IoU: 0.8841
[2026-09-15 07:24:38,868] Epoch: 155, Dataset: val, Dice: 0.8967, IoU: 0.8317
[2026-09-15 07:24:49,823] Epoch: 156, Dataset: test, Dice: 0.9330, IoU: 0.8830
[2026-09-15 07:24:50,270] Epoch: 156, Dataset: val, Dice: 0.8876, IoU: 0.8197
[2026-09-15 07:25:00,248] Epoch: 157, Dataset: test, Dice: 0.9337, IoU: 0.8824
[2026-09-15 07:25:00,693] Epoch: 157, Dataset: val, Dice: 0.8946, IoU: 0.8302
[2026-09-15 07:25:12,014] Epoch: 158, Dataset: test, Dice: 0.9395, IoU: 0.8913
[2026-09-15 07:25:12,480] Epoch: 158, Dataset: val, Dice: 0.8954, IoU: 0.8305
[2026-09-15 07:25:24,354] Epoch: 159, Dataset: test, Dice: 0.9362, IoU: 0.8877
[2026-09-15 07:25:24,773] Epoch: 159, Dataset: val, Dice: 0.8983, IoU: 0.8351
[2026-09-15 07:25:35,545] Epoch: 160, Dataset: test, Dice: 0.9390, IoU: 0.8905
[2026-09-15 07:25:36,069] Epoch: 160, Dataset: val, Dice: 0.8996, IoU: 0.8369
[2026-09-15 07:25:47,069] Epoch: 161, Dataset: test, Dice: 0.9320, IoU: 0.8815
[2026-09-15 07:25:47,715] Epoch: 161, Dataset: val, Dice: 0.8987, IoU: 0.8356
[2026-09-15 07:25:59,624] Epoch: 162, Dataset: test, Dice: 0.9382, IoU: 0.8889
[2026-09-15 07:26:00,363] Epoch: 162, Dataset: val, Dice: 0.9020, IoU: 0.8408
[2026-09-15 07:26:12,379] Epoch: 163, Dataset: test, Dice: 0.9312, IoU: 0.8799
[2026-09-15 07:26:13,033] Epoch: 163, Dataset: val, Dice: 0.8976, IoU: 0.8348
[2026-09-15 07:26:24,743] Epoch: 164, Dataset: test, Dice: 0.9283, IoU: 0.8756
[2026-09-15 07:26:25,203] Epoch: 164, Dataset: val, Dice: 0.8972, IoU: 0.8334
[2026-09-15 07:26:36,609] Epoch: 165, Dataset: test, Dice: 0.9353, IoU: 0.8863
[2026-09-15 07:26:37,149] Epoch: 165, Dataset: val, Dice: 0.9016, IoU: 0.8384
[2026-09-15 07:26:48,840] Epoch: 166, Dataset: test, Dice: 0.9333, IoU: 0.8829
[2026-09-15 07:26:49,494] Epoch: 166, Dataset: val, Dice: 0.9028, IoU: 0.8411
[2026-09-15 07:27:01,185] Epoch: 167, Dataset: test, Dice: 0.9347, IoU: 0.8844
[2026-09-15 07:27:01,746] Epoch: 167, Dataset: val, Dice: 0.9029, IoU: 0.8409
[2026-09-15 07:27:12,286] Epoch: 168, Dataset: test, Dice: 0.9297, IoU: 0.8772
[2026-09-15 07:27:12,938] Epoch: 168, Dataset: val, Dice: 0.9027, IoU: 0.8386
[2026-09-15 07:27:24,311] Epoch: 169, Dataset: test, Dice: 0.9231, IoU: 0.8693
[2026-09-15 07:27:24,829] Epoch: 169, Dataset: val, Dice: 0.8919, IoU: 0.8225
[2026-09-15 07:27:36,280] Epoch: 170, Dataset: test, Dice: 0.9360, IoU: 0.8859
[2026-09-15 07:27:36,799] Epoch: 170, Dataset: val, Dice: 0.9010, IoU: 0.8389
[2026-09-15 07:27:47,204] Epoch: 171, Dataset: test, Dice: 0.9337, IoU: 0.8818
[2026-09-15 07:27:47,763] Epoch: 171, Dataset: val, Dice: 0.9053, IoU: 0.8428
[2026-09-15 07:27:59,212] Epoch: 172, Dataset: test, Dice: 0.9346, IoU: 0.8829
[2026-09-15 07:27:59,833] Epoch: 172, Dataset: val, Dice: 0.9022, IoU: 0.8374
[2026-09-15 07:28:11,670] Epoch: 173, Dataset: test, Dice: 0.9349, IoU: 0.8845
[2026-09-15 07:28:12,363] Epoch: 173, Dataset: val, Dice: 0.9013, IoU: 0.8394
[2026-09-15 07:28:24,308] Epoch: 174, Dataset: test, Dice: 0.9368, IoU: 0.8870
[2026-09-15 07:28:24,839] Epoch: 174, Dataset: val, Dice: 0.8979, IoU: 0.8351
[2026-09-15 07:28:35,703] Epoch: 175, Dataset: test, Dice: 0.9360, IoU: 0.8858
[2026-09-15 07:28:36,127] Epoch: 175, Dataset: val, Dice: 0.8994, IoU: 0.8366
[2026-09-15 07:28:47,275] Epoch: 176, Dataset: test, Dice: 0.9389, IoU: 0.8902
[2026-09-15 07:28:47,889] Epoch: 176, Dataset: val, Dice: 0.8994, IoU: 0.8373
[2026-09-15 07:28:59,851] Epoch: 177, Dataset: test, Dice: 0.9346, IoU: 0.8846
[2026-09-15 07:29:00,427] Epoch: 177, Dataset: val, Dice: 0.9008, IoU: 0.8384
[2026-09-15 07:29:12,089] Epoch: 178, Dataset: test, Dice: 0.9347, IoU: 0.8841
[2026-09-15 07:29:12,561] Epoch: 178, Dataset: val, Dice: 0.8967, IoU: 0.8313
[2026-09-15 07:29:24,052] Epoch: 179, Dataset: test, Dice: 0.9383, IoU: 0.8888
[2026-09-15 07:29:24,520] Epoch: 179, Dataset: val, Dice: 0.8961, IoU: 0.8326
[2026-09-15 07:29:34,954] Epoch: 180, Dataset: test, Dice: 0.9351, IoU: 0.8839
[2026-09-15 07:29:35,433] Epoch: 180, Dataset: val, Dice: 0.9007, IoU: 0.8373
[2026-09-15 07:29:46,491] Epoch: 181, Dataset: test, Dice: 0.9383, IoU: 0.8890
[2026-09-15 07:29:47,133] Epoch: 181, Dataset: val, Dice: 0.8985, IoU: 0.8354
[2026-09-15 07:29:59,006] Epoch: 182, Dataset: test, Dice: 0.9347, IoU: 0.8837
[2026-09-15 07:29:59,661] Epoch: 182, Dataset: val, Dice: 0.9024, IoU: 0.8397
[2026-09-15 07:30:10,009] Epoch: 183, Dataset: test, Dice: 0.9353, IoU: 0.8847
[2026-09-15 07:30:10,484] Epoch: 183, Dataset: val, Dice: 0.9003, IoU: 0.8355
[2026-09-15 07:30:22,054] Epoch: 184, Dataset: test, Dice: 0.9349, IoU: 0.8842
[2026-09-15 07:30:22,535] Epoch: 184, Dataset: val, Dice: 0.9003, IoU: 0.8376
[2026-09-15 07:30:34,175] Epoch: 185, Dataset: test, Dice: 0.9354, IoU: 0.8858
[2026-09-15 07:30:34,778] Epoch: 185, Dataset: val, Dice: 0.9037, IoU: 0.8421
[2026-09-15 07:30:46,444] Epoch: 186, Dataset: test, Dice: 0.9301, IoU: 0.8790
[2026-09-15 07:30:46,978] Epoch: 186, Dataset: val, Dice: 0.8854, IoU: 0.8188
[2026-09-15 07:30:59,042] Epoch: 187, Dataset: test, Dice: 0.9373, IoU: 0.8877
[2026-09-15 07:30:59,714] Epoch: 187, Dataset: val, Dice: 0.9004, IoU: 0.8388
[2026-09-15 07:31:11,403] Epoch: 188, Dataset: test, Dice: 0.9354, IoU: 0.8853
[2026-09-15 07:31:11,821] Epoch: 188, Dataset: val, Dice: 0.9056, IoU: 0.8447
[2026-09-15 07:31:21,810] Epoch: 189, Dataset: test, Dice: 0.9351, IoU: 0.8845
[2026-09-15 07:31:22,265] Epoch: 189, Dataset: val, Dice: 0.9040, IoU: 0.8428
[2026-09-15 07:31:34,001] Epoch: 190, Dataset: test, Dice: 0.9351, IoU: 0.8843
[2026-09-15 07:31:34,487] Epoch: 190, Dataset: val, Dice: 0.8975, IoU: 0.8345
[2026-09-15 07:31:46,249] Epoch: 191, Dataset: test, Dice: 0.9204, IoU: 0.8659
[2026-09-15 07:31:46,894] Epoch: 191, Dataset: val, Dice: 0.8876, IoU: 0.8195
[2026-09-15 07:31:58,788] Epoch: 192, Dataset: test, Dice: 0.9370, IoU: 0.8872
[2026-09-15 07:31:59,259] Epoch: 192, Dataset: val, Dice: 0.9055, IoU: 0.8442
[2026-09-15 07:32:11,133] Epoch: 193, Dataset: test, Dice: 0.9347, IoU: 0.8838
[2026-09-15 07:32:11,534] Epoch: 193, Dataset: val, Dice: 0.9012, IoU: 0.8386
[2026-09-15 07:32:21,540] Epoch: 194, Dataset: test, Dice: 0.9371, IoU: 0.8870
[2026-09-15 07:32:21,939] Epoch: 194, Dataset: val, Dice: 0.8989, IoU: 0.8356
[2026-09-15 07:32:33,579] Epoch: 195, Dataset: test, Dice: 0.9316, IoU: 0.8790
[2026-09-15 07:32:34,066] Epoch: 195, Dataset: val, Dice: 0.8990, IoU: 0.8361
[2026-09-15 07:32:45,808] Epoch: 196, Dataset: test, Dice: 0.9360, IoU: 0.8859
[2026-09-15 07:32:46,276] Epoch: 196, Dataset: val, Dice: 0.9044, IoU: 0.8432
[2026-09-15 07:32:57,848] Epoch: 197, Dataset: test, Dice: 0.9345, IoU: 0.8849
[2026-09-15 07:32:58,427] Epoch: 197, Dataset: val, Dice: 0.9040, IoU: 0.8421
[2026-09-15 07:33:09,764] Epoch: 198, Dataset: test, Dice: 0.9359, IoU: 0.8859
[2026-09-15 07:33:10,378] Epoch: 198, Dataset: val, Dice: 0.9015, IoU: 0.8383
[2026-09-15 07:33:21,504] Epoch: 199, Dataset: test, Dice: 0.9287, IoU: 0.8763
[2026-09-15 07:33:22,147] Epoch: 199, Dataset: val, Dice: 0.8956, IoU: 0.8284
[2026-09-15 07:33:33,736] Epoch: 200, Dataset: test, Dice: 0.9358, IoU: 0.8855
[2026-09-15 07:33:34,346] Epoch: 200, Dataset: val, Dice: 0.9052, IoU: 0.8442
[2026-09-15 07:33:34,347] 
========================================
FINAL RESULTS: ClinicDB_MK_UNet_bs8_lr0.0005_e200_augTrue_run4_t065401
Best Val Dice: 0.9142
Test Dice at Best Val: 0.9331
Total Train Time: 2141.76s
========================================
