[2026-09-15 15:21:33,312] flops: 0.619251354, params: 0.315566, Total params: : 0.3156
[2026-09-15 15:21:41,871] Epoch: 1, Dataset: test, Dice: 0.2350, IoU: 0.1536
[2026-09-15 15:21:42,365] Epoch: 1, Dataset: val, Dice: 0.1971, IoU: 0.1272
[2026-09-15 15:21:42,365] ### Best Model Saved (Dice improved from 0.0000 to 0.1971) ###
[2026-09-15 15:21:51,132] Epoch: 2, Dataset: test, Dice: 0.2948, IoU: 0.1946
[2026-09-15 15:21:51,625] Epoch: 2, Dataset: val, Dice: 0.2096, IoU: 0.1305
[2026-09-15 15:21:51,625] ### Best Model Saved (Dice improved from 0.1971 to 0.2096) ###
[2026-09-15 15:22:00,388] Epoch: 3, Dataset: test, Dice: 0.2734, IoU: 0.1886
[2026-09-15 15:22:00,962] Epoch: 3, Dataset: val, Dice: 0.2305, IoU: 0.1474
[2026-09-15 15:22:00,963] ### Best Model Saved (Dice improved from 0.2096 to 0.2305) ###
[2026-09-15 15:22:09,581] Epoch: 4, Dataset: test, Dice: 0.3354, IoU: 0.2320
[2026-09-15 15:22:10,030] Epoch: 4, Dataset: val, Dice: 0.3053, IoU: 0.2112
[2026-09-15 15:22:10,031] ### Best Model Saved (Dice improved from 0.2305 to 0.3053) ###
[2026-09-15 15:22:18,632] Epoch: 5, Dataset: test, Dice: 0.3801, IoU: 0.2754
[2026-09-15 15:22:19,219] Epoch: 5, Dataset: val, Dice: 0.3027, IoU: 0.2077
[2026-09-15 15:22:28,028] Epoch: 6, Dataset: test, Dice: 0.4110, IoU: 0.3001
[2026-09-15 15:22:28,506] Epoch: 6, Dataset: val, Dice: 0.3482, IoU: 0.2403
[2026-09-15 15:22:28,506] ### Best Model Saved (Dice improved from 0.3053 to 0.3482) ###
[2026-09-15 15:22:37,134] Epoch: 7, Dataset: test, Dice: 0.3152, IoU: 0.2045
[2026-09-15 15:22:37,655] Epoch: 7, Dataset: val, Dice: 0.2891, IoU: 0.1914
[2026-09-15 15:22:46,399] Epoch: 8, Dataset: test, Dice: 0.3684, IoU: 0.2578
[2026-09-15 15:22:46,897] Epoch: 8, Dataset: val, Dice: 0.3375, IoU: 0.2379
[2026-09-15 15:22:55,617] Epoch: 9, Dataset: test, Dice: 0.4491, IoU: 0.3378
[2026-09-15 15:22:56,184] Epoch: 9, Dataset: val, Dice: 0.3245, IoU: 0.2377
[2026-09-15 15:23:04,928] Epoch: 10, Dataset: test, Dice: 0.4798, IoU: 0.3684
[2026-09-15 15:23:05,444] Epoch: 10, Dataset: val, Dice: 0.3274, IoU: 0.2435
[2026-09-15 15:23:14,185] Epoch: 11, Dataset: test, Dice: 0.4784, IoU: 0.3614
[2026-09-15 15:23:14,629] Epoch: 11, Dataset: val, Dice: 0.3741, IoU: 0.2791
[2026-09-15 15:23:14,629] ### Best Model Saved (Dice improved from 0.3482 to 0.3741) ###
[2026-09-15 15:23:23,626] Epoch: 12, Dataset: test, Dice: 0.4093, IoU: 0.3013
[2026-09-15 15:23:24,118] Epoch: 12, Dataset: val, Dice: 0.2991, IoU: 0.2142
[2026-09-15 15:23:32,664] Epoch: 13, Dataset: test, Dice: 0.4936, IoU: 0.3812
[2026-09-15 15:23:33,270] Epoch: 13, Dataset: val, Dice: 0.4347, IoU: 0.3345
[2026-09-15 15:23:33,270] ### Best Model Saved (Dice improved from 0.3741 to 0.4347) ###
[2026-09-15 15:23:41,939] Epoch: 14, Dataset: test, Dice: 0.5824, IoU: 0.4752
[2026-09-15 15:23:42,395] Epoch: 14, Dataset: val, Dice: 0.4389, IoU: 0.3389
[2026-09-15 15:23:42,395] ### Best Model Saved (Dice improved from 0.4347 to 0.4389) ###
[2026-09-15 15:23:51,329] Epoch: 15, Dataset: test, Dice: 0.5377, IoU: 0.4253
[2026-09-15 15:23:51,942] Epoch: 15, Dataset: val, Dice: 0.4350, IoU: 0.3380
[2026-09-15 15:24:00,555] Epoch: 16, Dataset: test, Dice: 0.6252, IoU: 0.5104
[2026-09-15 15:24:01,078] Epoch: 16, Dataset: val, Dice: 0.5085, IoU: 0.4119
[2026-09-15 15:24:01,078] ### Best Model Saved (Dice improved from 0.4389 to 0.5085) ###
[2026-09-15 15:24:09,568] Epoch: 17, Dataset: test, Dice: 0.6254, IoU: 0.5129
[2026-09-15 15:24:10,005] Epoch: 17, Dataset: val, Dice: 0.5094, IoU: 0.4014
[2026-09-15 15:24:10,006] ### Best Model Saved (Dice improved from 0.5085 to 0.5094) ###
[2026-09-15 15:24:18,696] Epoch: 18, Dataset: test, Dice: 0.6477, IoU: 0.5541
[2026-09-15 15:24:19,188] Epoch: 18, Dataset: val, Dice: 0.5287, IoU: 0.4483
[2026-09-15 15:24:19,188] ### Best Model Saved (Dice improved from 0.5094 to 0.5287) ###
[2026-09-15 15:24:28,121] Epoch: 19, Dataset: test, Dice: 0.5477, IoU: 0.4508
[2026-09-15 15:24:28,549] Epoch: 19, Dataset: val, Dice: 0.4540, IoU: 0.3812
[2026-09-15 15:24:36,742] Epoch: 20, Dataset: test, Dice: 0.6687, IoU: 0.5662
[2026-09-15 15:24:37,176] Epoch: 20, Dataset: val, Dice: 0.5697, IoU: 0.4733
[2026-09-15 15:24:37,176] ### Best Model Saved (Dice improved from 0.5287 to 0.5697) ###
[2026-09-15 15:24:45,150] Epoch: 21, Dataset: test, Dice: 0.6608, IoU: 0.5530
[2026-09-15 15:24:45,617] Epoch: 21, Dataset: val, Dice: 0.5968, IoU: 0.4857
[2026-09-15 15:24:45,617] ### Best Model Saved (Dice improved from 0.5697 to 0.5968) ###
[2026-09-15 15:24:54,288] Epoch: 22, Dataset: test, Dice: 0.6882, IoU: 0.5870
[2026-09-15 15:24:54,801] Epoch: 22, Dataset: val, Dice: 0.6662, IoU: 0.5567
[2026-09-15 15:24:54,801] ### Best Model Saved (Dice improved from 0.5968 to 0.6662) ###
[2026-09-15 15:25:02,881] Epoch: 23, Dataset: test, Dice: 0.5814, IoU: 0.4738
[2026-09-15 15:25:03,355] Epoch: 23, Dataset: val, Dice: 0.4172, IoU: 0.3208
[2026-09-15 15:25:11,912] Epoch: 24, Dataset: test, Dice: 0.6857, IoU: 0.5592
[2026-09-15 15:25:12,394] Epoch: 24, Dataset: val, Dice: 0.5709, IoU: 0.4568
[2026-09-15 15:25:21,346] Epoch: 25, Dataset: test, Dice: 0.7227, IoU: 0.6050
[2026-09-15 15:25:21,861] Epoch: 25, Dataset: val, Dice: 0.6665, IoU: 0.5735
[2026-09-15 15:25:21,861] ### Best Model Saved (Dice improved from 0.6662 to 0.6665) ###
[2026-09-15 15:25:30,544] Epoch: 26, Dataset: test, Dice: 0.6510, IoU: 0.5398
[2026-09-15 15:25:31,026] Epoch: 26, Dataset: val, Dice: 0.5875, IoU: 0.4936
[2026-09-15 15:25:39,694] Epoch: 27, Dataset: test, Dice: 0.6710, IoU: 0.5650
[2026-09-15 15:25:40,192] Epoch: 27, Dataset: val, Dice: 0.6133, IoU: 0.5116
[2026-09-15 15:25:48,823] Epoch: 28, Dataset: test, Dice: 0.7264, IoU: 0.6289
[2026-09-15 15:25:49,318] Epoch: 28, Dataset: val, Dice: 0.6580, IoU: 0.5562
[2026-09-15 15:25:57,844] Epoch: 29, Dataset: test, Dice: 0.7730, IoU: 0.6726
[2026-09-15 15:25:58,290] Epoch: 29, Dataset: val, Dice: 0.7268, IoU: 0.6431
[2026-09-15 15:25:58,291] ### Best Model Saved (Dice improved from 0.6665 to 0.7268) ###
[2026-09-15 15:26:06,410] Epoch: 30, Dataset: test, Dice: 0.7798, IoU: 0.6846
[2026-09-15 15:26:06,860] Epoch: 30, Dataset: val, Dice: 0.6897, IoU: 0.6096
[2026-09-15 15:26:14,814] Epoch: 31, Dataset: test, Dice: 0.7920, IoU: 0.7015
[2026-09-15 15:26:15,390] Epoch: 31, Dataset: val, Dice: 0.6935, IoU: 0.6027
[2026-09-15 15:26:23,399] Epoch: 32, Dataset: test, Dice: 0.7749, IoU: 0.6849
[2026-09-15 15:26:23,874] Epoch: 32, Dataset: val, Dice: 0.7407, IoU: 0.6547
[2026-09-15 15:26:23,874] ### Best Model Saved (Dice improved from 0.7268 to 0.7407) ###
[2026-09-15 15:26:31,730] Epoch: 33, Dataset: test, Dice: 0.7197, IoU: 0.6349
[2026-09-15 15:26:32,224] Epoch: 33, Dataset: val, Dice: 0.6905, IoU: 0.6124
[2026-09-15 15:26:39,965] Epoch: 34, Dataset: test, Dice: 0.7959, IoU: 0.7040
[2026-09-15 15:26:40,484] Epoch: 34, Dataset: val, Dice: 0.7327, IoU: 0.6390
[2026-09-15 15:26:48,948] Epoch: 35, Dataset: test, Dice: 0.7542, IoU: 0.6694
[2026-09-15 15:26:49,384] Epoch: 35, Dataset: val, Dice: 0.7377, IoU: 0.6383
[2026-09-15 15:26:58,054] Epoch: 36, Dataset: test, Dice: 0.7671, IoU: 0.6774
[2026-09-15 15:26:58,521] Epoch: 36, Dataset: val, Dice: 0.6616, IoU: 0.5718
[2026-09-15 15:27:06,321] Epoch: 37, Dataset: test, Dice: 0.7915, IoU: 0.7062
[2026-09-15 15:27:06,919] Epoch: 37, Dataset: val, Dice: 0.7232, IoU: 0.6271
[2026-09-15 15:27:15,736] Epoch: 38, Dataset: test, Dice: 0.7844, IoU: 0.6960
[2026-09-15 15:27:16,212] Epoch: 38, Dataset: val, Dice: 0.7305, IoU: 0.6391
[2026-09-15 15:27:24,548] Epoch: 39, Dataset: test, Dice: 0.8046, IoU: 0.7127
[2026-09-15 15:27:25,144] Epoch: 39, Dataset: val, Dice: 0.7587, IoU: 0.6706
[2026-09-15 15:27:25,144] ### Best Model Saved (Dice improved from 0.7407 to 0.7587) ###
[2026-09-15 15:27:33,120] Epoch: 40, Dataset: test, Dice: 0.7913, IoU: 0.7105
[2026-09-15 15:27:33,582] Epoch: 40, Dataset: val, Dice: 0.7409, IoU: 0.6523
[2026-09-15 15:27:41,728] Epoch: 41, Dataset: test, Dice: 0.7899, IoU: 0.7038
[2026-09-15 15:27:42,219] Epoch: 41, Dataset: val, Dice: 0.7640, IoU: 0.6891
[2026-09-15 15:27:42,219] ### Best Model Saved (Dice improved from 0.7587 to 0.7640) ###
[2026-09-15 15:27:50,391] Epoch: 42, Dataset: test, Dice: 0.8466, IoU: 0.7615
[2026-09-15 15:27:50,846] Epoch: 42, Dataset: val, Dice: 0.7578, IoU: 0.6723
[2026-09-15 15:27:58,885] Epoch: 43, Dataset: test, Dice: 0.8453, IoU: 0.7657
[2026-09-15 15:27:59,360] Epoch: 43, Dataset: val, Dice: 0.7768, IoU: 0.6911
[2026-09-15 15:27:59,360] ### Best Model Saved (Dice improved from 0.7640 to 0.7768) ###
[2026-09-15 15:28:08,022] Epoch: 44, Dataset: test, Dice: 0.8329, IoU: 0.7503
[2026-09-15 15:28:08,499] Epoch: 44, Dataset: val, Dice: 0.7822, IoU: 0.7074
[2026-09-15 15:28:08,499] ### Best Model Saved (Dice improved from 0.7768 to 0.7822) ###
[2026-09-15 15:28:17,392] Epoch: 45, Dataset: test, Dice: 0.8423, IoU: 0.7617
[2026-09-15 15:28:17,820] Epoch: 45, Dataset: val, Dice: 0.7657, IoU: 0.6839
[2026-09-15 15:28:25,967] Epoch: 46, Dataset: test, Dice: 0.8362, IoU: 0.7524
[2026-09-15 15:28:26,524] Epoch: 46, Dataset: val, Dice: 0.7388, IoU: 0.6480
[2026-09-15 15:28:34,519] Epoch: 47, Dataset: test, Dice: 0.8054, IoU: 0.7339
[2026-09-15 15:28:34,989] Epoch: 47, Dataset: val, Dice: 0.7739, IoU: 0.6951
[2026-09-15 15:28:42,901] Epoch: 48, Dataset: test, Dice: 0.8586, IoU: 0.7784
[2026-09-15 15:28:43,496] Epoch: 48, Dataset: val, Dice: 0.7922, IoU: 0.7121
[2026-09-15 15:28:43,496] ### Best Model Saved (Dice improved from 0.7822 to 0.7922) ###
[2026-09-15 15:28:51,773] Epoch: 49, Dataset: test, Dice: 0.8142, IoU: 0.7353
[2026-09-15 15:28:52,369] Epoch: 49, Dataset: val, Dice: 0.7531, IoU: 0.6778
[2026-09-15 15:29:00,522] Epoch: 50, Dataset: test, Dice: 0.8308, IoU: 0.7450
[2026-09-15 15:29:01,004] Epoch: 50, Dataset: val, Dice: 0.7868, IoU: 0.7057
[2026-09-15 15:29:09,294] Epoch: 51, Dataset: test, Dice: 0.8331, IoU: 0.7450
[2026-09-15 15:29:09,728] Epoch: 51, Dataset: val, Dice: 0.8163, IoU: 0.7380
[2026-09-15 15:29:09,728] ### Best Model Saved (Dice improved from 0.7922 to 0.8163) ###
[2026-09-15 15:29:18,397] Epoch: 52, Dataset: test, Dice: 0.8351, IoU: 0.7510
[2026-09-15 15:29:18,862] Epoch: 52, Dataset: val, Dice: 0.7859, IoU: 0.7035
[2026-09-15 15:29:27,586] Epoch: 53, Dataset: test, Dice: 0.8462, IoU: 0.7694
[2026-09-15 15:29:28,069] Epoch: 53, Dataset: val, Dice: 0.8129, IoU: 0.7339
[2026-09-15 15:29:36,768] Epoch: 54, Dataset: test, Dice: 0.8421, IoU: 0.7673
[2026-09-15 15:29:37,276] Epoch: 54, Dataset: val, Dice: 0.8029, IoU: 0.7208
[2026-09-15 15:29:45,865] Epoch: 55, Dataset: test, Dice: 0.8235, IoU: 0.7331
[2026-09-15 15:29:46,339] Epoch: 55, Dataset: val, Dice: 0.7552, IoU: 0.6762
[2026-09-15 15:29:55,046] Epoch: 56, Dataset: test, Dice: 0.8701, IoU: 0.7896
[2026-09-15 15:29:55,501] Epoch: 56, Dataset: val, Dice: 0.8137, IoU: 0.7303
[2026-09-15 15:30:04,071] Epoch: 57, Dataset: test, Dice: 0.7843, IoU: 0.6904
[2026-09-15 15:30:04,569] Epoch: 57, Dataset: val, Dice: 0.7746, IoU: 0.6918
[2026-09-15 15:30:13,247] Epoch: 58, Dataset: test, Dice: 0.8190, IoU: 0.7338
[2026-09-15 15:30:13,738] Epoch: 58, Dataset: val, Dice: 0.7626, IoU: 0.6676
[2026-09-15 15:30:22,367] Epoch: 59, Dataset: test, Dice: 0.8257, IoU: 0.7444
[2026-09-15 15:30:22,838] Epoch: 59, Dataset: val, Dice: 0.7723, IoU: 0.6903
[2026-09-15 15:30:31,239] Epoch: 60, Dataset: test, Dice: 0.8750, IoU: 0.7997
[2026-09-15 15:30:31,708] Epoch: 60, Dataset: val, Dice: 0.8203, IoU: 0.7331
[2026-09-15 15:30:31,708] ### Best Model Saved (Dice improved from 0.8163 to 0.8203) ###
[2026-09-15 15:30:40,505] Epoch: 61, Dataset: test, Dice: 0.8322, IoU: 0.7541
[2026-09-15 15:30:41,101] Epoch: 61, Dataset: val, Dice: 0.8129, IoU: 0.7301
[2026-09-15 15:30:49,965] Epoch: 62, Dataset: test, Dice: 0.8684, IoU: 0.7904
[2026-09-15 15:30:50,434] Epoch: 62, Dataset: val, Dice: 0.8203, IoU: 0.7373
[2026-09-15 15:30:50,434] ### Best Model Saved (Dice improved from 0.8203 to 0.8203) ###
[2026-09-15 15:30:59,119] Epoch: 63, Dataset: test, Dice: 0.8625, IoU: 0.7850
[2026-09-15 15:30:59,540] Epoch: 63, Dataset: val, Dice: 0.8179, IoU: 0.7373
[2026-09-15 15:31:08,033] Epoch: 64, Dataset: test, Dice: 0.8203, IoU: 0.7325
[2026-09-15 15:31:08,541] Epoch: 64, Dataset: val, Dice: 0.8016, IoU: 0.7073
[2026-09-15 15:31:17,269] Epoch: 65, Dataset: test, Dice: 0.8669, IoU: 0.7899
[2026-09-15 15:31:17,760] Epoch: 65, Dataset: val, Dice: 0.8314, IoU: 0.7596
[2026-09-15 15:31:17,761] ### Best Model Saved (Dice improved from 0.8203 to 0.8314) ###
[2026-09-15 15:31:26,518] Epoch: 66, Dataset: test, Dice: 0.8349, IoU: 0.7541
[2026-09-15 15:31:27,042] Epoch: 66, Dataset: val, Dice: 0.8206, IoU: 0.7493
[2026-09-15 15:31:35,746] Epoch: 67, Dataset: test, Dice: 0.8832, IoU: 0.8070
[2026-09-15 15:31:36,167] Epoch: 67, Dataset: val, Dice: 0.8235, IoU: 0.7439
[2026-09-15 15:31:44,620] Epoch: 68, Dataset: test, Dice: 0.8773, IoU: 0.8010
[2026-09-15 15:31:45,102] Epoch: 68, Dataset: val, Dice: 0.8201, IoU: 0.7412
[2026-09-15 15:31:53,000] Epoch: 69, Dataset: test, Dice: 0.8822, IoU: 0.8121
[2026-09-15 15:31:53,499] Epoch: 69, Dataset: val, Dice: 0.8289, IoU: 0.7573
[2026-09-15 15:32:02,295] Epoch: 70, Dataset: test, Dice: 0.8446, IoU: 0.7591
[2026-09-15 15:32:02,774] Epoch: 70, Dataset: val, Dice: 0.7926, IoU: 0.7056
[2026-09-15 15:32:11,341] Epoch: 71, Dataset: test, Dice: 0.8860, IoU: 0.8098
[2026-09-15 15:32:11,899] Epoch: 71, Dataset: val, Dice: 0.8371, IoU: 0.7581
[2026-09-15 15:32:11,899] ### Best Model Saved (Dice improved from 0.8314 to 0.8371) ###
[2026-09-15 15:32:20,685] Epoch: 72, Dataset: test, Dice: 0.8768, IoU: 0.8008
[2026-09-15 15:32:21,156] Epoch: 72, Dataset: val, Dice: 0.8486, IoU: 0.7700
[2026-09-15 15:32:21,157] ### Best Model Saved (Dice improved from 0.8371 to 0.8486) ###
[2026-09-15 15:32:30,026] Epoch: 73, Dataset: test, Dice: 0.8766, IoU: 0.8026
[2026-09-15 15:32:30,653] Epoch: 73, Dataset: val, Dice: 0.8585, IoU: 0.7739
[2026-09-15 15:32:30,653] ### Best Model Saved (Dice improved from 0.8486 to 0.8585) ###
[2026-09-15 15:32:39,436] Epoch: 74, Dataset: test, Dice: 0.8810, IoU: 0.8076
[2026-09-15 15:32:39,917] Epoch: 74, Dataset: val, Dice: 0.8395, IoU: 0.7631
[2026-09-15 15:32:48,677] Epoch: 75, Dataset: test, Dice: 0.8960, IoU: 0.8229
[2026-09-15 15:32:49,198] Epoch: 75, Dataset: val, Dice: 0.8353, IoU: 0.7589
[2026-09-15 15:32:57,891] Epoch: 76, Dataset: test, Dice: 0.8850, IoU: 0.8119
[2026-09-15 15:32:58,427] Epoch: 76, Dataset: val, Dice: 0.8252, IoU: 0.7467
[2026-09-15 15:33:06,714] Epoch: 77, Dataset: test, Dice: 0.8909, IoU: 0.8171
[2026-09-15 15:33:07,154] Epoch: 77, Dataset: val, Dice: 0.8344, IoU: 0.7639
[2026-09-15 15:33:15,083] Epoch: 78, Dataset: test, Dice: 0.8732, IoU: 0.8029
[2026-09-15 15:33:15,524] Epoch: 78, Dataset: val, Dice: 0.8333, IoU: 0.7546
[2026-09-15 15:33:24,102] Epoch: 79, Dataset: test, Dice: 0.8887, IoU: 0.8182
[2026-09-15 15:33:24,719] Epoch: 79, Dataset: val, Dice: 0.8392, IoU: 0.7670
[2026-09-15 15:33:33,489] Epoch: 80, Dataset: test, Dice: 0.9017, IoU: 0.8296
[2026-09-15 15:33:33,906] Epoch: 80, Dataset: val, Dice: 0.8480, IoU: 0.7719
[2026-09-15 15:33:42,542] Epoch: 81, Dataset: test, Dice: 0.9149, IoU: 0.8499
[2026-09-15 15:33:43,060] Epoch: 81, Dataset: val, Dice: 0.8517, IoU: 0.7800
[2026-09-15 15:33:51,475] Epoch: 82, Dataset: test, Dice: 0.9184, IoU: 0.8565
[2026-09-15 15:33:51,942] Epoch: 82, Dataset: val, Dice: 0.8417, IoU: 0.7663
[2026-09-15 15:34:00,401] Epoch: 83, Dataset: test, Dice: 0.8633, IoU: 0.7866
[2026-09-15 15:34:01,026] Epoch: 83, Dataset: val, Dice: 0.8540, IoU: 0.7819
[2026-09-15 15:34:09,626] Epoch: 84, Dataset: test, Dice: 0.9007, IoU: 0.8297
[2026-09-15 15:34:10,104] Epoch: 84, Dataset: val, Dice: 0.8649, IoU: 0.7887
[2026-09-15 15:34:10,104] ### Best Model Saved (Dice improved from 0.8585 to 0.8649) ###
[2026-09-15 15:34:18,568] Epoch: 85, Dataset: test, Dice: 0.8995, IoU: 0.8236
[2026-09-15 15:34:19,085] Epoch: 85, Dataset: val, Dice: 0.8222, IoU: 0.7368
[2026-09-15 15:34:27,637] Epoch: 86, Dataset: test, Dice: 0.8810, IoU: 0.8053
[2026-09-15 15:34:28,127] Epoch: 86, Dataset: val, Dice: 0.8324, IoU: 0.7557
[2026-09-15 15:34:36,915] Epoch: 87, Dataset: test, Dice: 0.8814, IoU: 0.8086
[2026-09-15 15:34:37,469] Epoch: 87, Dataset: val, Dice: 0.8449, IoU: 0.7597
[2026-09-15 15:34:46,183] Epoch: 88, Dataset: test, Dice: 0.9126, IoU: 0.8490
[2026-09-15 15:34:46,680] Epoch: 88, Dataset: val, Dice: 0.8580, IoU: 0.7857
[2026-09-15 15:34:55,261] Epoch: 89, Dataset: test, Dice: 0.9043, IoU: 0.8343
[2026-09-15 15:34:55,677] Epoch: 89, Dataset: val, Dice: 0.8493, IoU: 0.7744
[2026-09-15 15:35:04,276] Epoch: 90, Dataset: test, Dice: 0.8999, IoU: 0.8340
[2026-09-15 15:35:04,817] Epoch: 90, Dataset: val, Dice: 0.8409, IoU: 0.7632
[2026-09-15 15:35:12,753] Epoch: 91, Dataset: test, Dice: 0.9066, IoU: 0.8382
[2026-09-15 15:35:13,396] Epoch: 91, Dataset: val, Dice: 0.8313, IoU: 0.7541
[2026-09-15 15:35:21,793] Epoch: 92, Dataset: test, Dice: 0.9090, IoU: 0.8402
[2026-09-15 15:35:22,289] Epoch: 92, Dataset: val, Dice: 0.8591, IoU: 0.7894
[2026-09-15 15:35:30,978] Epoch: 93, Dataset: test, Dice: 0.8999, IoU: 0.8286
[2026-09-15 15:35:31,426] Epoch: 93, Dataset: val, Dice: 0.8302, IoU: 0.7519
[2026-09-15 15:35:40,004] Epoch: 94, Dataset: test, Dice: 0.9097, IoU: 0.8420
[2026-09-15 15:35:40,490] Epoch: 94, Dataset: val, Dice: 0.8651, IoU: 0.7933
[2026-09-15 15:35:40,491] ### Best Model Saved (Dice improved from 0.8649 to 0.8651) ###
[2026-09-15 15:35:49,016] Epoch: 95, Dataset: test, Dice: 0.8934, IoU: 0.8224
[2026-09-15 15:35:49,522] Epoch: 95, Dataset: val, Dice: 0.8494, IoU: 0.7736
[2026-09-15 15:35:58,283] Epoch: 96, Dataset: test, Dice: 0.9121, IoU: 0.8506
[2026-09-15 15:35:58,811] Epoch: 96, Dataset: val, Dice: 0.8609, IoU: 0.7865
[2026-09-15 15:36:07,774] Epoch: 97, Dataset: test, Dice: 0.8946, IoU: 0.8242
[2026-09-15 15:36:08,254] Epoch: 97, Dataset: val, Dice: 0.8525, IoU: 0.7766
[2026-09-15 15:36:17,031] Epoch: 98, Dataset: test, Dice: 0.8949, IoU: 0.8265
[2026-09-15 15:36:17,491] Epoch: 98, Dataset: val, Dice: 0.8412, IoU: 0.7698
[2026-09-15 15:36:25,790] Epoch: 99, Dataset: test, Dice: 0.8940, IoU: 0.8245
[2026-09-15 15:36:26,259] Epoch: 99, Dataset: val, Dice: 0.8575, IoU: 0.7874
[2026-09-15 15:36:34,691] Epoch: 100, Dataset: test, Dice: 0.8919, IoU: 0.8277
[2026-09-15 15:36:35,241] Epoch: 100, Dataset: val, Dice: 0.8430, IoU: 0.7660
[2026-09-15 15:36:43,967] Epoch: 101, Dataset: test, Dice: 0.9003, IoU: 0.8335
[2026-09-15 15:36:44,461] Epoch: 101, Dataset: val, Dice: 0.8535, IoU: 0.7809
[2026-09-15 15:36:53,157] Epoch: 102, Dataset: test, Dice: 0.8821, IoU: 0.8107
[2026-09-15 15:36:53,661] Epoch: 102, Dataset: val, Dice: 0.8630, IoU: 0.7835
[2026-09-15 15:37:02,078] Epoch: 103, Dataset: test, Dice: 0.9010, IoU: 0.8302
[2026-09-15 15:37:02,558] Epoch: 103, Dataset: val, Dice: 0.8429, IoU: 0.7676
[2026-09-15 15:37:11,116] Epoch: 104, Dataset: test, Dice: 0.9007, IoU: 0.8321
[2026-09-15 15:37:11,708] Epoch: 104, Dataset: val, Dice: 0.8533, IoU: 0.7801
[2026-09-15 15:37:19,692] Epoch: 105, Dataset: test, Dice: 0.8971, IoU: 0.8326
[2026-09-15 15:37:20,155] Epoch: 105, Dataset: val, Dice: 0.8590, IoU: 0.7854
[2026-09-15 15:37:28,071] Epoch: 106, Dataset: test, Dice: 0.9030, IoU: 0.8355
[2026-09-15 15:37:28,518] Epoch: 106, Dataset: val, Dice: 0.8739, IoU: 0.8058
[2026-09-15 15:37:28,518] ### Best Model Saved (Dice improved from 0.8651 to 0.8739) ###
[2026-09-15 15:37:36,592] Epoch: 107, Dataset: test, Dice: 0.9091, IoU: 0.8435
[2026-09-15 15:37:37,051] Epoch: 107, Dataset: val, Dice: 0.8848, IoU: 0.8143
[2026-09-15 15:37:37,052] ### Best Model Saved (Dice improved from 0.8739 to 0.8848) ###
[2026-09-15 15:37:45,521] Epoch: 108, Dataset: test, Dice: 0.9097, IoU: 0.8395
[2026-09-15 15:37:46,026] Epoch: 108, Dataset: val, Dice: 0.8698, IoU: 0.8031
[2026-09-15 15:37:54,738] Epoch: 109, Dataset: test, Dice: 0.9131, IoU: 0.8496
[2026-09-15 15:37:55,223] Epoch: 109, Dataset: val, Dice: 0.8649, IoU: 0.7955
[2026-09-15 15:38:03,643] Epoch: 110, Dataset: test, Dice: 0.9161, IoU: 0.8529
[2026-09-15 15:38:04,119] Epoch: 110, Dataset: val, Dice: 0.8806, IoU: 0.8101
[2026-09-15 15:38:12,073] Epoch: 111, Dataset: test, Dice: 0.9273, IoU: 0.8676
[2026-09-15 15:38:12,594] Epoch: 111, Dataset: val, Dice: 0.8687, IoU: 0.8007
[2026-09-15 15:38:21,170] Epoch: 112, Dataset: test, Dice: 0.9186, IoU: 0.8551
[2026-09-15 15:38:21,662] Epoch: 112, Dataset: val, Dice: 0.8840, IoU: 0.8165
[2026-09-15 15:38:30,404] Epoch: 113, Dataset: test, Dice: 0.9194, IoU: 0.8563
[2026-09-15 15:38:30,907] Epoch: 113, Dataset: val, Dice: 0.8802, IoU: 0.8151
[2026-09-15 15:38:39,185] Epoch: 114, Dataset: test, Dice: 0.9249, IoU: 0.8639
[2026-09-15 15:38:39,702] Epoch: 114, Dataset: val, Dice: 0.8681, IoU: 0.7996
[2026-09-15 15:38:48,456] Epoch: 115, Dataset: test, Dice: 0.9178, IoU: 0.8537
[2026-09-15 15:38:48,949] Epoch: 115, Dataset: val, Dice: 0.8821, IoU: 0.8151
[2026-09-15 15:38:57,626] Epoch: 116, Dataset: test, Dice: 0.9245, IoU: 0.8629
[2026-09-15 15:38:58,113] Epoch: 116, Dataset: val, Dice: 0.8835, IoU: 0.8135
[2026-09-15 15:39:06,805] Epoch: 117, Dataset: test, Dice: 0.9166, IoU: 0.8531
[2026-09-15 15:39:07,256] Epoch: 117, Dataset: val, Dice: 0.8620, IoU: 0.7873
[2026-09-15 15:39:15,865] Epoch: 118, Dataset: test, Dice: 0.9187, IoU: 0.8550
[2026-09-15 15:39:16,280] Epoch: 118, Dataset: val, Dice: 0.8778, IoU: 0.8034
[2026-09-15 15:39:25,194] Epoch: 119, Dataset: test, Dice: 0.9060, IoU: 0.8417
[2026-09-15 15:39:25,691] Epoch: 119, Dataset: val, Dice: 0.8656, IoU: 0.7952
[2026-09-15 15:39:34,227] Epoch: 120, Dataset: test, Dice: 0.9131, IoU: 0.8505
[2026-09-15 15:39:34,691] Epoch: 120, Dataset: val, Dice: 0.8728, IoU: 0.8049
[2026-09-15 15:39:43,111] Epoch: 121, Dataset: test, Dice: 0.9137, IoU: 0.8482
[2026-09-15 15:39:43,542] Epoch: 121, Dataset: val, Dice: 0.8773, IoU: 0.8112
[2026-09-15 15:39:52,312] Epoch: 122, Dataset: test, Dice: 0.9044, IoU: 0.8416
[2026-09-15 15:39:52,836] Epoch: 122, Dataset: val, Dice: 0.8682, IoU: 0.7983
[2026-09-15 15:40:01,974] Epoch: 123, Dataset: test, Dice: 0.9109, IoU: 0.8445
[2026-09-15 15:40:02,424] Epoch: 123, Dataset: val, Dice: 0.8671, IoU: 0.7982
[2026-09-15 15:40:11,134] Epoch: 124, Dataset: test, Dice: 0.9143, IoU: 0.8509
[2026-09-15 15:40:11,612] Epoch: 124, Dataset: val, Dice: 0.8733, IoU: 0.8069
[2026-09-15 15:40:20,475] Epoch: 125, Dataset: test, Dice: 0.9167, IoU: 0.8523
[2026-09-15 15:40:21,070] Epoch: 125, Dataset: val, Dice: 0.8720, IoU: 0.8041
[2026-09-15 15:40:29,832] Epoch: 126, Dataset: test, Dice: 0.9038, IoU: 0.8330
[2026-09-15 15:40:30,312] Epoch: 126, Dataset: val, Dice: 0.8734, IoU: 0.8016
[2026-09-15 15:40:39,081] Epoch: 127, Dataset: test, Dice: 0.8991, IoU: 0.8268
[2026-09-15 15:40:39,657] Epoch: 127, Dataset: val, Dice: 0.8695, IoU: 0.8023
[2026-09-15 15:40:48,592] Epoch: 128, Dataset: test, Dice: 0.9190, IoU: 0.8553
[2026-09-15 15:40:49,008] Epoch: 128, Dataset: val, Dice: 0.8782, IoU: 0.8106
[2026-09-15 15:40:57,689] Epoch: 129, Dataset: test, Dice: 0.9257, IoU: 0.8644
[2026-09-15 15:40:58,183] Epoch: 129, Dataset: val, Dice: 0.8812, IoU: 0.8107
[2026-09-15 15:41:06,972] Epoch: 130, Dataset: test, Dice: 0.9132, IoU: 0.8517
[2026-09-15 15:41:07,438] Epoch: 130, Dataset: val, Dice: 0.8773, IoU: 0.8063
[2026-09-15 15:41:16,023] Epoch: 131, Dataset: test, Dice: 0.9236, IoU: 0.8623
[2026-09-15 15:41:16,513] Epoch: 131, Dataset: val, Dice: 0.8775, IoU: 0.8066
[2026-09-15 15:41:25,335] Epoch: 132, Dataset: test, Dice: 0.9159, IoU: 0.8527
[2026-09-15 15:41:25,822] Epoch: 132, Dataset: val, Dice: 0.8822, IoU: 0.8126
[2026-09-15 15:41:34,595] Epoch: 133, Dataset: test, Dice: 0.9229, IoU: 0.8618
[2026-09-15 15:41:35,124] Epoch: 133, Dataset: val, Dice: 0.8840, IoU: 0.8150
[2026-09-15 15:41:43,465] Epoch: 134, Dataset: test, Dice: 0.9146, IoU: 0.8499
[2026-09-15 15:41:43,895] Epoch: 134, Dataset: val, Dice: 0.8839, IoU: 0.8191
[2026-09-15 15:41:52,563] Epoch: 135, Dataset: test, Dice: 0.9198, IoU: 0.8570
[2026-09-15 15:41:53,189] Epoch: 135, Dataset: val, Dice: 0.8809, IoU: 0.8101
[2026-09-15 15:42:01,959] Epoch: 136, Dataset: test, Dice: 0.9243, IoU: 0.8629
[2026-09-15 15:42:02,527] Epoch: 136, Dataset: val, Dice: 0.8871, IoU: 0.8192
[2026-09-15 15:42:02,527] ### Best Model Saved (Dice improved from 0.8848 to 0.8871) ###
[2026-09-15 15:42:11,217] Epoch: 137, Dataset: test, Dice: 0.9238, IoU: 0.8621
[2026-09-15 15:42:11,717] Epoch: 137, Dataset: val, Dice: 0.8709, IoU: 0.8031
[2026-09-15 15:42:20,146] Epoch: 138, Dataset: test, Dice: 0.9224, IoU: 0.8611
[2026-09-15 15:42:20,604] Epoch: 138, Dataset: val, Dice: 0.8863, IoU: 0.8199
[2026-09-15 15:42:29,470] Epoch: 139, Dataset: test, Dice: 0.9146, IoU: 0.8537
[2026-09-15 15:42:29,965] Epoch: 139, Dataset: val, Dice: 0.8763, IoU: 0.8087
[2026-09-15 15:42:38,805] Epoch: 140, Dataset: test, Dice: 0.9182, IoU: 0.8567
[2026-09-15 15:42:39,285] Epoch: 140, Dataset: val, Dice: 0.8753, IoU: 0.8089
[2026-09-15 15:42:47,698] Epoch: 141, Dataset: test, Dice: 0.9216, IoU: 0.8618
[2026-09-15 15:42:48,198] Epoch: 141, Dataset: val, Dice: 0.8826, IoU: 0.8111
[2026-09-15 15:42:57,011] Epoch: 142, Dataset: test, Dice: 0.9227, IoU: 0.8604
[2026-09-15 15:42:57,580] Epoch: 142, Dataset: val, Dice: 0.8800, IoU: 0.8142
[2026-09-15 15:43:05,957] Epoch: 143, Dataset: test, Dice: 0.9252, IoU: 0.8640
[2026-09-15 15:43:06,518] Epoch: 143, Dataset: val, Dice: 0.8822, IoU: 0.8122
[2026-09-15 15:43:14,577] Epoch: 144, Dataset: test, Dice: 0.9186, IoU: 0.8545
[2026-09-15 15:43:15,027] Epoch: 144, Dataset: val, Dice: 0.8671, IoU: 0.7976
[2026-09-15 15:43:23,708] Epoch: 145, Dataset: test, Dice: 0.9230, IoU: 0.8616
[2026-09-15 15:43:24,218] Epoch: 145, Dataset: val, Dice: 0.8774, IoU: 0.8133
[2026-09-15 15:43:32,194] Epoch: 146, Dataset: test, Dice: 0.9196, IoU: 0.8571
[2026-09-15 15:43:32,681] Epoch: 146, Dataset: val, Dice: 0.8763, IoU: 0.8118
[2026-09-15 15:43:40,883] Epoch: 147, Dataset: test, Dice: 0.9226, IoU: 0.8607
[2026-09-15 15:43:41,324] Epoch: 147, Dataset: val, Dice: 0.8727, IoU: 0.8064
[2026-09-15 15:43:49,097] Epoch: 148, Dataset: test, Dice: 0.9265, IoU: 0.8674
[2026-09-15 15:43:49,459] Epoch: 148, Dataset: val, Dice: 0.8803, IoU: 0.8176
[2026-09-15 15:43:57,359] Epoch: 149, Dataset: test, Dice: 0.9155, IoU: 0.8520
[2026-09-15 15:43:57,823] Epoch: 149, Dataset: val, Dice: 0.8723, IoU: 0.8066
[2026-09-15 15:44:06,358] Epoch: 150, Dataset: test, Dice: 0.9184, IoU: 0.8569
[2026-09-15 15:44:06,843] Epoch: 150, Dataset: val, Dice: 0.8762, IoU: 0.8118
[2026-09-15 15:44:15,040] Epoch: 151, Dataset: test, Dice: 0.9239, IoU: 0.8627
[2026-09-15 15:44:15,520] Epoch: 151, Dataset: val, Dice: 0.8790, IoU: 0.8139
[2026-09-15 15:44:23,745] Epoch: 152, Dataset: test, Dice: 0.9239, IoU: 0.8627
[2026-09-15 15:44:24,177] Epoch: 152, Dataset: val, Dice: 0.8811, IoU: 0.8165
[2026-09-15 15:44:32,893] Epoch: 153, Dataset: test, Dice: 0.9193, IoU: 0.8558
[2026-09-15 15:44:33,362] Epoch: 153, Dataset: val, Dice: 0.8770, IoU: 0.8107
[2026-09-15 15:44:41,585] Epoch: 154, Dataset: test, Dice: 0.9243, IoU: 0.8640
[2026-09-15 15:44:42,007] Epoch: 154, Dataset: val, Dice: 0.8810, IoU: 0.8127
[2026-09-15 15:44:50,096] Epoch: 155, Dataset: test, Dice: 0.9234, IoU: 0.8627
[2026-09-15 15:44:50,609] Epoch: 155, Dataset: val, Dice: 0.8766, IoU: 0.8106
[2026-09-15 15:44:58,711] Epoch: 156, Dataset: test, Dice: 0.9228, IoU: 0.8608
[2026-09-15 15:44:59,193] Epoch: 156, Dataset: val, Dice: 0.8832, IoU: 0.8182
[2026-09-15 15:45:08,104] Epoch: 157, Dataset: test, Dice: 0.9262, IoU: 0.8666
[2026-09-15 15:45:08,565] Epoch: 157, Dataset: val, Dice: 0.8803, IoU: 0.8155
[2026-09-15 15:45:17,154] Epoch: 158, Dataset: test, Dice: 0.9203, IoU: 0.8576
[2026-09-15 15:45:17,669] Epoch: 158, Dataset: val, Dice: 0.8723, IoU: 0.8066
[2026-09-15 15:45:26,208] Epoch: 159, Dataset: test, Dice: 0.9280, IoU: 0.8689
[2026-09-15 15:45:26,688] Epoch: 159, Dataset: val, Dice: 0.8785, IoU: 0.8145
[2026-09-15 15:45:35,240] Epoch: 160, Dataset: test, Dice: 0.9247, IoU: 0.8642
[2026-09-15 15:45:35,772] Epoch: 160, Dataset: val, Dice: 0.8790, IoU: 0.8139
[2026-09-15 15:45:44,192] Epoch: 161, Dataset: test, Dice: 0.9262, IoU: 0.8663
[2026-09-15 15:45:44,661] Epoch: 161, Dataset: val, Dice: 0.8774, IoU: 0.8126
[2026-09-15 15:45:53,319] Epoch: 162, Dataset: test, Dice: 0.9219, IoU: 0.8590
[2026-09-15 15:45:53,806] Epoch: 162, Dataset: val, Dice: 0.8810, IoU: 0.8109
[2026-09-15 15:46:02,469] Epoch: 163, Dataset: test, Dice: 0.9247, IoU: 0.8638
[2026-09-15 15:46:02,932] Epoch: 163, Dataset: val, Dice: 0.8836, IoU: 0.8195
[2026-09-15 15:46:11,658] Epoch: 164, Dataset: test, Dice: 0.9204, IoU: 0.8578
[2026-09-15 15:46:12,143] Epoch: 164, Dataset: val, Dice: 0.8777, IoU: 0.8128
[2026-09-15 15:46:20,689] Epoch: 165, Dataset: test, Dice: 0.9239, IoU: 0.8628
[2026-09-15 15:46:21,161] Epoch: 165, Dataset: val, Dice: 0.8744, IoU: 0.8080
[2026-09-15 15:46:29,907] Epoch: 166, Dataset: test, Dice: 0.9250, IoU: 0.8640
[2026-09-15 15:46:30,417] Epoch: 166, Dataset: val, Dice: 0.8814, IoU: 0.8165
[2026-09-15 15:46:38,894] Epoch: 167, Dataset: test, Dice: 0.9220, IoU: 0.8590
[2026-09-15 15:46:39,431] Epoch: 167, Dataset: val, Dice: 0.8733, IoU: 0.8060
[2026-09-15 15:46:48,108] Epoch: 168, Dataset: test, Dice: 0.9263, IoU: 0.8664
[2026-09-15 15:46:48,548] Epoch: 168, Dataset: val, Dice: 0.8851, IoU: 0.8184
[2026-09-15 15:46:56,429] Epoch: 169, Dataset: test, Dice: 0.9222, IoU: 0.8607
[2026-09-15 15:46:56,873] Epoch: 169, Dataset: val, Dice: 0.8795, IoU: 0.8162
[2026-09-15 15:47:05,603] Epoch: 170, Dataset: test, Dice: 0.9244, IoU: 0.8636
[2026-09-15 15:47:06,112] Epoch: 170, Dataset: val, Dice: 0.8806, IoU: 0.8149
[2026-09-15 15:47:14,816] Epoch: 171, Dataset: test, Dice: 0.9268, IoU: 0.8673
[2026-09-15 15:47:15,305] Epoch: 171, Dataset: val, Dice: 0.8769, IoU: 0.8126
[2026-09-15 15:47:23,089] Epoch: 172, Dataset: test, Dice: 0.9260, IoU: 0.8659
[2026-09-15 15:47:23,575] Epoch: 172, Dataset: val, Dice: 0.8827, IoU: 0.8176
[2026-09-15 15:47:32,140] Epoch: 173, Dataset: test, Dice: 0.9270, IoU: 0.8679
[2026-09-15 15:47:32,623] Epoch: 173, Dataset: val, Dice: 0.8832, IoU: 0.8183
[2026-09-15 15:47:41,294] Epoch: 174, Dataset: test, Dice: 0.9228, IoU: 0.8615
[2026-09-15 15:47:41,824] Epoch: 174, Dataset: val, Dice: 0.8723, IoU: 0.8055
[2026-09-15 15:47:50,601] Epoch: 175, Dataset: test, Dice: 0.9230, IoU: 0.8615
[2026-09-15 15:47:51,069] Epoch: 175, Dataset: val, Dice: 0.8685, IoU: 0.8003
[2026-09-15 15:47:59,895] Epoch: 176, Dataset: test, Dice: 0.9266, IoU: 0.8671
[2026-09-15 15:48:00,475] Epoch: 176, Dataset: val, Dice: 0.8840, IoU: 0.8180
[2026-09-15 15:48:09,156] Epoch: 177, Dataset: test, Dice: 0.9256, IoU: 0.8655
[2026-09-15 15:48:09,572] Epoch: 177, Dataset: val, Dice: 0.8880, IoU: 0.8206
[2026-09-15 15:48:09,572] ### Best Model Saved (Dice improved from 0.8871 to 0.8880) ###
[2026-09-15 15:48:18,045] Epoch: 178, Dataset: test, Dice: 0.9317, IoU: 0.8747
[2026-09-15 15:48:18,561] Epoch: 178, Dataset: val, Dice: 0.8837, IoU: 0.8208
[2026-09-15 15:48:27,274] Epoch: 179, Dataset: test, Dice: 0.9267, IoU: 0.8673
[2026-09-15 15:48:27,739] Epoch: 179, Dataset: val, Dice: 0.8764, IoU: 0.8111
[2026-09-15 15:48:36,202] Epoch: 180, Dataset: test, Dice: 0.9242, IoU: 0.8633
[2026-09-15 15:48:36,691] Epoch: 180, Dataset: val, Dice: 0.8831, IoU: 0.8158
[2026-09-15 15:48:45,160] Epoch: 181, Dataset: test, Dice: 0.9249, IoU: 0.8644
[2026-09-15 15:48:45,670] Epoch: 181, Dataset: val, Dice: 0.8839, IoU: 0.8185
[2026-09-15 15:48:54,605] Epoch: 182, Dataset: test, Dice: 0.9244, IoU: 0.8633
[2026-09-15 15:48:55,060] Epoch: 182, Dataset: val, Dice: 0.8823, IoU: 0.8150
[2026-09-15 15:49:03,027] Epoch: 183, Dataset: test, Dice: 0.9234, IoU: 0.8625
[2026-09-15 15:49:03,520] Epoch: 183, Dataset: val, Dice: 0.8883, IoU: 0.8198
[2026-09-15 15:49:03,520] ### Best Model Saved (Dice improved from 0.8880 to 0.8883) ###
[2026-09-15 15:49:12,184] Epoch: 184, Dataset: test, Dice: 0.9256, IoU: 0.8655
[2026-09-15 15:49:12,675] Epoch: 184, Dataset: val, Dice: 0.8918, IoU: 0.8235
[2026-09-15 15:49:12,675] ### Best Model Saved (Dice improved from 0.8883 to 0.8918) ###
[2026-09-15 15:49:21,418] Epoch: 185, Dataset: test, Dice: 0.9235, IoU: 0.8624
[2026-09-15 15:49:21,884] Epoch: 185, Dataset: val, Dice: 0.8872, IoU: 0.8192
[2026-09-15 15:49:30,573] Epoch: 186, Dataset: test, Dice: 0.9240, IoU: 0.8633
[2026-09-15 15:49:30,998] Epoch: 186, Dataset: val, Dice: 0.8864, IoU: 0.8212
[2026-09-15 15:49:39,461] Epoch: 187, Dataset: test, Dice: 0.9247, IoU: 0.8642
[2026-09-15 15:49:39,896] Epoch: 187, Dataset: val, Dice: 0.8830, IoU: 0.8185
[2026-09-15 15:49:48,516] Epoch: 188, Dataset: test, Dice: 0.9192, IoU: 0.8562
[2026-09-15 15:49:49,073] Epoch: 188, Dataset: val, Dice: 0.8747, IoU: 0.8089
[2026-09-15 15:49:57,759] Epoch: 189, Dataset: test, Dice: 0.9224, IoU: 0.8609
[2026-09-15 15:49:58,218] Epoch: 189, Dataset: val, Dice: 0.8808, IoU: 0.8151
[2026-09-15 15:50:06,921] Epoch: 190, Dataset: test, Dice: 0.9221, IoU: 0.8607
[2026-09-15 15:50:07,452] Epoch: 190, Dataset: val, Dice: 0.8780, IoU: 0.8119
[2026-09-15 15:50:15,898] Epoch: 191, Dataset: test, Dice: 0.9263, IoU: 0.8670
[2026-09-15 15:50:16,365] Epoch: 191, Dataset: val, Dice: 0.8904, IoU: 0.8243
[2026-09-15 15:50:24,506] Epoch: 192, Dataset: test, Dice: 0.9269, IoU: 0.8675
[2026-09-15 15:50:25,011] Epoch: 192, Dataset: val, Dice: 0.8828, IoU: 0.8179
[2026-09-15 15:50:32,955] Epoch: 193, Dataset: test, Dice: 0.9213, IoU: 0.8598
[2026-09-15 15:50:33,551] Epoch: 193, Dataset: val, Dice: 0.8717, IoU: 0.8053
[2026-09-15 15:50:41,332] Epoch: 194, Dataset: test, Dice: 0.9252, IoU: 0.8649
[2026-09-15 15:50:41,780] Epoch: 194, Dataset: val, Dice: 0.8785, IoU: 0.8130
[2026-09-15 15:50:50,347] Epoch: 195, Dataset: test, Dice: 0.9266, IoU: 0.8673
[2026-09-15 15:50:50,834] Epoch: 195, Dataset: val, Dice: 0.8774, IoU: 0.8117
[2026-09-15 15:50:59,773] Epoch: 196, Dataset: test, Dice: 0.9299, IoU: 0.8721
[2026-09-15 15:51:00,292] Epoch: 196, Dataset: val, Dice: 0.8819, IoU: 0.8179
[2026-09-15 15:51:09,008] Epoch: 197, Dataset: test, Dice: 0.9264, IoU: 0.8669
[2026-09-15 15:51:09,499] Epoch: 197, Dataset: val, Dice: 0.8816, IoU: 0.8172
[2026-09-15 15:51:18,026] Epoch: 198, Dataset: test, Dice: 0.9215, IoU: 0.8598
[2026-09-15 15:51:18,491] Epoch: 198, Dataset: val, Dice: 0.8782, IoU: 0.8118
[2026-09-15 15:51:27,144] Epoch: 199, Dataset: test, Dice: 0.9260, IoU: 0.8662
[2026-09-15 15:51:27,642] Epoch: 199, Dataset: val, Dice: 0.8789, IoU: 0.8152
[2026-09-15 15:51:36,458] Epoch: 200, Dataset: test, Dice: 0.9242, IoU: 0.8636
[2026-09-15 15:51:37,011] Epoch: 200, Dataset: val, Dice: 0.8800, IoU: 0.8155
[2026-09-15 15:51:37,012] 
========================================
FINAL RESULTS: ColonDB_MK_UNet_bs8_lr0.0005_e200_augTrue_run3_t152132
Best Val Dice: 0.8918
Test Dice at Best Val: 0.9256
Total Train Time: 1601.19s
========================================
