[2026-09-15 05:34:37,035] flops: 0.619251354, params: 0.315566, Total params: : 0.3156
[2026-09-15 05:34:49,532] Epoch: 1, Dataset: test, Dice: 0.3963, IoU: 0.2836
[2026-09-15 05:34:50,048] Epoch: 1, Dataset: val, Dice: 0.4435, IoU: 0.3266
[2026-09-15 05:34:50,048] ### Best Model Saved (Dice improved from 0.0000 to 0.4435) ###
[2026-09-15 05:35:02,298] Epoch: 2, Dataset: test, Dice: 0.2644, IoU: 0.1781
[2026-09-15 05:35:02,761] Epoch: 2, Dataset: val, Dice: 0.3226, IoU: 0.2205
[2026-09-15 05:35:14,584] Epoch: 3, Dataset: test, Dice: 0.5385, IoU: 0.4074
[2026-09-15 05:35:15,251] Epoch: 3, Dataset: val, Dice: 0.5062, IoU: 0.3836
[2026-09-15 05:35:15,251] ### Best Model Saved (Dice improved from 0.4435 to 0.5062) ###
[2026-09-15 05:35:27,264] Epoch: 4, Dataset: test, Dice: 0.4303, IoU: 0.3207
[2026-09-15 05:35:27,662] Epoch: 4, Dataset: val, Dice: 0.5100, IoU: 0.3926
[2026-09-15 05:35:27,662] ### Best Model Saved (Dice improved from 0.5062 to 0.5100) ###
[2026-09-15 05:35:37,489] Epoch: 5, Dataset: test, Dice: 0.5593, IoU: 0.4188
[2026-09-15 05:35:37,937] Epoch: 5, Dataset: val, Dice: 0.5379, IoU: 0.4158
[2026-09-15 05:35:37,937] ### Best Model Saved (Dice improved from 0.5100 to 0.5379) ###
[2026-09-15 05:35:49,083] Epoch: 6, Dataset: test, Dice: 0.5083, IoU: 0.3822
[2026-09-15 05:35:49,577] Epoch: 6, Dataset: val, Dice: 0.5908, IoU: 0.4674
[2026-09-15 05:35:49,578] ### Best Model Saved (Dice improved from 0.5379 to 0.5908) ###
[2026-09-15 05:36:00,773] Epoch: 7, Dataset: test, Dice: 0.6432, IoU: 0.5226
[2026-09-15 05:36:01,359] Epoch: 7, Dataset: val, Dice: 0.6361, IoU: 0.5055
[2026-09-15 05:36:01,360] ### Best Model Saved (Dice improved from 0.5908 to 0.6361) ###
[2026-09-15 05:36:12,998] Epoch: 8, Dataset: test, Dice: 0.7459, IoU: 0.6358
[2026-09-15 05:36:13,457] Epoch: 8, Dataset: val, Dice: 0.7021, IoU: 0.5937
[2026-09-15 05:36:13,457] ### Best Model Saved (Dice improved from 0.6361 to 0.7021) ###
[2026-09-15 05:36:25,050] Epoch: 9, Dataset: test, Dice: 0.5744, IoU: 0.4476
[2026-09-15 05:36:25,624] Epoch: 9, Dataset: val, Dice: 0.5746, IoU: 0.4333
[2026-09-15 05:36:37,250] Epoch: 10, Dataset: test, Dice: 0.7642, IoU: 0.6703
[2026-09-15 05:36:37,860] Epoch: 10, Dataset: val, Dice: 0.7006, IoU: 0.5936
[2026-09-15 05:36:49,682] Epoch: 11, Dataset: test, Dice: 0.7509, IoU: 0.6315
[2026-09-15 05:36:50,326] Epoch: 11, Dataset: val, Dice: 0.7025, IoU: 0.5846
[2026-09-15 05:36:50,327] ### Best Model Saved (Dice improved from 0.7021 to 0.7025) ###
[2026-09-15 05:37:02,067] Epoch: 12, Dataset: test, Dice: 0.7718, IoU: 0.6732
[2026-09-15 05:37:02,736] Epoch: 12, Dataset: val, Dice: 0.7645, IoU: 0.6560
[2026-09-15 05:37:02,736] ### Best Model Saved (Dice improved from 0.7025 to 0.7645) ###
[2026-09-15 05:37:14,562] Epoch: 13, Dataset: test, Dice: 0.7393, IoU: 0.6218
[2026-09-15 05:37:15,061] Epoch: 13, Dataset: val, Dice: 0.6758, IoU: 0.5528
[2026-09-15 05:37:26,456] Epoch: 14, Dataset: test, Dice: 0.7906, IoU: 0.6946
[2026-09-15 05:37:27,078] Epoch: 14, Dataset: val, Dice: 0.7504, IoU: 0.6447
[2026-09-15 05:37:38,742] Epoch: 15, Dataset: test, Dice: 0.8374, IoU: 0.7452
[2026-09-15 05:37:39,211] Epoch: 15, Dataset: val, Dice: 0.7684, IoU: 0.6687
[2026-09-15 05:37:39,211] ### Best Model Saved (Dice improved from 0.7645 to 0.7684) ###
[2026-09-15 05:37:50,561] Epoch: 16, Dataset: test, Dice: 0.8026, IoU: 0.7029
[2026-09-15 05:37:51,070] Epoch: 16, Dataset: val, Dice: 0.7447, IoU: 0.6324
[2026-09-15 05:38:02,223] Epoch: 17, Dataset: test, Dice: 0.8312, IoU: 0.7374
[2026-09-15 05:38:02,689] Epoch: 17, Dataset: val, Dice: 0.7929, IoU: 0.6877
[2026-09-15 05:38:02,689] ### Best Model Saved (Dice improved from 0.7684 to 0.7929) ###
[2026-09-15 05:38:13,757] Epoch: 18, Dataset: test, Dice: 0.8011, IoU: 0.7057
[2026-09-15 05:38:14,202] Epoch: 18, Dataset: val, Dice: 0.7272, IoU: 0.6181
[2026-09-15 05:38:24,284] Epoch: 19, Dataset: test, Dice: 0.7827, IoU: 0.6743
[2026-09-15 05:38:24,767] Epoch: 19, Dataset: val, Dice: 0.7298, IoU: 0.6173
[2026-09-15 05:38:36,545] Epoch: 20, Dataset: test, Dice: 0.8374, IoU: 0.7474
[2026-09-15 05:38:37,043] Epoch: 20, Dataset: val, Dice: 0.7793, IoU: 0.6751
[2026-09-15 05:38:48,685] Epoch: 21, Dataset: test, Dice: 0.8397, IoU: 0.7506
[2026-09-15 05:38:49,143] Epoch: 21, Dataset: val, Dice: 0.7852, IoU: 0.6860
[2026-09-15 05:38:59,744] Epoch: 22, Dataset: test, Dice: 0.8757, IoU: 0.8009
[2026-09-15 05:39:00,222] Epoch: 22, Dataset: val, Dice: 0.8305, IoU: 0.7415
[2026-09-15 05:39:00,222] ### Best Model Saved (Dice improved from 0.7929 to 0.8305) ###
[2026-09-15 05:39:10,941] Epoch: 23, Dataset: test, Dice: 0.8447, IoU: 0.7580
[2026-09-15 05:39:11,395] Epoch: 23, Dataset: val, Dice: 0.7917, IoU: 0.6998
[2026-09-15 05:39:22,778] Epoch: 24, Dataset: test, Dice: 0.8354, IoU: 0.7576
[2026-09-15 05:39:23,193] Epoch: 24, Dataset: val, Dice: 0.7728, IoU: 0.6741
[2026-09-15 05:39:35,011] Epoch: 25, Dataset: test, Dice: 0.8620, IoU: 0.7809
[2026-09-15 05:39:35,582] Epoch: 25, Dataset: val, Dice: 0.8243, IoU: 0.7277
[2026-09-15 05:39:47,179] Epoch: 26, Dataset: test, Dice: 0.7845, IoU: 0.6850
[2026-09-15 05:39:47,771] Epoch: 26, Dataset: val, Dice: 0.7465, IoU: 0.6315
[2026-09-15 05:39:59,497] Epoch: 27, Dataset: test, Dice: 0.8768, IoU: 0.8018
[2026-09-15 05:40:00,055] Epoch: 27, Dataset: val, Dice: 0.8023, IoU: 0.7095
[2026-09-15 05:40:11,581] Epoch: 28, Dataset: test, Dice: 0.7192, IoU: 0.6031
[2026-09-15 05:40:12,180] Epoch: 28, Dataset: val, Dice: 0.6934, IoU: 0.5673
[2026-09-15 05:40:21,606] Epoch: 29, Dataset: test, Dice: 0.8314, IoU: 0.7382
[2026-09-15 05:40:22,018] Epoch: 29, Dataset: val, Dice: 0.7602, IoU: 0.6545
[2026-09-15 05:40:32,761] Epoch: 30, Dataset: test, Dice: 0.8792, IoU: 0.8027
[2026-09-15 05:40:33,232] Epoch: 30, Dataset: val, Dice: 0.8325, IoU: 0.7427
[2026-09-15 05:40:33,232] ### Best Model Saved (Dice improved from 0.8305 to 0.8325) ###
[2026-09-15 05:40:44,189] Epoch: 31, Dataset: test, Dice: 0.8725, IoU: 0.7947
[2026-09-15 05:40:44,678] Epoch: 31, Dataset: val, Dice: 0.8263, IoU: 0.7336
[2026-09-15 05:40:55,519] Epoch: 32, Dataset: test, Dice: 0.8802, IoU: 0.8042
[2026-09-15 05:40:56,002] Epoch: 32, Dataset: val, Dice: 0.8281, IoU: 0.7381
[2026-09-15 05:41:07,258] Epoch: 33, Dataset: test, Dice: 0.8282, IoU: 0.7375
[2026-09-15 05:41:07,726] Epoch: 33, Dataset: val, Dice: 0.7455, IoU: 0.6427
[2026-09-15 05:41:18,599] Epoch: 34, Dataset: test, Dice: 0.8469, IoU: 0.7655
[2026-09-15 05:41:19,085] Epoch: 34, Dataset: val, Dice: 0.8150, IoU: 0.7167
[2026-09-15 05:41:30,813] Epoch: 35, Dataset: test, Dice: 0.8520, IoU: 0.7756
[2026-09-15 05:41:31,232] Epoch: 35, Dataset: val, Dice: 0.8085, IoU: 0.7116
[2026-09-15 05:41:42,854] Epoch: 36, Dataset: test, Dice: 0.8256, IoU: 0.7457
[2026-09-15 05:41:43,283] Epoch: 36, Dataset: val, Dice: 0.7727, IoU: 0.6643
[2026-09-15 05:41:55,099] Epoch: 37, Dataset: test, Dice: 0.8795, IoU: 0.8050
[2026-09-15 05:41:55,646] Epoch: 37, Dataset: val, Dice: 0.8325, IoU: 0.7401
[2026-09-15 05:42:07,219] Epoch: 38, Dataset: test, Dice: 0.8649, IoU: 0.7904
[2026-09-15 05:42:07,728] Epoch: 38, Dataset: val, Dice: 0.8339, IoU: 0.7402
[2026-09-15 05:42:07,728] ### Best Model Saved (Dice improved from 0.8325 to 0.8339) ###
[2026-09-15 05:42:18,960] Epoch: 39, Dataset: test, Dice: 0.9016, IoU: 0.8333
[2026-09-15 05:42:19,534] Epoch: 39, Dataset: val, Dice: 0.8565, IoU: 0.7729
[2026-09-15 05:42:19,534] ### Best Model Saved (Dice improved from 0.8339 to 0.8565) ###
[2026-09-15 05:42:30,670] Epoch: 40, Dataset: test, Dice: 0.8955, IoU: 0.8281
[2026-09-15 05:42:31,174] Epoch: 40, Dataset: val, Dice: 0.8520, IoU: 0.7685
[2026-09-15 05:42:42,521] Epoch: 41, Dataset: test, Dice: 0.8635, IoU: 0.7802
[2026-09-15 05:42:42,978] Epoch: 41, Dataset: val, Dice: 0.8256, IoU: 0.7350
[2026-09-15 05:42:54,591] Epoch: 42, Dataset: test, Dice: 0.8901, IoU: 0.8276
[2026-09-15 05:42:55,206] Epoch: 42, Dataset: val, Dice: 0.8521, IoU: 0.7722
[2026-09-15 05:43:06,850] Epoch: 43, Dataset: test, Dice: 0.9052, IoU: 0.8434
[2026-09-15 05:43:07,298] Epoch: 43, Dataset: val, Dice: 0.8454, IoU: 0.7673
[2026-09-15 05:43:18,635] Epoch: 44, Dataset: test, Dice: 0.9071, IoU: 0.8397
[2026-09-15 05:43:19,131] Epoch: 44, Dataset: val, Dice: 0.8345, IoU: 0.7465
[2026-09-15 05:43:30,776] Epoch: 45, Dataset: test, Dice: 0.8984, IoU: 0.8287
[2026-09-15 05:43:31,453] Epoch: 45, Dataset: val, Dice: 0.8518, IoU: 0.7707
[2026-09-15 05:43:43,151] Epoch: 46, Dataset: test, Dice: 0.8932, IoU: 0.8212
[2026-09-15 05:43:43,645] Epoch: 46, Dataset: val, Dice: 0.8524, IoU: 0.7731
[2026-09-15 05:43:55,379] Epoch: 47, Dataset: test, Dice: 0.8998, IoU: 0.8302
[2026-09-15 05:43:55,877] Epoch: 47, Dataset: val, Dice: 0.8553, IoU: 0.7710
[2026-09-15 05:44:07,833] Epoch: 48, Dataset: test, Dice: 0.8779, IoU: 0.8055
[2026-09-15 05:44:08,365] Epoch: 48, Dataset: val, Dice: 0.8463, IoU: 0.7574
[2026-09-15 05:44:20,608] Epoch: 49, Dataset: test, Dice: 0.8688, IoU: 0.7891
[2026-09-15 05:44:21,126] Epoch: 49, Dataset: val, Dice: 0.8049, IoU: 0.7128
[2026-09-15 05:44:31,761] Epoch: 50, Dataset: test, Dice: 0.8947, IoU: 0.8281
[2026-09-15 05:44:32,282] Epoch: 50, Dataset: val, Dice: 0.8497, IoU: 0.7694
[2026-09-15 05:44:43,618] Epoch: 51, Dataset: test, Dice: 0.9235, IoU: 0.8656
[2026-09-15 05:44:44,124] Epoch: 51, Dataset: val, Dice: 0.8727, IoU: 0.7942
[2026-09-15 05:44:44,125] ### Best Model Saved (Dice improved from 0.8565 to 0.8727) ###
[2026-09-15 05:44:55,969] Epoch: 52, Dataset: test, Dice: 0.9111, IoU: 0.8493
[2026-09-15 05:44:56,499] Epoch: 52, Dataset: val, Dice: 0.8572, IoU: 0.7766
[2026-09-15 05:45:07,910] Epoch: 53, Dataset: test, Dice: 0.9159, IoU: 0.8548
[2026-09-15 05:45:08,375] Epoch: 53, Dataset: val, Dice: 0.8816, IoU: 0.8031
[2026-09-15 05:45:08,376] ### Best Model Saved (Dice improved from 0.8727 to 0.8816) ###
[2026-09-15 05:45:19,907] Epoch: 54, Dataset: test, Dice: 0.8921, IoU: 0.8223
[2026-09-15 05:45:20,507] Epoch: 54, Dataset: val, Dice: 0.8548, IoU: 0.7725
[2026-09-15 05:45:31,907] Epoch: 55, Dataset: test, Dice: 0.8973, IoU: 0.8318
[2026-09-15 05:45:32,403] Epoch: 55, Dataset: val, Dice: 0.8447, IoU: 0.7598
[2026-09-15 05:45:44,085] Epoch: 56, Dataset: test, Dice: 0.9018, IoU: 0.8400
[2026-09-15 05:45:44,560] Epoch: 56, Dataset: val, Dice: 0.8600, IoU: 0.7795
[2026-09-15 05:45:54,919] Epoch: 57, Dataset: test, Dice: 0.9209, IoU: 0.8599
[2026-09-15 05:45:55,371] Epoch: 57, Dataset: val, Dice: 0.8801, IoU: 0.8051
[2026-09-15 05:46:07,092] Epoch: 58, Dataset: test, Dice: 0.9298, IoU: 0.8733
[2026-09-15 05:46:07,738] Epoch: 58, Dataset: val, Dice: 0.8792, IoU: 0.8055
[2026-09-15 05:46:19,373] Epoch: 59, Dataset: test, Dice: 0.8871, IoU: 0.8199
[2026-09-15 05:46:19,878] Epoch: 59, Dataset: val, Dice: 0.8345, IoU: 0.7497
[2026-09-15 05:46:31,620] Epoch: 60, Dataset: test, Dice: 0.9225, IoU: 0.8645
[2026-09-15 05:46:32,094] Epoch: 60, Dataset: val, Dice: 0.8790, IoU: 0.8116
[2026-09-15 05:46:43,584] Epoch: 61, Dataset: test, Dice: 0.8934, IoU: 0.8296
[2026-09-15 05:46:44,061] Epoch: 61, Dataset: val, Dice: 0.8512, IoU: 0.7736
[2026-09-15 05:46:55,684] Epoch: 62, Dataset: test, Dice: 0.9225, IoU: 0.8646
[2026-09-15 05:46:56,174] Epoch: 62, Dataset: val, Dice: 0.8733, IoU: 0.8008
[2026-09-15 05:47:07,797] Epoch: 63, Dataset: test, Dice: 0.9033, IoU: 0.8389
[2026-09-15 05:47:08,323] Epoch: 63, Dataset: val, Dice: 0.8737, IoU: 0.7950
[2026-09-15 05:47:19,946] Epoch: 64, Dataset: test, Dice: 0.9018, IoU: 0.8367
[2026-09-15 05:47:20,464] Epoch: 64, Dataset: val, Dice: 0.8613, IoU: 0.7860
[2026-09-15 05:47:32,221] Epoch: 65, Dataset: test, Dice: 0.9066, IoU: 0.8439
[2026-09-15 05:47:32,844] Epoch: 65, Dataset: val, Dice: 0.8445, IoU: 0.7616
[2026-09-15 05:47:44,502] Epoch: 66, Dataset: test, Dice: 0.8992, IoU: 0.8368
[2026-09-15 05:47:45,114] Epoch: 66, Dataset: val, Dice: 0.8582, IoU: 0.7794
[2026-09-15 05:47:56,922] Epoch: 67, Dataset: test, Dice: 0.8972, IoU: 0.8329
[2026-09-15 05:47:57,424] Epoch: 67, Dataset: val, Dice: 0.8676, IoU: 0.7943
[2026-09-15 05:48:08,529] Epoch: 68, Dataset: test, Dice: 0.9194, IoU: 0.8585
[2026-09-15 05:48:09,112] Epoch: 68, Dataset: val, Dice: 0.8673, IoU: 0.7906
[2026-09-15 05:48:20,815] Epoch: 69, Dataset: test, Dice: 0.9102, IoU: 0.8483
[2026-09-15 05:48:21,417] Epoch: 69, Dataset: val, Dice: 0.8741, IoU: 0.7967
[2026-09-15 05:48:33,325] Epoch: 70, Dataset: test, Dice: 0.9290, IoU: 0.8721
[2026-09-15 05:48:33,792] Epoch: 70, Dataset: val, Dice: 0.8714, IoU: 0.7988
[2026-09-15 05:48:45,541] Epoch: 71, Dataset: test, Dice: 0.9228, IoU: 0.8641
[2026-09-15 05:48:46,039] Epoch: 71, Dataset: val, Dice: 0.8837, IoU: 0.8110
[2026-09-15 05:48:46,040] ### Best Model Saved (Dice improved from 0.8816 to 0.8837) ###
[2026-09-15 05:48:57,179] Epoch: 72, Dataset: test, Dice: 0.9227, IoU: 0.8660
[2026-09-15 05:48:57,802] Epoch: 72, Dataset: val, Dice: 0.8832, IoU: 0.8108
[2026-09-15 05:49:09,166] Epoch: 73, Dataset: test, Dice: 0.9298, IoU: 0.8757
[2026-09-15 05:49:09,732] Epoch: 73, Dataset: val, Dice: 0.8885, IoU: 0.8224
[2026-09-15 05:49:09,733] ### Best Model Saved (Dice improved from 0.8837 to 0.8885) ###
[2026-09-15 05:49:21,491] Epoch: 74, Dataset: test, Dice: 0.8998, IoU: 0.8357
[2026-09-15 05:49:21,885] Epoch: 74, Dataset: val, Dice: 0.8726, IoU: 0.8000
[2026-09-15 05:49:32,600] Epoch: 75, Dataset: test, Dice: 0.9299, IoU: 0.8738
[2026-09-15 05:49:33,260] Epoch: 75, Dataset: val, Dice: 0.8852, IoU: 0.8167
[2026-09-15 05:49:45,181] Epoch: 76, Dataset: test, Dice: 0.9239, IoU: 0.8665
[2026-09-15 05:49:45,655] Epoch: 76, Dataset: val, Dice: 0.8769, IoU: 0.8027
[2026-09-15 05:49:56,713] Epoch: 77, Dataset: test, Dice: 0.9216, IoU: 0.8629
[2026-09-15 05:49:57,223] Epoch: 77, Dataset: val, Dice: 0.8863, IoU: 0.8147
[2026-09-15 05:50:08,385] Epoch: 78, Dataset: test, Dice: 0.9170, IoU: 0.8539
[2026-09-15 05:50:08,806] Epoch: 78, Dataset: val, Dice: 0.8736, IoU: 0.7957
[2026-09-15 05:50:19,741] Epoch: 79, Dataset: test, Dice: 0.9166, IoU: 0.8594
[2026-09-15 05:50:20,173] Epoch: 79, Dataset: val, Dice: 0.8912, IoU: 0.8217
[2026-09-15 05:50:20,174] ### Best Model Saved (Dice improved from 0.8885 to 0.8912) ###
[2026-09-15 05:50:31,825] Epoch: 80, Dataset: test, Dice: 0.9294, IoU: 0.8757
[2026-09-15 05:50:32,285] Epoch: 80, Dataset: val, Dice: 0.8827, IoU: 0.8125
[2026-09-15 05:50:43,929] Epoch: 81, Dataset: test, Dice: 0.9268, IoU: 0.8719
[2026-09-15 05:50:44,567] Epoch: 81, Dataset: val, Dice: 0.8832, IoU: 0.8100
[2026-09-15 05:50:56,650] Epoch: 82, Dataset: test, Dice: 0.9351, IoU: 0.8816
[2026-09-15 05:50:57,177] Epoch: 82, Dataset: val, Dice: 0.8757, IoU: 0.8001
[2026-09-15 05:51:08,715] Epoch: 83, Dataset: test, Dice: 0.9336, IoU: 0.8790
[2026-09-15 05:51:09,207] Epoch: 83, Dataset: val, Dice: 0.8965, IoU: 0.8273
[2026-09-15 05:51:09,207] ### Best Model Saved (Dice improved from 0.8912 to 0.8965) ###
[2026-09-15 05:51:21,079] Epoch: 84, Dataset: test, Dice: 0.9021, IoU: 0.8381
[2026-09-15 05:51:21,527] Epoch: 84, Dataset: val, Dice: 0.8727, IoU: 0.7963
[2026-09-15 05:51:33,468] Epoch: 85, Dataset: test, Dice: 0.9227, IoU: 0.8648
[2026-09-15 05:51:33,934] Epoch: 85, Dataset: val, Dice: 0.8816, IoU: 0.8083
[2026-09-15 05:51:45,503] Epoch: 86, Dataset: test, Dice: 0.9327, IoU: 0.8780
[2026-09-15 05:51:45,982] Epoch: 86, Dataset: val, Dice: 0.8937, IoU: 0.8263
[2026-09-15 05:51:57,477] Epoch: 87, Dataset: test, Dice: 0.9272, IoU: 0.8696
[2026-09-15 05:51:57,929] Epoch: 87, Dataset: val, Dice: 0.8913, IoU: 0.8176
[2026-09-15 05:52:07,908] Epoch: 88, Dataset: test, Dice: 0.9237, IoU: 0.8667
[2026-09-15 05:52:08,388] Epoch: 88, Dataset: val, Dice: 0.8918, IoU: 0.8233
[2026-09-15 05:52:19,209] Epoch: 89, Dataset: test, Dice: 0.9313, IoU: 0.8787
[2026-09-15 05:52:19,686] Epoch: 89, Dataset: val, Dice: 0.8926, IoU: 0.8192
[2026-09-15 05:52:31,384] Epoch: 90, Dataset: test, Dice: 0.9101, IoU: 0.8445
[2026-09-15 05:52:32,050] Epoch: 90, Dataset: val, Dice: 0.8782, IoU: 0.8020
[2026-09-15 05:52:43,655] Epoch: 91, Dataset: test, Dice: 0.9253, IoU: 0.8678
[2026-09-15 05:52:44,151] Epoch: 91, Dataset: val, Dice: 0.8806, IoU: 0.8050
[2026-09-15 05:52:55,623] Epoch: 92, Dataset: test, Dice: 0.9297, IoU: 0.8729
[2026-09-15 05:52:56,108] Epoch: 92, Dataset: val, Dice: 0.8704, IoU: 0.8011
[2026-09-15 05:53:07,088] Epoch: 93, Dataset: test, Dice: 0.9304, IoU: 0.8748
[2026-09-15 05:53:07,498] Epoch: 93, Dataset: val, Dice: 0.8917, IoU: 0.8250
[2026-09-15 05:53:19,331] Epoch: 94, Dataset: test, Dice: 0.9386, IoU: 0.8874
[2026-09-15 05:53:19,746] Epoch: 94, Dataset: val, Dice: 0.8856, IoU: 0.8145
[2026-09-15 05:53:30,147] Epoch: 95, Dataset: test, Dice: 0.9302, IoU: 0.8750
[2026-09-15 05:53:30,613] Epoch: 95, Dataset: val, Dice: 0.8730, IoU: 0.8023
[2026-09-15 05:53:43,130] Epoch: 96, Dataset: test, Dice: 0.9271, IoU: 0.8697
[2026-09-15 05:53:43,806] Epoch: 96, Dataset: val, Dice: 0.8857, IoU: 0.8181
[2026-09-15 05:53:56,545] Epoch: 97, Dataset: test, Dice: 0.9346, IoU: 0.8811
[2026-09-15 05:53:57,113] Epoch: 97, Dataset: val, Dice: 0.8759, IoU: 0.8046
[2026-09-15 05:54:08,657] Epoch: 98, Dataset: test, Dice: 0.9237, IoU: 0.8677
[2026-09-15 05:54:09,234] Epoch: 98, Dataset: val, Dice: 0.8752, IoU: 0.8038
[2026-09-15 05:54:20,614] Epoch: 99, Dataset: test, Dice: 0.9320, IoU: 0.8795
[2026-09-15 05:54:21,192] Epoch: 99, Dataset: val, Dice: 0.8941, IoU: 0.8279
[2026-09-15 05:54:32,902] Epoch: 100, Dataset: test, Dice: 0.9301, IoU: 0.8753
[2026-09-15 05:54:33,531] Epoch: 100, Dataset: val, Dice: 0.9059, IoU: 0.8432
[2026-09-15 05:54:33,531] ### Best Model Saved (Dice improved from 0.8965 to 0.9059) ###
[2026-09-15 05:54:45,316] Epoch: 101, Dataset: test, Dice: 0.9271, IoU: 0.8724
[2026-09-15 05:54:45,857] Epoch: 101, Dataset: val, Dice: 0.8896, IoU: 0.8203
[2026-09-15 05:54:57,472] Epoch: 102, Dataset: test, Dice: 0.9282, IoU: 0.8738
[2026-09-15 05:54:57,971] Epoch: 102, Dataset: val, Dice: 0.8763, IoU: 0.8119
[2026-09-15 05:55:09,880] Epoch: 103, Dataset: test, Dice: 0.9308, IoU: 0.8766
[2026-09-15 05:55:10,338] Epoch: 103, Dataset: val, Dice: 0.8881, IoU: 0.8221
[2026-09-15 05:55:21,767] Epoch: 104, Dataset: test, Dice: 0.9396, IoU: 0.8889
[2026-09-15 05:55:22,285] Epoch: 104, Dataset: val, Dice: 0.8916, IoU: 0.8274
[2026-09-15 05:55:33,996] Epoch: 105, Dataset: test, Dice: 0.9376, IoU: 0.8871
[2026-09-15 05:55:34,513] Epoch: 105, Dataset: val, Dice: 0.9016, IoU: 0.8377
[2026-09-15 05:55:46,110] Epoch: 106, Dataset: test, Dice: 0.9165, IoU: 0.8536
[2026-09-15 05:55:46,565] Epoch: 106, Dataset: val, Dice: 0.8873, IoU: 0.8138
[2026-09-15 05:55:58,253] Epoch: 107, Dataset: test, Dice: 0.9240, IoU: 0.8649
[2026-09-15 05:55:58,726] Epoch: 107, Dataset: val, Dice: 0.8887, IoU: 0.8191
[2026-09-15 05:56:08,604] Epoch: 108, Dataset: test, Dice: 0.9301, IoU: 0.8763
[2026-09-15 05:56:09,096] Epoch: 108, Dataset: val, Dice: 0.9068, IoU: 0.8454
[2026-09-15 05:56:09,097] ### Best Model Saved (Dice improved from 0.9059 to 0.9068) ###
[2026-09-15 05:56:20,919] Epoch: 109, Dataset: test, Dice: 0.9296, IoU: 0.8747
[2026-09-15 05:56:21,443] Epoch: 109, Dataset: val, Dice: 0.8887, IoU: 0.8181
[2026-09-15 05:56:32,898] Epoch: 110, Dataset: test, Dice: 0.9355, IoU: 0.8843
[2026-09-15 05:56:33,307] Epoch: 110, Dataset: val, Dice: 0.8862, IoU: 0.8193
[2026-09-15 05:56:44,721] Epoch: 111, Dataset: test, Dice: 0.9321, IoU: 0.8797
[2026-09-15 05:56:45,136] Epoch: 111, Dataset: val, Dice: 0.9058, IoU: 0.8413
[2026-09-15 05:56:55,293] Epoch: 112, Dataset: test, Dice: 0.9310, IoU: 0.8761
[2026-09-15 05:56:55,777] Epoch: 112, Dataset: val, Dice: 0.8997, IoU: 0.8334
[2026-09-15 05:57:07,255] Epoch: 113, Dataset: test, Dice: 0.9328, IoU: 0.8783
[2026-09-15 05:57:07,956] Epoch: 113, Dataset: val, Dice: 0.8836, IoU: 0.8167
[2026-09-15 05:57:18,993] Epoch: 114, Dataset: test, Dice: 0.9206, IoU: 0.8627
[2026-09-15 05:57:19,548] Epoch: 114, Dataset: val, Dice: 0.8812, IoU: 0.8121
[2026-09-15 05:57:31,463] Epoch: 115, Dataset: test, Dice: 0.9345, IoU: 0.8826
[2026-09-15 05:57:32,085] Epoch: 115, Dataset: val, Dice: 0.8980, IoU: 0.8316
[2026-09-15 05:57:43,587] Epoch: 116, Dataset: test, Dice: 0.9263, IoU: 0.8708
[2026-09-15 05:57:44,267] Epoch: 116, Dataset: val, Dice: 0.9047, IoU: 0.8412
[2026-09-15 05:57:55,429] Epoch: 117, Dataset: test, Dice: 0.9343, IoU: 0.8810
[2026-09-15 05:57:55,906] Epoch: 117, Dataset: val, Dice: 0.8924, IoU: 0.8278
[2026-09-15 05:58:06,355] Epoch: 118, Dataset: test, Dice: 0.9396, IoU: 0.8891
[2026-09-15 05:58:06,790] Epoch: 118, Dataset: val, Dice: 0.8966, IoU: 0.8332
[2026-09-15 05:58:17,602] Epoch: 119, Dataset: test, Dice: 0.9286, IoU: 0.8738
[2026-09-15 05:58:18,063] Epoch: 119, Dataset: val, Dice: 0.8839, IoU: 0.8165
[2026-09-15 05:58:29,190] Epoch: 120, Dataset: test, Dice: 0.9337, IoU: 0.8801
[2026-09-15 05:58:29,731] Epoch: 120, Dataset: val, Dice: 0.8951, IoU: 0.8311
[2026-09-15 05:58:40,763] Epoch: 121, Dataset: test, Dice: 0.9318, IoU: 0.8779
[2026-09-15 05:58:41,324] Epoch: 121, Dataset: val, Dice: 0.9039, IoU: 0.8396
[2026-09-15 05:58:52,896] Epoch: 122, Dataset: test, Dice: 0.9307, IoU: 0.8757
[2026-09-15 05:58:53,433] Epoch: 122, Dataset: val, Dice: 0.8993, IoU: 0.8357
[2026-09-15 05:59:04,996] Epoch: 123, Dataset: test, Dice: 0.9314, IoU: 0.8770
[2026-09-15 05:59:05,543] Epoch: 123, Dataset: val, Dice: 0.8985, IoU: 0.8338
[2026-09-15 05:59:17,280] Epoch: 124, Dataset: test, Dice: 0.9358, IoU: 0.8834
[2026-09-15 05:59:17,823] Epoch: 124, Dataset: val, Dice: 0.9072, IoU: 0.8437
[2026-09-15 05:59:17,823] ### Best Model Saved (Dice improved from 0.9068 to 0.9072) ###
[2026-09-15 05:59:28,932] Epoch: 125, Dataset: test, Dice: 0.9386, IoU: 0.8875
[2026-09-15 05:59:29,396] Epoch: 125, Dataset: val, Dice: 0.8921, IoU: 0.8263
[2026-09-15 05:59:41,188] Epoch: 126, Dataset: test, Dice: 0.9179, IoU: 0.8600
[2026-09-15 05:59:41,836] Epoch: 126, Dataset: val, Dice: 0.8904, IoU: 0.8220
[2026-09-15 05:59:53,517] Epoch: 127, Dataset: test, Dice: 0.9328, IoU: 0.8802
[2026-09-15 05:59:54,049] Epoch: 127, Dataset: val, Dice: 0.8907, IoU: 0.8245
[2026-09-15 06:00:04,044] Epoch: 128, Dataset: test, Dice: 0.9322, IoU: 0.8796
[2026-09-15 06:00:04,499] Epoch: 128, Dataset: val, Dice: 0.9057, IoU: 0.8410
[2026-09-15 06:00:15,250] Epoch: 129, Dataset: test, Dice: 0.9333, IoU: 0.8807
[2026-09-15 06:00:15,877] Epoch: 129, Dataset: val, Dice: 0.8999, IoU: 0.8389
[2026-09-15 06:00:27,451] Epoch: 130, Dataset: test, Dice: 0.9311, IoU: 0.8789
[2026-09-15 06:00:27,867] Epoch: 130, Dataset: val, Dice: 0.8918, IoU: 0.8250
[2026-09-15 06:00:39,437] Epoch: 131, Dataset: test, Dice: 0.9331, IoU: 0.8812
[2026-09-15 06:00:39,892] Epoch: 131, Dataset: val, Dice: 0.9092, IoU: 0.8470
[2026-09-15 06:00:39,892] ### Best Model Saved (Dice improved from 0.9072 to 0.9092) ###
[2026-09-15 06:00:51,678] Epoch: 132, Dataset: test, Dice: 0.9367, IoU: 0.8851
[2026-09-15 06:00:52,221] Epoch: 132, Dataset: val, Dice: 0.9009, IoU: 0.8384
[2026-09-15 06:01:03,932] Epoch: 133, Dataset: test, Dice: 0.9370, IoU: 0.8861
[2026-09-15 06:01:04,427] Epoch: 133, Dataset: val, Dice: 0.9004, IoU: 0.8362
[2026-09-15 06:01:16,269] Epoch: 134, Dataset: test, Dice: 0.9395, IoU: 0.8901
[2026-09-15 06:01:16,920] Epoch: 134, Dataset: val, Dice: 0.9079, IoU: 0.8470
[2026-09-15 06:01:27,202] Epoch: 135, Dataset: test, Dice: 0.9340, IoU: 0.8815
[2026-09-15 06:01:27,684] Epoch: 135, Dataset: val, Dice: 0.9058, IoU: 0.8441
[2026-09-15 06:01:39,274] Epoch: 136, Dataset: test, Dice: 0.9286, IoU: 0.8743
[2026-09-15 06:01:39,951] Epoch: 136, Dataset: val, Dice: 0.8989, IoU: 0.8365
[2026-09-15 06:01:51,622] Epoch: 137, Dataset: test, Dice: 0.9358, IoU: 0.8834
[2026-09-15 06:01:52,066] Epoch: 137, Dataset: val, Dice: 0.9050, IoU: 0.8464
[2026-09-15 06:02:03,648] Epoch: 138, Dataset: test, Dice: 0.9435, IoU: 0.8959
[2026-09-15 06:02:04,328] Epoch: 138, Dataset: val, Dice: 0.9043, IoU: 0.8453
[2026-09-15 06:02:16,060] Epoch: 139, Dataset: test, Dice: 0.9340, IoU: 0.8817
[2026-09-15 06:02:16,554] Epoch: 139, Dataset: val, Dice: 0.8910, IoU: 0.8266
[2026-09-15 06:02:27,670] Epoch: 140, Dataset: test, Dice: 0.9315, IoU: 0.8783
[2026-09-15 06:02:28,136] Epoch: 140, Dataset: val, Dice: 0.9016, IoU: 0.8397
[2026-09-15 06:02:39,755] Epoch: 141, Dataset: test, Dice: 0.9366, IoU: 0.8851
[2026-09-15 06:02:40,395] Epoch: 141, Dataset: val, Dice: 0.9016, IoU: 0.8393
[2026-09-15 06:02:52,107] Epoch: 142, Dataset: test, Dice: 0.9358, IoU: 0.8847
[2026-09-15 06:02:52,481] Epoch: 142, Dataset: val, Dice: 0.8998, IoU: 0.8379
[2026-09-15 06:03:03,978] Epoch: 143, Dataset: test, Dice: 0.9348, IoU: 0.8821
[2026-09-15 06:03:04,665] Epoch: 143, Dataset: val, Dice: 0.9055, IoU: 0.8435
[2026-09-15 06:03:16,430] Epoch: 144, Dataset: test, Dice: 0.9356, IoU: 0.8836
[2026-09-15 06:03:16,940] Epoch: 144, Dataset: val, Dice: 0.9145, IoU: 0.8553
[2026-09-15 06:03:16,940] ### Best Model Saved (Dice improved from 0.9092 to 0.9145) ###
[2026-09-15 06:03:28,397] Epoch: 145, Dataset: test, Dice: 0.9306, IoU: 0.8774
[2026-09-15 06:03:28,769] Epoch: 145, Dataset: val, Dice: 0.9070, IoU: 0.8433
[2026-09-15 06:03:40,461] Epoch: 146, Dataset: test, Dice: 0.9306, IoU: 0.8785
[2026-09-15 06:03:41,075] Epoch: 146, Dataset: val, Dice: 0.8963, IoU: 0.8342
[2026-09-15 06:03:52,721] Epoch: 147, Dataset: test, Dice: 0.9310, IoU: 0.8763
[2026-09-15 06:03:53,161] Epoch: 147, Dataset: val, Dice: 0.9092, IoU: 0.8474
[2026-09-15 06:04:04,531] Epoch: 148, Dataset: test, Dice: 0.9229, IoU: 0.8668
[2026-09-15 06:04:04,949] Epoch: 148, Dataset: val, Dice: 0.8892, IoU: 0.8251
[2026-09-15 06:04:16,289] Epoch: 149, Dataset: test, Dice: 0.9348, IoU: 0.8826
[2026-09-15 06:04:16,943] Epoch: 149, Dataset: val, Dice: 0.8944, IoU: 0.8295
[2026-09-15 06:04:28,874] Epoch: 150, Dataset: test, Dice: 0.9344, IoU: 0.8819
[2026-09-15 06:04:29,498] Epoch: 150, Dataset: val, Dice: 0.9079, IoU: 0.8474
[2026-09-15 06:04:41,465] Epoch: 151, Dataset: test, Dice: 0.9362, IoU: 0.8850
[2026-09-15 06:04:42,087] Epoch: 151, Dataset: val, Dice: 0.8980, IoU: 0.8336
[2026-09-15 06:04:53,674] Epoch: 152, Dataset: test, Dice: 0.9352, IoU: 0.8836
[2026-09-15 06:04:54,109] Epoch: 152, Dataset: val, Dice: 0.8919, IoU: 0.8271
[2026-09-15 06:05:05,799] Epoch: 153, Dataset: test, Dice: 0.9328, IoU: 0.8800
[2026-09-15 06:05:06,412] Epoch: 153, Dataset: val, Dice: 0.9039, IoU: 0.8416
[2026-09-15 06:05:18,285] Epoch: 154, Dataset: test, Dice: 0.9333, IoU: 0.8816
[2026-09-15 06:05:18,868] Epoch: 154, Dataset: val, Dice: 0.9080, IoU: 0.8488
[2026-09-15 06:05:30,667] Epoch: 155, Dataset: test, Dice: 0.9292, IoU: 0.8758
[2026-09-15 06:05:31,152] Epoch: 155, Dataset: val, Dice: 0.9010, IoU: 0.8405
[2026-09-15 06:05:41,286] Epoch: 156, Dataset: test, Dice: 0.9334, IoU: 0.8811
[2026-09-15 06:05:41,740] Epoch: 156, Dataset: val, Dice: 0.9002, IoU: 0.8384
[2026-09-15 06:05:53,444] Epoch: 157, Dataset: test, Dice: 0.9336, IoU: 0.8818
[2026-09-15 06:05:53,878] Epoch: 157, Dataset: val, Dice: 0.8957, IoU: 0.8350
[2026-09-15 06:06:05,336] Epoch: 158, Dataset: test, Dice: 0.9296, IoU: 0.8760
[2026-09-15 06:06:05,794] Epoch: 158, Dataset: val, Dice: 0.9014, IoU: 0.8408
[2026-09-15 06:06:17,455] Epoch: 159, Dataset: test, Dice: 0.9342, IoU: 0.8816
[2026-09-15 06:06:17,857] Epoch: 159, Dataset: val, Dice: 0.9039, IoU: 0.8402
[2026-09-15 06:06:29,323] Epoch: 160, Dataset: test, Dice: 0.9319, IoU: 0.8790
[2026-09-15 06:06:29,743] Epoch: 160, Dataset: val, Dice: 0.8951, IoU: 0.8307
[2026-09-15 06:06:40,312] Epoch: 161, Dataset: test, Dice: 0.9330, IoU: 0.8807
[2026-09-15 06:06:40,826] Epoch: 161, Dataset: val, Dice: 0.9048, IoU: 0.8464
[2026-09-15 06:06:52,623] Epoch: 162, Dataset: test, Dice: 0.9351, IoU: 0.8838
[2026-09-15 06:06:53,260] Epoch: 162, Dataset: val, Dice: 0.9040, IoU: 0.8437
[2026-09-15 06:07:05,002] Epoch: 163, Dataset: test, Dice: 0.9374, IoU: 0.8868
[2026-09-15 06:07:05,444] Epoch: 163, Dataset: val, Dice: 0.9029, IoU: 0.8446
[2026-09-15 06:07:16,920] Epoch: 164, Dataset: test, Dice: 0.9371, IoU: 0.8871
[2026-09-15 06:07:17,362] Epoch: 164, Dataset: val, Dice: 0.8973, IoU: 0.8389
[2026-09-15 06:07:28,766] Epoch: 165, Dataset: test, Dice: 0.9358, IoU: 0.8846
[2026-09-15 06:07:29,228] Epoch: 165, Dataset: val, Dice: 0.9030, IoU: 0.8439
[2026-09-15 06:07:40,882] Epoch: 166, Dataset: test, Dice: 0.9354, IoU: 0.8837
[2026-09-15 06:07:41,355] Epoch: 166, Dataset: val, Dice: 0.8872, IoU: 0.8239
[2026-09-15 06:07:53,065] Epoch: 167, Dataset: test, Dice: 0.9360, IoU: 0.8846
[2026-09-15 06:07:53,566] Epoch: 167, Dataset: val, Dice: 0.9034, IoU: 0.8438
[2026-09-15 06:08:05,455] Epoch: 168, Dataset: test, Dice: 0.9361, IoU: 0.8851
[2026-09-15 06:08:05,914] Epoch: 168, Dataset: val, Dice: 0.8945, IoU: 0.8322
[2026-09-15 06:08:17,514] Epoch: 169, Dataset: test, Dice: 0.9356, IoU: 0.8848
[2026-09-15 06:08:18,045] Epoch: 169, Dataset: val, Dice: 0.9050, IoU: 0.8455
[2026-09-15 06:08:29,772] Epoch: 170, Dataset: test, Dice: 0.9315, IoU: 0.8785
[2026-09-15 06:08:30,319] Epoch: 170, Dataset: val, Dice: 0.8948, IoU: 0.8320
[2026-09-15 06:08:42,169] Epoch: 171, Dataset: test, Dice: 0.9410, IoU: 0.8928
[2026-09-15 06:08:42,866] Epoch: 171, Dataset: val, Dice: 0.8982, IoU: 0.8378
[2026-09-15 06:08:54,626] Epoch: 172, Dataset: test, Dice: 0.9353, IoU: 0.8833
[2026-09-15 06:08:55,218] Epoch: 172, Dataset: val, Dice: 0.9006, IoU: 0.8409
[2026-09-15 06:09:06,996] Epoch: 173, Dataset: test, Dice: 0.9352, IoU: 0.8839
[2026-09-15 06:09:07,608] Epoch: 173, Dataset: val, Dice: 0.8925, IoU: 0.8324
[2026-09-15 06:09:19,448] Epoch: 174, Dataset: test, Dice: 0.9338, IoU: 0.8812
[2026-09-15 06:09:19,930] Epoch: 174, Dataset: val, Dice: 0.8934, IoU: 0.8315
[2026-09-15 06:09:29,921] Epoch: 175, Dataset: test, Dice: 0.9375, IoU: 0.8872
[2026-09-15 06:09:30,383] Epoch: 175, Dataset: val, Dice: 0.8913, IoU: 0.8304
[2026-09-15 06:09:41,756] Epoch: 176, Dataset: test, Dice: 0.9415, IoU: 0.8926
[2026-09-15 06:09:42,282] Epoch: 176, Dataset: val, Dice: 0.9018, IoU: 0.8411
[2026-09-15 06:09:53,839] Epoch: 177, Dataset: test, Dice: 0.9319, IoU: 0.8796
[2026-09-15 06:09:54,320] Epoch: 177, Dataset: val, Dice: 0.8947, IoU: 0.8320
[2026-09-15 06:10:05,906] Epoch: 178, Dataset: test, Dice: 0.9390, IoU: 0.8889
[2026-09-15 06:10:06,361] Epoch: 178, Dataset: val, Dice: 0.8979, IoU: 0.8379
[2026-09-15 06:10:17,793] Epoch: 179, Dataset: test, Dice: 0.9332, IoU: 0.8806
[2026-09-15 06:10:18,254] Epoch: 179, Dataset: val, Dice: 0.8979, IoU: 0.8363
[2026-09-15 06:10:29,616] Epoch: 180, Dataset: test, Dice: 0.9386, IoU: 0.8877
[2026-09-15 06:10:30,103] Epoch: 180, Dataset: val, Dice: 0.9024, IoU: 0.8418
[2026-09-15 06:10:41,295] Epoch: 181, Dataset: test, Dice: 0.9311, IoU: 0.8773
[2026-09-15 06:10:41,777] Epoch: 181, Dataset: val, Dice: 0.8967, IoU: 0.8354
[2026-09-15 06:10:53,218] Epoch: 182, Dataset: test, Dice: 0.9309, IoU: 0.8780
[2026-09-15 06:10:53,836] Epoch: 182, Dataset: val, Dice: 0.8981, IoU: 0.8365
[2026-09-15 06:11:05,664] Epoch: 183, Dataset: test, Dice: 0.9351, IoU: 0.8837
[2026-09-15 06:11:06,240] Epoch: 183, Dataset: val, Dice: 0.8941, IoU: 0.8346
[2026-09-15 06:11:18,373] Epoch: 184, Dataset: test, Dice: 0.9346, IoU: 0.8830
[2026-09-15 06:11:18,974] Epoch: 184, Dataset: val, Dice: 0.8996, IoU: 0.8385
[2026-09-15 06:11:30,422] Epoch: 185, Dataset: test, Dice: 0.9360, IoU: 0.8846
[2026-09-15 06:11:30,899] Epoch: 185, Dataset: val, Dice: 0.9063, IoU: 0.8462
[2026-09-15 06:11:40,727] Epoch: 186, Dataset: test, Dice: 0.9379, IoU: 0.8871
[2026-09-15 06:11:41,240] Epoch: 186, Dataset: val, Dice: 0.9033, IoU: 0.8425
[2026-09-15 06:11:53,058] Epoch: 187, Dataset: test, Dice: 0.9348, IoU: 0.8829
[2026-09-15 06:11:53,635] Epoch: 187, Dataset: val, Dice: 0.8972, IoU: 0.8382
[2026-09-15 06:12:05,185] Epoch: 188, Dataset: test, Dice: 0.9334, IoU: 0.8808
[2026-09-15 06:12:05,696] Epoch: 188, Dataset: val, Dice: 0.8988, IoU: 0.8378
[2026-09-15 06:12:17,305] Epoch: 189, Dataset: test, Dice: 0.9393, IoU: 0.8898
[2026-09-15 06:12:17,718] Epoch: 189, Dataset: val, Dice: 0.8994, IoU: 0.8402
[2026-09-15 06:12:28,714] Epoch: 190, Dataset: test, Dice: 0.9353, IoU: 0.8840
[2026-09-15 06:12:29,221] Epoch: 190, Dataset: val, Dice: 0.9031, IoU: 0.8431
[2026-09-15 06:12:40,947] Epoch: 191, Dataset: test, Dice: 0.9382, IoU: 0.8875
[2026-09-15 06:12:41,481] Epoch: 191, Dataset: val, Dice: 0.9006, IoU: 0.8405
[2026-09-15 06:12:53,323] Epoch: 192, Dataset: test, Dice: 0.9332, IoU: 0.8814
[2026-09-15 06:12:53,894] Epoch: 192, Dataset: val, Dice: 0.8992, IoU: 0.8408
[2026-09-15 06:13:04,591] Epoch: 193, Dataset: test, Dice: 0.9380, IoU: 0.8880
[2026-09-15 06:13:05,060] Epoch: 193, Dataset: val, Dice: 0.8980, IoU: 0.8394
[2026-09-15 06:13:15,469] Epoch: 194, Dataset: test, Dice: 0.9329, IoU: 0.8805
[2026-09-15 06:13:15,978] Epoch: 194, Dataset: val, Dice: 0.8903, IoU: 0.8284
[2026-09-15 06:13:27,638] Epoch: 195, Dataset: test, Dice: 0.9352, IoU: 0.8843
[2026-09-15 06:13:28,146] Epoch: 195, Dataset: val, Dice: 0.8942, IoU: 0.8302
[2026-09-15 06:13:38,935] Epoch: 196, Dataset: test, Dice: 0.9405, IoU: 0.8917
[2026-09-15 06:13:39,591] Epoch: 196, Dataset: val, Dice: 0.9048, IoU: 0.8446
[2026-09-15 06:13:51,726] Epoch: 197, Dataset: test, Dice: 0.9346, IoU: 0.8828
[2026-09-15 06:13:52,239] Epoch: 197, Dataset: val, Dice: 0.9031, IoU: 0.8443
[2026-09-15 06:14:03,485] Epoch: 198, Dataset: test, Dice: 0.9367, IoU: 0.8863
[2026-09-15 06:14:04,009] Epoch: 198, Dataset: val, Dice: 0.8975, IoU: 0.8359
[2026-09-15 06:14:15,167] Epoch: 199, Dataset: test, Dice: 0.9368, IoU: 0.8851
[2026-09-15 06:14:15,653] Epoch: 199, Dataset: val, Dice: 0.8971, IoU: 0.8368
[2026-09-15 06:14:27,045] Epoch: 200, Dataset: test, Dice: 0.9367, IoU: 0.8865
[2026-09-15 06:14:27,574] Epoch: 200, Dataset: val, Dice: 0.9041, IoU: 0.8438
[2026-09-15 06:14:27,577] 
========================================
FINAL RESULTS: ClinicDB_MK_UNet_bs8_lr0.0005_e200_augTrue_run2_t053436
Best Val Dice: 0.9145
Test Dice at Best Val: 0.9356
Total Train Time: 2158.85s
========================================
