[2026-09-15 03:41:27,689] flops: 0.619251354, params: 0.315566, Total params: : 0.3156
[2026-09-15 03:41:38,723] Epoch: 1, Dataset: test, Dice: 0.2968, IoU: 0.1904
[2026-09-15 03:41:39,193] Epoch: 1, Dataset: val, Dice: 0.3632, IoU: 0.2462
[2026-09-15 03:41:39,193] ### Best Model Saved (Dice improved from 0.0000 to 0.3632) ###
[2026-09-15 03:41:50,907] Epoch: 2, Dataset: test, Dice: 0.4025, IoU: 0.2792
[2026-09-15 03:41:51,596] Epoch: 2, Dataset: val, Dice: 0.4270, IoU: 0.3105
[2026-09-15 03:41:51,597] ### Best Model Saved (Dice improved from 0.3632 to 0.4270) ###
[2026-09-15 03:42:03,708] Epoch: 3, Dataset: test, Dice: 0.5146, IoU: 0.3977
[2026-09-15 03:42:04,388] Epoch: 3, Dataset: val, Dice: 0.5360, IoU: 0.4231
[2026-09-15 03:42:04,388] ### Best Model Saved (Dice improved from 0.4270 to 0.5360) ###
[2026-09-15 03:42:16,514] Epoch: 4, Dataset: test, Dice: 0.4395, IoU: 0.3181
[2026-09-15 03:42:16,982] Epoch: 4, Dataset: val, Dice: 0.4952, IoU: 0.3616
[2026-09-15 03:42:28,768] Epoch: 5, Dataset: test, Dice: 0.3874, IoU: 0.2681
[2026-09-15 03:42:29,453] Epoch: 5, Dataset: val, Dice: 0.4518, IoU: 0.3302
[2026-09-15 03:42:41,217] Epoch: 6, Dataset: test, Dice: 0.6720, IoU: 0.5543
[2026-09-15 03:42:41,916] Epoch: 6, Dataset: val, Dice: 0.6200, IoU: 0.5000
[2026-09-15 03:42:41,916] ### Best Model Saved (Dice improved from 0.5360 to 0.6200) ###
[2026-09-15 03:42:51,986] Epoch: 7, Dataset: test, Dice: 0.7130, IoU: 0.5958
[2026-09-15 03:42:52,467] Epoch: 7, Dataset: val, Dice: 0.6336, IoU: 0.5183
[2026-09-15 03:42:52,468] ### Best Model Saved (Dice improved from 0.6200 to 0.6336) ###
[2026-09-15 03:43:04,043] Epoch: 8, Dataset: test, Dice: 0.6794, IoU: 0.5536
[2026-09-15 03:43:04,579] Epoch: 8, Dataset: val, Dice: 0.5935, IoU: 0.4711
[2026-09-15 03:43:15,944] Epoch: 9, Dataset: test, Dice: 0.5867, IoU: 0.4637
[2026-09-15 03:43:16,353] Epoch: 9, Dataset: val, Dice: 0.5297, IoU: 0.4082
[2026-09-15 03:43:27,206] Epoch: 10, Dataset: test, Dice: 0.6523, IoU: 0.5438
[2026-09-15 03:43:27,621] Epoch: 10, Dataset: val, Dice: 0.4832, IoU: 0.3714
[2026-09-15 03:43:39,185] Epoch: 11, Dataset: test, Dice: 0.6956, IoU: 0.5702
[2026-09-15 03:43:39,727] Epoch: 11, Dataset: val, Dice: 0.6569, IoU: 0.5301
[2026-09-15 03:43:39,728] ### Best Model Saved (Dice improved from 0.6336 to 0.6569) ###
[2026-09-15 03:43:51,227] Epoch: 12, Dataset: test, Dice: 0.7793, IoU: 0.6809
[2026-09-15 03:43:51,690] Epoch: 12, Dataset: val, Dice: 0.7027, IoU: 0.5904
[2026-09-15 03:43:51,690] ### Best Model Saved (Dice improved from 0.6569 to 0.7027) ###
[2026-09-15 03:44:03,184] Epoch: 13, Dataset: test, Dice: 0.8345, IoU: 0.7477
[2026-09-15 03:44:03,672] Epoch: 13, Dataset: val, Dice: 0.7201, IoU: 0.6116
[2026-09-15 03:44:03,673] ### Best Model Saved (Dice improved from 0.7027 to 0.7201) ###
[2026-09-15 03:44:15,246] Epoch: 14, Dataset: test, Dice: 0.6986, IoU: 0.5914
[2026-09-15 03:44:15,778] Epoch: 14, Dataset: val, Dice: 0.6433, IoU: 0.5252
[2026-09-15 03:44:27,434] Epoch: 15, Dataset: test, Dice: 0.7085, IoU: 0.5997
[2026-09-15 03:44:27,910] Epoch: 15, Dataset: val, Dice: 0.6714, IoU: 0.5548
[2026-09-15 03:44:39,406] Epoch: 16, Dataset: test, Dice: 0.8292, IoU: 0.7369
[2026-09-15 03:44:39,906] Epoch: 16, Dataset: val, Dice: 0.6902, IoU: 0.5727
[2026-09-15 03:44:51,412] Epoch: 17, Dataset: test, Dice: 0.7768, IoU: 0.6697
[2026-09-15 03:44:52,027] Epoch: 17, Dataset: val, Dice: 0.6599, IoU: 0.5414
[2026-09-15 03:45:03,360] Epoch: 18, Dataset: test, Dice: 0.8512, IoU: 0.7686
[2026-09-15 03:45:03,898] Epoch: 18, Dataset: val, Dice: 0.7353, IoU: 0.6302
[2026-09-15 03:45:03,898] ### Best Model Saved (Dice improved from 0.7201 to 0.7353) ###
[2026-09-15 03:45:15,210] Epoch: 19, Dataset: test, Dice: 0.8446, IoU: 0.7604
[2026-09-15 03:45:15,635] Epoch: 19, Dataset: val, Dice: 0.7378, IoU: 0.6305
[2026-09-15 03:45:15,635] ### Best Model Saved (Dice improved from 0.7353 to 0.7378) ###
[2026-09-15 03:45:26,823] Epoch: 20, Dataset: test, Dice: 0.8267, IoU: 0.7533
[2026-09-15 03:45:27,309] Epoch: 20, Dataset: val, Dice: 0.7958, IoU: 0.6930
[2026-09-15 03:45:27,309] ### Best Model Saved (Dice improved from 0.7378 to 0.7958) ###
[2026-09-15 03:45:39,250] Epoch: 21, Dataset: test, Dice: 0.7751, IoU: 0.6651
[2026-09-15 03:45:39,729] Epoch: 21, Dataset: val, Dice: 0.6859, IoU: 0.5678
[2026-09-15 03:45:51,416] Epoch: 22, Dataset: test, Dice: 0.8673, IoU: 0.7875
[2026-09-15 03:45:51,863] Epoch: 22, Dataset: val, Dice: 0.7948, IoU: 0.7042
[2026-09-15 03:46:03,347] Epoch: 23, Dataset: test, Dice: 0.8665, IoU: 0.7864
[2026-09-15 03:46:03,956] Epoch: 23, Dataset: val, Dice: 0.8119, IoU: 0.7215
[2026-09-15 03:46:03,957] ### Best Model Saved (Dice improved from 0.7958 to 0.8119) ###
[2026-09-15 03:46:15,525] Epoch: 24, Dataset: test, Dice: 0.7323, IoU: 0.6181
[2026-09-15 03:46:15,962] Epoch: 24, Dataset: val, Dice: 0.6805, IoU: 0.5646
[2026-09-15 03:46:27,378] Epoch: 25, Dataset: test, Dice: 0.8214, IoU: 0.7227
[2026-09-15 03:46:27,840] Epoch: 25, Dataset: val, Dice: 0.7792, IoU: 0.6708
[2026-09-15 03:46:39,344] Epoch: 26, Dataset: test, Dice: 0.8821, IoU: 0.8107
[2026-09-15 03:46:39,955] Epoch: 26, Dataset: val, Dice: 0.8341, IoU: 0.7441
[2026-09-15 03:46:39,955] ### Best Model Saved (Dice improved from 0.8119 to 0.8341) ###
[2026-09-15 03:46:51,870] Epoch: 27, Dataset: test, Dice: 0.8958, IoU: 0.8268
[2026-09-15 03:46:52,372] Epoch: 27, Dataset: val, Dice: 0.8151, IoU: 0.7214
[2026-09-15 03:47:04,001] Epoch: 28, Dataset: test, Dice: 0.8911, IoU: 0.8205
[2026-09-15 03:47:04,590] Epoch: 28, Dataset: val, Dice: 0.8077, IoU: 0.7182
[2026-09-15 03:47:16,391] Epoch: 29, Dataset: test, Dice: 0.8423, IoU: 0.7571
[2026-09-15 03:47:17,113] Epoch: 29, Dataset: val, Dice: 0.7823, IoU: 0.6748
[2026-09-15 03:47:28,616] Epoch: 30, Dataset: test, Dice: 0.8784, IoU: 0.8043
[2026-09-15 03:47:29,058] Epoch: 30, Dataset: val, Dice: 0.8379, IoU: 0.7549
[2026-09-15 03:47:29,058] ### Best Model Saved (Dice improved from 0.8341 to 0.8379) ###
[2026-09-15 03:47:40,394] Epoch: 31, Dataset: test, Dice: 0.8848, IoU: 0.8107
[2026-09-15 03:47:41,044] Epoch: 31, Dataset: val, Dice: 0.8578, IoU: 0.7781
[2026-09-15 03:47:41,044] ### Best Model Saved (Dice improved from 0.8379 to 0.8578) ###
[2026-09-15 03:47:52,986] Epoch: 32, Dataset: test, Dice: 0.8887, IoU: 0.8154
[2026-09-15 03:47:53,529] Epoch: 32, Dataset: val, Dice: 0.8466, IoU: 0.7642
[2026-09-15 03:48:05,007] Epoch: 33, Dataset: test, Dice: 0.8684, IoU: 0.7914
[2026-09-15 03:48:05,534] Epoch: 33, Dataset: val, Dice: 0.8235, IoU: 0.7248
[2026-09-15 03:48:15,851] Epoch: 34, Dataset: test, Dice: 0.8391, IoU: 0.7727
[2026-09-15 03:48:16,344] Epoch: 34, Dataset: val, Dice: 0.7939, IoU: 0.6966
[2026-09-15 03:48:26,364] Epoch: 35, Dataset: test, Dice: 0.8619, IoU: 0.7886
[2026-09-15 03:48:26,845] Epoch: 35, Dataset: val, Dice: 0.7944, IoU: 0.6975
[2026-09-15 03:48:39,110] Epoch: 36, Dataset: test, Dice: 0.8623, IoU: 0.7827
[2026-09-15 03:48:39,588] Epoch: 36, Dataset: val, Dice: 0.8154, IoU: 0.7222
[2026-09-15 03:48:51,054] Epoch: 37, Dataset: test, Dice: 0.8767, IoU: 0.8039
[2026-09-15 03:48:51,745] Epoch: 37, Dataset: val, Dice: 0.8518, IoU: 0.7714
[2026-09-15 03:49:03,282] Epoch: 38, Dataset: test, Dice: 0.8714, IoU: 0.7914
[2026-09-15 03:49:03,843] Epoch: 38, Dataset: val, Dice: 0.8181, IoU: 0.7251
[2026-09-15 03:49:15,614] Epoch: 39, Dataset: test, Dice: 0.8907, IoU: 0.8197
[2026-09-15 03:49:16,316] Epoch: 39, Dataset: val, Dice: 0.8166, IoU: 0.7287
[2026-09-15 03:49:28,006] Epoch: 40, Dataset: test, Dice: 0.8936, IoU: 0.8268
[2026-09-15 03:49:28,440] Epoch: 40, Dataset: val, Dice: 0.8322, IoU: 0.7525
[2026-09-15 03:49:39,835] Epoch: 41, Dataset: test, Dice: 0.9000, IoU: 0.8322
[2026-09-15 03:49:40,218] Epoch: 41, Dataset: val, Dice: 0.8716, IoU: 0.7928
[2026-09-15 03:49:40,218] ### Best Model Saved (Dice improved from 0.8578 to 0.8716) ###
[2026-09-15 03:49:49,868] Epoch: 42, Dataset: test, Dice: 0.8768, IoU: 0.8035
[2026-09-15 03:49:50,330] Epoch: 42, Dataset: val, Dice: 0.8602, IoU: 0.7840
[2026-09-15 03:50:00,012] Epoch: 43, Dataset: test, Dice: 0.9009, IoU: 0.8344
[2026-09-15 03:50:00,470] Epoch: 43, Dataset: val, Dice: 0.8466, IoU: 0.7686
[2026-09-15 03:50:10,448] Epoch: 44, Dataset: test, Dice: 0.9046, IoU: 0.8372
[2026-09-15 03:50:11,138] Epoch: 44, Dataset: val, Dice: 0.8646, IoU: 0.7930
[2026-09-15 03:50:21,570] Epoch: 45, Dataset: test, Dice: 0.8963, IoU: 0.8290
[2026-09-15 03:50:21,998] Epoch: 45, Dataset: val, Dice: 0.8703, IoU: 0.7963
[2026-09-15 03:50:33,459] Epoch: 46, Dataset: test, Dice: 0.8926, IoU: 0.8283
[2026-09-15 03:50:33,965] Epoch: 46, Dataset: val, Dice: 0.8692, IoU: 0.7898
[2026-09-15 03:50:45,321] Epoch: 47, Dataset: test, Dice: 0.9042, IoU: 0.8404
[2026-09-15 03:50:45,789] Epoch: 47, Dataset: val, Dice: 0.8606, IoU: 0.7812
[2026-09-15 03:50:57,056] Epoch: 48, Dataset: test, Dice: 0.8621, IoU: 0.7851
[2026-09-15 03:50:57,721] Epoch: 48, Dataset: val, Dice: 0.7852, IoU: 0.6875
[2026-09-15 03:51:08,328] Epoch: 49, Dataset: test, Dice: 0.8945, IoU: 0.8307
[2026-09-15 03:51:08,958] Epoch: 49, Dataset: val, Dice: 0.8745, IoU: 0.7928
[2026-09-15 03:51:08,958] ### Best Model Saved (Dice improved from 0.8716 to 0.8745) ###
[2026-09-15 03:51:20,486] Epoch: 50, Dataset: test, Dice: 0.8891, IoU: 0.8186
[2026-09-15 03:51:21,111] Epoch: 50, Dataset: val, Dice: 0.8296, IoU: 0.7386
[2026-09-15 03:51:31,836] Epoch: 51, Dataset: test, Dice: 0.8979, IoU: 0.8294
[2026-09-15 03:51:32,315] Epoch: 51, Dataset: val, Dice: 0.8622, IoU: 0.7847
[2026-09-15 03:51:43,519] Epoch: 52, Dataset: test, Dice: 0.9123, IoU: 0.8511
[2026-09-15 03:51:43,929] Epoch: 52, Dataset: val, Dice: 0.8615, IoU: 0.7824
[2026-09-15 03:51:53,680] Epoch: 53, Dataset: test, Dice: 0.9136, IoU: 0.8516
[2026-09-15 03:51:54,115] Epoch: 53, Dataset: val, Dice: 0.8651, IoU: 0.7856
[2026-09-15 03:52:05,409] Epoch: 54, Dataset: test, Dice: 0.9072, IoU: 0.8433
[2026-09-15 03:52:05,999] Epoch: 54, Dataset: val, Dice: 0.8740, IoU: 0.8029
[2026-09-15 03:52:17,731] Epoch: 55, Dataset: test, Dice: 0.8978, IoU: 0.8318
[2026-09-15 03:52:18,264] Epoch: 55, Dataset: val, Dice: 0.8789, IoU: 0.8057
[2026-09-15 03:52:18,265] ### Best Model Saved (Dice improved from 0.8745 to 0.8789) ###
[2026-09-15 03:52:29,407] Epoch: 56, Dataset: test, Dice: 0.8987, IoU: 0.8322
[2026-09-15 03:52:29,779] Epoch: 56, Dataset: val, Dice: 0.8850, IoU: 0.8116
[2026-09-15 03:52:29,779] ### Best Model Saved (Dice improved from 0.8789 to 0.8850) ###
[2026-09-15 03:52:39,679] Epoch: 57, Dataset: test, Dice: 0.8885, IoU: 0.8161
[2026-09-15 03:52:40,116] Epoch: 57, Dataset: val, Dice: 0.8376, IoU: 0.7501
[2026-09-15 03:52:51,431] Epoch: 58, Dataset: test, Dice: 0.9182, IoU: 0.8612
[2026-09-15 03:52:51,989] Epoch: 58, Dataset: val, Dice: 0.8661, IoU: 0.7935
[2026-09-15 03:53:03,574] Epoch: 59, Dataset: test, Dice: 0.8733, IoU: 0.8108
[2026-09-15 03:53:04,047] Epoch: 59, Dataset: val, Dice: 0.8570, IoU: 0.7833
[2026-09-15 03:53:15,167] Epoch: 60, Dataset: test, Dice: 0.9161, IoU: 0.8531
[2026-09-15 03:53:15,658] Epoch: 60, Dataset: val, Dice: 0.8722, IoU: 0.7986
[2026-09-15 03:53:25,428] Epoch: 61, Dataset: test, Dice: 0.9116, IoU: 0.8467
[2026-09-15 03:53:25,920] Epoch: 61, Dataset: val, Dice: 0.8829, IoU: 0.8136
[2026-09-15 03:53:36,162] Epoch: 62, Dataset: test, Dice: 0.9019, IoU: 0.8327
[2026-09-15 03:53:36,597] Epoch: 62, Dataset: val, Dice: 0.8801, IoU: 0.8066
[2026-09-15 03:53:45,998] Epoch: 63, Dataset: test, Dice: 0.9184, IoU: 0.8582
[2026-09-15 03:53:46,492] Epoch: 63, Dataset: val, Dice: 0.8830, IoU: 0.8134
[2026-09-15 03:53:56,442] Epoch: 64, Dataset: test, Dice: 0.8951, IoU: 0.8288
[2026-09-15 03:53:57,022] Epoch: 64, Dataset: val, Dice: 0.8552, IoU: 0.7770
[2026-09-15 03:54:08,832] Epoch: 65, Dataset: test, Dice: 0.9119, IoU: 0.8472
[2026-09-15 03:54:09,289] Epoch: 65, Dataset: val, Dice: 0.8468, IoU: 0.7653
[2026-09-15 03:54:20,436] Epoch: 66, Dataset: test, Dice: 0.9109, IoU: 0.8516
[2026-09-15 03:54:20,859] Epoch: 66, Dataset: val, Dice: 0.8544, IoU: 0.7802
[2026-09-15 03:54:30,817] Epoch: 67, Dataset: test, Dice: 0.9083, IoU: 0.8476
[2026-09-15 03:54:31,293] Epoch: 67, Dataset: val, Dice: 0.8628, IoU: 0.7878
[2026-09-15 03:54:42,678] Epoch: 68, Dataset: test, Dice: 0.9245, IoU: 0.8654
[2026-09-15 03:54:43,176] Epoch: 68, Dataset: val, Dice: 0.8606, IoU: 0.7790
[2026-09-15 03:54:54,280] Epoch: 69, Dataset: test, Dice: 0.8781, IoU: 0.8081
[2026-09-15 03:54:54,940] Epoch: 69, Dataset: val, Dice: 0.8383, IoU: 0.7536
[2026-09-15 03:55:06,645] Epoch: 70, Dataset: test, Dice: 0.9090, IoU: 0.8513
[2026-09-15 03:55:07,283] Epoch: 70, Dataset: val, Dice: 0.8671, IoU: 0.7916
[2026-09-15 03:55:19,088] Epoch: 71, Dataset: test, Dice: 0.9168, IoU: 0.8575
[2026-09-15 03:55:19,578] Epoch: 71, Dataset: val, Dice: 0.8616, IoU: 0.7897
[2026-09-15 03:55:30,841] Epoch: 72, Dataset: test, Dice: 0.9164, IoU: 0.8583
[2026-09-15 03:55:31,324] Epoch: 72, Dataset: val, Dice: 0.8668, IoU: 0.7944
[2026-09-15 03:55:42,221] Epoch: 73, Dataset: test, Dice: 0.9198, IoU: 0.8603
[2026-09-15 03:55:42,650] Epoch: 73, Dataset: val, Dice: 0.8747, IoU: 0.8003
[2026-09-15 03:55:53,985] Epoch: 74, Dataset: test, Dice: 0.9260, IoU: 0.8673
[2026-09-15 03:55:54,484] Epoch: 74, Dataset: val, Dice: 0.8603, IoU: 0.7822
[2026-09-15 03:56:05,849] Epoch: 75, Dataset: test, Dice: 0.9296, IoU: 0.8731
[2026-09-15 03:56:06,524] Epoch: 75, Dataset: val, Dice: 0.8781, IoU: 0.8053
[2026-09-15 03:56:18,053] Epoch: 76, Dataset: test, Dice: 0.9297, IoU: 0.8729
[2026-09-15 03:56:18,503] Epoch: 76, Dataset: val, Dice: 0.8848, IoU: 0.8191
[2026-09-15 03:56:29,953] Epoch: 77, Dataset: test, Dice: 0.9173, IoU: 0.8639
[2026-09-15 03:56:30,464] Epoch: 77, Dataset: val, Dice: 0.8963, IoU: 0.8314
[2026-09-15 03:56:30,464] ### Best Model Saved (Dice improved from 0.8850 to 0.8963) ###
[2026-09-15 03:56:42,035] Epoch: 78, Dataset: test, Dice: 0.9082, IoU: 0.8543
[2026-09-15 03:56:42,572] Epoch: 78, Dataset: val, Dice: 0.8565, IoU: 0.7759
[2026-09-15 03:56:54,196] Epoch: 79, Dataset: test, Dice: 0.9336, IoU: 0.8816
[2026-09-15 03:56:54,694] Epoch: 79, Dataset: val, Dice: 0.8713, IoU: 0.7992
[2026-09-15 03:57:05,395] Epoch: 80, Dataset: test, Dice: 0.9246, IoU: 0.8664
[2026-09-15 03:57:05,920] Epoch: 80, Dataset: val, Dice: 0.8934, IoU: 0.8254
[2026-09-15 03:57:17,566] Epoch: 81, Dataset: test, Dice: 0.9173, IoU: 0.8572
[2026-09-15 03:57:18,058] Epoch: 81, Dataset: val, Dice: 0.8849, IoU: 0.8165
[2026-09-15 03:57:29,440] Epoch: 82, Dataset: test, Dice: 0.8941, IoU: 0.8278
[2026-09-15 03:57:29,854] Epoch: 82, Dataset: val, Dice: 0.8570, IoU: 0.7799
[2026-09-15 03:57:39,860] Epoch: 83, Dataset: test, Dice: 0.9183, IoU: 0.8608
[2026-09-15 03:57:40,471] Epoch: 83, Dataset: val, Dice: 0.8791, IoU: 0.8111
[2026-09-15 03:57:52,005] Epoch: 84, Dataset: test, Dice: 0.9211, IoU: 0.8623
[2026-09-15 03:57:52,491] Epoch: 84, Dataset: val, Dice: 0.8919, IoU: 0.8235
[2026-09-15 03:58:03,966] Epoch: 85, Dataset: test, Dice: 0.9189, IoU: 0.8620
[2026-09-15 03:58:04,437] Epoch: 85, Dataset: val, Dice: 0.8945, IoU: 0.8269
[2026-09-15 03:58:15,800] Epoch: 86, Dataset: test, Dice: 0.9325, IoU: 0.8784
[2026-09-15 03:58:16,285] Epoch: 86, Dataset: val, Dice: 0.8908, IoU: 0.8194
[2026-09-15 03:58:27,812] Epoch: 87, Dataset: test, Dice: 0.9303, IoU: 0.8758
[2026-09-15 03:58:28,356] Epoch: 87, Dataset: val, Dice: 0.8686, IoU: 0.7924
[2026-09-15 03:58:38,153] Epoch: 88, Dataset: test, Dice: 0.8953, IoU: 0.8385
[2026-09-15 03:58:38,534] Epoch: 88, Dataset: val, Dice: 0.8670, IoU: 0.7923
[2026-09-15 03:58:49,764] Epoch: 89, Dataset: test, Dice: 0.9255, IoU: 0.8727
[2026-09-15 03:58:50,282] Epoch: 89, Dataset: val, Dice: 0.8835, IoU: 0.8142
[2026-09-15 03:59:01,915] Epoch: 90, Dataset: test, Dice: 0.9290, IoU: 0.8741
[2026-09-15 03:59:02,388] Epoch: 90, Dataset: val, Dice: 0.8738, IoU: 0.7982
[2026-09-15 03:59:13,794] Epoch: 91, Dataset: test, Dice: 0.9147, IoU: 0.8598
[2026-09-15 03:59:14,263] Epoch: 91, Dataset: val, Dice: 0.8657, IoU: 0.7937
[2026-09-15 03:59:25,822] Epoch: 92, Dataset: test, Dice: 0.9140, IoU: 0.8549
[2026-09-15 03:59:26,458] Epoch: 92, Dataset: val, Dice: 0.9009, IoU: 0.8302
[2026-09-15 03:59:26,458] ### Best Model Saved (Dice improved from 0.8963 to 0.9009) ###
[2026-09-15 03:59:38,107] Epoch: 93, Dataset: test, Dice: 0.9232, IoU: 0.8668
[2026-09-15 03:59:38,551] Epoch: 93, Dataset: val, Dice: 0.8973, IoU: 0.8337
[2026-09-15 03:59:48,552] Epoch: 94, Dataset: test, Dice: 0.9223, IoU: 0.8648
[2026-09-15 03:59:49,047] Epoch: 94, Dataset: val, Dice: 0.8745, IoU: 0.8006
[2026-09-15 03:59:59,702] Epoch: 95, Dataset: test, Dice: 0.9287, IoU: 0.8739
[2026-09-15 04:00:00,204] Epoch: 95, Dataset: val, Dice: 0.9038, IoU: 0.8363
[2026-09-15 04:00:00,205] ### Best Model Saved (Dice improved from 0.9009 to 0.9038) ###
[2026-09-15 04:00:11,746] Epoch: 96, Dataset: test, Dice: 0.9207, IoU: 0.8659
[2026-09-15 04:00:12,396] Epoch: 96, Dataset: val, Dice: 0.8752, IoU: 0.8051
[2026-09-15 04:00:24,051] Epoch: 97, Dataset: test, Dice: 0.9205, IoU: 0.8676
[2026-09-15 04:00:24,775] Epoch: 97, Dataset: val, Dice: 0.8779, IoU: 0.8096
[2026-09-15 04:00:36,469] Epoch: 98, Dataset: test, Dice: 0.9246, IoU: 0.8669
[2026-09-15 04:00:36,906] Epoch: 98, Dataset: val, Dice: 0.8811, IoU: 0.8149
[2026-09-15 04:00:48,610] Epoch: 99, Dataset: test, Dice: 0.9358, IoU: 0.8843
[2026-09-15 04:00:49,119] Epoch: 99, Dataset: val, Dice: 0.8956, IoU: 0.8319
[2026-09-15 04:00:59,603] Epoch: 100, Dataset: test, Dice: 0.9260, IoU: 0.8735
[2026-09-15 04:01:00,109] Epoch: 100, Dataset: val, Dice: 0.8792, IoU: 0.8148
[2026-09-15 04:01:11,659] Epoch: 101, Dataset: test, Dice: 0.9425, IoU: 0.8940
[2026-09-15 04:01:12,088] Epoch: 101, Dataset: val, Dice: 0.8959, IoU: 0.8302
[2026-09-15 04:01:23,365] Epoch: 102, Dataset: test, Dice: 0.9292, IoU: 0.8749
[2026-09-15 04:01:23,802] Epoch: 102, Dataset: val, Dice: 0.9025, IoU: 0.8362
[2026-09-15 04:01:33,207] Epoch: 103, Dataset: test, Dice: 0.9362, IoU: 0.8853
[2026-09-15 04:01:33,593] Epoch: 103, Dataset: val, Dice: 0.8942, IoU: 0.8277
[2026-09-15 04:01:43,621] Epoch: 104, Dataset: test, Dice: 0.9076, IoU: 0.8412
[2026-09-15 04:01:44,141] Epoch: 104, Dataset: val, Dice: 0.9006, IoU: 0.8361
[2026-09-15 04:01:55,112] Epoch: 105, Dataset: test, Dice: 0.9081, IoU: 0.8476
[2026-09-15 04:01:55,542] Epoch: 105, Dataset: val, Dice: 0.8889, IoU: 0.8196
[2026-09-15 04:02:06,734] Epoch: 106, Dataset: test, Dice: 0.9347, IoU: 0.8838
[2026-09-15 04:02:07,330] Epoch: 106, Dataset: val, Dice: 0.8875, IoU: 0.8215
[2026-09-15 04:02:16,956] Epoch: 107, Dataset: test, Dice: 0.9213, IoU: 0.8659
[2026-09-15 04:02:17,366] Epoch: 107, Dataset: val, Dice: 0.8777, IoU: 0.8094
[2026-09-15 04:02:28,271] Epoch: 108, Dataset: test, Dice: 0.9390, IoU: 0.8889
[2026-09-15 04:02:28,764] Epoch: 108, Dataset: val, Dice: 0.8952, IoU: 0.8337
[2026-09-15 04:02:37,792] Epoch: 109, Dataset: test, Dice: 0.9291, IoU: 0.8739
[2026-09-15 04:02:38,244] Epoch: 109, Dataset: val, Dice: 0.8895, IoU: 0.8227
[2026-09-15 04:02:49,113] Epoch: 110, Dataset: test, Dice: 0.9223, IoU: 0.8679
[2026-09-15 04:02:49,601] Epoch: 110, Dataset: val, Dice: 0.8827, IoU: 0.8166
[2026-09-15 04:03:00,720] Epoch: 111, Dataset: test, Dice: 0.9322, IoU: 0.8784
[2026-09-15 04:03:01,183] Epoch: 111, Dataset: val, Dice: 0.9123, IoU: 0.8512
[2026-09-15 04:03:01,184] ### Best Model Saved (Dice improved from 0.9038 to 0.9123) ###
[2026-09-15 04:03:11,353] Epoch: 112, Dataset: test, Dice: 0.9222, IoU: 0.8681
[2026-09-15 04:03:11,948] Epoch: 112, Dataset: val, Dice: 0.8888, IoU: 0.8213
[2026-09-15 04:03:22,692] Epoch: 113, Dataset: test, Dice: 0.9262, IoU: 0.8706
[2026-09-15 04:03:23,212] Epoch: 113, Dataset: val, Dice: 0.9019, IoU: 0.8379
[2026-09-15 04:03:34,370] Epoch: 114, Dataset: test, Dice: 0.9344, IoU: 0.8831
[2026-09-15 04:03:34,954] Epoch: 114, Dataset: val, Dice: 0.8947, IoU: 0.8296
[2026-09-15 04:03:46,418] Epoch: 115, Dataset: test, Dice: 0.9276, IoU: 0.8762
[2026-09-15 04:03:46,901] Epoch: 115, Dataset: val, Dice: 0.8913, IoU: 0.8281
[2026-09-15 04:03:57,900] Epoch: 116, Dataset: test, Dice: 0.9345, IoU: 0.8833
[2026-09-15 04:03:58,337] Epoch: 116, Dataset: val, Dice: 0.8883, IoU: 0.8202
[2026-09-15 04:04:09,758] Epoch: 117, Dataset: test, Dice: 0.9306, IoU: 0.8768
[2026-09-15 04:04:10,432] Epoch: 117, Dataset: val, Dice: 0.8987, IoU: 0.8358
[2026-09-15 04:04:22,173] Epoch: 118, Dataset: test, Dice: 0.9266, IoU: 0.8713
[2026-09-15 04:04:22,653] Epoch: 118, Dataset: val, Dice: 0.8841, IoU: 0.8182
[2026-09-15 04:04:34,476] Epoch: 119, Dataset: test, Dice: 0.9372, IoU: 0.8865
[2026-09-15 04:04:34,993] Epoch: 119, Dataset: val, Dice: 0.8781, IoU: 0.8094
[2026-09-15 04:04:46,312] Epoch: 120, Dataset: test, Dice: 0.9285, IoU: 0.8779
[2026-09-15 04:04:46,698] Epoch: 120, Dataset: val, Dice: 0.8894, IoU: 0.8234
[2026-09-15 04:04:57,825] Epoch: 121, Dataset: test, Dice: 0.9368, IoU: 0.8863
[2026-09-15 04:04:58,438] Epoch: 121, Dataset: val, Dice: 0.8891, IoU: 0.8250
[2026-09-15 04:05:08,796] Epoch: 122, Dataset: test, Dice: 0.9381, IoU: 0.8872
[2026-09-15 04:05:09,435] Epoch: 122, Dataset: val, Dice: 0.8982, IoU: 0.8337
[2026-09-15 04:05:20,895] Epoch: 123, Dataset: test, Dice: 0.9367, IoU: 0.8857
[2026-09-15 04:05:21,392] Epoch: 123, Dataset: val, Dice: 0.9072, IoU: 0.8452
[2026-09-15 04:05:32,646] Epoch: 124, Dataset: test, Dice: 0.9298, IoU: 0.8760
[2026-09-15 04:05:33,271] Epoch: 124, Dataset: val, Dice: 0.9006, IoU: 0.8386
[2026-09-15 04:05:44,853] Epoch: 125, Dataset: test, Dice: 0.9318, IoU: 0.8782
[2026-09-15 04:05:45,493] Epoch: 125, Dataset: val, Dice: 0.8906, IoU: 0.8258
[2026-09-15 04:05:57,427] Epoch: 126, Dataset: test, Dice: 0.9416, IoU: 0.8932
[2026-09-15 04:05:57,895] Epoch: 126, Dataset: val, Dice: 0.8946, IoU: 0.8322
[2026-09-15 04:06:09,500] Epoch: 127, Dataset: test, Dice: 0.9302, IoU: 0.8759
[2026-09-15 04:06:09,971] Epoch: 127, Dataset: val, Dice: 0.9009, IoU: 0.8392
[2026-09-15 04:06:21,075] Epoch: 128, Dataset: test, Dice: 0.9385, IoU: 0.8888
[2026-09-15 04:06:21,624] Epoch: 128, Dataset: val, Dice: 0.8969, IoU: 0.8336
[2026-09-15 04:06:33,083] Epoch: 129, Dataset: test, Dice: 0.9391, IoU: 0.8884
[2026-09-15 04:06:33,735] Epoch: 129, Dataset: val, Dice: 0.8950, IoU: 0.8326
[2026-09-15 04:06:45,527] Epoch: 130, Dataset: test, Dice: 0.9375, IoU: 0.8869
[2026-09-15 04:06:46,112] Epoch: 130, Dataset: val, Dice: 0.8833, IoU: 0.8178
[2026-09-15 04:06:56,964] Epoch: 131, Dataset: test, Dice: 0.9322, IoU: 0.8794
[2026-09-15 04:06:57,454] Epoch: 131, Dataset: val, Dice: 0.8738, IoU: 0.8046
[2026-09-15 04:07:09,246] Epoch: 132, Dataset: test, Dice: 0.9356, IoU: 0.8840
[2026-09-15 04:07:09,691] Epoch: 132, Dataset: val, Dice: 0.8839, IoU: 0.8187
[2026-09-15 04:07:21,113] Epoch: 133, Dataset: test, Dice: 0.9387, IoU: 0.8882
[2026-09-15 04:07:21,783] Epoch: 133, Dataset: val, Dice: 0.8960, IoU: 0.8339
[2026-09-15 04:07:32,823] Epoch: 134, Dataset: test, Dice: 0.9344, IoU: 0.8813
[2026-09-15 04:07:33,320] Epoch: 134, Dataset: val, Dice: 0.8958, IoU: 0.8299
[2026-09-15 04:07:44,240] Epoch: 135, Dataset: test, Dice: 0.9393, IoU: 0.8887
[2026-09-15 04:07:44,673] Epoch: 135, Dataset: val, Dice: 0.8876, IoU: 0.8255
[2026-09-15 04:07:55,836] Epoch: 136, Dataset: test, Dice: 0.9366, IoU: 0.8860
[2026-09-15 04:07:56,295] Epoch: 136, Dataset: val, Dice: 0.8854, IoU: 0.8208
[2026-09-15 04:08:07,561] Epoch: 137, Dataset: test, Dice: 0.9368, IoU: 0.8849
[2026-09-15 04:08:08,123] Epoch: 137, Dataset: val, Dice: 0.9018, IoU: 0.8415
[2026-09-15 04:08:19,731] Epoch: 138, Dataset: test, Dice: 0.9257, IoU: 0.8685
[2026-09-15 04:08:20,335] Epoch: 138, Dataset: val, Dice: 0.9159, IoU: 0.8541
[2026-09-15 04:08:20,335] ### Best Model Saved (Dice improved from 0.9123 to 0.9159) ###
[2026-09-15 04:08:31,922] Epoch: 139, Dataset: test, Dice: 0.9392, IoU: 0.8880
[2026-09-15 04:08:32,502] Epoch: 139, Dataset: val, Dice: 0.9082, IoU: 0.8458
[2026-09-15 04:08:44,114] Epoch: 140, Dataset: test, Dice: 0.9349, IoU: 0.8830
[2026-09-15 04:08:44,742] Epoch: 140, Dataset: val, Dice: 0.9040, IoU: 0.8405
[2026-09-15 04:08:56,529] Epoch: 141, Dataset: test, Dice: 0.9288, IoU: 0.8736
[2026-09-15 04:08:57,086] Epoch: 141, Dataset: val, Dice: 0.9116, IoU: 0.8507
[2026-09-15 04:09:08,509] Epoch: 142, Dataset: test, Dice: 0.9376, IoU: 0.8860
[2026-09-15 04:09:08,985] Epoch: 142, Dataset: val, Dice: 0.8938, IoU: 0.8317
[2026-09-15 04:09:20,481] Epoch: 143, Dataset: test, Dice: 0.9371, IoU: 0.8868
[2026-09-15 04:09:20,933] Epoch: 143, Dataset: val, Dice: 0.8997, IoU: 0.8366
[2026-09-15 04:09:32,483] Epoch: 144, Dataset: test, Dice: 0.9360, IoU: 0.8835
[2026-09-15 04:09:32,967] Epoch: 144, Dataset: val, Dice: 0.8912, IoU: 0.8277
[2026-09-15 04:09:44,591] Epoch: 145, Dataset: test, Dice: 0.9251, IoU: 0.8669
[2026-09-15 04:09:45,258] Epoch: 145, Dataset: val, Dice: 0.8906, IoU: 0.8255
[2026-09-15 04:09:56,641] Epoch: 146, Dataset: test, Dice: 0.9409, IoU: 0.8916
[2026-09-15 04:09:57,215] Epoch: 146, Dataset: val, Dice: 0.9024, IoU: 0.8426
[2026-09-15 04:10:08,911] Epoch: 147, Dataset: test, Dice: 0.9376, IoU: 0.8859
[2026-09-15 04:10:09,505] Epoch: 147, Dataset: val, Dice: 0.8931, IoU: 0.8324
[2026-09-15 04:10:21,095] Epoch: 148, Dataset: test, Dice: 0.9377, IoU: 0.8874
[2026-09-15 04:10:21,777] Epoch: 148, Dataset: val, Dice: 0.8884, IoU: 0.8275
[2026-09-15 04:10:33,408] Epoch: 149, Dataset: test, Dice: 0.9385, IoU: 0.8876
[2026-09-15 04:10:34,012] Epoch: 149, Dataset: val, Dice: 0.9069, IoU: 0.8481
[2026-09-15 04:10:45,935] Epoch: 150, Dataset: test, Dice: 0.9245, IoU: 0.8678
[2026-09-15 04:10:46,528] Epoch: 150, Dataset: val, Dice: 0.9038, IoU: 0.8442
[2026-09-15 04:10:57,977] Epoch: 151, Dataset: test, Dice: 0.9397, IoU: 0.8902
[2026-09-15 04:10:58,489] Epoch: 151, Dataset: val, Dice: 0.9009, IoU: 0.8371
[2026-09-15 04:11:09,472] Epoch: 152, Dataset: test, Dice: 0.9362, IoU: 0.8857
[2026-09-15 04:11:09,928] Epoch: 152, Dataset: val, Dice: 0.8896, IoU: 0.8257
[2026-09-15 04:11:21,104] Epoch: 153, Dataset: test, Dice: 0.9381, IoU: 0.8893
[2026-09-15 04:11:21,623] Epoch: 153, Dataset: val, Dice: 0.8935, IoU: 0.8291
[2026-09-15 04:11:33,904] Epoch: 154, Dataset: test, Dice: 0.9382, IoU: 0.8877
[2026-09-15 04:11:34,487] Epoch: 154, Dataset: val, Dice: 0.8999, IoU: 0.8404
[2026-09-15 04:11:46,871] Epoch: 155, Dataset: test, Dice: 0.9331, IoU: 0.8798
[2026-09-15 04:11:47,345] Epoch: 155, Dataset: val, Dice: 0.8885, IoU: 0.8232
[2026-09-15 04:11:59,251] Epoch: 156, Dataset: test, Dice: 0.9396, IoU: 0.8899
[2026-09-15 04:11:59,733] Epoch: 156, Dataset: val, Dice: 0.9034, IoU: 0.8429
[2026-09-15 04:12:12,173] Epoch: 157, Dataset: test, Dice: 0.9360, IoU: 0.8856
[2026-09-15 04:12:12,823] Epoch: 157, Dataset: val, Dice: 0.8949, IoU: 0.8321
[2026-09-15 04:12:25,138] Epoch: 158, Dataset: test, Dice: 0.9245, IoU: 0.8674
[2026-09-15 04:12:25,731] Epoch: 158, Dataset: val, Dice: 0.8986, IoU: 0.8375
[2026-09-15 04:12:38,146] Epoch: 159, Dataset: test, Dice: 0.9389, IoU: 0.8888
[2026-09-15 04:12:38,595] Epoch: 159, Dataset: val, Dice: 0.8847, IoU: 0.8201
[2026-09-15 04:12:48,703] Epoch: 160, Dataset: test, Dice: 0.9367, IoU: 0.8855
[2026-09-15 04:12:49,186] Epoch: 160, Dataset: val, Dice: 0.8890, IoU: 0.8267
[2026-09-15 04:13:00,965] Epoch: 161, Dataset: test, Dice: 0.9352, IoU: 0.8840
[2026-09-15 04:13:01,611] Epoch: 161, Dataset: val, Dice: 0.8961, IoU: 0.8365
[2026-09-15 04:13:13,514] Epoch: 162, Dataset: test, Dice: 0.9411, IoU: 0.8927
[2026-09-15 04:13:13,999] Epoch: 162, Dataset: val, Dice: 0.8929, IoU: 0.8322
[2026-09-15 04:13:25,431] Epoch: 163, Dataset: test, Dice: 0.9386, IoU: 0.8882
[2026-09-15 04:13:25,836] Epoch: 163, Dataset: val, Dice: 0.8965, IoU: 0.8368
[2026-09-15 04:13:37,201] Epoch: 164, Dataset: test, Dice: 0.9324, IoU: 0.8817
[2026-09-15 04:13:37,697] Epoch: 164, Dataset: val, Dice: 0.8892, IoU: 0.8228
[2026-09-15 04:13:48,894] Epoch: 165, Dataset: test, Dice: 0.9374, IoU: 0.8874
[2026-09-15 04:13:49,392] Epoch: 165, Dataset: val, Dice: 0.8998, IoU: 0.8384
[2026-09-15 04:14:00,898] Epoch: 166, Dataset: test, Dice: 0.9340, IoU: 0.8826
[2026-09-15 04:14:01,351] Epoch: 166, Dataset: val, Dice: 0.8977, IoU: 0.8333
[2026-09-15 04:14:13,675] Epoch: 167, Dataset: test, Dice: 0.9371, IoU: 0.8871
[2026-09-15 04:14:14,327] Epoch: 167, Dataset: val, Dice: 0.9036, IoU: 0.8404
[2026-09-15 04:14:26,253] Epoch: 168, Dataset: test, Dice: 0.9400, IoU: 0.8911
[2026-09-15 04:14:26,730] Epoch: 168, Dataset: val, Dice: 0.9071, IoU: 0.8460
[2026-09-15 04:14:38,965] Epoch: 169, Dataset: test, Dice: 0.9351, IoU: 0.8842
[2026-09-15 04:14:39,443] Epoch: 169, Dataset: val, Dice: 0.8918, IoU: 0.8272
[2026-09-15 04:14:51,123] Epoch: 170, Dataset: test, Dice: 0.9353, IoU: 0.8848
[2026-09-15 04:14:51,557] Epoch: 170, Dataset: val, Dice: 0.9027, IoU: 0.8390
[2026-09-15 04:15:03,667] Epoch: 171, Dataset: test, Dice: 0.9352, IoU: 0.8838
[2026-09-15 04:15:04,270] Epoch: 171, Dataset: val, Dice: 0.8979, IoU: 0.8336
[2026-09-15 04:15:16,604] Epoch: 172, Dataset: test, Dice: 0.9369, IoU: 0.8865
[2026-09-15 04:15:17,055] Epoch: 172, Dataset: val, Dice: 0.9069, IoU: 0.8456
[2026-09-15 04:15:27,134] Epoch: 173, Dataset: test, Dice: 0.9356, IoU: 0.8838
[2026-09-15 04:15:27,584] Epoch: 173, Dataset: val, Dice: 0.8970, IoU: 0.8346
[2026-09-15 04:15:39,742] Epoch: 174, Dataset: test, Dice: 0.9367, IoU: 0.8865
[2026-09-15 04:15:40,208] Epoch: 174, Dataset: val, Dice: 0.9010, IoU: 0.8371
[2026-09-15 04:15:52,269] Epoch: 175, Dataset: test, Dice: 0.9363, IoU: 0.8843
[2026-09-15 04:15:52,794] Epoch: 175, Dataset: val, Dice: 0.9004, IoU: 0.8371
[2026-09-15 04:16:04,827] Epoch: 176, Dataset: test, Dice: 0.9388, IoU: 0.8888
[2026-09-15 04:16:05,532] Epoch: 176, Dataset: val, Dice: 0.8955, IoU: 0.8313
[2026-09-15 04:16:18,055] Epoch: 177, Dataset: test, Dice: 0.9383, IoU: 0.8878
[2026-09-15 04:16:18,561] Epoch: 177, Dataset: val, Dice: 0.8904, IoU: 0.8259
[2026-09-15 04:16:30,514] Epoch: 178, Dataset: test, Dice: 0.9401, IoU: 0.8907
[2026-09-15 04:16:31,001] Epoch: 178, Dataset: val, Dice: 0.8971, IoU: 0.8337
[2026-09-15 04:16:42,693] Epoch: 179, Dataset: test, Dice: 0.9414, IoU: 0.8926
[2026-09-15 04:16:43,399] Epoch: 179, Dataset: val, Dice: 0.8929, IoU: 0.8292
[2026-09-15 04:16:55,840] Epoch: 180, Dataset: test, Dice: 0.9377, IoU: 0.8877
[2026-09-15 04:16:56,312] Epoch: 180, Dataset: val, Dice: 0.9020, IoU: 0.8401
[2026-09-15 04:17:08,456] Epoch: 181, Dataset: test, Dice: 0.9390, IoU: 0.8894
[2026-09-15 04:17:08,895] Epoch: 181, Dataset: val, Dice: 0.8878, IoU: 0.8236
[2026-09-15 04:17:19,107] Epoch: 182, Dataset: test, Dice: 0.9378, IoU: 0.8879
[2026-09-15 04:17:19,608] Epoch: 182, Dataset: val, Dice: 0.9044, IoU: 0.8422
[2026-09-15 04:17:31,535] Epoch: 183, Dataset: test, Dice: 0.9380, IoU: 0.8881
[2026-09-15 04:17:32,081] Epoch: 183, Dataset: val, Dice: 0.8944, IoU: 0.8313
[2026-09-15 04:17:43,701] Epoch: 184, Dataset: test, Dice: 0.9400, IoU: 0.8914
[2026-09-15 04:17:44,228] Epoch: 184, Dataset: val, Dice: 0.8993, IoU: 0.8385
[2026-09-15 04:17:55,572] Epoch: 185, Dataset: test, Dice: 0.9403, IoU: 0.8913
[2026-09-15 04:17:56,047] Epoch: 185, Dataset: val, Dice: 0.8910, IoU: 0.8281
[2026-09-15 04:18:08,131] Epoch: 186, Dataset: test, Dice: 0.9405, IoU: 0.8916
[2026-09-15 04:18:08,638] Epoch: 186, Dataset: val, Dice: 0.8963, IoU: 0.8335
[2026-09-15 04:18:20,522] Epoch: 187, Dataset: test, Dice: 0.9403, IoU: 0.8907
[2026-09-15 04:18:21,143] Epoch: 187, Dataset: val, Dice: 0.8882, IoU: 0.8235
[2026-09-15 04:18:32,894] Epoch: 188, Dataset: test, Dice: 0.9386, IoU: 0.8891
[2026-09-15 04:18:33,462] Epoch: 188, Dataset: val, Dice: 0.8784, IoU: 0.8125
[2026-09-15 04:18:45,454] Epoch: 189, Dataset: test, Dice: 0.9373, IoU: 0.8873
[2026-09-15 04:18:46,002] Epoch: 189, Dataset: val, Dice: 0.8942, IoU: 0.8320
[2026-09-15 04:18:58,250] Epoch: 190, Dataset: test, Dice: 0.9378, IoU: 0.8876
[2026-09-15 04:18:58,976] Epoch: 190, Dataset: val, Dice: 0.8975, IoU: 0.8348
[2026-09-15 04:19:11,129] Epoch: 191, Dataset: test, Dice: 0.9375, IoU: 0.8874
[2026-09-15 04:19:11,578] Epoch: 191, Dataset: val, Dice: 0.9046, IoU: 0.8439
[2026-09-15 04:19:23,816] Epoch: 192, Dataset: test, Dice: 0.9372, IoU: 0.8873
[2026-09-15 04:19:24,556] Epoch: 192, Dataset: val, Dice: 0.9000, IoU: 0.8382
[2026-09-15 04:19:36,964] Epoch: 193, Dataset: test, Dice: 0.9388, IoU: 0.8891
[2026-09-15 04:19:37,425] Epoch: 193, Dataset: val, Dice: 0.8906, IoU: 0.8268
[2026-09-15 04:19:49,231] Epoch: 194, Dataset: test, Dice: 0.9390, IoU: 0.8897
[2026-09-15 04:19:49,739] Epoch: 194, Dataset: val, Dice: 0.9018, IoU: 0.8397
[2026-09-15 04:20:01,412] Epoch: 195, Dataset: test, Dice: 0.9373, IoU: 0.8869
[2026-09-15 04:20:02,101] Epoch: 195, Dataset: val, Dice: 0.8847, IoU: 0.8185
[2026-09-15 04:20:12,642] Epoch: 196, Dataset: test, Dice: 0.9382, IoU: 0.8876
[2026-09-15 04:20:13,065] Epoch: 196, Dataset: val, Dice: 0.8857, IoU: 0.8225
[2026-09-15 04:20:24,948] Epoch: 197, Dataset: test, Dice: 0.9403, IoU: 0.8912
[2026-09-15 04:20:25,641] Epoch: 197, Dataset: val, Dice: 0.9019, IoU: 0.8421
[2026-09-15 04:20:37,829] Epoch: 198, Dataset: test, Dice: 0.9404, IoU: 0.8920
[2026-09-15 04:20:38,359] Epoch: 198, Dataset: val, Dice: 0.8964, IoU: 0.8347
[2026-09-15 04:20:50,404] Epoch: 199, Dataset: test, Dice: 0.9371, IoU: 0.8862
[2026-09-15 04:20:51,077] Epoch: 199, Dataset: val, Dice: 0.8895, IoU: 0.8259
[2026-09-15 04:21:02,778] Epoch: 200, Dataset: test, Dice: 0.9395, IoU: 0.8905
[2026-09-15 04:21:03,245] Epoch: 200, Dataset: val, Dice: 0.9045, IoU: 0.8445
[2026-09-15 04:21:03,246] 
========================================
FINAL RESULTS: ClinicDB_MK_UNet_bs8_lr0.0005_e200_augTrue_run1_t034126
Best Val Dice: 0.9159
Test Dice at Best Val: 0.9257
Total Train Time: 2145.00s
========================================
