[2026-09-18 08:51:15,823] flops: 0.619251354, params: 0.315566, Total params: : 0.3156
[2026-09-18 08:51:58,280] Epoch: 1, Dataset: test, Dice: 0.0735, IoU: 0.0414
[2026-09-18 08:52:01,586] Epoch: 1, Dataset: val, Dice: 0.0724, IoU: 0.0404
[2026-09-18 08:52:01,587] ### Best Model Saved (Dice improved from 0.0000 to 0.0724) ###
[2026-09-18 08:52:42,380] Epoch: 2, Dataset: test, Dice: 0.7648, IoU: 0.6407
[2026-09-18 08:52:45,738] Epoch: 2, Dataset: val, Dice: 0.7722, IoU: 0.6481
[2026-09-18 08:52:45,739] ### Best Model Saved (Dice improved from 0.0724 to 0.7722) ###
[2026-09-18 08:53:29,462] Epoch: 3, Dataset: test, Dice: 0.7859, IoU: 0.6719
[2026-09-18 08:53:32,954] Epoch: 3, Dataset: val, Dice: 0.8060, IoU: 0.6895
[2026-09-18 08:53:32,955] ### Best Model Saved (Dice improved from 0.7722 to 0.8060) ###
[2026-09-18 08:54:16,280] Epoch: 4, Dataset: test, Dice: 0.7772, IoU: 0.6639
[2026-09-18 08:54:19,780] Epoch: 4, Dataset: val, Dice: 0.7866, IoU: 0.6708
[2026-09-18 08:55:03,217] Epoch: 5, Dataset: test, Dice: 0.8112, IoU: 0.6984
[2026-09-18 08:55:06,739] Epoch: 5, Dataset: val, Dice: 0.8173, IoU: 0.7034
[2026-09-18 08:55:06,739] ### Best Model Saved (Dice improved from 0.8060 to 0.8173) ###
[2026-09-18 08:55:48,782] Epoch: 6, Dataset: test, Dice: 0.7733, IoU: 0.6526
[2026-09-18 08:55:52,343] Epoch: 6, Dataset: val, Dice: 0.7879, IoU: 0.6646
[2026-09-18 08:56:32,742] Epoch: 7, Dataset: test, Dice: 0.7957, IoU: 0.6745
[2026-09-18 08:56:36,231] Epoch: 7, Dataset: val, Dice: 0.7975, IoU: 0.6757
[2026-09-18 08:57:16,052] Epoch: 8, Dataset: test, Dice: 0.7927, IoU: 0.6713
[2026-09-18 08:57:19,147] Epoch: 8, Dataset: val, Dice: 0.7943, IoU: 0.6730
[2026-09-18 08:58:02,787] Epoch: 9, Dataset: test, Dice: 0.7935, IoU: 0.6722
[2026-09-18 08:58:05,844] Epoch: 9, Dataset: val, Dice: 0.7934, IoU: 0.6711
[2026-09-18 08:58:48,305] Epoch: 10, Dataset: test, Dice: 0.3688, IoU: 0.2666
[2026-09-18 08:58:51,854] Epoch: 10, Dataset: val, Dice: 0.4203, IoU: 0.3092
[2026-09-18 08:59:35,177] Epoch: 11, Dataset: test, Dice: 0.5759, IoU: 0.4419
[2026-09-18 08:59:38,691] Epoch: 11, Dataset: val, Dice: 0.5885, IoU: 0.4559
[2026-09-18 09:00:21,480] Epoch: 12, Dataset: test, Dice: 0.7746, IoU: 0.6517
[2026-09-18 09:00:24,660] Epoch: 12, Dataset: val, Dice: 0.7828, IoU: 0.6587
[2026-09-18 09:01:08,085] Epoch: 13, Dataset: test, Dice: 0.3050, IoU: 0.2199
[2026-09-18 09:01:11,629] Epoch: 13, Dataset: val, Dice: 0.3487, IoU: 0.2513
[2026-09-18 09:01:53,671] Epoch: 14, Dataset: test, Dice: 0.7948, IoU: 0.6725
[2026-09-18 09:01:57,198] Epoch: 14, Dataset: val, Dice: 0.7965, IoU: 0.6730
[2026-09-18 09:02:40,484] Epoch: 15, Dataset: test, Dice: 0.7857, IoU: 0.6607
[2026-09-18 09:02:44,024] Epoch: 15, Dataset: val, Dice: 0.7909, IoU: 0.6659
[2026-09-18 09:03:26,617] Epoch: 16, Dataset: test, Dice: 0.7890, IoU: 0.6655
[2026-09-18 09:03:30,138] Epoch: 16, Dataset: val, Dice: 0.7903, IoU: 0.6659
[2026-09-18 09:04:11,418] Epoch: 17, Dataset: test, Dice: 0.7840, IoU: 0.6609
[2026-09-18 09:04:14,545] Epoch: 17, Dataset: val, Dice: 0.7882, IoU: 0.6635
[2026-09-18 09:04:57,638] Epoch: 18, Dataset: test, Dice: 0.7830, IoU: 0.6583
[2026-09-18 09:05:00,947] Epoch: 18, Dataset: val, Dice: 0.7838, IoU: 0.6586
[2026-09-18 09:05:44,068] Epoch: 19, Dataset: test, Dice: 0.6543, IoU: 0.5136
[2026-09-18 09:05:47,287] Epoch: 19, Dataset: val, Dice: 0.6735, IoU: 0.5345
[2026-09-18 09:06:26,902] Epoch: 20, Dataset: test, Dice: 0.7800, IoU: 0.6528
[2026-09-18 09:06:30,404] Epoch: 20, Dataset: val, Dice: 0.7789, IoU: 0.6514
[2026-09-18 09:07:14,225] Epoch: 21, Dataset: test, Dice: 0.7770, IoU: 0.6519
[2026-09-18 09:07:17,336] Epoch: 21, Dataset: val, Dice: 0.7753, IoU: 0.6493
[2026-09-18 09:07:59,790] Epoch: 22, Dataset: test, Dice: 0.7598, IoU: 0.6290
[2026-09-18 09:08:03,284] Epoch: 22, Dataset: val, Dice: 0.7643, IoU: 0.6323
[2026-09-18 09:08:46,780] Epoch: 23, Dataset: test, Dice: 0.1156, IoU: 0.0715
[2026-09-18 09:08:50,130] Epoch: 23, Dataset: val, Dice: 0.1193, IoU: 0.0721
[2026-09-18 09:09:32,513] Epoch: 24, Dataset: test, Dice: 0.7706, IoU: 0.6417
[2026-09-18 09:09:36,055] Epoch: 24, Dataset: val, Dice: 0.7717, IoU: 0.6408
[2026-09-18 09:10:14,884] Epoch: 25, Dataset: test, Dice: 0.7694, IoU: 0.6405
[2026-09-18 09:10:18,319] Epoch: 25, Dataset: val, Dice: 0.7690, IoU: 0.6391
[2026-09-18 09:11:01,068] Epoch: 26, Dataset: test, Dice: 0.7729, IoU: 0.6463
[2026-09-18 09:11:04,429] Epoch: 26, Dataset: val, Dice: 0.7797, IoU: 0.6518
[2026-09-18 09:11:47,495] Epoch: 27, Dataset: test, Dice: 0.7845, IoU: 0.6585
[2026-09-18 09:11:51,067] Epoch: 27, Dataset: val, Dice: 0.7830, IoU: 0.6566
[2026-09-18 09:12:31,579] Epoch: 28, Dataset: test, Dice: 0.7592, IoU: 0.6325
[2026-09-18 09:12:35,109] Epoch: 28, Dataset: val, Dice: 0.7622, IoU: 0.6339
[2026-09-18 09:13:17,820] Epoch: 29, Dataset: test, Dice: 0.7865, IoU: 0.6611
[2026-09-18 09:13:20,975] Epoch: 29, Dataset: val, Dice: 0.7857, IoU: 0.6595
[2026-09-18 09:14:03,450] Epoch: 30, Dataset: test, Dice: 0.7646, IoU: 0.6355
[2026-09-18 09:14:06,996] Epoch: 30, Dataset: val, Dice: 0.7678, IoU: 0.6370
[2026-09-18 09:14:50,609] Epoch: 31, Dataset: test, Dice: 0.7800, IoU: 0.6522
[2026-09-18 09:14:54,132] Epoch: 31, Dataset: val, Dice: 0.7823, IoU: 0.6542
[2026-09-18 09:15:34,502] Epoch: 32, Dataset: test, Dice: 0.7754, IoU: 0.6468
[2026-09-18 09:15:37,572] Epoch: 32, Dataset: val, Dice: 0.7746, IoU: 0.6450
[2026-09-18 09:16:18,996] Epoch: 33, Dataset: test, Dice: 0.7659, IoU: 0.6357
[2026-09-18 09:16:22,563] Epoch: 33, Dataset: val, Dice: 0.7677, IoU: 0.6369
[2026-09-18 09:17:05,970] Epoch: 34, Dataset: test, Dice: 0.7792, IoU: 0.6516
[2026-09-18 09:17:09,187] Epoch: 34, Dataset: val, Dice: 0.7780, IoU: 0.6503
[2026-09-18 09:17:52,790] Epoch: 35, Dataset: test, Dice: 0.7747, IoU: 0.6461
[2026-09-18 09:17:55,992] Epoch: 35, Dataset: val, Dice: 0.7748, IoU: 0.6450
[2026-09-18 09:18:36,959] Epoch: 36, Dataset: test, Dice: 0.7609, IoU: 0.6286
[2026-09-18 09:18:40,358] Epoch: 36, Dataset: val, Dice: 0.7611, IoU: 0.6283
[2026-09-18 09:19:23,662] Epoch: 37, Dataset: test, Dice: 0.7777, IoU: 0.6493
[2026-09-18 09:19:27,252] Epoch: 37, Dataset: val, Dice: 0.7782, IoU: 0.6497
[2026-09-18 09:20:08,475] Epoch: 38, Dataset: test, Dice: 0.7801, IoU: 0.6534
[2026-09-18 09:20:11,579] Epoch: 38, Dataset: val, Dice: 0.7789, IoU: 0.6517
[2026-09-18 09:20:54,544] Epoch: 39, Dataset: test, Dice: 0.7856, IoU: 0.6608
[2026-09-18 09:20:57,724] Epoch: 39, Dataset: val, Dice: 0.7869, IoU: 0.6611
[2026-09-18 09:21:40,880] Epoch: 40, Dataset: test, Dice: 0.7748, IoU: 0.6463
[2026-09-18 09:21:43,942] Epoch: 40, Dataset: val, Dice: 0.7764, IoU: 0.6469
[2026-09-18 09:22:27,101] Epoch: 41, Dataset: test, Dice: 0.7716, IoU: 0.6429
[2026-09-18 09:22:30,245] Epoch: 41, Dataset: val, Dice: 0.7728, IoU: 0.6424
[2026-09-18 09:23:11,397] Epoch: 42, Dataset: test, Dice: 0.7790, IoU: 0.6520
[2026-09-18 09:23:14,957] Epoch: 42, Dataset: val, Dice: 0.7779, IoU: 0.6504
[2026-09-18 09:23:58,294] Epoch: 43, Dataset: test, Dice: 0.7476, IoU: 0.6175
[2026-09-18 09:24:01,902] Epoch: 43, Dataset: val, Dice: 0.7479, IoU: 0.6163
[2026-09-18 09:24:45,633] Epoch: 44, Dataset: test, Dice: 0.7725, IoU: 0.6425
[2026-09-18 09:24:49,213] Epoch: 44, Dataset: val, Dice: 0.7707, IoU: 0.6400
[2026-09-18 09:25:32,577] Epoch: 45, Dataset: test, Dice: 0.5920, IoU: 0.4608
[2026-09-18 09:25:36,106] Epoch: 45, Dataset: val, Dice: 0.6100, IoU: 0.4820
[2026-09-18 09:26:16,618] Epoch: 46, Dataset: test, Dice: 0.7685, IoU: 0.6430
[2026-09-18 09:26:19,828] Epoch: 46, Dataset: val, Dice: 0.7694, IoU: 0.6422
[2026-09-18 09:27:02,264] Epoch: 47, Dataset: test, Dice: 0.7944, IoU: 0.6731
[2026-09-18 09:27:05,842] Epoch: 47, Dataset: val, Dice: 0.7976, IoU: 0.6754
[2026-09-18 09:27:48,789] Epoch: 48, Dataset: test, Dice: 0.7949, IoU: 0.6722
[2026-09-18 09:27:52,355] Epoch: 48, Dataset: val, Dice: 0.7936, IoU: 0.6691
[2026-09-18 09:28:33,580] Epoch: 49, Dataset: test, Dice: 0.7837, IoU: 0.6569
[2026-09-18 09:28:37,110] Epoch: 49, Dataset: val, Dice: 0.7812, IoU: 0.6544
[2026-09-18 09:29:20,175] Epoch: 50, Dataset: test, Dice: 0.7884, IoU: 0.6635
[2026-09-18 09:29:23,740] Epoch: 50, Dataset: val, Dice: 0.7864, IoU: 0.6612
[2026-09-18 09:30:06,508] Epoch: 51, Dataset: test, Dice: 0.7704, IoU: 0.6409
[2026-09-18 09:30:09,998] Epoch: 51, Dataset: val, Dice: 0.7676, IoU: 0.6371
[2026-09-18 09:30:52,211] Epoch: 52, Dataset: test, Dice: 0.7663, IoU: 0.6341
[2026-09-18 09:30:55,450] Epoch: 52, Dataset: val, Dice: 0.7631, IoU: 0.6305
[2026-09-18 09:31:39,071] Epoch: 53, Dataset: test, Dice: 0.7837, IoU: 0.6574
[2026-09-18 09:31:42,643] Epoch: 53, Dataset: val, Dice: 0.7818, IoU: 0.6546
[2026-09-18 09:32:26,169] Epoch: 54, Dataset: test, Dice: 0.7769, IoU: 0.6488
[2026-09-18 09:32:29,717] Epoch: 54, Dataset: val, Dice: 0.7753, IoU: 0.6459
[2026-09-18 09:33:12,692] Epoch: 55, Dataset: test, Dice: 0.7764, IoU: 0.6483
[2026-09-18 09:33:15,893] Epoch: 55, Dataset: val, Dice: 0.7750, IoU: 0.6455
[2026-09-18 09:33:55,769] Epoch: 56, Dataset: test, Dice: 0.7526, IoU: 0.6257
[2026-09-18 09:33:59,335] Epoch: 56, Dataset: val, Dice: 0.7500, IoU: 0.6237
[2026-09-18 09:34:39,113] Epoch: 57, Dataset: test, Dice: 0.7604, IoU: 0.6289
[2026-09-18 09:34:42,715] Epoch: 57, Dataset: val, Dice: 0.7581, IoU: 0.6262
[2026-09-18 09:35:26,079] Epoch: 58, Dataset: test, Dice: 0.7680, IoU: 0.6401
[2026-09-18 09:35:29,596] Epoch: 58, Dataset: val, Dice: 0.7713, IoU: 0.6423
[2026-09-18 09:36:11,806] Epoch: 59, Dataset: test, Dice: 0.7723, IoU: 0.6434
[2026-09-18 09:36:15,085] Epoch: 59, Dataset: val, Dice: 0.7676, IoU: 0.6381
[2026-09-18 09:36:57,793] Epoch: 60, Dataset: test, Dice: 0.7777, IoU: 0.6491
[2026-09-18 09:37:01,055] Epoch: 60, Dataset: val, Dice: 0.7704, IoU: 0.6419
[2026-09-18 09:37:44,698] Epoch: 61, Dataset: test, Dice: 0.7783, IoU: 0.6508
[2026-09-18 09:37:48,272] Epoch: 61, Dataset: val, Dice: 0.7782, IoU: 0.6497
[2026-09-18 09:38:28,261] Epoch: 62, Dataset: test, Dice: 0.7719, IoU: 0.6462
[2026-09-18 09:38:31,387] Epoch: 62, Dataset: val, Dice: 0.7684, IoU: 0.6427
[2026-09-18 09:39:14,066] Epoch: 63, Dataset: test, Dice: 0.7560, IoU: 0.6240
[2026-09-18 09:39:17,274] Epoch: 63, Dataset: val, Dice: 0.7525, IoU: 0.6198
[2026-09-18 09:40:00,650] Epoch: 64, Dataset: test, Dice: 0.7736, IoU: 0.6462
[2026-09-18 09:40:03,926] Epoch: 64, Dataset: val, Dice: 0.7727, IoU: 0.6437
[2026-09-18 09:40:47,140] Epoch: 65, Dataset: test, Dice: 0.7774, IoU: 0.6492
[2026-09-18 09:40:50,636] Epoch: 65, Dataset: val, Dice: 0.7749, IoU: 0.6456
[2026-09-18 09:41:34,443] Epoch: 66, Dataset: test, Dice: 0.7726, IoU: 0.6442
[2026-09-18 09:41:37,994] Epoch: 66, Dataset: val, Dice: 0.7672, IoU: 0.6377
[2026-09-18 09:42:20,674] Epoch: 67, Dataset: test, Dice: 0.7722, IoU: 0.6445
[2026-09-18 09:42:24,237] Epoch: 67, Dataset: val, Dice: 0.7703, IoU: 0.6412
[2026-09-18 09:43:06,621] Epoch: 68, Dataset: test, Dice: 0.7628, IoU: 0.6328
[2026-09-18 09:43:09,807] Epoch: 68, Dataset: val, Dice: 0.7609, IoU: 0.6305
[2026-09-18 09:43:52,762] Epoch: 69, Dataset: test, Dice: 0.7656, IoU: 0.6375
[2026-09-18 09:43:56,298] Epoch: 69, Dataset: val, Dice: 0.7643, IoU: 0.6354
[2026-09-18 09:44:39,008] Epoch: 70, Dataset: test, Dice: 0.7556, IoU: 0.6236
[2026-09-18 09:44:42,521] Epoch: 70, Dataset: val, Dice: 0.7525, IoU: 0.6201
[2026-09-18 09:45:26,098] Epoch: 71, Dataset: test, Dice: 0.7679, IoU: 0.6370
[2026-09-18 09:45:29,308] Epoch: 71, Dataset: val, Dice: 0.7631, IoU: 0.6314
[2026-09-18 09:46:13,015] Epoch: 72, Dataset: test, Dice: 0.7797, IoU: 0.6526
[2026-09-18 09:46:15,979] Epoch: 72, Dataset: val, Dice: 0.7767, IoU: 0.6487
[2026-09-18 09:46:59,997] Epoch: 73, Dataset: test, Dice: 0.7750, IoU: 0.6476
[2026-09-18 09:47:03,113] Epoch: 73, Dataset: val, Dice: 0.7731, IoU: 0.6447
[2026-09-18 09:47:46,749] Epoch: 74, Dataset: test, Dice: 0.7817, IoU: 0.6547
[2026-09-18 09:47:50,311] Epoch: 74, Dataset: val, Dice: 0.7770, IoU: 0.6488
[2026-09-18 09:48:34,555] Epoch: 75, Dataset: test, Dice: 0.7740, IoU: 0.6451
[2026-09-18 09:48:38,064] Epoch: 75, Dataset: val, Dice: 0.7704, IoU: 0.6410
[2026-09-18 09:49:19,980] Epoch: 76, Dataset: test, Dice: 0.7554, IoU: 0.6269
[2026-09-18 09:49:23,541] Epoch: 76, Dataset: val, Dice: 0.7501, IoU: 0.6208
[2026-09-18 09:50:05,606] Epoch: 77, Dataset: test, Dice: 0.7829, IoU: 0.6552
[2026-09-18 09:50:08,647] Epoch: 77, Dataset: val, Dice: 0.7759, IoU: 0.6481
[2026-09-18 09:50:52,777] Epoch: 78, Dataset: test, Dice: 0.7708, IoU: 0.6423
[2026-09-18 09:50:56,053] Epoch: 78, Dataset: val, Dice: 0.7692, IoU: 0.6398
[2026-09-18 09:51:38,906] Epoch: 79, Dataset: test, Dice: 0.7584, IoU: 0.6289
[2026-09-18 09:51:42,426] Epoch: 79, Dataset: val, Dice: 0.7500, IoU: 0.6194
[2026-09-18 09:52:25,192] Epoch: 80, Dataset: test, Dice: 0.7634, IoU: 0.6352
[2026-09-18 09:52:28,702] Epoch: 80, Dataset: val, Dice: 0.7622, IoU: 0.6331
[2026-09-18 09:53:11,745] Epoch: 81, Dataset: test, Dice: 0.7364, IoU: 0.6020
[2026-09-18 09:53:14,931] Epoch: 81, Dataset: val, Dice: 0.7339, IoU: 0.5999
[2026-09-18 09:53:54,416] Epoch: 82, Dataset: test, Dice: 0.7775, IoU: 0.6500
[2026-09-18 09:53:57,656] Epoch: 82, Dataset: val, Dice: 0.7759, IoU: 0.6473
[2026-09-18 09:54:40,693] Epoch: 83, Dataset: test, Dice: 0.7747, IoU: 0.6467
[2026-09-18 09:54:44,258] Epoch: 83, Dataset: val, Dice: 0.7705, IoU: 0.6420
[2026-09-18 09:55:24,724] Epoch: 84, Dataset: test, Dice: 0.7693, IoU: 0.6446
[2026-09-18 09:55:28,039] Epoch: 84, Dataset: val, Dice: 0.7652, IoU: 0.6385
[2026-09-18 09:56:11,533] Epoch: 85, Dataset: test, Dice: 0.7844, IoU: 0.6587
[2026-09-18 09:56:14,575] Epoch: 85, Dataset: val, Dice: 0.7820, IoU: 0.6555
[2026-09-18 09:56:57,637] Epoch: 86, Dataset: test, Dice: 0.7735, IoU: 0.6456
[2026-09-18 09:57:01,208] Epoch: 86, Dataset: val, Dice: 0.7683, IoU: 0.6396
[2026-09-18 09:57:42,630] Epoch: 87, Dataset: test, Dice: 0.7818, IoU: 0.6548
[2026-09-18 09:57:46,191] Epoch: 87, Dataset: val, Dice: 0.7782, IoU: 0.6508
[2026-09-18 09:58:29,709] Epoch: 88, Dataset: test, Dice: 0.7847, IoU: 0.6599
[2026-09-18 09:58:32,963] Epoch: 88, Dataset: val, Dice: 0.7810, IoU: 0.6552
[2026-09-18 09:59:16,119] Epoch: 89, Dataset: test, Dice: 0.7605, IoU: 0.6284
[2026-09-18 09:59:19,421] Epoch: 89, Dataset: val, Dice: 0.7560, IoU: 0.6233
[2026-09-18 09:59:59,641] Epoch: 90, Dataset: test, Dice: 0.7930, IoU: 0.6692
[2026-09-18 10:00:02,554] Epoch: 90, Dataset: val, Dice: 0.7899, IoU: 0.6650
[2026-09-18 10:00:45,898] Epoch: 91, Dataset: test, Dice: 0.7806, IoU: 0.6523
[2026-09-18 10:00:49,471] Epoch: 91, Dataset: val, Dice: 0.7780, IoU: 0.6485
[2026-09-18 10:01:31,825] Epoch: 92, Dataset: test, Dice: 0.7899, IoU: 0.6647
[2026-09-18 10:01:34,728] Epoch: 92, Dataset: val, Dice: 0.7873, IoU: 0.6616
[2026-09-18 10:02:18,062] Epoch: 93, Dataset: test, Dice: 0.7771, IoU: 0.6491
[2026-09-18 10:02:21,605] Epoch: 93, Dataset: val, Dice: 0.7752, IoU: 0.6470
[2026-09-18 10:03:04,363] Epoch: 94, Dataset: test, Dice: 0.7669, IoU: 0.6375
[2026-09-18 10:03:07,576] Epoch: 94, Dataset: val, Dice: 0.7642, IoU: 0.6338
[2026-09-18 10:03:50,684] Epoch: 95, Dataset: test, Dice: 0.7796, IoU: 0.6517
[2026-09-18 10:03:54,243] Epoch: 95, Dataset: val, Dice: 0.7764, IoU: 0.6487
[2026-09-18 10:04:37,662] Epoch: 96, Dataset: test, Dice: 0.7866, IoU: 0.6609
[2026-09-18 10:04:41,205] Epoch: 96, Dataset: val, Dice: 0.7835, IoU: 0.6569
[2026-09-18 10:05:21,027] Epoch: 97, Dataset: test, Dice: 0.7738, IoU: 0.6446
[2026-09-18 10:05:24,528] Epoch: 97, Dataset: val, Dice: 0.7695, IoU: 0.6402
[2026-09-18 10:06:07,238] Epoch: 98, Dataset: test, Dice: 0.7723, IoU: 0.6420
[2026-09-18 10:06:10,418] Epoch: 98, Dataset: val, Dice: 0.7662, IoU: 0.6356
[2026-09-18 10:06:54,095] Epoch: 99, Dataset: test, Dice: 0.7753, IoU: 0.6469
[2026-09-18 10:06:57,134] Epoch: 99, Dataset: val, Dice: 0.7727, IoU: 0.6435
[2026-09-18 10:07:40,491] Epoch: 100, Dataset: test, Dice: 0.7845, IoU: 0.6575
[2026-09-18 10:07:44,041] Epoch: 100, Dataset: val, Dice: 0.7773, IoU: 0.6500
[2026-09-18 10:08:26,091] Epoch: 101, Dataset: test, Dice: 0.7698, IoU: 0.6389
[2026-09-18 10:08:29,665] Epoch: 101, Dataset: val, Dice: 0.7640, IoU: 0.6331
[2026-09-18 10:09:12,142] Epoch: 102, Dataset: test, Dice: 0.7821, IoU: 0.6554
[2026-09-18 10:09:15,678] Epoch: 102, Dataset: val, Dice: 0.7812, IoU: 0.6536
[2026-09-18 10:09:58,793] Epoch: 103, Dataset: test, Dice: 0.7805, IoU: 0.6544
[2026-09-18 10:10:01,738] Epoch: 103, Dataset: val, Dice: 0.7775, IoU: 0.6501
[2026-09-18 10:10:41,154] Epoch: 104, Dataset: test, Dice: 0.7696, IoU: 0.6390
[2026-09-18 10:10:44,341] Epoch: 104, Dataset: val, Dice: 0.7620, IoU: 0.6310
[2026-09-18 10:11:25,637] Epoch: 105, Dataset: test, Dice: 0.7831, IoU: 0.6562
[2026-09-18 10:11:29,247] Epoch: 105, Dataset: val, Dice: 0.7770, IoU: 0.6494
[2026-09-18 10:12:12,546] Epoch: 106, Dataset: test, Dice: 0.7736, IoU: 0.6451
[2026-09-18 10:12:15,630] Epoch: 106, Dataset: val, Dice: 0.7678, IoU: 0.6390
[2026-09-18 10:12:59,593] Epoch: 107, Dataset: test, Dice: 0.7718, IoU: 0.6414
[2026-09-18 10:13:03,078] Epoch: 107, Dataset: val, Dice: 0.7668, IoU: 0.6362
[2026-09-18 10:13:46,570] Epoch: 108, Dataset: test, Dice: 0.7647, IoU: 0.6376
[2026-09-18 10:13:50,103] Epoch: 108, Dataset: val, Dice: 0.7554, IoU: 0.6278
[2026-09-18 10:14:33,256] Epoch: 109, Dataset: test, Dice: 0.7729, IoU: 0.6439
[2026-09-18 10:14:36,814] Epoch: 109, Dataset: val, Dice: 0.7682, IoU: 0.6388
[2026-09-18 10:15:17,200] Epoch: 110, Dataset: test, Dice: 0.7692, IoU: 0.6382
[2026-09-18 10:15:20,418] Epoch: 110, Dataset: val, Dice: 0.7622, IoU: 0.6309
[2026-09-18 10:16:03,211] Epoch: 111, Dataset: test, Dice: 0.7791, IoU: 0.6503
[2026-09-18 10:16:06,788] Epoch: 111, Dataset: val, Dice: 0.7699, IoU: 0.6410
[2026-09-18 10:16:48,950] Epoch: 112, Dataset: test, Dice: 0.7764, IoU: 0.6477
[2026-09-18 10:16:51,958] Epoch: 112, Dataset: val, Dice: 0.7701, IoU: 0.6408
[2026-09-18 10:17:34,913] Epoch: 113, Dataset: test, Dice: 0.7803, IoU: 0.6524
[2026-09-18 10:17:38,468] Epoch: 113, Dataset: val, Dice: 0.7712, IoU: 0.6427
[2026-09-18 10:18:22,267] Epoch: 114, Dataset: test, Dice: 0.7753, IoU: 0.6462
[2026-09-18 10:18:25,292] Epoch: 114, Dataset: val, Dice: 0.7666, IoU: 0.6368
[2026-09-18 10:19:04,856] Epoch: 115, Dataset: test, Dice: 0.7793, IoU: 0.6518
[2026-09-18 10:19:08,149] Epoch: 115, Dataset: val, Dice: 0.7731, IoU: 0.6446
[2026-09-18 10:19:52,257] Epoch: 116, Dataset: test, Dice: 0.7713, IoU: 0.6412
[2026-09-18 10:19:55,611] Epoch: 116, Dataset: val, Dice: 0.7656, IoU: 0.6348
[2026-09-18 10:20:38,843] Epoch: 117, Dataset: test, Dice: 0.7781, IoU: 0.6498
[2026-09-18 10:20:42,365] Epoch: 117, Dataset: val, Dice: 0.7736, IoU: 0.6444
[2026-09-18 10:21:25,499] Epoch: 118, Dataset: test, Dice: 0.7686, IoU: 0.6383
[2026-09-18 10:21:28,645] Epoch: 118, Dataset: val, Dice: 0.7619, IoU: 0.6308
[2026-09-18 10:22:11,778] Epoch: 119, Dataset: test, Dice: 0.7704, IoU: 0.6400
[2026-09-18 10:22:15,340] Epoch: 119, Dataset: val, Dice: 0.7627, IoU: 0.6318
[2026-09-18 10:22:58,476] Epoch: 120, Dataset: test, Dice: 0.7810, IoU: 0.6528
[2026-09-18 10:23:02,047] Epoch: 120, Dataset: val, Dice: 0.7742, IoU: 0.6458
[2026-09-18 10:23:45,436] Epoch: 121, Dataset: test, Dice: 0.7725, IoU: 0.6433
[2026-09-18 10:23:48,942] Epoch: 121, Dataset: val, Dice: 0.7646, IoU: 0.6340
[2026-09-18 10:24:31,907] Epoch: 122, Dataset: test, Dice: 0.7741, IoU: 0.6450
[2026-09-18 10:24:35,419] Epoch: 122, Dataset: val, Dice: 0.7677, IoU: 0.6378
[2026-09-18 10:25:18,054] Epoch: 123, Dataset: test, Dice: 0.7775, IoU: 0.6501
[2026-09-18 10:25:21,438] Epoch: 123, Dataset: val, Dice: 0.7701, IoU: 0.6425
[2026-09-18 10:26:04,392] Epoch: 124, Dataset: test, Dice: 0.7738, IoU: 0.6438
[2026-09-18 10:26:07,653] Epoch: 124, Dataset: val, Dice: 0.7666, IoU: 0.6360
[2026-09-18 10:26:50,921] Epoch: 125, Dataset: test, Dice: 0.7792, IoU: 0.6513
[2026-09-18 10:26:54,170] Epoch: 125, Dataset: val, Dice: 0.7708, IoU: 0.6421
[2026-09-18 10:27:36,689] Epoch: 126, Dataset: test, Dice: 0.7742, IoU: 0.6442
[2026-09-18 10:27:40,267] Epoch: 126, Dataset: val, Dice: 0.7667, IoU: 0.6364
[2026-09-18 10:28:22,892] Epoch: 127, Dataset: test, Dice: 0.7792, IoU: 0.6510
[2026-09-18 10:28:26,428] Epoch: 127, Dataset: val, Dice: 0.7723, IoU: 0.6437
[2026-09-18 10:29:08,735] Epoch: 128, Dataset: test, Dice: 0.7791, IoU: 0.6505
[2026-09-18 10:29:12,256] Epoch: 128, Dataset: val, Dice: 0.7699, IoU: 0.6407
[2026-09-18 10:29:55,615] Epoch: 129, Dataset: test, Dice: 0.7763, IoU: 0.6473
[2026-09-18 10:29:59,209] Epoch: 129, Dataset: val, Dice: 0.7711, IoU: 0.6419
[2026-09-18 10:30:42,474] Epoch: 130, Dataset: test, Dice: 0.7834, IoU: 0.6561
[2026-09-18 10:30:46,018] Epoch: 130, Dataset: val, Dice: 0.7731, IoU: 0.6452
[2026-09-18 10:31:28,157] Epoch: 131, Dataset: test, Dice: 0.7858, IoU: 0.6593
[2026-09-18 10:31:31,679] Epoch: 131, Dataset: val, Dice: 0.7785, IoU: 0.6513
[2026-09-18 10:32:14,734] Epoch: 132, Dataset: test, Dice: 0.7856, IoU: 0.6598
[2026-09-18 10:32:18,235] Epoch: 132, Dataset: val, Dice: 0.7822, IoU: 0.6560
[2026-09-18 10:33:01,759] Epoch: 133, Dataset: test, Dice: 0.7782, IoU: 0.6496
[2026-09-18 10:33:05,046] Epoch: 133, Dataset: val, Dice: 0.7720, IoU: 0.6431
[2026-09-18 10:33:46,025] Epoch: 134, Dataset: test, Dice: 0.7786, IoU: 0.6501
[2026-09-18 10:33:49,263] Epoch: 134, Dataset: val, Dice: 0.7715, IoU: 0.6423
[2026-09-18 10:34:31,197] Epoch: 135, Dataset: test, Dice: 0.7788, IoU: 0.6505
[2026-09-18 10:34:34,740] Epoch: 135, Dataset: val, Dice: 0.7721, IoU: 0.6432
[2026-09-18 10:35:18,538] Epoch: 136, Dataset: test, Dice: 0.7780, IoU: 0.6501
[2026-09-18 10:35:22,057] Epoch: 136, Dataset: val, Dice: 0.7695, IoU: 0.6403
[2026-09-18 10:36:05,393] Epoch: 137, Dataset: test, Dice: 0.7766, IoU: 0.6480
[2026-09-18 10:36:08,425] Epoch: 137, Dataset: val, Dice: 0.7680, IoU: 0.6390
[2026-09-18 10:36:51,518] Epoch: 138, Dataset: test, Dice: 0.7765, IoU: 0.6474
[2026-09-18 10:36:54,697] Epoch: 138, Dataset: val, Dice: 0.7697, IoU: 0.6403
[2026-09-18 10:37:35,993] Epoch: 139, Dataset: test, Dice: 0.7793, IoU: 0.6507
[2026-09-18 10:37:39,601] Epoch: 139, Dataset: val, Dice: 0.7710, IoU: 0.6421
[2026-09-18 10:38:20,320] Epoch: 140, Dataset: test, Dice: 0.7768, IoU: 0.6479
[2026-09-18 10:38:23,543] Epoch: 140, Dataset: val, Dice: 0.7699, IoU: 0.6411
[2026-09-18 10:39:07,142] Epoch: 141, Dataset: test, Dice: 0.7805, IoU: 0.6528
[2026-09-18 10:39:10,697] Epoch: 141, Dataset: val, Dice: 0.7751, IoU: 0.6467
[2026-09-18 10:39:53,911] Epoch: 142, Dataset: test, Dice: 0.7842, IoU: 0.6572
[2026-09-18 10:39:57,498] Epoch: 142, Dataset: val, Dice: 0.7785, IoU: 0.6512
[2026-09-18 10:40:41,422] Epoch: 143, Dataset: test, Dice: 0.7773, IoU: 0.6498
[2026-09-18 10:40:45,007] Epoch: 143, Dataset: val, Dice: 0.7719, IoU: 0.6433
[2026-09-18 10:41:28,406] Epoch: 144, Dataset: test, Dice: 0.7828, IoU: 0.6554
[2026-09-18 10:41:31,693] Epoch: 144, Dataset: val, Dice: 0.7746, IoU: 0.6471
[2026-09-18 10:42:14,846] Epoch: 145, Dataset: test, Dice: 0.7715, IoU: 0.6413
[2026-09-18 10:42:18,410] Epoch: 145, Dataset: val, Dice: 0.7655, IoU: 0.6349
[2026-09-18 10:43:02,138] Epoch: 146, Dataset: test, Dice: 0.7831, IoU: 0.6560
[2026-09-18 10:43:05,361] Epoch: 146, Dataset: val, Dice: 0.7771, IoU: 0.6496
[2026-09-18 10:43:49,343] Epoch: 147, Dataset: test, Dice: 0.7777, IoU: 0.6495
[2026-09-18 10:43:51,989] Epoch: 147, Dataset: val, Dice: 0.7727, IoU: 0.6439
[2026-09-18 10:44:35,678] Epoch: 148, Dataset: test, Dice: 0.7755, IoU: 0.6462
[2026-09-18 10:44:38,791] Epoch: 148, Dataset: val, Dice: 0.7687, IoU: 0.6388
[2026-09-18 10:45:19,816] Epoch: 149, Dataset: test, Dice: 0.7804, IoU: 0.6528
[2026-09-18 10:45:22,969] Epoch: 149, Dataset: val, Dice: 0.7746, IoU: 0.6464
[2026-09-18 10:46:05,168] Epoch: 150, Dataset: test, Dice: 0.7785, IoU: 0.6500
[2026-09-18 10:46:08,433] Epoch: 150, Dataset: val, Dice: 0.7718, IoU: 0.6431
[2026-09-18 10:46:52,104] Epoch: 151, Dataset: test, Dice: 0.7777, IoU: 0.6491
[2026-09-18 10:46:55,697] Epoch: 151, Dataset: val, Dice: 0.7712, IoU: 0.6421
[2026-09-18 10:47:36,998] Epoch: 152, Dataset: test, Dice: 0.7844, IoU: 0.6574
[2026-09-18 10:47:40,317] Epoch: 152, Dataset: val, Dice: 0.7781, IoU: 0.6505
[2026-09-18 10:48:23,651] Epoch: 153, Dataset: test, Dice: 0.7772, IoU: 0.6483
[2026-09-18 10:48:26,885] Epoch: 153, Dataset: val, Dice: 0.7697, IoU: 0.6404
[2026-09-18 10:49:07,766] Epoch: 154, Dataset: test, Dice: 0.7779, IoU: 0.6492
[2026-09-18 10:49:10,454] Epoch: 154, Dataset: val, Dice: 0.7713, IoU: 0.6419
[2026-09-18 10:49:53,204] Epoch: 155, Dataset: test, Dice: 0.7748, IoU: 0.6461
[2026-09-18 10:49:56,747] Epoch: 155, Dataset: val, Dice: 0.7679, IoU: 0.6383
[2026-09-18 10:50:39,373] Epoch: 156, Dataset: test, Dice: 0.7798, IoU: 0.6521
[2026-09-18 10:50:42,928] Epoch: 156, Dataset: val, Dice: 0.7742, IoU: 0.6458
[2026-09-18 10:51:26,470] Epoch: 157, Dataset: test, Dice: 0.7824, IoU: 0.6550
[2026-09-18 10:51:29,474] Epoch: 157, Dataset: val, Dice: 0.7755, IoU: 0.6476
[2026-09-18 10:52:11,872] Epoch: 158, Dataset: test, Dice: 0.7798, IoU: 0.6519
[2026-09-18 10:52:15,440] Epoch: 158, Dataset: val, Dice: 0.7739, IoU: 0.6455
[2026-09-18 10:52:58,965] Epoch: 159, Dataset: test, Dice: 0.7801, IoU: 0.6523
[2026-09-18 10:53:02,542] Epoch: 159, Dataset: val, Dice: 0.7729, IoU: 0.6446
[2026-09-18 10:53:46,157] Epoch: 160, Dataset: test, Dice: 0.7744, IoU: 0.6455
[2026-09-18 10:53:49,470] Epoch: 160, Dataset: val, Dice: 0.7676, IoU: 0.6381
[2026-09-18 10:54:32,796] Epoch: 161, Dataset: test, Dice: 0.7779, IoU: 0.6497
[2026-09-18 10:54:36,357] Epoch: 161, Dataset: val, Dice: 0.7691, IoU: 0.6407
[2026-09-18 10:55:19,764] Epoch: 162, Dataset: test, Dice: 0.7765, IoU: 0.6477
[2026-09-18 10:55:22,995] Epoch: 162, Dataset: val, Dice: 0.7695, IoU: 0.6401
[2026-09-18 10:56:06,593] Epoch: 163, Dataset: test, Dice: 0.7766, IoU: 0.6488
[2026-09-18 10:56:10,118] Epoch: 163, Dataset: val, Dice: 0.7702, IoU: 0.6414
[2026-09-18 10:56:53,387] Epoch: 164, Dataset: test, Dice: 0.7756, IoU: 0.6464
[2026-09-18 10:56:56,207] Epoch: 164, Dataset: val, Dice: 0.7690, IoU: 0.6393
[2026-09-18 10:57:36,615] Epoch: 165, Dataset: test, Dice: 0.7811, IoU: 0.6534
[2026-09-18 10:57:39,702] Epoch: 165, Dataset: val, Dice: 0.7754, IoU: 0.6472
[2026-09-18 10:58:18,604] Epoch: 166, Dataset: test, Dice: 0.7804, IoU: 0.6531
[2026-09-18 10:58:21,880] Epoch: 166, Dataset: val, Dice: 0.7732, IoU: 0.6443
[2026-09-18 10:59:05,238] Epoch: 167, Dataset: test, Dice: 0.7760, IoU: 0.6470
[2026-09-18 10:59:08,800] Epoch: 167, Dataset: val, Dice: 0.7687, IoU: 0.6390
[2026-09-18 10:59:52,614] Epoch: 168, Dataset: test, Dice: 0.7818, IoU: 0.6547
[2026-09-18 10:59:56,121] Epoch: 168, Dataset: val, Dice: 0.7738, IoU: 0.6456
[2026-09-18 11:00:38,337] Epoch: 169, Dataset: test, Dice: 0.7798, IoU: 0.6519
[2026-09-18 11:00:41,698] Epoch: 169, Dataset: val, Dice: 0.7725, IoU: 0.6440
[2026-09-18 11:01:24,952] Epoch: 170, Dataset: test, Dice: 0.7825, IoU: 0.6559
[2026-09-18 11:01:28,494] Epoch: 170, Dataset: val, Dice: 0.7752, IoU: 0.6472
[2026-09-18 11:02:11,553] Epoch: 171, Dataset: test, Dice: 0.7764, IoU: 0.6477
[2026-09-18 11:02:15,133] Epoch: 171, Dataset: val, Dice: 0.7693, IoU: 0.6397
[2026-09-18 11:02:58,788] Epoch: 172, Dataset: test, Dice: 0.7767, IoU: 0.6488
[2026-09-18 11:03:01,835] Epoch: 172, Dataset: val, Dice: 0.7696, IoU: 0.6404
[2026-09-18 11:03:43,053] Epoch: 173, Dataset: test, Dice: 0.7803, IoU: 0.6527
[2026-09-18 11:03:46,545] Epoch: 173, Dataset: val, Dice: 0.7730, IoU: 0.6443
[2026-09-18 11:04:29,242] Epoch: 174, Dataset: test, Dice: 0.7802, IoU: 0.6527
[2026-09-18 11:04:32,536] Epoch: 174, Dataset: val, Dice: 0.7726, IoU: 0.6442
[2026-09-18 11:05:15,184] Epoch: 175, Dataset: test, Dice: 0.7824, IoU: 0.6553
[2026-09-18 11:05:18,372] Epoch: 175, Dataset: val, Dice: 0.7753, IoU: 0.6473
[2026-09-18 11:06:00,713] Epoch: 176, Dataset: test, Dice: 0.7783, IoU: 0.6504
[2026-09-18 11:06:03,885] Epoch: 176, Dataset: val, Dice: 0.7718, IoU: 0.6428
[2026-09-18 11:06:43,659] Epoch: 177, Dataset: test, Dice: 0.7783, IoU: 0.6499
[2026-09-18 11:06:47,211] Epoch: 177, Dataset: val, Dice: 0.7706, IoU: 0.6414
[2026-09-18 11:07:30,827] Epoch: 178, Dataset: test, Dice: 0.7806, IoU: 0.6528
[2026-09-18 11:07:34,268] Epoch: 178, Dataset: val, Dice: 0.7733, IoU: 0.6447
[2026-09-18 11:08:17,024] Epoch: 179, Dataset: test, Dice: 0.7751, IoU: 0.6466
[2026-09-18 11:08:19,909] Epoch: 179, Dataset: val, Dice: 0.7689, IoU: 0.6395
[2026-09-18 11:09:03,874] Epoch: 180, Dataset: test, Dice: 0.7785, IoU: 0.6506
[2026-09-18 11:09:07,070] Epoch: 180, Dataset: val, Dice: 0.7711, IoU: 0.6421
[2026-09-18 11:09:50,455] Epoch: 181, Dataset: test, Dice: 0.7786, IoU: 0.6507
[2026-09-18 11:09:53,990] Epoch: 181, Dataset: val, Dice: 0.7723, IoU: 0.6435
[2026-09-18 11:10:37,514] Epoch: 182, Dataset: test, Dice: 0.7780, IoU: 0.6508
[2026-09-18 11:10:40,770] Epoch: 182, Dataset: val, Dice: 0.7719, IoU: 0.6431
[2026-09-18 11:11:21,758] Epoch: 183, Dataset: test, Dice: 0.7747, IoU: 0.6455
[2026-09-18 11:11:24,757] Epoch: 183, Dataset: val, Dice: 0.7692, IoU: 0.6394
[2026-09-18 11:12:08,608] Epoch: 184, Dataset: test, Dice: 0.7779, IoU: 0.6497
[2026-09-18 11:12:12,158] Epoch: 184, Dataset: val, Dice: 0.7708, IoU: 0.6415
[2026-09-18 11:12:55,895] Epoch: 185, Dataset: test, Dice: 0.7787, IoU: 0.6510
[2026-09-18 11:12:58,724] Epoch: 185, Dataset: val, Dice: 0.7713, IoU: 0.6429
[2026-09-18 11:13:41,445] Epoch: 186, Dataset: test, Dice: 0.7794, IoU: 0.6513
[2026-09-18 11:13:44,768] Epoch: 186, Dataset: val, Dice: 0.7727, IoU: 0.6439
[2026-09-18 11:14:25,822] Epoch: 187, Dataset: test, Dice: 0.7768, IoU: 0.6481
[2026-09-18 11:14:29,088] Epoch: 187, Dataset: val, Dice: 0.7707, IoU: 0.6414
[2026-09-18 11:15:11,242] Epoch: 188, Dataset: test, Dice: 0.7787, IoU: 0.6505
[2026-09-18 11:15:14,395] Epoch: 188, Dataset: val, Dice: 0.7721, IoU: 0.6432
[2026-09-18 11:15:58,053] Epoch: 189, Dataset: test, Dice: 0.7750, IoU: 0.6461
[2026-09-18 11:16:01,593] Epoch: 189, Dataset: val, Dice: 0.7685, IoU: 0.6388
[2026-09-18 11:16:44,839] Epoch: 190, Dataset: test, Dice: 0.7792, IoU: 0.6513
[2026-09-18 11:16:48,392] Epoch: 190, Dataset: val, Dice: 0.7737, IoU: 0.6451
[2026-09-18 11:17:31,390] Epoch: 191, Dataset: test, Dice: 0.7791, IoU: 0.6515
[2026-09-18 11:17:34,942] Epoch: 191, Dataset: val, Dice: 0.7722, IoU: 0.6435
[2026-09-18 11:18:13,765] Epoch: 192, Dataset: test, Dice: 0.7792, IoU: 0.6513
[2026-09-18 11:18:16,875] Epoch: 192, Dataset: val, Dice: 0.7723, IoU: 0.6435
[2026-09-18 11:18:57,388] Epoch: 193, Dataset: test, Dice: 0.7773, IoU: 0.6497
[2026-09-18 11:19:00,948] Epoch: 193, Dataset: val, Dice: 0.7720, IoU: 0.6432
[2026-09-18 11:19:44,456] Epoch: 194, Dataset: test, Dice: 0.7764, IoU: 0.6478
[2026-09-18 11:19:48,077] Epoch: 194, Dataset: val, Dice: 0.7699, IoU: 0.6405
[2026-09-18 11:20:31,626] Epoch: 195, Dataset: test, Dice: 0.7765, IoU: 0.6481
[2026-09-18 11:20:35,052] Epoch: 195, Dataset: val, Dice: 0.7709, IoU: 0.6417
[2026-09-18 11:21:17,706] Epoch: 196, Dataset: test, Dice: 0.7791, IoU: 0.6513
[2026-09-18 11:21:21,254] Epoch: 196, Dataset: val, Dice: 0.7732, IoU: 0.6446
[2026-09-18 11:22:04,628] Epoch: 197, Dataset: test, Dice: 0.7777, IoU: 0.6496
[2026-09-18 11:22:07,515] Epoch: 197, Dataset: val, Dice: 0.7712, IoU: 0.6421
[2026-09-18 11:22:51,127] Epoch: 198, Dataset: test, Dice: 0.7779, IoU: 0.6498
[2026-09-18 11:22:54,665] Epoch: 198, Dataset: val, Dice: 0.7713, IoU: 0.6423
[2026-09-18 11:23:37,949] Epoch: 199, Dataset: test, Dice: 0.7789, IoU: 0.6519
[2026-09-18 11:23:40,919] Epoch: 199, Dataset: val, Dice: 0.7731, IoU: 0.6446
[2026-09-18 11:24:24,475] Epoch: 200, Dataset: test, Dice: 0.7759, IoU: 0.6473
[2026-09-18 11:24:27,691] Epoch: 200, Dataset: val, Dice: 0.7693, IoU: 0.6398
[2026-09-18 11:24:27,693] 
========================================
FINAL RESULTS: SugarBeets_MK_UNet_bs8_lr0.0005_e200_augTrue_run3_t085115
Best Val Dice: 0.8173
Test Dice at Best Val: 0.8112
Total Train Time: 7825.41s
========================================
