[2026-09-18 03:45:08,839] flops: 0.619251354, params: 0.315566, Total params: : 0.3156
[2026-09-18 03:45:50,724] Epoch: 1, Dataset: test, Dice: 0.7350, IoU: 0.6139
[2026-09-18 03:45:54,236] Epoch: 1, Dataset: val, Dice: 0.7621, IoU: 0.6362
[2026-09-18 03:45:54,237] ### Best Model Saved (Dice improved from 0.0000 to 0.7621) ###
[2026-09-18 03:46:37,781] Epoch: 2, Dataset: test, Dice: 0.7515, IoU: 0.6199
[2026-09-18 03:46:40,601] Epoch: 2, Dataset: val, Dice: 0.7510, IoU: 0.6188
[2026-09-18 03:47:24,580] Epoch: 3, Dataset: test, Dice: 0.7336, IoU: 0.6022
[2026-09-18 03:47:27,873] Epoch: 3, Dataset: val, Dice: 0.7365, IoU: 0.6043
[2026-09-18 03:48:09,662] Epoch: 4, Dataset: test, Dice: 0.7834, IoU: 0.6625
[2026-09-18 03:48:13,259] Epoch: 4, Dataset: val, Dice: 0.7875, IoU: 0.6660
[2026-09-18 03:48:13,260] ### Best Model Saved (Dice improved from 0.7621 to 0.7875) ###
[2026-09-18 03:48:56,982] Epoch: 5, Dataset: test, Dice: 0.7792, IoU: 0.6556
[2026-09-18 03:49:00,211] Epoch: 5, Dataset: val, Dice: 0.7769, IoU: 0.6522
[2026-09-18 03:49:41,070] Epoch: 6, Dataset: test, Dice: 0.7957, IoU: 0.6761
[2026-09-18 03:49:43,776] Epoch: 6, Dataset: val, Dice: 0.8014, IoU: 0.6813
[2026-09-18 03:49:43,776] ### Best Model Saved (Dice improved from 0.7875 to 0.8014) ###
[2026-09-18 03:50:27,598] Epoch: 7, Dataset: test, Dice: 0.7889, IoU: 0.6689
[2026-09-18 03:50:30,934] Epoch: 7, Dataset: val, Dice: 0.7918, IoU: 0.6698
[2026-09-18 03:51:13,622] Epoch: 8, Dataset: test, Dice: 0.7249, IoU: 0.5886
[2026-09-18 03:51:16,564] Epoch: 8, Dataset: val, Dice: 0.7299, IoU: 0.5921
[2026-09-18 03:51:59,297] Epoch: 9, Dataset: test, Dice: 0.7845, IoU: 0.6623
[2026-09-18 03:52:02,897] Epoch: 9, Dataset: val, Dice: 0.7885, IoU: 0.6657
[2026-09-18 03:52:43,797] Epoch: 10, Dataset: test, Dice: 0.8055, IoU: 0.6885
[2026-09-18 03:52:46,303] Epoch: 10, Dataset: val, Dice: 0.8094, IoU: 0.6917
[2026-09-18 03:52:46,303] ### Best Model Saved (Dice improved from 0.8014 to 0.8094) ###
[2026-09-18 03:53:26,717] Epoch: 11, Dataset: test, Dice: 0.8185, IoU: 0.7054
[2026-09-18 03:53:29,575] Epoch: 11, Dataset: val, Dice: 0.8190, IoU: 0.7053
[2026-09-18 03:53:29,575] ### Best Model Saved (Dice improved from 0.8094 to 0.8190) ###
[2026-09-18 03:54:13,393] Epoch: 12, Dataset: test, Dice: 0.8045, IoU: 0.6870
[2026-09-18 03:54:16,310] Epoch: 12, Dataset: val, Dice: 0.8082, IoU: 0.6901
[2026-09-18 03:54:57,224] Epoch: 13, Dataset: test, Dice: 0.3175, IoU: 0.2256
[2026-09-18 03:55:00,535] Epoch: 13, Dataset: val, Dice: 0.3707, IoU: 0.2666
[2026-09-18 03:55:42,203] Epoch: 14, Dataset: test, Dice: 0.7401, IoU: 0.6120
[2026-09-18 03:55:45,780] Epoch: 14, Dataset: val, Dice: 0.7460, IoU: 0.6175
[2026-09-18 03:56:28,632] Epoch: 15, Dataset: test, Dice: 0.8144, IoU: 0.7001
[2026-09-18 03:56:32,195] Epoch: 15, Dataset: val, Dice: 0.8155, IoU: 0.7005
[2026-09-18 03:57:16,185] Epoch: 16, Dataset: test, Dice: 0.7787, IoU: 0.6524
[2026-09-18 03:57:19,743] Epoch: 16, Dataset: val, Dice: 0.7878, IoU: 0.6613
[2026-09-18 03:58:03,102] Epoch: 17, Dataset: test, Dice: 0.8099, IoU: 0.6954
[2026-09-18 03:58:06,415] Epoch: 17, Dataset: val, Dice: 0.8158, IoU: 0.7006
[2026-09-18 03:58:48,911] Epoch: 18, Dataset: test, Dice: 0.4346, IoU: 0.3247
[2026-09-18 03:58:52,416] Epoch: 18, Dataset: val, Dice: 0.4725, IoU: 0.3583
[2026-09-18 03:59:35,719] Epoch: 19, Dataset: test, Dice: 0.7651, IoU: 0.6364
[2026-09-18 03:59:39,230] Epoch: 19, Dataset: val, Dice: 0.7679, IoU: 0.6381
[2026-09-18 04:00:23,376] Epoch: 20, Dataset: test, Dice: 0.7799, IoU: 0.6539
[2026-09-18 04:00:26,946] Epoch: 20, Dataset: val, Dice: 0.7866, IoU: 0.6592
[2026-09-18 04:01:07,676] Epoch: 21, Dataset: test, Dice: 0.7874, IoU: 0.6645
[2026-09-18 04:01:10,893] Epoch: 21, Dataset: val, Dice: 0.7890, IoU: 0.6647
[2026-09-18 04:01:53,990] Epoch: 22, Dataset: test, Dice: 0.7874, IoU: 0.6664
[2026-09-18 04:01:57,022] Epoch: 22, Dataset: val, Dice: 0.7906, IoU: 0.6693
[2026-09-18 04:02:40,177] Epoch: 23, Dataset: test, Dice: 0.5014, IoU: 0.3899
[2026-09-18 04:02:43,302] Epoch: 23, Dataset: val, Dice: 0.5495, IoU: 0.4345
[2026-09-18 04:03:25,538] Epoch: 24, Dataset: test, Dice: 0.7972, IoU: 0.6759
[2026-09-18 04:03:28,972] Epoch: 24, Dataset: val, Dice: 0.7986, IoU: 0.6764
[2026-09-18 04:04:13,009] Epoch: 25, Dataset: test, Dice: 0.7841, IoU: 0.6593
[2026-09-18 04:04:16,179] Epoch: 25, Dataset: val, Dice: 0.7813, IoU: 0.6557
[2026-09-18 04:05:00,732] Epoch: 26, Dataset: test, Dice: 0.5290, IoU: 0.4135
[2026-09-18 04:05:04,283] Epoch: 26, Dataset: val, Dice: 0.5441, IoU: 0.4284
[2026-09-18 04:05:48,351] Epoch: 27, Dataset: test, Dice: 0.7883, IoU: 0.6649
[2026-09-18 04:05:51,847] Epoch: 27, Dataset: val, Dice: 0.7948, IoU: 0.6717
[2026-09-18 04:06:35,644] Epoch: 28, Dataset: test, Dice: 0.7842, IoU: 0.6593
[2026-09-18 04:06:38,964] Epoch: 28, Dataset: val, Dice: 0.7885, IoU: 0.6625
[2026-09-18 04:07:23,313] Epoch: 29, Dataset: test, Dice: 0.7501, IoU: 0.6239
[2026-09-18 04:07:26,888] Epoch: 29, Dataset: val, Dice: 0.7564, IoU: 0.6294
[2026-09-18 04:08:11,078] Epoch: 30, Dataset: test, Dice: 0.7969, IoU: 0.6766
[2026-09-18 04:08:13,769] Epoch: 30, Dataset: val, Dice: 0.8010, IoU: 0.6794
[2026-09-18 04:08:54,319] Epoch: 31, Dataset: test, Dice: 0.7637, IoU: 0.6391
[2026-09-18 04:08:57,866] Epoch: 31, Dataset: val, Dice: 0.7763, IoU: 0.6486
[2026-09-18 04:09:40,139] Epoch: 32, Dataset: test, Dice: 0.6009, IoU: 0.4645
[2026-09-18 04:09:43,697] Epoch: 32, Dataset: val, Dice: 0.6280, IoU: 0.4907
[2026-09-18 04:10:26,097] Epoch: 33, Dataset: test, Dice: 0.8070, IoU: 0.6883
[2026-09-18 04:10:29,477] Epoch: 33, Dataset: val, Dice: 0.8059, IoU: 0.6866
[2026-09-18 04:11:11,907] Epoch: 34, Dataset: test, Dice: 0.7932, IoU: 0.6734
[2026-09-18 04:11:14,946] Epoch: 34, Dataset: val, Dice: 0.7952, IoU: 0.6736
[2026-09-18 04:11:57,521] Epoch: 35, Dataset: test, Dice: 0.7876, IoU: 0.6634
[2026-09-18 04:12:00,583] Epoch: 35, Dataset: val, Dice: 0.7851, IoU: 0.6595
[2026-09-18 04:12:42,731] Epoch: 36, Dataset: test, Dice: 0.7901, IoU: 0.6658
[2026-09-18 04:12:45,934] Epoch: 36, Dataset: val, Dice: 0.7904, IoU: 0.6650
[2026-09-18 04:13:28,022] Epoch: 37, Dataset: test, Dice: 0.7780, IoU: 0.6511
[2026-09-18 04:13:31,384] Epoch: 37, Dataset: val, Dice: 0.7796, IoU: 0.6522
[2026-09-18 04:14:14,660] Epoch: 38, Dataset: test, Dice: 0.7782, IoU: 0.6526
[2026-09-18 04:14:18,215] Epoch: 38, Dataset: val, Dice: 0.7809, IoU: 0.6537
[2026-09-18 04:15:00,576] Epoch: 39, Dataset: test, Dice: 0.5776, IoU: 0.4456
[2026-09-18 04:15:04,078] Epoch: 39, Dataset: val, Dice: 0.6114, IoU: 0.4797
[2026-09-18 04:15:47,301] Epoch: 40, Dataset: test, Dice: 0.8014, IoU: 0.6799
[2026-09-18 04:15:50,835] Epoch: 40, Dataset: val, Dice: 0.8010, IoU: 0.6779
[2026-09-18 04:16:32,048] Epoch: 41, Dataset: test, Dice: 0.6638, IoU: 0.5330
[2026-09-18 04:16:35,129] Epoch: 41, Dataset: val, Dice: 0.6745, IoU: 0.5422
[2026-09-18 04:17:18,054] Epoch: 42, Dataset: test, Dice: 0.7135, IoU: 0.5779
[2026-09-18 04:17:20,684] Epoch: 42, Dataset: val, Dice: 0.7276, IoU: 0.5938
[2026-09-18 04:18:04,894] Epoch: 43, Dataset: test, Dice: 0.2746, IoU: 0.2012
[2026-09-18 04:18:07,829] Epoch: 43, Dataset: val, Dice: 0.3257, IoU: 0.2393
[2026-09-18 04:18:47,978] Epoch: 44, Dataset: test, Dice: 0.7788, IoU: 0.6516
[2026-09-18 04:18:51,154] Epoch: 44, Dataset: val, Dice: 0.7811, IoU: 0.6531
[2026-09-18 04:19:33,467] Epoch: 45, Dataset: test, Dice: 0.7881, IoU: 0.6620
[2026-09-18 04:19:37,023] Epoch: 45, Dataset: val, Dice: 0.7910, IoU: 0.6647
[2026-09-18 04:20:20,256] Epoch: 46, Dataset: test, Dice: 0.7471, IoU: 0.6263
[2026-09-18 04:20:23,210] Epoch: 46, Dataset: val, Dice: 0.7444, IoU: 0.6211
[2026-09-18 04:21:02,847] Epoch: 47, Dataset: test, Dice: 0.7777, IoU: 0.6511
[2026-09-18 04:21:06,415] Epoch: 47, Dataset: val, Dice: 0.7752, IoU: 0.6480
[2026-09-18 04:21:49,150] Epoch: 48, Dataset: test, Dice: 0.7897, IoU: 0.6662
[2026-09-18 04:21:52,354] Epoch: 48, Dataset: val, Dice: 0.7884, IoU: 0.6644
[2026-09-18 04:22:30,601] Epoch: 49, Dataset: test, Dice: 0.4671, IoU: 0.3489
[2026-09-18 04:22:34,131] Epoch: 49, Dataset: val, Dice: 0.5198, IoU: 0.3929
[2026-09-18 04:23:15,708] Epoch: 50, Dataset: test, Dice: 0.7801, IoU: 0.6530
[2026-09-18 04:23:18,950] Epoch: 50, Dataset: val, Dice: 0.7784, IoU: 0.6507
[2026-09-18 04:23:59,735] Epoch: 51, Dataset: test, Dice: 0.7991, IoU: 0.6789
[2026-09-18 04:24:03,233] Epoch: 51, Dataset: val, Dice: 0.7998, IoU: 0.6785
[2026-09-18 04:24:45,564] Epoch: 52, Dataset: test, Dice: 0.7746, IoU: 0.6487
[2026-09-18 04:24:49,065] Epoch: 52, Dataset: val, Dice: 0.7811, IoU: 0.6533
[2026-09-18 04:25:30,658] Epoch: 53, Dataset: test, Dice: 0.7976, IoU: 0.6758
[2026-09-18 04:25:33,926] Epoch: 53, Dataset: val, Dice: 0.7976, IoU: 0.6744
[2026-09-18 04:26:16,744] Epoch: 54, Dataset: test, Dice: 0.6476, IoU: 0.5216
[2026-09-18 04:26:20,282] Epoch: 54, Dataset: val, Dice: 0.6521, IoU: 0.5262
[2026-09-18 04:27:02,196] Epoch: 55, Dataset: test, Dice: 0.7880, IoU: 0.6632
[2026-09-18 04:27:05,485] Epoch: 55, Dataset: val, Dice: 0.7824, IoU: 0.6565
[2026-09-18 04:27:46,951] Epoch: 56, Dataset: test, Dice: 0.7573, IoU: 0.6304
[2026-09-18 04:27:50,273] Epoch: 56, Dataset: val, Dice: 0.7579, IoU: 0.6283
[2026-09-18 04:28:33,226] Epoch: 57, Dataset: test, Dice: 0.7821, IoU: 0.6578
[2026-09-18 04:28:36,341] Epoch: 57, Dataset: val, Dice: 0.7865, IoU: 0.6605
[2026-09-18 04:29:18,671] Epoch: 58, Dataset: test, Dice: 0.7856, IoU: 0.6591
[2026-09-18 04:29:21,913] Epoch: 58, Dataset: val, Dice: 0.7809, IoU: 0.6533
[2026-09-18 04:30:04,501] Epoch: 59, Dataset: test, Dice: 0.7226, IoU: 0.5903
[2026-09-18 04:30:07,631] Epoch: 59, Dataset: val, Dice: 0.7197, IoU: 0.5869
[2026-09-18 04:30:49,374] Epoch: 60, Dataset: test, Dice: 0.8032, IoU: 0.6835
[2026-09-18 04:30:52,952] Epoch: 60, Dataset: val, Dice: 0.8024, IoU: 0.6813
[2026-09-18 04:31:32,602] Epoch: 61, Dataset: test, Dice: 0.7951, IoU: 0.6733
[2026-09-18 04:31:35,798] Epoch: 61, Dataset: val, Dice: 0.7963, IoU: 0.6739
[2026-09-18 04:32:19,347] Epoch: 62, Dataset: test, Dice: 0.7945, IoU: 0.6722
[2026-09-18 04:32:22,571] Epoch: 62, Dataset: val, Dice: 0.7959, IoU: 0.6726
[2026-09-18 04:33:05,642] Epoch: 63, Dataset: test, Dice: 0.7935, IoU: 0.6720
[2026-09-18 04:33:08,810] Epoch: 63, Dataset: val, Dice: 0.7954, IoU: 0.6728
[2026-09-18 04:33:51,587] Epoch: 64, Dataset: test, Dice: 0.7927, IoU: 0.6715
[2026-09-18 04:33:55,162] Epoch: 64, Dataset: val, Dice: 0.7920, IoU: 0.6691
[2026-09-18 04:34:35,244] Epoch: 65, Dataset: test, Dice: 0.7892, IoU: 0.6666
[2026-09-18 04:34:38,455] Epoch: 65, Dataset: val, Dice: 0.7870, IoU: 0.6633
[2026-09-18 04:35:21,477] Epoch: 66, Dataset: test, Dice: 0.7952, IoU: 0.6733
[2026-09-18 04:35:25,018] Epoch: 66, Dataset: val, Dice: 0.7920, IoU: 0.6691
[2026-09-18 04:36:07,709] Epoch: 67, Dataset: test, Dice: 0.7904, IoU: 0.6673
[2026-09-18 04:36:11,255] Epoch: 67, Dataset: val, Dice: 0.7891, IoU: 0.6650
[2026-09-18 04:36:54,524] Epoch: 68, Dataset: test, Dice: 0.7984, IoU: 0.6780
[2026-09-18 04:36:58,078] Epoch: 68, Dataset: val, Dice: 0.7995, IoU: 0.6778
[2026-09-18 04:37:41,440] Epoch: 69, Dataset: test, Dice: 0.7924, IoU: 0.6684
[2026-09-18 04:37:44,730] Epoch: 69, Dataset: val, Dice: 0.7875, IoU: 0.6624
[2026-09-18 04:38:27,369] Epoch: 70, Dataset: test, Dice: 0.7796, IoU: 0.6525
[2026-09-18 04:38:30,438] Epoch: 70, Dataset: val, Dice: 0.7733, IoU: 0.6451
[2026-09-18 04:39:13,436] Epoch: 71, Dataset: test, Dice: 0.7928, IoU: 0.6708
[2026-09-18 04:39:16,370] Epoch: 71, Dataset: val, Dice: 0.7931, IoU: 0.6697
[2026-09-18 04:39:59,132] Epoch: 72, Dataset: test, Dice: 0.7870, IoU: 0.6633
[2026-09-18 04:40:02,256] Epoch: 72, Dataset: val, Dice: 0.7876, IoU: 0.6617
[2026-09-18 04:40:43,825] Epoch: 73, Dataset: test, Dice: 0.7975, IoU: 0.6766
[2026-09-18 04:40:47,168] Epoch: 73, Dataset: val, Dice: 0.7976, IoU: 0.6751
[2026-09-18 04:41:30,142] Epoch: 74, Dataset: test, Dice: 0.7877, IoU: 0.6649
[2026-09-18 04:41:33,457] Epoch: 74, Dataset: val, Dice: 0.7860, IoU: 0.6611
[2026-09-18 04:42:16,036] Epoch: 75, Dataset: test, Dice: 0.7959, IoU: 0.6750
[2026-09-18 04:42:19,422] Epoch: 75, Dataset: val, Dice: 0.7990, IoU: 0.6763
[2026-09-18 04:43:02,138] Epoch: 76, Dataset: test, Dice: 0.7945, IoU: 0.6709
[2026-09-18 04:43:05,466] Epoch: 76, Dataset: val, Dice: 0.7930, IoU: 0.6684
[2026-09-18 04:43:47,624] Epoch: 77, Dataset: test, Dice: 0.8122, IoU: 0.6949
[2026-09-18 04:43:51,167] Epoch: 77, Dataset: val, Dice: 0.8088, IoU: 0.6903
[2026-09-18 04:44:33,536] Epoch: 78, Dataset: test, Dice: 0.7977, IoU: 0.6737
[2026-09-18 04:44:37,076] Epoch: 78, Dataset: val, Dice: 0.7946, IoU: 0.6697
[2026-09-18 04:45:19,600] Epoch: 79, Dataset: test, Dice: 0.7853, IoU: 0.6606
[2026-09-18 04:45:23,178] Epoch: 79, Dataset: val, Dice: 0.7836, IoU: 0.6577
[2026-09-18 04:46:06,151] Epoch: 80, Dataset: test, Dice: 0.8047, IoU: 0.6850
[2026-09-18 04:46:09,652] Epoch: 80, Dataset: val, Dice: 0.8011, IoU: 0.6802
[2026-09-18 04:46:52,889] Epoch: 81, Dataset: test, Dice: 0.7971, IoU: 0.6757
[2026-09-18 04:46:56,399] Epoch: 81, Dataset: val, Dice: 0.7923, IoU: 0.6689
[2026-09-18 04:47:35,446] Epoch: 82, Dataset: test, Dice: 0.7907, IoU: 0.6660
[2026-09-18 04:47:38,513] Epoch: 82, Dataset: val, Dice: 0.7874, IoU: 0.6616
[2026-09-18 04:48:22,139] Epoch: 83, Dataset: test, Dice: 0.8026, IoU: 0.6821
[2026-09-18 04:48:25,118] Epoch: 83, Dataset: val, Dice: 0.7997, IoU: 0.6777
[2026-09-18 04:49:04,355] Epoch: 84, Dataset: test, Dice: 0.7920, IoU: 0.6670
[2026-09-18 04:49:07,854] Epoch: 84, Dataset: val, Dice: 0.7872, IoU: 0.6611
[2026-09-18 04:49:50,668] Epoch: 85, Dataset: test, Dice: 0.7912, IoU: 0.6660
[2026-09-18 04:49:53,937] Epoch: 85, Dataset: val, Dice: 0.7893, IoU: 0.6631
[2026-09-18 04:50:35,828] Epoch: 86, Dataset: test, Dice: 0.8072, IoU: 0.6880
[2026-09-18 04:50:38,983] Epoch: 86, Dataset: val, Dice: 0.8042, IoU: 0.6840
[2026-09-18 04:51:22,106] Epoch: 87, Dataset: test, Dice: 0.7964, IoU: 0.6743
[2026-09-18 04:51:25,653] Epoch: 87, Dataset: val, Dice: 0.7947, IoU: 0.6715
[2026-09-18 04:52:08,660] Epoch: 88, Dataset: test, Dice: 0.7768, IoU: 0.6513
[2026-09-18 04:52:12,178] Epoch: 88, Dataset: val, Dice: 0.7786, IoU: 0.6509
[2026-09-18 04:52:54,750] Epoch: 89, Dataset: test, Dice: 0.7862, IoU: 0.6601
[2026-09-18 04:52:58,263] Epoch: 89, Dataset: val, Dice: 0.7824, IoU: 0.6554
[2026-09-18 04:53:41,618] Epoch: 90, Dataset: test, Dice: 0.7752, IoU: 0.6499
[2026-09-18 04:53:45,123] Epoch: 90, Dataset: val, Dice: 0.7817, IoU: 0.6553
[2026-09-18 04:54:27,805] Epoch: 91, Dataset: test, Dice: 0.8006, IoU: 0.6789
[2026-09-18 04:54:31,364] Epoch: 91, Dataset: val, Dice: 0.7958, IoU: 0.6734
[2026-09-18 04:55:14,939] Epoch: 92, Dataset: test, Dice: 0.7931, IoU: 0.6694
[2026-09-18 04:55:18,469] Epoch: 92, Dataset: val, Dice: 0.7877, IoU: 0.6624
[2026-09-18 04:56:01,593] Epoch: 93, Dataset: test, Dice: 0.8007, IoU: 0.6784
[2026-09-18 04:56:05,118] Epoch: 93, Dataset: val, Dice: 0.7973, IoU: 0.6740
[2026-09-18 04:56:45,905] Epoch: 94, Dataset: test, Dice: 0.7929, IoU: 0.6687
[2026-09-18 04:56:49,413] Epoch: 94, Dataset: val, Dice: 0.7873, IoU: 0.6620
[2026-09-18 04:57:29,186] Epoch: 95, Dataset: test, Dice: 0.7958, IoU: 0.6734
[2026-09-18 04:57:32,532] Epoch: 95, Dataset: val, Dice: 0.7960, IoU: 0.6724
[2026-09-18 04:58:10,558] Epoch: 96, Dataset: test, Dice: 0.7900, IoU: 0.6648
[2026-09-18 04:58:14,063] Epoch: 96, Dataset: val, Dice: 0.7880, IoU: 0.6623
[2026-09-18 04:58:57,007] Epoch: 97, Dataset: test, Dice: 0.7954, IoU: 0.6729
[2026-09-18 04:59:00,486] Epoch: 97, Dataset: val, Dice: 0.7872, IoU: 0.6635
[2026-09-18 04:59:42,535] Epoch: 98, Dataset: test, Dice: 0.8059, IoU: 0.6856
[2026-09-18 04:59:45,768] Epoch: 98, Dataset: val, Dice: 0.8012, IoU: 0.6796
[2026-09-18 05:00:28,543] Epoch: 99, Dataset: test, Dice: 0.7803, IoU: 0.6542
[2026-09-18 05:00:31,597] Epoch: 99, Dataset: val, Dice: 0.7761, IoU: 0.6480
[2026-09-18 05:01:14,660] Epoch: 100, Dataset: test, Dice: 0.7964, IoU: 0.6733
[2026-09-18 05:01:18,225] Epoch: 100, Dataset: val, Dice: 0.7919, IoU: 0.6676
[2026-09-18 05:02:01,310] Epoch: 101, Dataset: test, Dice: 0.7867, IoU: 0.6614
[2026-09-18 05:02:04,881] Epoch: 101, Dataset: val, Dice: 0.7856, IoU: 0.6593
[2026-09-18 05:02:48,585] Epoch: 102, Dataset: test, Dice: 0.7863, IoU: 0.6619
[2026-09-18 05:02:51,714] Epoch: 102, Dataset: val, Dice: 0.7812, IoU: 0.6548
[2026-09-18 05:03:34,132] Epoch: 103, Dataset: test, Dice: 0.6322, IoU: 0.4984
[2026-09-18 05:03:37,685] Epoch: 103, Dataset: val, Dice: 0.6270, IoU: 0.4948
[2026-09-18 05:04:18,473] Epoch: 104, Dataset: test, Dice: 0.7891, IoU: 0.6650
[2026-09-18 05:04:21,990] Epoch: 104, Dataset: val, Dice: 0.7866, IoU: 0.6608
[2026-09-18 05:05:05,353] Epoch: 105, Dataset: test, Dice: 0.7951, IoU: 0.6719
[2026-09-18 05:05:08,896] Epoch: 105, Dataset: val, Dice: 0.7880, IoU: 0.6636
[2026-09-18 05:05:49,806] Epoch: 106, Dataset: test, Dice: 0.7979, IoU: 0.6756
[2026-09-18 05:05:53,386] Epoch: 106, Dataset: val, Dice: 0.7890, IoU: 0.6654
[2026-09-18 05:06:32,865] Epoch: 107, Dataset: test, Dice: 0.7927, IoU: 0.6691
[2026-09-18 05:06:36,422] Epoch: 107, Dataset: val, Dice: 0.7900, IoU: 0.6653
[2026-09-18 05:07:19,122] Epoch: 108, Dataset: test, Dice: 0.7994, IoU: 0.6776
[2026-09-18 05:07:22,677] Epoch: 108, Dataset: val, Dice: 0.7910, IoU: 0.6678
[2026-09-18 05:08:06,377] Epoch: 109, Dataset: test, Dice: 0.7949, IoU: 0.6711
[2026-09-18 05:08:09,581] Epoch: 109, Dataset: val, Dice: 0.7890, IoU: 0.6642
[2026-09-18 05:08:52,075] Epoch: 110, Dataset: test, Dice: 0.7870, IoU: 0.6622
[2026-09-18 05:08:55,606] Epoch: 110, Dataset: val, Dice: 0.7780, IoU: 0.6518
[2026-09-18 05:09:36,467] Epoch: 111, Dataset: test, Dice: 0.7938, IoU: 0.6704
[2026-09-18 05:09:40,011] Epoch: 111, Dataset: val, Dice: 0.7911, IoU: 0.6668
[2026-09-18 05:10:23,013] Epoch: 112, Dataset: test, Dice: 0.7834, IoU: 0.6567
[2026-09-18 05:10:26,528] Epoch: 112, Dataset: val, Dice: 0.7785, IoU: 0.6507
[2026-09-18 05:11:09,153] Epoch: 113, Dataset: test, Dice: 0.7842, IoU: 0.6587
[2026-09-18 05:11:12,674] Epoch: 113, Dataset: val, Dice: 0.7797, IoU: 0.6526
[2026-09-18 05:11:56,319] Epoch: 114, Dataset: test, Dice: 0.7883, IoU: 0.6669
[2026-09-18 05:11:59,632] Epoch: 114, Dataset: val, Dice: 0.7777, IoU: 0.6558
[2026-09-18 05:12:42,777] Epoch: 115, Dataset: test, Dice: 0.7994, IoU: 0.6782
[2026-09-18 05:12:45,818] Epoch: 115, Dataset: val, Dice: 0.7974, IoU: 0.6744
[2026-09-18 05:13:28,622] Epoch: 116, Dataset: test, Dice: 0.7986, IoU: 0.6769
[2026-09-18 05:13:32,171] Epoch: 116, Dataset: val, Dice: 0.7959, IoU: 0.6726
[2026-09-18 05:14:11,880] Epoch: 117, Dataset: test, Dice: 0.7872, IoU: 0.6639
[2026-09-18 05:14:15,438] Epoch: 117, Dataset: val, Dice: 0.7798, IoU: 0.6552
[2026-09-18 05:14:56,071] Epoch: 118, Dataset: test, Dice: 0.7568, IoU: 0.6304
[2026-09-18 05:14:59,590] Epoch: 118, Dataset: val, Dice: 0.7559, IoU: 0.6287
[2026-09-18 05:15:43,162] Epoch: 119, Dataset: test, Dice: 0.8028, IoU: 0.6821
[2026-09-18 05:15:46,117] Epoch: 119, Dataset: val, Dice: 0.7981, IoU: 0.6759
[2026-09-18 05:16:29,448] Epoch: 120, Dataset: test, Dice: 0.7953, IoU: 0.6723
[2026-09-18 05:16:32,938] Epoch: 120, Dataset: val, Dice: 0.7872, IoU: 0.6626
[2026-09-18 05:17:14,614] Epoch: 121, Dataset: test, Dice: 0.7966, IoU: 0.6733
[2026-09-18 05:17:18,120] Epoch: 121, Dataset: val, Dice: 0.7913, IoU: 0.6670
[2026-09-18 05:18:01,893] Epoch: 122, Dataset: test, Dice: 0.7956, IoU: 0.6724
[2026-09-18 05:18:05,407] Epoch: 122, Dataset: val, Dice: 0.7905, IoU: 0.6660
[2026-09-18 05:18:45,383] Epoch: 123, Dataset: test, Dice: 0.7887, IoU: 0.6644
[2026-09-18 05:18:48,641] Epoch: 123, Dataset: val, Dice: 0.7872, IoU: 0.6614
[2026-09-18 05:19:31,432] Epoch: 124, Dataset: test, Dice: 0.7944, IoU: 0.6706
[2026-09-18 05:19:34,996] Epoch: 124, Dataset: val, Dice: 0.7901, IoU: 0.6652
[2026-09-18 05:20:18,629] Epoch: 125, Dataset: test, Dice: 0.8055, IoU: 0.6851
[2026-09-18 05:20:21,891] Epoch: 125, Dataset: val, Dice: 0.7998, IoU: 0.6779
[2026-09-18 05:21:01,834] Epoch: 126, Dataset: test, Dice: 0.7928, IoU: 0.6680
[2026-09-18 05:21:05,101] Epoch: 126, Dataset: val, Dice: 0.7883, IoU: 0.6626
[2026-09-18 05:21:48,528] Epoch: 127, Dataset: test, Dice: 0.8092, IoU: 0.6905
[2026-09-18 05:21:52,061] Epoch: 127, Dataset: val, Dice: 0.8029, IoU: 0.6827
[2026-09-18 05:22:35,525] Epoch: 128, Dataset: test, Dice: 0.7948, IoU: 0.6712
[2026-09-18 05:22:39,095] Epoch: 128, Dataset: val, Dice: 0.7922, IoU: 0.6675
[2026-09-18 05:23:22,497] Epoch: 129, Dataset: test, Dice: 0.7898, IoU: 0.6645
[2026-09-18 05:23:26,095] Epoch: 129, Dataset: val, Dice: 0.7833, IoU: 0.6576
[2026-09-18 05:24:09,347] Epoch: 130, Dataset: test, Dice: 0.7962, IoU: 0.6737
[2026-09-18 05:24:12,608] Epoch: 130, Dataset: val, Dice: 0.7920, IoU: 0.6680
[2026-09-18 05:24:54,426] Epoch: 131, Dataset: test, Dice: 0.7915, IoU: 0.6666
[2026-09-18 05:24:57,983] Epoch: 131, Dataset: val, Dice: 0.7853, IoU: 0.6598
[2026-09-18 05:25:40,875] Epoch: 132, Dataset: test, Dice: 0.7806, IoU: 0.6522
[2026-09-18 05:25:44,403] Epoch: 132, Dataset: val, Dice: 0.7753, IoU: 0.6460
[2026-09-18 05:26:26,783] Epoch: 133, Dataset: test, Dice: 0.7900, IoU: 0.6652
[2026-09-18 05:26:30,300] Epoch: 133, Dataset: val, Dice: 0.7852, IoU: 0.6594
[2026-09-18 05:27:13,060] Epoch: 134, Dataset: test, Dice: 0.7654, IoU: 0.6425
[2026-09-18 05:27:16,122] Epoch: 134, Dataset: val, Dice: 0.7645, IoU: 0.6391
[2026-09-18 05:27:58,898] Epoch: 135, Dataset: test, Dice: 0.8043, IoU: 0.6839
[2026-09-18 05:28:02,437] Epoch: 135, Dataset: val, Dice: 0.7996, IoU: 0.6779
[2026-09-18 05:28:42,120] Epoch: 136, Dataset: test, Dice: 0.8018, IoU: 0.6810
[2026-09-18 05:28:45,275] Epoch: 136, Dataset: val, Dice: 0.7996, IoU: 0.6773
[2026-09-18 05:29:27,233] Epoch: 137, Dataset: test, Dice: 0.7977, IoU: 0.6749
[2026-09-18 05:29:30,310] Epoch: 137, Dataset: val, Dice: 0.7946, IoU: 0.6709
[2026-09-18 05:30:13,437] Epoch: 138, Dataset: test, Dice: 0.7915, IoU: 0.6679
[2026-09-18 05:30:16,970] Epoch: 138, Dataset: val, Dice: 0.7862, IoU: 0.6610
[2026-09-18 05:31:00,020] Epoch: 139, Dataset: test, Dice: 0.7887, IoU: 0.6632
[2026-09-18 05:31:03,241] Epoch: 139, Dataset: val, Dice: 0.7836, IoU: 0.6572
[2026-09-18 05:31:43,452] Epoch: 140, Dataset: test, Dice: 0.7929, IoU: 0.6688
[2026-09-18 05:31:47,004] Epoch: 140, Dataset: val, Dice: 0.7891, IoU: 0.6639
[2026-09-18 05:32:30,426] Epoch: 141, Dataset: test, Dice: 0.7933, IoU: 0.6701
[2026-09-18 05:32:33,967] Epoch: 141, Dataset: val, Dice: 0.7890, IoU: 0.6646
[2026-09-18 05:33:15,083] Epoch: 142, Dataset: test, Dice: 0.7994, IoU: 0.6773
[2026-09-18 05:33:18,581] Epoch: 142, Dataset: val, Dice: 0.7966, IoU: 0.6734
[2026-09-18 05:34:02,009] Epoch: 143, Dataset: test, Dice: 0.7976, IoU: 0.6755
[2026-09-18 05:34:05,297] Epoch: 143, Dataset: val, Dice: 0.7953, IoU: 0.6721
[2026-09-18 05:34:48,516] Epoch: 144, Dataset: test, Dice: 0.7909, IoU: 0.6670
[2026-09-18 05:34:51,702] Epoch: 144, Dataset: val, Dice: 0.7886, IoU: 0.6632
[2026-09-18 05:35:30,547] Epoch: 145, Dataset: test, Dice: 0.7975, IoU: 0.6760
[2026-09-18 05:35:34,069] Epoch: 145, Dataset: val, Dice: 0.7956, IoU: 0.6726
[2026-09-18 05:36:16,199] Epoch: 146, Dataset: test, Dice: 0.8016, IoU: 0.6801
[2026-09-18 05:36:19,726] Epoch: 146, Dataset: val, Dice: 0.7991, IoU: 0.6767
[2026-09-18 05:37:02,496] Epoch: 147, Dataset: test, Dice: 0.7943, IoU: 0.6709
[2026-09-18 05:37:06,051] Epoch: 147, Dataset: val, Dice: 0.7911, IoU: 0.6664
[2026-09-18 05:37:48,780] Epoch: 148, Dataset: test, Dice: 0.7925, IoU: 0.6682
[2026-09-18 05:37:51,982] Epoch: 148, Dataset: val, Dice: 0.7894, IoU: 0.6640
[2026-09-18 05:38:34,937] Epoch: 149, Dataset: test, Dice: 0.7970, IoU: 0.6743
[2026-09-18 05:38:38,174] Epoch: 149, Dataset: val, Dice: 0.7942, IoU: 0.6704
[2026-09-18 05:39:21,666] Epoch: 150, Dataset: test, Dice: 0.7940, IoU: 0.6709
[2026-09-18 05:39:25,215] Epoch: 150, Dataset: val, Dice: 0.7902, IoU: 0.6655
[2026-09-18 05:40:08,083] Epoch: 151, Dataset: test, Dice: 0.7825, IoU: 0.6574
[2026-09-18 05:40:11,314] Epoch: 151, Dataset: val, Dice: 0.7773, IoU: 0.6520
[2026-09-18 05:40:53,701] Epoch: 152, Dataset: test, Dice: 0.7995, IoU: 0.6790
[2026-09-18 05:40:56,809] Epoch: 152, Dataset: val, Dice: 0.7981, IoU: 0.6763
[2026-09-18 05:41:39,366] Epoch: 153, Dataset: test, Dice: 0.7985, IoU: 0.6766
[2026-09-18 05:41:42,907] Epoch: 153, Dataset: val, Dice: 0.7950, IoU: 0.6713
[2026-09-18 05:42:26,927] Epoch: 154, Dataset: test, Dice: 0.7982, IoU: 0.6759
[2026-09-18 05:42:30,495] Epoch: 154, Dataset: val, Dice: 0.7931, IoU: 0.6695
[2026-09-18 05:43:12,209] Epoch: 155, Dataset: test, Dice: 0.8010, IoU: 0.6798
[2026-09-18 05:43:15,689] Epoch: 155, Dataset: val, Dice: 0.7987, IoU: 0.6763
[2026-09-18 05:43:57,990] Epoch: 156, Dataset: test, Dice: 0.8005, IoU: 0.6790
[2026-09-18 05:44:01,510] Epoch: 156, Dataset: val, Dice: 0.7983, IoU: 0.6756
[2026-09-18 05:44:44,057] Epoch: 157, Dataset: test, Dice: 0.7968, IoU: 0.6743
[2026-09-18 05:44:47,587] Epoch: 157, Dataset: val, Dice: 0.7936, IoU: 0.6696
[2026-09-18 05:45:30,774] Epoch: 158, Dataset: test, Dice: 0.7999, IoU: 0.6781
[2026-09-18 05:45:34,325] Epoch: 158, Dataset: val, Dice: 0.7968, IoU: 0.6739
[2026-09-18 05:46:17,022] Epoch: 159, Dataset: test, Dice: 0.8006, IoU: 0.6786
[2026-09-18 05:46:20,334] Epoch: 159, Dataset: val, Dice: 0.7981, IoU: 0.6752
[2026-09-18 05:47:03,448] Epoch: 160, Dataset: test, Dice: 0.7926, IoU: 0.6686
[2026-09-18 05:47:06,811] Epoch: 160, Dataset: val, Dice: 0.7898, IoU: 0.6646
[2026-09-18 05:47:49,662] Epoch: 161, Dataset: test, Dice: 0.7921, IoU: 0.6680
[2026-09-18 05:47:52,763] Epoch: 161, Dataset: val, Dice: 0.7890, IoU: 0.6636
[2026-09-18 05:48:35,021] Epoch: 162, Dataset: test, Dice: 0.7926, IoU: 0.6686
[2026-09-18 05:48:38,242] Epoch: 162, Dataset: val, Dice: 0.7904, IoU: 0.6654
[2026-09-18 05:49:20,859] Epoch: 163, Dataset: test, Dice: 0.7947, IoU: 0.6717
[2026-09-18 05:49:24,089] Epoch: 163, Dataset: val, Dice: 0.7914, IoU: 0.6671
[2026-09-18 05:50:04,399] Epoch: 164, Dataset: test, Dice: 0.7932, IoU: 0.6694
[2026-09-18 05:50:07,941] Epoch: 164, Dataset: val, Dice: 0.7902, IoU: 0.6653
[2026-09-18 05:50:49,957] Epoch: 165, Dataset: test, Dice: 0.7971, IoU: 0.6745
[2026-09-18 05:50:53,500] Epoch: 165, Dataset: val, Dice: 0.7938, IoU: 0.6701
[2026-09-18 05:51:36,753] Epoch: 166, Dataset: test, Dice: 0.7956, IoU: 0.6727
[2026-09-18 05:51:40,207] Epoch: 166, Dataset: val, Dice: 0.7918, IoU: 0.6677
[2026-09-18 05:52:21,842] Epoch: 167, Dataset: test, Dice: 0.7969, IoU: 0.6740
[2026-09-18 05:52:25,429] Epoch: 167, Dataset: val, Dice: 0.7926, IoU: 0.6687
[2026-09-18 05:53:08,107] Epoch: 168, Dataset: test, Dice: 0.8003, IoU: 0.6789
[2026-09-18 05:53:11,156] Epoch: 168, Dataset: val, Dice: 0.7960, IoU: 0.6735
[2026-09-18 05:53:54,772] Epoch: 169, Dataset: test, Dice: 0.7975, IoU: 0.6752
[2026-09-18 05:53:58,321] Epoch: 169, Dataset: val, Dice: 0.7931, IoU: 0.6696
[2026-09-18 05:54:41,389] Epoch: 170, Dataset: test, Dice: 0.7895, IoU: 0.6644
[2026-09-18 05:54:44,464] Epoch: 170, Dataset: val, Dice: 0.7850, IoU: 0.6592
[2026-09-18 05:55:27,542] Epoch: 171, Dataset: test, Dice: 0.7996, IoU: 0.6775
[2026-09-18 05:55:31,144] Epoch: 171, Dataset: val, Dice: 0.7944, IoU: 0.6713
[2026-09-18 05:56:14,496] Epoch: 172, Dataset: test, Dice: 0.7960, IoU: 0.6734
[2026-09-18 05:56:18,060] Epoch: 172, Dataset: val, Dice: 0.7927, IoU: 0.6690
[2026-09-18 05:57:00,728] Epoch: 173, Dataset: test, Dice: 0.7974, IoU: 0.6750
[2026-09-18 05:57:04,014] Epoch: 173, Dataset: val, Dice: 0.7941, IoU: 0.6708
[2026-09-18 05:57:46,343] Epoch: 174, Dataset: test, Dice: 0.7975, IoU: 0.6756
[2026-09-18 05:57:49,958] Epoch: 174, Dataset: val, Dice: 0.7937, IoU: 0.6702
[2026-09-18 05:58:33,473] Epoch: 175, Dataset: test, Dice: 0.7968, IoU: 0.6740
[2026-09-18 05:58:36,582] Epoch: 175, Dataset: val, Dice: 0.7920, IoU: 0.6679
[2026-09-18 05:59:19,958] Epoch: 176, Dataset: test, Dice: 0.7975, IoU: 0.6748
[2026-09-18 05:59:23,527] Epoch: 176, Dataset: val, Dice: 0.7942, IoU: 0.6704
[2026-09-18 06:00:05,000] Epoch: 177, Dataset: test, Dice: 0.7951, IoU: 0.6717
[2026-09-18 06:00:08,166] Epoch: 177, Dataset: val, Dice: 0.7905, IoU: 0.6663
[2026-09-18 06:00:51,248] Epoch: 178, Dataset: test, Dice: 0.7939, IoU: 0.6705
[2026-09-18 06:00:54,268] Epoch: 178, Dataset: val, Dice: 0.7901, IoU: 0.6661
[2026-09-18 06:01:37,203] Epoch: 179, Dataset: test, Dice: 0.7951, IoU: 0.6720
[2026-09-18 06:01:40,497] Epoch: 179, Dataset: val, Dice: 0.7915, IoU: 0.6673
[2026-09-18 06:02:23,481] Epoch: 180, Dataset: test, Dice: 0.7946, IoU: 0.6720
[2026-09-18 06:02:26,980] Epoch: 180, Dataset: val, Dice: 0.7903, IoU: 0.6666
[2026-09-18 06:03:10,478] Epoch: 181, Dataset: test, Dice: 0.7958, IoU: 0.6727
[2026-09-18 06:03:14,031] Epoch: 181, Dataset: val, Dice: 0.7909, IoU: 0.6666
[2026-09-18 06:03:56,653] Epoch: 182, Dataset: test, Dice: 0.7925, IoU: 0.6688
[2026-09-18 06:03:59,897] Epoch: 182, Dataset: val, Dice: 0.7894, IoU: 0.6646
[2026-09-18 06:04:42,732] Epoch: 183, Dataset: test, Dice: 0.7968, IoU: 0.6745
[2026-09-18 06:04:46,274] Epoch: 183, Dataset: val, Dice: 0.7935, IoU: 0.6702
[2026-09-18 06:05:29,806] Epoch: 184, Dataset: test, Dice: 0.7968, IoU: 0.6748
[2026-09-18 06:05:33,330] Epoch: 184, Dataset: val, Dice: 0.7923, IoU: 0.6690
[2026-09-18 06:06:15,376] Epoch: 185, Dataset: test, Dice: 0.7949, IoU: 0.6718
[2026-09-18 06:06:18,580] Epoch: 185, Dataset: val, Dice: 0.7901, IoU: 0.6663
[2026-09-18 06:07:01,702] Epoch: 186, Dataset: test, Dice: 0.7964, IoU: 0.6739
[2026-09-18 06:07:04,718] Epoch: 186, Dataset: val, Dice: 0.7934, IoU: 0.6699
[2026-09-18 06:07:48,487] Epoch: 187, Dataset: test, Dice: 0.7984, IoU: 0.6763
[2026-09-18 06:07:51,827] Epoch: 187, Dataset: val, Dice: 0.7953, IoU: 0.6722
[2026-09-18 06:08:34,902] Epoch: 188, Dataset: test, Dice: 0.7965, IoU: 0.6739
[2026-09-18 06:08:38,435] Epoch: 188, Dataset: val, Dice: 0.7925, IoU: 0.6690
[2026-09-18 06:09:20,748] Epoch: 189, Dataset: test, Dice: 0.7918, IoU: 0.6676
[2026-09-18 06:09:23,112] Epoch: 189, Dataset: val, Dice: 0.7875, IoU: 0.6623
[2026-09-18 06:10:02,040] Epoch: 190, Dataset: test, Dice: 0.7970, IoU: 0.6744
[2026-09-18 06:10:05,614] Epoch: 190, Dataset: val, Dice: 0.7938, IoU: 0.6701
[2026-09-18 06:10:48,987] Epoch: 191, Dataset: test, Dice: 0.7974, IoU: 0.6751
[2026-09-18 06:10:52,519] Epoch: 191, Dataset: val, Dice: 0.7936, IoU: 0.6701
[2026-09-18 06:11:35,887] Epoch: 192, Dataset: test, Dice: 0.7979, IoU: 0.6754
[2026-09-18 06:11:39,135] Epoch: 192, Dataset: val, Dice: 0.7934, IoU: 0.6699
[2026-09-18 06:12:22,532] Epoch: 193, Dataset: test, Dice: 0.7940, IoU: 0.6705
[2026-09-18 06:12:25,980] Epoch: 193, Dataset: val, Dice: 0.7905, IoU: 0.6661
[2026-09-18 06:13:09,639] Epoch: 194, Dataset: test, Dice: 0.7946, IoU: 0.6713
[2026-09-18 06:13:12,848] Epoch: 194, Dataset: val, Dice: 0.7903, IoU: 0.6659
[2026-09-18 06:13:55,042] Epoch: 195, Dataset: test, Dice: 0.7933, IoU: 0.6696
[2026-09-18 06:13:58,587] Epoch: 195, Dataset: val, Dice: 0.7899, IoU: 0.6651
[2026-09-18 06:14:40,990] Epoch: 196, Dataset: test, Dice: 0.7951, IoU: 0.6718
[2026-09-18 06:14:44,070] Epoch: 196, Dataset: val, Dice: 0.7910, IoU: 0.6666
[2026-09-18 06:15:23,688] Epoch: 197, Dataset: test, Dice: 0.7959, IoU: 0.6728
[2026-09-18 06:15:27,220] Epoch: 197, Dataset: val, Dice: 0.7920, IoU: 0.6678
[2026-09-18 06:16:10,500] Epoch: 198, Dataset: test, Dice: 0.7950, IoU: 0.6717
[2026-09-18 06:16:14,090] Epoch: 198, Dataset: val, Dice: 0.7911, IoU: 0.6667
[2026-09-18 06:16:57,503] Epoch: 199, Dataset: test, Dice: 0.7951, IoU: 0.6722
[2026-09-18 06:17:01,096] Epoch: 199, Dataset: val, Dice: 0.7911, IoU: 0.6670
[2026-09-18 06:17:44,518] Epoch: 200, Dataset: test, Dice: 0.7959, IoU: 0.6729
[2026-09-18 06:17:47,717] Epoch: 200, Dataset: val, Dice: 0.7916, IoU: 0.6676
[2026-09-18 06:17:47,720] 
========================================
FINAL RESULTS: SugarBeets_MK_UNet_bs8_lr0.0005_e200_augTrue_run1_t034508
Best Val Dice: 0.8190
Test Dice at Best Val: 0.8185
Total Train Time: 7815.76s
========================================
