[2026-09-18 06:17:47,831] flops: 0.619251354, params: 0.315566, Total params: : 0.3156
[2026-09-18 06:18:31,673] Epoch: 1, Dataset: test, Dice: 0.7407, IoU: 0.6068
[2026-09-18 06:18:35,231] Epoch: 1, Dataset: val, Dice: 0.7440, IoU: 0.6071
[2026-09-18 06:18:35,231] ### Best Model Saved (Dice improved from 0.0000 to 0.7440) ###
[2026-09-18 06:19:18,957] Epoch: 2, Dataset: test, Dice: 0.7961, IoU: 0.6758
[2026-09-18 06:19:22,379] Epoch: 2, Dataset: val, Dice: 0.7985, IoU: 0.6774
[2026-09-18 06:19:22,379] ### Best Model Saved (Dice improved from 0.7440 to 0.7985) ###
[2026-09-18 06:20:05,891] Epoch: 3, Dataset: test, Dice: 0.8008, IoU: 0.6817
[2026-09-18 06:20:08,649] Epoch: 3, Dataset: val, Dice: 0.8031, IoU: 0.6825
[2026-09-18 06:20:08,649] ### Best Model Saved (Dice improved from 0.7985 to 0.8031) ###
[2026-09-18 06:20:51,927] Epoch: 4, Dataset: test, Dice: 0.7950, IoU: 0.6752
[2026-09-18 06:20:55,139] Epoch: 4, Dataset: val, Dice: 0.7973, IoU: 0.6773
[2026-09-18 06:21:38,854] Epoch: 5, Dataset: test, Dice: 0.5143, IoU: 0.3971
[2026-09-18 06:21:42,351] Epoch: 5, Dataset: val, Dice: 0.5405, IoU: 0.4183
[2026-09-18 06:22:22,710] Epoch: 6, Dataset: test, Dice: 0.7852, IoU: 0.6616
[2026-09-18 06:22:26,229] Epoch: 6, Dataset: val, Dice: 0.7857, IoU: 0.6617
[2026-09-18 06:23:09,384] Epoch: 7, Dataset: test, Dice: 0.8114, IoU: 0.6953
[2026-09-18 06:23:12,950] Epoch: 7, Dataset: val, Dice: 0.8112, IoU: 0.6944
[2026-09-18 06:23:12,950] ### Best Model Saved (Dice improved from 0.8031 to 0.8112) ###
[2026-09-18 06:23:55,077] Epoch: 8, Dataset: test, Dice: 0.8077, IoU: 0.6927
[2026-09-18 06:23:58,624] Epoch: 8, Dataset: val, Dice: 0.8103, IoU: 0.6939
[2026-09-18 06:24:42,227] Epoch: 9, Dataset: test, Dice: 0.7988, IoU: 0.6781
[2026-09-18 06:24:45,152] Epoch: 9, Dataset: val, Dice: 0.7995, IoU: 0.6785
[2026-09-18 06:25:28,619] Epoch: 10, Dataset: test, Dice: 0.7677, IoU: 0.6431
[2026-09-18 06:25:32,138] Epoch: 10, Dataset: val, Dice: 0.7741, IoU: 0.6478
[2026-09-18 06:26:15,657] Epoch: 11, Dataset: test, Dice: 0.7691, IoU: 0.6425
[2026-09-18 06:26:19,220] Epoch: 11, Dataset: val, Dice: 0.7736, IoU: 0.6453
[2026-09-18 06:27:02,408] Epoch: 12, Dataset: test, Dice: 0.7883, IoU: 0.6632
[2026-09-18 06:27:05,542] Epoch: 12, Dataset: val, Dice: 0.7877, IoU: 0.6619
[2026-09-18 06:27:48,129] Epoch: 13, Dataset: test, Dice: 0.7610, IoU: 0.6288
[2026-09-18 06:27:51,352] Epoch: 13, Dataset: val, Dice: 0.7592, IoU: 0.6272
[2026-09-18 06:28:34,369] Epoch: 14, Dataset: test, Dice: 0.7615, IoU: 0.6316
[2026-09-18 06:28:37,514] Epoch: 14, Dataset: val, Dice: 0.7635, IoU: 0.6325
[2026-09-18 06:29:18,987] Epoch: 15, Dataset: test, Dice: 0.7798, IoU: 0.6563
[2026-09-18 06:29:22,187] Epoch: 15, Dataset: val, Dice: 0.7805, IoU: 0.6556
[2026-09-18 06:30:05,316] Epoch: 16, Dataset: test, Dice: 0.7923, IoU: 0.6697
[2026-09-18 06:30:08,901] Epoch: 16, Dataset: val, Dice: 0.7937, IoU: 0.6702
[2026-09-18 06:30:52,327] Epoch: 17, Dataset: test, Dice: 0.7833, IoU: 0.6593
[2026-09-18 06:30:55,319] Epoch: 17, Dataset: val, Dice: 0.7861, IoU: 0.6607
[2026-09-18 06:31:37,748] Epoch: 18, Dataset: test, Dice: 0.7702, IoU: 0.6420
[2026-09-18 06:31:40,682] Epoch: 18, Dataset: val, Dice: 0.7731, IoU: 0.6443
[2026-09-18 06:32:24,032] Epoch: 19, Dataset: test, Dice: 0.7789, IoU: 0.6533
[2026-09-18 06:32:27,410] Epoch: 19, Dataset: val, Dice: 0.7782, IoU: 0.6522
[2026-09-18 06:33:10,055] Epoch: 20, Dataset: test, Dice: 0.7790, IoU: 0.6522
[2026-09-18 06:33:13,615] Epoch: 20, Dataset: val, Dice: 0.7799, IoU: 0.6527
[2026-09-18 06:33:57,225] Epoch: 21, Dataset: test, Dice: 0.7716, IoU: 0.6432
[2026-09-18 06:34:00,184] Epoch: 21, Dataset: val, Dice: 0.7696, IoU: 0.6412
[2026-09-18 06:34:42,659] Epoch: 22, Dataset: test, Dice: 0.7894, IoU: 0.6663
[2026-09-18 06:34:46,109] Epoch: 22, Dataset: val, Dice: 0.7913, IoU: 0.6678
[2026-09-18 06:35:28,104] Epoch: 23, Dataset: test, Dice: 0.7827, IoU: 0.6558
[2026-09-18 06:35:31,655] Epoch: 23, Dataset: val, Dice: 0.7809, IoU: 0.6536
[2026-09-18 06:36:11,822] Epoch: 24, Dataset: test, Dice: 0.7913, IoU: 0.6680
[2026-09-18 06:36:15,351] Epoch: 24, Dataset: val, Dice: 0.7907, IoU: 0.6677
[2026-09-18 06:36:57,171] Epoch: 25, Dataset: test, Dice: 0.6247, IoU: 0.4946
[2026-09-18 06:37:00,690] Epoch: 25, Dataset: val, Dice: 0.6521, IoU: 0.5177
[2026-09-18 06:37:43,196] Epoch: 26, Dataset: test, Dice: 0.7950, IoU: 0.6772
[2026-09-18 06:37:46,755] Epoch: 26, Dataset: val, Dice: 0.7976, IoU: 0.6777
[2026-09-18 06:38:30,353] Epoch: 27, Dataset: test, Dice: 0.3911, IoU: 0.3108
[2026-09-18 06:38:33,331] Epoch: 27, Dataset: val, Dice: 0.4386, IoU: 0.3502
[2026-09-18 06:39:12,323] Epoch: 28, Dataset: test, Dice: 0.7912, IoU: 0.6672
[2026-09-18 06:39:15,663] Epoch: 28, Dataset: val, Dice: 0.7861, IoU: 0.6626
[2026-09-18 06:39:59,774] Epoch: 29, Dataset: test, Dice: 0.7921, IoU: 0.6690
[2026-09-18 06:40:03,351] Epoch: 29, Dataset: val, Dice: 0.7912, IoU: 0.6671
[2026-09-18 06:40:42,458] Epoch: 30, Dataset: test, Dice: 0.7973, IoU: 0.6754
[2026-09-18 06:40:45,809] Epoch: 30, Dataset: val, Dice: 0.7944, IoU: 0.6721
[2026-09-18 06:41:28,439] Epoch: 31, Dataset: test, Dice: 0.7908, IoU: 0.6676
[2026-09-18 06:41:32,003] Epoch: 31, Dataset: val, Dice: 0.7897, IoU: 0.6654
[2026-09-18 06:42:14,502] Epoch: 32, Dataset: test, Dice: 0.7831, IoU: 0.6567
[2026-09-18 06:42:18,042] Epoch: 32, Dataset: val, Dice: 0.7814, IoU: 0.6554
[2026-09-18 06:43:01,507] Epoch: 33, Dataset: test, Dice: 0.7782, IoU: 0.6529
[2026-09-18 06:43:05,070] Epoch: 33, Dataset: val, Dice: 0.7790, IoU: 0.6530
[2026-09-18 06:43:48,383] Epoch: 34, Dataset: test, Dice: 0.7682, IoU: 0.6397
[2026-09-18 06:43:50,987] Epoch: 34, Dataset: val, Dice: 0.7672, IoU: 0.6382
[2026-09-18 06:44:29,984] Epoch: 35, Dataset: test, Dice: 0.7931, IoU: 0.6704
[2026-09-18 06:44:33,356] Epoch: 35, Dataset: val, Dice: 0.7890, IoU: 0.6665
[2026-09-18 06:45:16,039] Epoch: 36, Dataset: test, Dice: 0.7842, IoU: 0.6583
[2026-09-18 06:45:19,584] Epoch: 36, Dataset: val, Dice: 0.7788, IoU: 0.6528
[2026-09-18 06:46:02,736] Epoch: 37, Dataset: test, Dice: 0.7988, IoU: 0.6785
[2026-09-18 06:46:06,019] Epoch: 37, Dataset: val, Dice: 0.7982, IoU: 0.6765
[2026-09-18 06:46:49,528] Epoch: 38, Dataset: test, Dice: 0.7848, IoU: 0.6595
[2026-09-18 06:46:52,804] Epoch: 38, Dataset: val, Dice: 0.7820, IoU: 0.6555
[2026-09-18 06:47:34,806] Epoch: 39, Dataset: test, Dice: 0.7802, IoU: 0.6533
[2026-09-18 06:47:38,339] Epoch: 39, Dataset: val, Dice: 0.7791, IoU: 0.6516
[2026-09-18 06:48:20,305] Epoch: 40, Dataset: test, Dice: 0.7624, IoU: 0.6331
[2026-09-18 06:48:23,594] Epoch: 40, Dataset: val, Dice: 0.7597, IoU: 0.6291
[2026-09-18 06:49:06,563] Epoch: 41, Dataset: test, Dice: 0.7791, IoU: 0.6544
[2026-09-18 06:49:10,113] Epoch: 41, Dataset: val, Dice: 0.7797, IoU: 0.6545
[2026-09-18 06:49:53,583] Epoch: 42, Dataset: test, Dice: 0.7946, IoU: 0.6720
[2026-09-18 06:49:57,128] Epoch: 42, Dataset: val, Dice: 0.7930, IoU: 0.6693
[2026-09-18 06:50:37,209] Epoch: 43, Dataset: test, Dice: 0.7696, IoU: 0.6428
[2026-09-18 06:50:40,729] Epoch: 43, Dataset: val, Dice: 0.7713, IoU: 0.6425
[2026-09-18 06:51:24,129] Epoch: 44, Dataset: test, Dice: 0.7630, IoU: 0.6347
[2026-09-18 06:51:27,435] Epoch: 44, Dataset: val, Dice: 0.7655, IoU: 0.6349
[2026-09-18 06:52:10,304] Epoch: 45, Dataset: test, Dice: 0.7796, IoU: 0.6538
[2026-09-18 06:52:13,837] Epoch: 45, Dataset: val, Dice: 0.7794, IoU: 0.6528
[2026-09-18 06:52:55,477] Epoch: 46, Dataset: test, Dice: 0.7773, IoU: 0.6512
[2026-09-18 06:52:59,046] Epoch: 46, Dataset: val, Dice: 0.7766, IoU: 0.6494
[2026-09-18 06:53:41,487] Epoch: 47, Dataset: test, Dice: 0.7893, IoU: 0.6651
[2026-09-18 06:53:44,686] Epoch: 47, Dataset: val, Dice: 0.7850, IoU: 0.6605
[2026-09-18 06:54:27,758] Epoch: 48, Dataset: test, Dice: 0.7680, IoU: 0.6389
[2026-09-18 06:54:31,325] Epoch: 48, Dataset: val, Dice: 0.7634, IoU: 0.6337
[2026-09-18 06:55:14,369] Epoch: 49, Dataset: test, Dice: 0.7796, IoU: 0.6530
[2026-09-18 06:55:17,532] Epoch: 49, Dataset: val, Dice: 0.7732, IoU: 0.6468
[2026-09-18 06:56:01,059] Epoch: 50, Dataset: test, Dice: 0.7701, IoU: 0.6418
[2026-09-18 06:56:04,605] Epoch: 50, Dataset: val, Dice: 0.7681, IoU: 0.6404
[2026-09-18 06:56:47,725] Epoch: 51, Dataset: test, Dice: 0.7873, IoU: 0.6625
[2026-09-18 06:56:50,666] Epoch: 51, Dataset: val, Dice: 0.7866, IoU: 0.6610
[2026-09-18 06:57:33,518] Epoch: 52, Dataset: test, Dice: 0.7901, IoU: 0.6661
[2026-09-18 06:57:36,796] Epoch: 52, Dataset: val, Dice: 0.7888, IoU: 0.6638
[2026-09-18 06:58:19,137] Epoch: 53, Dataset: test, Dice: 0.7824, IoU: 0.6568
[2026-09-18 06:58:22,136] Epoch: 53, Dataset: val, Dice: 0.7805, IoU: 0.6546
[2026-09-18 06:59:05,407] Epoch: 54, Dataset: test, Dice: 0.7883, IoU: 0.6637
[2026-09-18 06:59:08,771] Epoch: 54, Dataset: val, Dice: 0.7867, IoU: 0.6611
[2026-09-18 06:59:51,071] Epoch: 55, Dataset: test, Dice: 0.7522, IoU: 0.6248
[2026-09-18 06:59:54,621] Epoch: 55, Dataset: val, Dice: 0.7517, IoU: 0.6236
[2026-09-18 07:00:37,512] Epoch: 56, Dataset: test, Dice: 0.7811, IoU: 0.6546
[2026-09-18 07:00:41,018] Epoch: 56, Dataset: val, Dice: 0.7833, IoU: 0.6562
[2026-09-18 07:01:21,543] Epoch: 57, Dataset: test, Dice: 0.7701, IoU: 0.6407
[2026-09-18 07:01:25,067] Epoch: 57, Dataset: val, Dice: 0.7703, IoU: 0.6398
[2026-09-18 07:02:08,018] Epoch: 58, Dataset: test, Dice: 0.7785, IoU: 0.6505
[2026-09-18 07:02:11,354] Epoch: 58, Dataset: val, Dice: 0.7763, IoU: 0.6479
[2026-09-18 07:02:54,484] Epoch: 59, Dataset: test, Dice: 0.7744, IoU: 0.6467
[2026-09-18 07:02:57,995] Epoch: 59, Dataset: val, Dice: 0.7725, IoU: 0.6443
[2026-09-18 07:03:39,900] Epoch: 60, Dataset: test, Dice: 0.7600, IoU: 0.6300
[2026-09-18 07:03:43,418] Epoch: 60, Dataset: val, Dice: 0.7601, IoU: 0.6293
[2026-09-18 07:04:26,365] Epoch: 61, Dataset: test, Dice: 0.7720, IoU: 0.6442
[2026-09-18 07:04:29,498] Epoch: 61, Dataset: val, Dice: 0.7711, IoU: 0.6417
[2026-09-18 07:05:12,784] Epoch: 62, Dataset: test, Dice: 0.7773, IoU: 0.6490
[2026-09-18 07:05:15,456] Epoch: 62, Dataset: val, Dice: 0.7761, IoU: 0.6475
[2026-09-18 07:05:57,609] Epoch: 63, Dataset: test, Dice: 0.7739, IoU: 0.6459
[2026-09-18 07:06:00,739] Epoch: 63, Dataset: val, Dice: 0.7732, IoU: 0.6444
[2026-09-18 07:06:38,887] Epoch: 64, Dataset: test, Dice: 0.7652, IoU: 0.6380
[2026-09-18 07:06:42,438] Epoch: 64, Dataset: val, Dice: 0.7616, IoU: 0.6329
[2026-09-18 07:07:25,651] Epoch: 65, Dataset: test, Dice: 0.7655, IoU: 0.6356
[2026-09-18 07:07:28,859] Epoch: 65, Dataset: val, Dice: 0.7608, IoU: 0.6306
[2026-09-18 07:08:11,715] Epoch: 66, Dataset: test, Dice: 0.7643, IoU: 0.6337
[2026-09-18 07:08:15,307] Epoch: 66, Dataset: val, Dice: 0.7599, IoU: 0.6285
[2026-09-18 07:08:57,758] Epoch: 67, Dataset: test, Dice: 0.7715, IoU: 0.6420
[2026-09-18 07:09:01,304] Epoch: 67, Dataset: val, Dice: 0.7709, IoU: 0.6406
[2026-09-18 07:09:44,011] Epoch: 68, Dataset: test, Dice: 0.7718, IoU: 0.6422
[2026-09-18 07:09:47,571] Epoch: 68, Dataset: val, Dice: 0.7685, IoU: 0.6384
[2026-09-18 07:10:31,238] Epoch: 69, Dataset: test, Dice: 0.7837, IoU: 0.6582
[2026-09-18 07:10:34,126] Epoch: 69, Dataset: val, Dice: 0.7823, IoU: 0.6556
[2026-09-18 07:11:17,233] Epoch: 70, Dataset: test, Dice: 0.7711, IoU: 0.6415
[2026-09-18 07:11:20,825] Epoch: 70, Dataset: val, Dice: 0.7681, IoU: 0.6379
[2026-09-18 07:12:03,733] Epoch: 71, Dataset: test, Dice: 0.7900, IoU: 0.6654
[2026-09-18 07:12:07,336] Epoch: 71, Dataset: val, Dice: 0.7883, IoU: 0.6626
[2026-09-18 07:12:50,676] Epoch: 72, Dataset: test, Dice: 0.7839, IoU: 0.6583
[2026-09-18 07:12:54,240] Epoch: 72, Dataset: val, Dice: 0.7823, IoU: 0.6555
[2026-09-18 07:13:37,533] Epoch: 73, Dataset: test, Dice: 0.7807, IoU: 0.6534
[2026-09-18 07:13:41,015] Epoch: 73, Dataset: val, Dice: 0.7777, IoU: 0.6494
[2026-09-18 07:14:24,274] Epoch: 74, Dataset: test, Dice: 0.7637, IoU: 0.6355
[2026-09-18 07:14:27,461] Epoch: 74, Dataset: val, Dice: 0.7658, IoU: 0.6359
[2026-09-18 07:15:07,513] Epoch: 75, Dataset: test, Dice: 0.7816, IoU: 0.6553
[2026-09-18 07:15:11,063] Epoch: 75, Dataset: val, Dice: 0.7799, IoU: 0.6531
[2026-09-18 07:15:52,325] Epoch: 76, Dataset: test, Dice: 0.7809, IoU: 0.6547
[2026-09-18 07:15:55,846] Epoch: 76, Dataset: val, Dice: 0.7796, IoU: 0.6520
[2026-09-18 07:16:39,379] Epoch: 77, Dataset: test, Dice: 0.7671, IoU: 0.6379
[2026-09-18 07:16:42,983] Epoch: 77, Dataset: val, Dice: 0.7684, IoU: 0.6381
[2026-09-18 07:17:26,902] Epoch: 78, Dataset: test, Dice: 0.7545, IoU: 0.6245
[2026-09-18 07:17:30,505] Epoch: 78, Dataset: val, Dice: 0.7533, IoU: 0.6220
[2026-09-18 07:18:14,326] Epoch: 79, Dataset: test, Dice: 0.7670, IoU: 0.6414
[2026-09-18 07:18:17,891] Epoch: 79, Dataset: val, Dice: 0.7726, IoU: 0.6441
[2026-09-18 07:19:01,697] Epoch: 80, Dataset: test, Dice: 0.7769, IoU: 0.6491
[2026-09-18 07:19:05,283] Epoch: 80, Dataset: val, Dice: 0.7758, IoU: 0.6475
[2026-09-18 07:19:49,173] Epoch: 81, Dataset: test, Dice: 0.7807, IoU: 0.6530
[2026-09-18 07:19:52,735] Epoch: 81, Dataset: val, Dice: 0.7778, IoU: 0.6500
[2026-09-18 07:20:35,576] Epoch: 82, Dataset: test, Dice: 0.7584, IoU: 0.6268
[2026-09-18 07:20:39,170] Epoch: 82, Dataset: val, Dice: 0.7564, IoU: 0.6234
[2026-09-18 07:21:20,674] Epoch: 83, Dataset: test, Dice: 0.7719, IoU: 0.6438
[2026-09-18 07:21:24,001] Epoch: 83, Dataset: val, Dice: 0.7703, IoU: 0.6412
[2026-09-18 07:22:07,071] Epoch: 84, Dataset: test, Dice: 0.7798, IoU: 0.6534
[2026-09-18 07:22:10,214] Epoch: 84, Dataset: val, Dice: 0.7784, IoU: 0.6510
[2026-09-18 07:22:53,365] Epoch: 85, Dataset: test, Dice: 0.7785, IoU: 0.6509
[2026-09-18 07:22:56,978] Epoch: 85, Dataset: val, Dice: 0.7759, IoU: 0.6476
[2026-09-18 07:23:40,783] Epoch: 86, Dataset: test, Dice: 0.7761, IoU: 0.6484
[2026-09-18 07:23:44,335] Epoch: 86, Dataset: val, Dice: 0.7728, IoU: 0.6441
[2026-09-18 07:24:26,931] Epoch: 87, Dataset: test, Dice: 0.7785, IoU: 0.6531
[2026-09-18 07:24:30,435] Epoch: 87, Dataset: val, Dice: 0.7794, IoU: 0.6529
[2026-09-18 07:25:13,171] Epoch: 88, Dataset: test, Dice: 0.7830, IoU: 0.6577
[2026-09-18 07:25:16,730] Epoch: 88, Dataset: val, Dice: 0.7838, IoU: 0.6575
[2026-09-18 07:25:59,425] Epoch: 89, Dataset: test, Dice: 0.7586, IoU: 0.6275
[2026-09-18 07:26:02,584] Epoch: 89, Dataset: val, Dice: 0.7594, IoU: 0.6291
[2026-09-18 07:26:46,014] Epoch: 90, Dataset: test, Dice: 0.7823, IoU: 0.6552
[2026-09-18 07:26:49,406] Epoch: 90, Dataset: val, Dice: 0.7778, IoU: 0.6496
[2026-09-18 07:27:32,807] Epoch: 91, Dataset: test, Dice: 0.7802, IoU: 0.6536
[2026-09-18 07:27:36,358] Epoch: 91, Dataset: val, Dice: 0.7748, IoU: 0.6476
[2026-09-18 07:28:19,024] Epoch: 92, Dataset: test, Dice: 0.7793, IoU: 0.6525
[2026-09-18 07:28:21,891] Epoch: 92, Dataset: val, Dice: 0.7773, IoU: 0.6494
[2026-09-18 07:29:04,744] Epoch: 93, Dataset: test, Dice: 0.7907, IoU: 0.6672
[2026-09-18 07:29:08,130] Epoch: 93, Dataset: val, Dice: 0.7877, IoU: 0.6642
[2026-09-18 07:29:51,181] Epoch: 94, Dataset: test, Dice: 0.7791, IoU: 0.6514
[2026-09-18 07:29:54,580] Epoch: 94, Dataset: val, Dice: 0.7730, IoU: 0.6453
[2026-09-18 07:30:38,303] Epoch: 95, Dataset: test, Dice: 0.7869, IoU: 0.6624
[2026-09-18 07:30:41,536] Epoch: 95, Dataset: val, Dice: 0.7833, IoU: 0.6579
[2026-09-18 07:31:24,844] Epoch: 96, Dataset: test, Dice: 0.7695, IoU: 0.6406
[2026-09-18 07:31:27,923] Epoch: 96, Dataset: val, Dice: 0.7693, IoU: 0.6392
[2026-09-18 07:32:10,467] Epoch: 97, Dataset: test, Dice: 0.7809, IoU: 0.6553
[2026-09-18 07:32:14,000] Epoch: 97, Dataset: val, Dice: 0.7810, IoU: 0.6540
[2026-09-18 07:32:57,176] Epoch: 98, Dataset: test, Dice: 0.7878, IoU: 0.6624
[2026-09-18 07:33:00,530] Epoch: 98, Dataset: val, Dice: 0.7845, IoU: 0.6584
[2026-09-18 07:33:42,572] Epoch: 99, Dataset: test, Dice: 0.7891, IoU: 0.6644
[2026-09-18 07:33:45,766] Epoch: 99, Dataset: val, Dice: 0.7883, IoU: 0.6631
[2026-09-18 07:34:28,753] Epoch: 100, Dataset: test, Dice: 0.7764, IoU: 0.6490
[2026-09-18 07:34:31,891] Epoch: 100, Dataset: val, Dice: 0.7762, IoU: 0.6478
[2026-09-18 07:35:14,847] Epoch: 101, Dataset: test, Dice: 0.7775, IoU: 0.6505
[2026-09-18 07:35:18,398] Epoch: 101, Dataset: val, Dice: 0.7781, IoU: 0.6504
[2026-09-18 07:36:01,981] Epoch: 102, Dataset: test, Dice: 0.7828, IoU: 0.6572
[2026-09-18 07:36:05,276] Epoch: 102, Dataset: val, Dice: 0.7812, IoU: 0.6553
[2026-09-18 07:36:48,212] Epoch: 103, Dataset: test, Dice: 0.7807, IoU: 0.6532
[2026-09-18 07:36:51,304] Epoch: 103, Dataset: val, Dice: 0.7748, IoU: 0.6476
[2026-09-18 07:37:35,149] Epoch: 104, Dataset: test, Dice: 0.7797, IoU: 0.6523
[2026-09-18 07:37:38,705] Epoch: 104, Dataset: val, Dice: 0.7761, IoU: 0.6484
[2026-09-18 07:38:20,098] Epoch: 105, Dataset: test, Dice: 0.7857, IoU: 0.6605
[2026-09-18 07:38:23,309] Epoch: 105, Dataset: val, Dice: 0.7815, IoU: 0.6556
[2026-09-18 07:39:06,374] Epoch: 106, Dataset: test, Dice: 0.7715, IoU: 0.6428
[2026-09-18 07:39:08,838] Epoch: 106, Dataset: val, Dice: 0.7682, IoU: 0.6382
[2026-09-18 07:39:51,692] Epoch: 107, Dataset: test, Dice: 0.7815, IoU: 0.6550
[2026-09-18 07:39:55,189] Epoch: 107, Dataset: val, Dice: 0.7756, IoU: 0.6487
[2026-09-18 07:40:37,084] Epoch: 108, Dataset: test, Dice: 0.7910, IoU: 0.6665
[2026-09-18 07:40:39,943] Epoch: 108, Dataset: val, Dice: 0.7871, IoU: 0.6618
[2026-09-18 07:41:22,687] Epoch: 109, Dataset: test, Dice: 0.7696, IoU: 0.6413
[2026-09-18 07:41:26,237] Epoch: 109, Dataset: val, Dice: 0.7677, IoU: 0.6393
[2026-09-18 07:42:09,291] Epoch: 110, Dataset: test, Dice: 0.7743, IoU: 0.6460
[2026-09-18 07:42:12,858] Epoch: 110, Dataset: val, Dice: 0.7704, IoU: 0.6421
[2026-09-18 07:42:56,069] Epoch: 111, Dataset: test, Dice: 0.7784, IoU: 0.6511
[2026-09-18 07:42:59,621] Epoch: 111, Dataset: val, Dice: 0.7751, IoU: 0.6469
[2026-09-18 07:43:41,282] Epoch: 112, Dataset: test, Dice: 0.7781, IoU: 0.6535
[2026-09-18 07:43:44,621] Epoch: 112, Dataset: val, Dice: 0.7776, IoU: 0.6511
[2026-09-18 07:44:27,598] Epoch: 113, Dataset: test, Dice: 0.7865, IoU: 0.6619
[2026-09-18 07:44:31,109] Epoch: 113, Dataset: val, Dice: 0.7828, IoU: 0.6573
[2026-09-18 07:45:14,370] Epoch: 114, Dataset: test, Dice: 0.7803, IoU: 0.6534
[2026-09-18 07:45:17,634] Epoch: 114, Dataset: val, Dice: 0.7774, IoU: 0.6500
[2026-09-18 07:46:00,067] Epoch: 115, Dataset: test, Dice: 0.7737, IoU: 0.6466
[2026-09-18 07:46:03,640] Epoch: 115, Dataset: val, Dice: 0.7705, IoU: 0.6433
[2026-09-18 07:46:46,505] Epoch: 116, Dataset: test, Dice: 0.7810, IoU: 0.6542
[2026-09-18 07:46:50,066] Epoch: 116, Dataset: val, Dice: 0.7770, IoU: 0.6495
[2026-09-18 07:47:33,539] Epoch: 117, Dataset: test, Dice: 0.7711, IoU: 0.6432
[2026-09-18 07:47:37,063] Epoch: 117, Dataset: val, Dice: 0.7694, IoU: 0.6406
[2026-09-18 07:48:20,249] Epoch: 118, Dataset: test, Dice: 0.7855, IoU: 0.6601
[2026-09-18 07:48:23,822] Epoch: 118, Dataset: val, Dice: 0.7836, IoU: 0.6569
[2026-09-18 07:49:07,159] Epoch: 119, Dataset: test, Dice: 0.7744, IoU: 0.6458
[2026-09-18 07:49:10,710] Epoch: 119, Dataset: val, Dice: 0.7700, IoU: 0.6413
[2026-09-18 07:49:53,019] Epoch: 120, Dataset: test, Dice: 0.7821, IoU: 0.6566
[2026-09-18 07:49:56,173] Epoch: 120, Dataset: val, Dice: 0.7782, IoU: 0.6524
[2026-09-18 07:50:34,682] Epoch: 121, Dataset: test, Dice: 0.7765, IoU: 0.6490
[2026-09-18 07:50:38,256] Epoch: 121, Dataset: val, Dice: 0.7737, IoU: 0.6462
[2026-09-18 07:51:20,989] Epoch: 122, Dataset: test, Dice: 0.7850, IoU: 0.6590
[2026-09-18 07:51:24,269] Epoch: 122, Dataset: val, Dice: 0.7798, IoU: 0.6533
[2026-09-18 07:52:04,122] Epoch: 123, Dataset: test, Dice: 0.7791, IoU: 0.6531
[2026-09-18 07:52:06,945] Epoch: 123, Dataset: val, Dice: 0.7754, IoU: 0.6493
[2026-09-18 07:52:49,840] Epoch: 124, Dataset: test, Dice: 0.7887, IoU: 0.6633
[2026-09-18 07:52:53,425] Epoch: 124, Dataset: val, Dice: 0.7838, IoU: 0.6574
[2026-09-18 07:53:36,024] Epoch: 125, Dataset: test, Dice: 0.7782, IoU: 0.6508
[2026-09-18 07:53:39,485] Epoch: 125, Dataset: val, Dice: 0.7762, IoU: 0.6485
[2026-09-18 07:54:23,105] Epoch: 126, Dataset: test, Dice: 0.7837, IoU: 0.6573
[2026-09-18 07:54:26,713] Epoch: 126, Dataset: val, Dice: 0.7806, IoU: 0.6539
[2026-09-18 07:55:08,144] Epoch: 127, Dataset: test, Dice: 0.7864, IoU: 0.6608
[2026-09-18 07:55:11,491] Epoch: 127, Dataset: val, Dice: 0.7819, IoU: 0.6556
[2026-09-18 07:55:55,193] Epoch: 128, Dataset: test, Dice: 0.7763, IoU: 0.6488
[2026-09-18 07:55:58,753] Epoch: 128, Dataset: val, Dice: 0.7726, IoU: 0.6450
[2026-09-18 07:56:42,957] Epoch: 129, Dataset: test, Dice: 0.7802, IoU: 0.6534
[2026-09-18 07:56:46,392] Epoch: 129, Dataset: val, Dice: 0.7787, IoU: 0.6507
[2026-09-18 07:57:27,025] Epoch: 130, Dataset: test, Dice: 0.7761, IoU: 0.6481
[2026-09-18 07:57:30,241] Epoch: 130, Dataset: val, Dice: 0.7725, IoU: 0.6440
[2026-09-18 07:58:13,137] Epoch: 131, Dataset: test, Dice: 0.7834, IoU: 0.6573
[2026-09-18 07:58:16,199] Epoch: 131, Dataset: val, Dice: 0.7802, IoU: 0.6538
[2026-09-18 07:58:58,443] Epoch: 132, Dataset: test, Dice: 0.7771, IoU: 0.6496
[2026-09-18 07:59:02,048] Epoch: 132, Dataset: val, Dice: 0.7766, IoU: 0.6482
[2026-09-18 07:59:45,447] Epoch: 133, Dataset: test, Dice: 0.7827, IoU: 0.6570
[2026-09-18 07:59:48,702] Epoch: 133, Dataset: val, Dice: 0.7804, IoU: 0.6539
[2026-09-18 08:00:31,621] Epoch: 134, Dataset: test, Dice: 0.7794, IoU: 0.6524
[2026-09-18 08:00:35,201] Epoch: 134, Dataset: val, Dice: 0.7771, IoU: 0.6493
[2026-09-18 08:01:17,169] Epoch: 135, Dataset: test, Dice: 0.7878, IoU: 0.6643
[2026-09-18 08:01:20,742] Epoch: 135, Dataset: val, Dice: 0.7829, IoU: 0.6586
[2026-09-18 08:02:04,473] Epoch: 136, Dataset: test, Dice: 0.7838, IoU: 0.6582
[2026-09-18 08:02:07,434] Epoch: 136, Dataset: val, Dice: 0.7790, IoU: 0.6524
[2026-09-18 08:02:46,535] Epoch: 137, Dataset: test, Dice: 0.7817, IoU: 0.6556
[2026-09-18 08:02:49,504] Epoch: 137, Dataset: val, Dice: 0.7769, IoU: 0.6506
[2026-09-18 08:03:29,915] Epoch: 138, Dataset: test, Dice: 0.7884, IoU: 0.6630
[2026-09-18 08:03:33,467] Epoch: 138, Dataset: val, Dice: 0.7831, IoU: 0.6573
[2026-09-18 08:04:16,364] Epoch: 139, Dataset: test, Dice: 0.7802, IoU: 0.6529
[2026-09-18 08:04:19,582] Epoch: 139, Dataset: val, Dice: 0.7763, IoU: 0.6483
[2026-09-18 08:05:02,918] Epoch: 140, Dataset: test, Dice: 0.7813, IoU: 0.6550
[2026-09-18 08:05:06,518] Epoch: 140, Dataset: val, Dice: 0.7774, IoU: 0.6505
[2026-09-18 08:05:49,543] Epoch: 141, Dataset: test, Dice: 0.7817, IoU: 0.6557
[2026-09-18 08:05:52,704] Epoch: 141, Dataset: val, Dice: 0.7774, IoU: 0.6510
[2026-09-18 08:06:35,918] Epoch: 142, Dataset: test, Dice: 0.7827, IoU: 0.6571
[2026-09-18 08:06:39,490] Epoch: 142, Dataset: val, Dice: 0.7775, IoU: 0.6514
[2026-09-18 08:07:23,297] Epoch: 143, Dataset: test, Dice: 0.7852, IoU: 0.6587
[2026-09-18 08:07:26,814] Epoch: 143, Dataset: val, Dice: 0.7799, IoU: 0.6530
[2026-09-18 08:08:09,552] Epoch: 144, Dataset: test, Dice: 0.7851, IoU: 0.6593
[2026-09-18 08:08:12,878] Epoch: 144, Dataset: val, Dice: 0.7806, IoU: 0.6546
[2026-09-18 08:08:56,293] Epoch: 145, Dataset: test, Dice: 0.7821, IoU: 0.6562
[2026-09-18 08:08:59,474] Epoch: 145, Dataset: val, Dice: 0.7774, IoU: 0.6505
[2026-09-18 08:09:43,301] Epoch: 146, Dataset: test, Dice: 0.7855, IoU: 0.6604
[2026-09-18 08:09:46,849] Epoch: 146, Dataset: val, Dice: 0.7807, IoU: 0.6552
[2026-09-18 08:10:29,401] Epoch: 147, Dataset: test, Dice: 0.7850, IoU: 0.6587
[2026-09-18 08:10:32,893] Epoch: 147, Dataset: val, Dice: 0.7806, IoU: 0.6535
[2026-09-18 08:11:15,942] Epoch: 148, Dataset: test, Dice: 0.7819, IoU: 0.6551
[2026-09-18 08:11:19,486] Epoch: 148, Dataset: val, Dice: 0.7777, IoU: 0.6507
[2026-09-18 08:12:02,944] Epoch: 149, Dataset: test, Dice: 0.7826, IoU: 0.6567
[2026-09-18 08:12:06,475] Epoch: 149, Dataset: val, Dice: 0.7812, IoU: 0.6539
[2026-09-18 08:12:47,536] Epoch: 150, Dataset: test, Dice: 0.7857, IoU: 0.6605
[2026-09-18 08:12:50,786] Epoch: 150, Dataset: val, Dice: 0.7827, IoU: 0.6567
[2026-09-18 08:13:34,138] Epoch: 151, Dataset: test, Dice: 0.7739, IoU: 0.6454
[2026-09-18 08:13:37,668] Epoch: 151, Dataset: val, Dice: 0.7683, IoU: 0.6397
[2026-09-18 08:14:20,726] Epoch: 152, Dataset: test, Dice: 0.7835, IoU: 0.6583
[2026-09-18 08:14:24,256] Epoch: 152, Dataset: val, Dice: 0.7812, IoU: 0.6548
[2026-09-18 08:15:05,127] Epoch: 153, Dataset: test, Dice: 0.7790, IoU: 0.6520
[2026-09-18 08:15:08,425] Epoch: 153, Dataset: val, Dice: 0.7758, IoU: 0.6486
[2026-09-18 08:15:51,375] Epoch: 154, Dataset: test, Dice: 0.7749, IoU: 0.6474
[2026-09-18 08:15:54,540] Epoch: 154, Dataset: val, Dice: 0.7735, IoU: 0.6448
[2026-09-18 08:16:37,876] Epoch: 155, Dataset: test, Dice: 0.7782, IoU: 0.6513
[2026-09-18 08:16:41,455] Epoch: 155, Dataset: val, Dice: 0.7749, IoU: 0.6473
[2026-09-18 08:17:23,825] Epoch: 156, Dataset: test, Dice: 0.7827, IoU: 0.6567
[2026-09-18 08:17:27,402] Epoch: 156, Dataset: val, Dice: 0.7794, IoU: 0.6528
[2026-09-18 08:18:10,114] Epoch: 157, Dataset: test, Dice: 0.7742, IoU: 0.6465
[2026-09-18 08:18:13,633] Epoch: 157, Dataset: val, Dice: 0.7723, IoU: 0.6445
[2026-09-18 08:18:53,973] Epoch: 158, Dataset: test, Dice: 0.7809, IoU: 0.6549
[2026-09-18 08:18:57,045] Epoch: 158, Dataset: val, Dice: 0.7767, IoU: 0.6503
[2026-09-18 08:19:40,503] Epoch: 159, Dataset: test, Dice: 0.7829, IoU: 0.6566
[2026-09-18 08:19:43,445] Epoch: 159, Dataset: val, Dice: 0.7789, IoU: 0.6522
[2026-09-18 08:20:26,965] Epoch: 160, Dataset: test, Dice: 0.7819, IoU: 0.6556
[2026-09-18 08:20:30,502] Epoch: 160, Dataset: val, Dice: 0.7789, IoU: 0.6517
[2026-09-18 08:21:14,075] Epoch: 161, Dataset: test, Dice: 0.7862, IoU: 0.6615
[2026-09-18 08:21:17,644] Epoch: 161, Dataset: val, Dice: 0.7826, IoU: 0.6572
[2026-09-18 08:22:01,556] Epoch: 162, Dataset: test, Dice: 0.7840, IoU: 0.6591
[2026-09-18 08:22:05,101] Epoch: 162, Dataset: val, Dice: 0.7823, IoU: 0.6559
[2026-09-18 08:22:47,505] Epoch: 163, Dataset: test, Dice: 0.7791, IoU: 0.6523
[2026-09-18 08:22:51,024] Epoch: 163, Dataset: val, Dice: 0.7772, IoU: 0.6497
[2026-09-18 08:23:34,023] Epoch: 164, Dataset: test, Dice: 0.7805, IoU: 0.6547
[2026-09-18 08:23:37,580] Epoch: 164, Dataset: val, Dice: 0.7766, IoU: 0.6500
[2026-09-18 08:24:20,378] Epoch: 165, Dataset: test, Dice: 0.7879, IoU: 0.6635
[2026-09-18 08:24:23,531] Epoch: 165, Dataset: val, Dice: 0.7841, IoU: 0.6591
[2026-09-18 08:25:06,818] Epoch: 166, Dataset: test, Dice: 0.7847, IoU: 0.6597
[2026-09-18 08:25:10,364] Epoch: 166, Dataset: val, Dice: 0.7823, IoU: 0.6562
[2026-09-18 08:25:53,309] Epoch: 167, Dataset: test, Dice: 0.7789, IoU: 0.6523
[2026-09-18 08:25:56,531] Epoch: 167, Dataset: val, Dice: 0.7755, IoU: 0.6481
[2026-09-18 08:26:39,067] Epoch: 168, Dataset: test, Dice: 0.7819, IoU: 0.6561
[2026-09-18 08:26:42,626] Epoch: 168, Dataset: val, Dice: 0.7801, IoU: 0.6530
[2026-09-18 08:27:26,412] Epoch: 169, Dataset: test, Dice: 0.7826, IoU: 0.6571
[2026-09-18 08:27:29,642] Epoch: 169, Dataset: val, Dice: 0.7794, IoU: 0.6527
[2026-09-18 08:28:10,744] Epoch: 170, Dataset: test, Dice: 0.7826, IoU: 0.6572
[2026-09-18 08:28:14,106] Epoch: 170, Dataset: val, Dice: 0.7813, IoU: 0.6545
[2026-09-18 08:28:57,377] Epoch: 171, Dataset: test, Dice: 0.7832, IoU: 0.6573
[2026-09-18 08:29:00,532] Epoch: 171, Dataset: val, Dice: 0.7789, IoU: 0.6522
[2026-09-18 08:29:42,787] Epoch: 172, Dataset: test, Dice: 0.7829, IoU: 0.6571
[2026-09-18 08:29:46,311] Epoch: 172, Dataset: val, Dice: 0.7796, IoU: 0.6526
[2026-09-18 08:30:28,774] Epoch: 173, Dataset: test, Dice: 0.7859, IoU: 0.6612
[2026-09-18 08:30:31,840] Epoch: 173, Dataset: val, Dice: 0.7826, IoU: 0.6566
[2026-09-18 08:31:13,334] Epoch: 174, Dataset: test, Dice: 0.7852, IoU: 0.6603
[2026-09-18 08:31:16,301] Epoch: 174, Dataset: val, Dice: 0.7809, IoU: 0.6553
[2026-09-18 08:31:57,001] Epoch: 175, Dataset: test, Dice: 0.7854, IoU: 0.6605
[2026-09-18 08:32:00,529] Epoch: 175, Dataset: val, Dice: 0.7804, IoU: 0.6549
[2026-09-18 08:32:43,628] Epoch: 176, Dataset: test, Dice: 0.7809, IoU: 0.6544
[2026-09-18 08:32:47,169] Epoch: 176, Dataset: val, Dice: 0.7779, IoU: 0.6510
[2026-09-18 08:33:30,064] Epoch: 177, Dataset: test, Dice: 0.7805, IoU: 0.6541
[2026-09-18 08:33:32,926] Epoch: 177, Dataset: val, Dice: 0.7772, IoU: 0.6499
[2026-09-18 08:34:16,144] Epoch: 178, Dataset: test, Dice: 0.7855, IoU: 0.6605
[2026-09-18 08:34:19,504] Epoch: 178, Dataset: val, Dice: 0.7825, IoU: 0.6565
[2026-09-18 08:35:03,363] Epoch: 179, Dataset: test, Dice: 0.7831, IoU: 0.6573
[2026-09-18 08:35:06,890] Epoch: 179, Dataset: val, Dice: 0.7799, IoU: 0.6532
[2026-09-18 08:35:50,527] Epoch: 180, Dataset: test, Dice: 0.7858, IoU: 0.6604
[2026-09-18 08:35:54,108] Epoch: 180, Dataset: val, Dice: 0.7831, IoU: 0.6567
[2026-09-18 08:36:38,318] Epoch: 181, Dataset: test, Dice: 0.7828, IoU: 0.6572
[2026-09-18 08:36:41,453] Epoch: 181, Dataset: val, Dice: 0.7813, IoU: 0.6546
[2026-09-18 08:37:24,494] Epoch: 182, Dataset: test, Dice: 0.7871, IoU: 0.6621
[2026-09-18 08:37:27,458] Epoch: 182, Dataset: val, Dice: 0.7847, IoU: 0.6590
[2026-09-18 08:38:11,353] Epoch: 183, Dataset: test, Dice: 0.7828, IoU: 0.6571
[2026-09-18 08:38:14,651] Epoch: 183, Dataset: val, Dice: 0.7794, IoU: 0.6529
[2026-09-18 08:38:58,485] Epoch: 184, Dataset: test, Dice: 0.7860, IoU: 0.6612
[2026-09-18 08:39:01,632] Epoch: 184, Dataset: val, Dice: 0.7842, IoU: 0.6581
[2026-09-18 08:39:41,265] Epoch: 185, Dataset: test, Dice: 0.7852, IoU: 0.6600
[2026-09-18 08:39:44,800] Epoch: 185, Dataset: val, Dice: 0.7837, IoU: 0.6572
[2026-09-18 08:40:25,919] Epoch: 186, Dataset: test, Dice: 0.7840, IoU: 0.6586
[2026-09-18 08:40:28,886] Epoch: 186, Dataset: val, Dice: 0.7821, IoU: 0.6557
[2026-09-18 08:41:12,141] Epoch: 187, Dataset: test, Dice: 0.7833, IoU: 0.6576
[2026-09-18 08:41:15,663] Epoch: 187, Dataset: val, Dice: 0.7816, IoU: 0.6550
[2026-09-18 08:41:59,479] Epoch: 188, Dataset: test, Dice: 0.7848, IoU: 0.6593
[2026-09-18 08:42:02,700] Epoch: 188, Dataset: val, Dice: 0.7809, IoU: 0.6546
[2026-09-18 08:42:46,368] Epoch: 189, Dataset: test, Dice: 0.7842, IoU: 0.6588
[2026-09-18 08:42:49,668] Epoch: 189, Dataset: val, Dice: 0.7824, IoU: 0.6559
[2026-09-18 08:43:32,810] Epoch: 190, Dataset: test, Dice: 0.7842, IoU: 0.6588
[2026-09-18 08:43:36,368] Epoch: 190, Dataset: val, Dice: 0.7825, IoU: 0.6557
[2026-09-18 08:44:18,588] Epoch: 191, Dataset: test, Dice: 0.7840, IoU: 0.6586
[2026-09-18 08:44:22,152] Epoch: 191, Dataset: val, Dice: 0.7818, IoU: 0.6552
[2026-09-18 08:45:05,786] Epoch: 192, Dataset: test, Dice: 0.7818, IoU: 0.6559
[2026-09-18 08:45:09,062] Epoch: 192, Dataset: val, Dice: 0.7786, IoU: 0.6521
[2026-09-18 08:45:52,517] Epoch: 193, Dataset: test, Dice: 0.7851, IoU: 0.6598
[2026-09-18 08:45:55,621] Epoch: 193, Dataset: val, Dice: 0.7825, IoU: 0.6560
[2026-09-18 08:46:38,690] Epoch: 194, Dataset: test, Dice: 0.7858, IoU: 0.6610
[2026-09-18 08:46:42,018] Epoch: 194, Dataset: val, Dice: 0.7839, IoU: 0.6576
[2026-09-18 08:47:25,671] Epoch: 195, Dataset: test, Dice: 0.7840, IoU: 0.6584
[2026-09-18 08:47:28,429] Epoch: 195, Dataset: val, Dice: 0.7824, IoU: 0.6556
[2026-09-18 08:48:12,036] Epoch: 196, Dataset: test, Dice: 0.7835, IoU: 0.6580
[2026-09-18 08:48:15,569] Epoch: 196, Dataset: val, Dice: 0.7789, IoU: 0.6525
[2026-09-18 08:48:54,799] Epoch: 197, Dataset: test, Dice: 0.7827, IoU: 0.6569
[2026-09-18 08:48:57,721] Epoch: 197, Dataset: val, Dice: 0.7791, IoU: 0.6523
[2026-09-18 08:49:41,017] Epoch: 198, Dataset: test, Dice: 0.7839, IoU: 0.6586
[2026-09-18 08:49:44,604] Epoch: 198, Dataset: val, Dice: 0.7820, IoU: 0.6554
[2026-09-18 08:50:26,808] Epoch: 199, Dataset: test, Dice: 0.7841, IoU: 0.6587
[2026-09-18 08:50:30,365] Epoch: 199, Dataset: val, Dice: 0.7812, IoU: 0.6550
[2026-09-18 08:51:13,276] Epoch: 200, Dataset: test, Dice: 0.7835, IoU: 0.6579
[2026-09-18 08:51:15,721] Epoch: 200, Dataset: val, Dice: 0.7802, IoU: 0.6538
[2026-09-18 08:51:15,723] 
========================================
FINAL RESULTS: SugarBeets_MK_UNet_bs8_lr0.0005_e200_augTrue_run2_t061747
Best Val Dice: 0.8112
Test Dice at Best Val: 0.8114
Total Train Time: 7844.40s
========================================
